㞤
㞥
㞦
㞧
㞨
㞩
㞪
㞫
㞬
㞭
㞮
㞯
㞰
㞱
㞲
㞳
㞴
㞵
㞶
㞸
㞹
㞺
㞻
㞼
㞽
㞾
㞿
㟀
㟂
㟃
㟄
㟅
㟆
㟇
㟈
㟉
㟊
㟋
㟌
㟍
㟎
㟏
㟐
㟑
㟒
㟓
㟔
㟕
㟖
㟗
㟘
㟙
㟚
㟛
㟜
㟝
㟞
㟟
㟠
㟡
㟣
㟤
㟥
㟦
㟧
㟩
㟪
㟫
㟬
㟭
㟮
㟯
㟰
㟱
㟲
㟳
㟵
㟶
㟷
㟸
㟹
㟺
㟻
㟼
㟾
㟿
㠁
㠂
㠃
㠄
㠅
㠆
㠇
㠈
㠉
㠊
㠋
㠌
㠍
㠎
㠏
㠐
㠑
㠒
㠓
㠔
㠕
㠖
㠗
㠘
㠙
㠚
㠛
㠜
㠝
㠞
㠟
㠠
㠡
㠢
㠣
㠤
㠥
㠦
㠧
㠨
屲
屳
屴
屵
屷
屸
屻
屽
屾
屿
岀
岁
岂
岃
岄
岅
岆
岇
岉
岋
岍
岎
岒
岓
岕
岖
岗
岘
岙
岚
岛
岜
岝
岞
岤
岥
岮
岯
岰
岲
岴
岹
岽
岿
峀
峁
峂
峃
峄
峆
峈
峊
峌
峍
峎
峏
峑
峓
峔
峕
峖
峗
峘
峚
峛
峜
峝
峞
峟
峢
峣
峤
峥
峦
峧
峫
峬
峮
峱
峲
峳
峵
峷
峸
峹
峼
峾
峿
崀
崁
崂
崃
崄
崅
崈
崉
崊
崌
崏
崒
崓
崜
崞
崡
崣
崥
崨
崪
崬
崭
崮
崯
崰
崲
崳
崴
崵
崶
崷
崸
崺
崻
崼
崽
崾
崿
嵀
嵁
嵃
嵄
嵅
嵈
嵉
嵍
嵏
嵑
嵔
嵕
嵖
嵗
嵘
嵙
嵚
嵛
嵝
嵞
嵟
嵠
嵢
嵣
嵤
嵥
嵦
嵧
嵨
嵫
嵮
嵱
嵲
嵴
嵵
嵷
嵸
嵹
嵺
嵻
嵼
嵽
嵾
嵿
嶀
嶃
嶅
嶆
嶉
嶊
嶍
嶎
嶏
嶑
嶓
嶕
嶖
嶘
嶚
嶛
嶜
嶞
嶟
嶡
嶣
嶥
嶦
嶨
嶩
嶪
嶫
嶭
嶯
嶱
嶳
嶵
嶶
嶻
嶾
嶿
巀
巁
巂
巃
巄
巅
巆
巇
巈
巊
巎
巏
巐
巔
巕
巙
巚
嵐
嶺
崙
𡴮
𡴯
𡴰
𡴱
𡴲
𡴳
𡴴
𡴵
𡴶
𡴷
𡴸
𡴹
𡴺
𡴻
𡴼
𡴽
𡴾
𡴿
𡵀
𡵁
𡵂
𡵃
𡵄
𡵆
𡵇
𡵈
𡵉
𡵊
𡵋
𡵌
𡵍
𡵎
𡵏
𡵐
𡵑
𡵒
𡵓
𡵔
𡵕
𡵖
𡵗
𡵘
𡵙
𡵚
𡵛
𡵜
𡵝
𡵞
𡵟
𡵠
𡵡
𡵣
𡵤
𡵥
𡵦
𡵧
𡵨
𡵩
𡵪
𡵫
𡵬
𡵭
𡵮
𡵯
𡵰
𡵱
𡵲
𡵳
𡵴
𡵵
𡵶
𡵷
𡵹
𡵺
𡵻
𡵼
𡵽
𡵾
𡵿
𡶀
𡶁
𡶂
𡶃
𡶄
𡶅
𡶆
𡶇
𡶈
𡶉
𡶊
𡶋
𡶌
𡶍
𡶎
𡶏
𡶐
𡶑
𡶓
𡶔
𡶕
𡶖
𡶗
𡶘
𡶙
𡶚
𡶛
𡶝
𡶞
𡶟
𡶠
𡶢
𡶣
𡶥
𡶦
𡶧
𡶨
𡶩
𡶪
𡶫
𡶬
𡶭
𡶮
𡶯
𡶰
𡶱
𡶲
𡶳
𡶴
𡶵
𡶶
𡶸
𡶹
𡶺
𡶻
𡶼
𡶽
𡶾
𡶿
𡷀
𡷁
𡷂
𡷃
𡷄
𡷅
𡷆
𡷇
𡷈
𡷉
𡷊
𡷋
𡷌
𡷍
𡷎
𡷏
𡷐
𡷑
𡷒
𡷓
𡷔
𡷕
𡷖
𡷗
𡷘
𡷙
𡷚
𡷛
𡷜
𡷝
𡷞
𡷟
𡷡
𡷢
𡷣
𡷤
𡷥
𡷦
𡷧
𡷨
𡷩
𡷪
𡷫
𡷬
𡷭
𡷮
𡷯
𡷰
𡷱
𡷲
𡷳
𡷴
𡷵
𡷶
𡷷
𡷸
𡷹
𡷺
𡷻
𡷼
𡷽
𡷾
𡷿
𡸀
𡸁
𡸂
𡸃
𡸄
𡸅
𡸆
𡸇
𡸈
𡸉
𡸊
𡸋
𡸌
𡸍
𡸎
𡸏
𡸐
𡸑
𡸒
𡸓
𡸔
𡸕
𡸖
𡸗
𡸘
𡸙
𡸚
𡸛
𡸜
𡸝
𡸞
𡸟
𡸠
𡸡
𡸢
𡸣
𡸤
𡸥
𡸦
𡸧
𡸨
𡸩
𡸪
𡸫
𡸬
𡸭
𡸮
𡸯
𡸰
𡸱
𡸲
𡸵
𡸶
𡸷
𡸸
𡸹
𡸺
𡸻
𡸼
𡸽
𡸾
𡸿
𡹀
𡹁
𡹂
𡹃
𡹄
𡹅
𡹆
𡹇
𡹈
𡹉
𡹊
𡹋
𡹌
𡹍
𡹎
𡹏
𡹐
𡹑
𡹒
𡹓
𡹔
𡹕
𡹖
𡹗
𡹘
𡹙
𡹚
𡹛
𡹜
𡹝
𡹞
𡹟
𡹠
𡹡
𡹢
𡹣
𡹤
𡹥
𡹦
𡹧
𡹨
𡹩
𡹪
𡹫
𡹬
𡹭
𡹮
𡹯
𡹰
𡹱
𡹲
𡹳
𡹴
𡹵
𡹶
𡹷
𡹸
𡹹
𡹺
𡹻
𡹼
𡹽
𡹾
𡹿
𡺀
𡺁
𡺂
𡺃
𡺄
𡺅
𡺆
𡺇
𡺈
𡺉
𡺊
𡺋
𡺌
𡺍
𡺎
𡺏
𡺐
𡺑
𡺒
𡺓
𡺔
𡺕
𡺖
𡺗
𡺘
𡺙
𡺚
𡺛
𡺜
𡺝
𡺞
𡺟
𡺠
𡺡
𡺢
𡺣
𡺤
𡺥
𡺦
𡺧
𡺨
𡺩
𡺪
𡺫
𡺬
𡺭
𡺮
𡺯
𡺰
𡺱
𡺲
𡺳
𡺴
𡺵
𡺶
𡺷
𡺸
𡺹
𡺺
𡺻
𡺼
𡺽
𡺾
𡺿
𡻀
𡻁
𡻂
𡻃
𡻄
𡻅
𡻆
𡻇
𡻈
𡻉
𡻊
𡻋
𡻌
𡻍
𡻎
𡻏
𡻐
𡻑
𡻒
𡻓
𡻔
𡻕
𡻖
𡻗
𡻘
𡻙
𡻚
𡻛
𡻜
𡻝
𡻞
𡻟
𡻠
𡻡
𡻢
𡻣
𡻤
𡻥
𡻦
𡻧
𡻨
𡻩
𡻪
𡻫
𡻬
𡻭
𡻮
𡻯
𡻰
𡻱
𡻲
𡻳
𡻴
𡻵
𡻶
𡻷
𡻸
𡻹
𡻺
𡻻
𡻼
𡻽
𡻾
𡻿
𡼀
𡼁
𡼂
𡼃
𡼄
𡼅
𡼆
𡼇
𡼈
𡼉
𡼊
𡼋
𡼌
𡼍
𡼎
𡼏
𡼐
𡼑
𡼒
𡼓
𡼔
𡼕
𡼖
𡼗
𡼘
𡼙
𡼚
𡼛
𡼜
𡼝
𡼟
𡼠
𡼡
𡼢
𡼣
𡼤
𡼥
𡼦
𡼧
𡼨
𡼩
𡼪
𡼫
𡼬
𡼭
𡼮
𡼯
𡼰
𡼱
𡼲
𡼳
𡼴
𡼵
𡼶
𡼷
𡼸
𡼹
𡼺
𡼻
𡼼
𡼽
𡼾
𡼿
𡽀
𡽁
𡽂
𡽃
𡽄
𡽅
𡽆
𡽇
𡽈
𡽉
𡽊
𡽋
𡽌
𡽍
𡽎
𡽏
𡽐
𡽑
𡽒
𡽓
𡽔
𡽕
𡽖
𡽗
𡽘
𡽙
𡽚
𡽛
𡽜
𡽝
𡽞
𡽟
𡽠
𡽡
𡽢
𡽣
𡽤
𡽥
𡽦
𡽧
𡽨
𡽩
𡽪
𡽫
𡽬
𡽭
𡽮
𡽯
𡽰
𡽱
𡽲
𡽳
𡽴
𡽵
𡽷
𡽸
𡽹
𡽺
𡽻
𡽼
𡽽
𡽾
𡽿
𡾀
𡾁
𡾂
𡾃
𡾄
𡾅
𡾆
𡾇
𡾈
𡾉
𡾊
𡾋
𡾌
𡾍
𡾎
𡾏
𡾐
𡾑
𡾒
𡾓
𡾔
𡾕
𡾖
𡾘
𡾙
𡾚
𡾛
𡾜
𡾝
𡾞
𡾟
𡾠
𡾡
𡾢
𡾣
𡾤
𡾥
𡾦
𡾧
𡾨
𡾩
𡾪
𡾫
𡾬
𡾭
𡾮
𡾯
𡾰
𡾱
𡾲
𡾳
𡾴
𡾵
𡾶
𡾷
𡾸
𡾹
𡾺
𡾻
𡾼
𡾽
𡾾
𡾿
𡿀
𡿁
𡿂
𡿃
𡿄
𡿅
𡿆
𡿇
𡿈
𡿉
𡿊
𡿋
𡿌
𡿍
𡿎
𡿏
𡿐
𡿑
𡿒
𡿓
𡿔
𡿕
𡿖
𡿗
𡿘
𡿙
𡿚
𡿛
𡿜
𡿝
𡿞
𡿟
𡿠
𡿡
𡿢
𡿣
𡿤
𡿥
𣦭
𦊤
𪨢
𪨣
𪨤
𪨥
𪨦
𪨧
𪨨
𪨩
𪨪
𪨫
𪨬
𪨭
𪨮
𪨯
𪨰
𪨱
𪨲
𪨳
𪨴
𪨵
𪨶
𪨷
𪨸
𪨹
𪨺
𪨻
𪨼
𪨽
𪨾
𪨿
𪩀
𪩁
𪩂
𪩃
𪩄
𪩅
𪩆
𪩇
𪩈
𪩉
𪩊
𪩋
𪩌
𪩍
𪩎
𪩏
𪩐
𪩑
𪩒
𪩓
𪩔
𪩕
𪩖
𪩗
𪩘
𪩙
𪩚
𪩛
𪩜
𪩝
𪩞
𪩟
𪩠
𫝳
𫝴
𫝵
𫵱
𫵲
𫵳
𫵴
𫵵
𫵶
𫵷
𫵸
𫵹
𫵺
𫵻
𫵼
𫵽
𫵾
𫵿
𫶀
𫶁
𫶂
𫶃
𫶄
𫶅
𫶆
𫶇
𫶈
𫶉
𫶊
𫶋
𫶌
𫶍
𫶎
𫶏
𫶐
𫶑
𫶒
𫶓
𫶔
𫶕
𫶖
𫶗
𫶘
𫶙
𫶚
𫶛
𫶜
𫶝
𫶞
𫶟
𫶠
𫶡
𫶢
𫶣
𫶤
𫶥
𫶦
𭖀
𭖁
𭖂
𭖃
𭖄
𭖅
𭖆
𭖇
𭖈
𭖉
𭖊
𭖋
𭖌
𭖍
𭖎
𭖏
𭖐
𭖑
𭖒
𭖓
𭖔
𭖕
𭖖
𭖗
𭖘
𭖙
𭖚
𭖛
𭖜
𭖝
𭖞
𭖟
𭖠
𭖡
𭖢
𭖣
𭖤
𭖥
𭖦
𭖧
𭖨
𭖩
𭖪
𭖫
𭖬
𭖭
𭖮
𭖯
𭖰
𭖱
𭖲
𭖳
𭖴
𭖵
𭖶
𭖷
𭖸
𭖹
𭖺
𭖻
𭖼
𭖽
𭖾
𭖿
𭗀
𭗁
𭗂
𭗃
𭗄
𭗅
𭗆
𭗇
𭗈
𭗉
𭗊
𭗋
𭗌
𭗍
𭗎
𭗏
𭗐
𭗑
𭗒
𭗓
𭗔
𭗕
𭗖
𭗗
𭗘
𭗙
𭗚
𭗛
𭗜
𭗝
𭗞
𭗟
𭗠
𭗡
𭗢
𭗣
𭗤
𭗥
𭗦
𭗧
𭗨
𭗩
𭗪
𭗫
𭗬
𭗭
𭗮
𭗯
𭗰
𭗱
𭗲
𭗳
𭗴
𭗵
𭗶
𭗷
𭗸
𭗹
𮱤
𮱥
𮱦
𮱧
𮱨
𮱩
𮱪
𮱫
𮱬
𮱭
𮱮
𮱯
𮱰
𮱱
𮱲
峀
岍
𡷤
嵃
𡷦
嵮
嵫
嵼
嶲
𰎉
𰎊
𰎋
𰎌
𰎍
𰎎
𰎏
𰎐
𰎑
𰎒
𰎓
𰎔
𰎕
𰎖
𰎗
𰎘
𰎙
𰎚
𰎛
𰎜
𰎝
𰎞
𰎟
𰎠
𰎡
𰎢
𰎣
𰎤
𰎥
𰎦
𰎧
𰎨
𰎩
𰎪
𰎫
𰎬
𰎭
𰎮
𰎯
𰎰
𰎱
𰎲
𰎳
𰎴
𰎵
𰎶
𰎷
𰎸
𰎹
𰎺
𰎻
𰎼
𰎽
𰎾
𰎿
𰏀
𰏁
𰏂
𱛅
𱛆
𱛇
𱛈
𱛉
𱛊
𱛋
𱛌
𱛍
𱛎
𱛏
𱛐
𱛑
𱛒
𱛓
𱛔
𱛕
𱛖
𱛗
𱛘
𱛙
𱛚
𱛛
𱛜
𱛝
𱛞
𱛟
𱛠
𱛡
𱛢
𱛣
𱛤
𱛥
𱛦
𱛧
𱛨
𱛩
𱛪
𱛫
𱛬
𱛭
𱛮
𱛯
𱛰
𱛱
𱛲
𱛳
𱛴
𱛵
𱛶
𱛷
𱛸
𱛹
𱛺
𱛻
𱛼
𱛽
𱛾
𱛿
𱜀
𱜁
𱜂
𱜃
𱜄
𱜅
𱜆
𱜇
𱜈
𱜉
𱜊
𱜋
𱜌
𱜍
𱜎
𱜏
𱜐
𱜑
𱜒
𱜓
𱜔
𱜕