㐡
㐢
㐣
㑤
㑮
㑯
㑰
㑱
㑲
㒮
㒻
㓓
㓘
㓱
㓲
㓳
㓴
㓵
㓶
㔠
㔨
㔭
㔱
㕗
㕘
㖟
㖠
㖡
㖢
㖣
㖤
㖥
㖧
㖩
㖪
㖫
㖬
㖭
㖮
㖯
㖰
㖱
㖲
㖳
㖴
㖵
㙇
㙈
㙉
㙋
㙌
㙍
㚜
㚝
㚞
㛥
㛦
㛧
㛨
㛩
㛪
㛫
㛬
㛭
㝛
㝜
㝝
㝞
㝟
㝠
㞃
㞄
㞅
㞆
㞘
㞙
㟗
㟘
㟙
㟚
㟛
㟜
㟝
㟞
㟟
㟠
㟡
㟣
㟤
㟥
㠱
㡉
㡊
㡋
㡌
㡍
㡎
㢈
㢉
㢊
㢋
㢌
㢺
㢻
㢼
㣎
㣤
㣥
㣦
㣧
㣨
㣩
㤮
㤰
㤲
㤵
㤻
㤾
㤿
㥀
㥂
㥃
㥄
㥅
㥆
㥇
㥉
㥊
㥌
㥍
㥏
㥒
㥓
㥔
㥗
㥘
㥙
㦷
㧳
㧹
㧺
㧻
㧼
㧽
㧾
㧿
㨀
㨁
㨂
㨃
㨄
㨅
㨆
㨈
㩽
㪊
㪋
㪌
㪍
㪎
㪷
㫊
㫋
㫌
㫯
㫰
㫱
㫲
㫳
㫴
㬶
㬷
㭨
㭩
㭪
㭫
㭬
㭮
㭯
㭰
㭱
㭲
㭳
㭴
㭵
㰮
㰯
㰰
㰱
㱢
㱣
㲀
㲔
㲕
㲖
㲗
㲘
㲙
㲚
㲵
㳟
㳫
㳴
㳵
㳶
㳷
㳸
㳹
㳺
㳻
㳽
㳾
㳿
㴀
㴁
㴂
㴃
㴄
㴆
㴈
㴉
㴊
㴋
㴌
㴍
㴎
㶹
㶺
㶻
㶼
㶽
㶾
㶿
㷁
㸔
㸘
㸹
㸺
㸻
㸼
㸽
㸾
㹀
㹹
㹺
㹻
㹼
㹽
㹾
㹿
㺀
㻉
㻊
㻋
㻌
㻍
㻎
㻏
㻐
㼍
㼎
㼡
㼢
㼣
㼤
㼥
㼦
㽝
㽞
㾊
㾋
㾌
㾍
㾎
㾏
㾐
㾑
㾒
㿠
㿡
㿯
㿰
䀁
䀂
䀧
䀨
䀩
䀪
䀫
䀬
䀭
䀮
䂈
䂒
䂩
䂪
䂫
䂬
䂭
䂮
䂯
䄄
䄆
䄺
䄻
䄼
䄽
䄾
䄿
䅀
䅁
䅂
䅃
䅄
䅅
䅆
䅇
䅉
䅊
䆚
䆛
䆜
䆝
䆞
䆟
䆠
䇋
䇞
䇟
䇠
䇡
䇢
䇣
䇤
䇥
䉽
䉾
䉿
䊀
䋈
䋉
䋊
䋋
䋌
䋍
䋎
䋏
䋐
䋑
䋒
䋓
䋔
䌷
䌹
䍄
䍅
䍆
䍇
䍈
䍉
䍘
䍪
䍫
䍬
䍭
䎀
䎁
䎂
䎃
䎄
䎅
䎆
䎣
䎵
䎶
䏯
䏱
䏲
䏳
䏴
䏵
䏶
䏷
䏸
䏹
䏺
䏻
䑐
䑕
䑦
䑧
䑨
䑩
䒋
䓂
䓃
䓄
䓅
䓆
䓇
䓈
䓉
䓊
䓋
䓌
䓍
䓎
䓏
䓐
䓑
䓒
䓓
䓖
䖎
䖏
䖤
䖥
䖦
䖧
䖨
䖩
䖪
䖫
䖬
䘑
䘢
䘣
䘤
䘥
䘦
䘧
䙴
䙹
䙺
䙻
䚗
䚳
䚴
䚵
䚶
䚷
䚸
䚹
䚺
䚻
䚼
䚽
䚾
䚿
䛀
䛁
䛂
䛃
䜣
䜴
䝆
䝇
䝈
䝖
䝗
䝘
䝙
䝧
䝨
䞙
䞚
䞛
䞜
䟗
䟘
䟙
䟚
䟛
䟜
䟝
䟞
䡆
䡇
䡈
䡉
䡊
䡋
䡌
䡍
䢁
䢙
䢚
䢛
䣊
䣋
䣌
䣍
䣎
䣏
䣩
䣪
䣫
䣬
䣭
䤚
䤜
䦇
䦌
䦍
䧐
䧑
䧒
䧓
䧔
䧕
䧖
䧲
䧳
䨋
䨽
䨾
䫸
䬢
䯆
乿
偄
偅
偊
偋
偍
偑
偒
偔
偘
偙
偛
偝
偞
偟
偠
偡
偢
偤
偧
偩
偫
偭
偮
偯
偱
偳
偷
偹
偺
偻
偼
偾
偿
傁
傇
傞
傦
兝
兞
兽
减
凐
凑
剨
剫
剭
剶
勓
勔
勚
匒
匓
匘
匬
匭
匮
卙
卾
厡
厢
厣
叄
唩
唪
唬
唭
唰
唲
唶
唷
唺
唻
唽
唿
啂
啃
啈
啉
啋
啍
啎
啑
啒
啔
啕
啘
啚
啛
啟
啢
啥
啦
啧
啨
啩
啪
啫
啬
啭
啮
啯
啰
啱
啲
啳
啴
啵
啶
啷
啸
啹
喏
喐
喯
喵
圇
埝
埡
埢
埥
埧
埨
埪
埫
埬
埮
埯
埱
埲
埳
埾
堁
堃
堇
堈
堌
堍
堎
堏
堐
堑
堒
堓
堔
壸
够
夠
奜
奞
娬
娷
娸
娹
娺
娻
娽
娾
婂
婃
婄
婅
婇
婈
婊
婋
婌
婍
婎
婏
婐
婑
婒
婓
婔
婖
婗
婘
婛
婜
婝
婞
婟
婠
婡
婤
婨
婩
婫
婮
婯
婰
婱
婳
婴
婵
婶
婼
媌
媎
媖
嫏
孮
孲
寁
寈
屚
屜
屝
崈
崉
崊
崌
崏
崒
崓
崜
崞
崡
崣
崥
崨
崪
崬
崭
崮
崯
崰
帲
帴
帵
帹
帺
帻
帼
庱
庲
庳
庴
庺
庻
庼
弹
徖
徛
徝
徟
徣
悆
悐
悘
悡
悤
悥
悫
悬
悷
悺
悻
悿
惀
惂
惃
惊
惍
惏
惐
惗
惞
惤
惦
惬
惭
惯
愥
戜
捦
捪
捭
捯
捰
捱
捳
捴
捵
捸
捹
捽
捾
捿
掁
掂
掅
掆
掇
掊
掋
掍
掐
掑
掓
掕
掗
掚
掜
掝
掞
掤
掦
掭
掮
掯
掳
掶
掷
掸
掹
掺
掼
掿
敎
敐
敒
敓
敚
敛
斍
斏
旇
旈
旍
旎
旣
晘
晜
朘
朚
桬
桭
桯
桰
桱
桳
桸
桹
桻
桽
梀
梄
梇
梈
梉
梊
梋
梌
梎
梑
梒
梕
梞
梡
梤
梩
梬
梮
梷
梸
梽
梾
梿
检
棁
棂
椘
楖
欫
欳
欶
殌
殎
殏
殐
殑
殒
殓
殸
殹
毭
氪
氫
涭
涰
涱
涳
涶
涷
涹
涺
涻
涽
涾
淁
淃
淉
淊
淍
淔
淗
淜
淠
淢
淣
淥
淧
淭
淯
淰
淲
淴
淸
淿
渀
渁
渂
渃
渄
渆
渌
渍
渎
渏
渐
渑
渒
渔
渖
渵
湕
湴
烯
烰
烲
烳
烴
烷
烸
烺
烼
烾
烿
焀
焁
焂
焅
焊
焋
焍
焎
焐
焑
焓
焕
焖
焗
焘
牻
牼
猄
猅
猈
猉
猍
猎
猏
猑
猓
猔
猕
猚
猞
猠
猡
玈
珳
珴
珵
珶
珻
珼
珿
琀
琂
琄
琈
琋
琌
琍
琎
琏
琐
琑
琒
琷
瓹
瓻
瓼
甛
產
畡
畣
畨
痋
痌
痐
痑
痖
皉
皏
皑
皲
盓
盕
盘
眮
眯
眰
眱
眲
眳
眹
眻
眽
眾
睁
矫
硂
硄
硆
硈
硉
硊
硋
硌
硍
硐
硒
硓
硔
硕
硖
硗
硘
硙
硚
硛
硟
硭
碀
祡
祦
祰
祱
祳
祴
祵
祶
祸
禼
秱
秲
秳
秴
秵
秶
秷
秸
秹
秺
秼
秽
秾
稆
窏
窑
窔
窚
笗
笚
笜
笝
笟
笡
笢
笣
笤
笩
笰
笲
笴
笷
笸
笺
笼
笾
粓
粖
粙
粚
粜
粝
粣
紨
紩
紭
紴
紶
紷
紸
紻
紼
絉
絊
绩
绪
绫
绬
续
绮
绯
绰
绱
绲
绳
维
绵
绶
绷
绸
绹
绺
绻
综
绽
绾
绿
缀
缁
缍
缽
羕
羛
羟
翇
翈
翉
翋
翍
翐
翑
耚
耛
耝
耞
聄
聅
聇
聈
聉
聋
职
聍
胬
脕
脗
脙
脜
脝
脟
脢
脥
脦
脨
脪
脫
脭
脮
脰
脲
脴
脶
脷
脸
舑
舺
舻
莹
莾
菂
菄
菆
菈
菋
菍
菒
菕
菗
菙
菚
菛
菞
菢
菣
菤
菧
菨
菬
菭
菮
菳
菵
菶
菸
菺
菼
菾
菿
萀
萂
萅
萈
萉
萐
萒
萔
萖
萘
萙
萚
萛
萜
萝
萞
萟
萡
萣
萤
营
萧
萨
蓈
虘
虙
蚭
蚮
蚲
蚴
蚵
蚹
蚺
蚻
蚼
蚽
蚾
蚿
蛀
蛂
蛅
蛈
蛊
蛌
蛏
衅
衑
衔
袌
袬
袭
袳
袶
袸
袹
袺
袻
裆
裈
裉
覑
覒
觋
觕
觗
訜
訞
訠
訤
訦
訧
訨
訩
訫
訬
訮
訰
訲
谋
谌
谍
谎
谏
谐
谑
谒
谓
谔
谕
谖
谗
谘
谙
谚
谛
谜
谝
谞
谻
豘
豙
豛
豜
豝
豽
貥
貦
赇
赈
赉
赊
赥
赹
赺
赻
赼
赽
赾
赿
趀
趹
趻
趼
趽
跀
跁
跃
跄
躭
軖
軗
軘
軙
軚
軜
軝
軞
軠
軡
辄
辅
辆
逨
逩
逪
逫
逬
逯
逰
逳
逴
逺
逻
逽
邫
郹
郻
郼
鄁
鄃
鄅
鄇
鄈
鄉
鄊
鄋
酓
酕
酚
酜
酝
酞
釨
釩
釪
釫
釯
釰
釲
釳
釴
釷
釸
釹
釺
鈒
铏
铐
铑
铒
铓
铔
铕
铖
铗
铘
铙
铚
铛
铜
铝
铞
铟
铠
铡
铢
铣
铤
铥
铦
铧
铨
铩
铪
铫
铬
铭
铮
铯
铰
铱
铲
铳
铴
铵
银
铷
镺
閈
阇
阈
阉
阊
阋
阌
阍
阎
阏
阐
陻
陾
陿
隀
隁
隃
隇
隉
隌
隐
隿
雭
颅
领
颇
颈
飦
馃
馄
馅
馆
骐
骑
骒
骓
骔
骕
骖
骩
髙
鱾
鸷
鸸
鸹
鸺
鸻
鸼
鸽
鸾
鸿
龁
龚
龛
龿
鿊
鿎
菉
鹿
淚
累
勒
菱
陵
率
異
參
掠
略
梁
捻
羚
聆
硫
陸
崙
淪
率
梨
理
淋
笠
粒
﨣
逸
恵
喝
啕
惘
望
猪
睊
着
視
陼
䀘
𠁁
𠁂
𠁃
𠁄
𠁅
𠁳
𠂿
𠃀
𠃁
𠃂
𠃼
𠃽
𠃾
𠃿
𠄀
𠄁
𠄂
𠄚
𠄹
𠄺
𠅞
𠅟
𠅠
𠅡
𠅢
𠅣
𠅤
𠅥
𠅦
𠅧
𠊧
𠊨
𠊩
𠊪
𠊫
𠊬
𠊭
𠊮
𠊯
𠊰
𠊱
𠊲
𠊳
𠊴
𠊵
𠊶
𠊷
𠊸
𠊹
𠊺
𠊻
𠊼
𠊽
𠊾
𠊿
𠋀
𠋁
𠋂
𠋃
𠋄
𠋅
𠋆
𠋇
𠋈
𠋉
𠋊
𠋋
𠋌
𠋍
𠋎
𠋏
𠋐
𠋒
𠋓
𠋔
𠋕
𠋖
𠋗
𠋘
𠋙
𠋚
𠋛
𠋜
𠋝
𠋞
𠋠
𠋡
𠋢
𠋣
𠋤
𠋥
𠋦
𠋧
𠋨
𠋩
𠋪
𠋫
𠋬
𠌪
𠒗
𠒘
𠒙
𠒚
𠒛
𠒜
𠒝
𠓱
𠔜
𠔝
𠕠
𠕡
𠕢
𠖓
𠗥
𠗦
𠗧
𠗨
𠗩
𠗪
𠗫
𠗬
𠗭
𠗮
𠗯
𠗰
𠙘
𠙙
𠙚
𠙛
𠙜
𠙝
𠙞
𠚔
𠚕
𠚖
𠚗
𠝝
𠝞
𠝟
𠝠
𠝡
𠝢
𠝣
𠝤
𠝥
𠝦
𠝧
𠝨
𠝩
𠝪
𠝫
𠝬
𠝭
𠝮
𠝯
𠝰
𠝱
𠝲
𠝳
𠝴
𠝵
𠝷
𠝸
𠝹
𠝺
𠝻
𠝼
𠝽
𠝾
𠡻
𠡼
𠡽
𠡾
𠡿
𠢀
𠢁
𠢂
𠢃
𠢄
𠣮
𠣯
𠣰
𠣱
𠣲
𠣳
𠣴
𠥎
𠥏
𠦪
𠦫
𠦬
𠦭
𠦮
𠦯
𠧸
𠧺
𠧻
𠧼
𠧽
𠧾
𠧿
𠩸
𠩹
𠩺
𠩻
𠩼
𠩽
𠩾
𠪀
𠪁
𠪂
𠪃
𠪄
𠪅
𠪆
𠫽
𠫾
𠭕
𠭖
𠭗
𠭘
𠭙
𠭚
𠭛
𠭜
𠭝
𠭞
𠭟
𠭠
𠭡
𠭢
𠭣
𠭤
𠳥
𠴧
𠴨
𠴩
𠴪
𠴫
𠴬
𠴭
𠴮
𠴯
𠴰
𠴱
𠴲
𠴳
𠴴
𠴵
𠴶
𠴷
𠴸
𠴹
𠴺
𠴻
𠴼
𠴽
𠴾
𠴿
𠵀
𠵁
𠵂
𠵃
𠵄
𠵆
𠵇
𠵈
𠵉
𠵊
𠵋
𠵌
𠵍
𠵎
𠵏
𠵐
𠵑
𠵒
𠵓
𠵔
𠵕
𠵖
𠵗
𠵘
𠵙
𠵚
𠵛
𠵜
𠵝
𠵞
𠵟
𠵠
𠵡
𠵢
𠵣
𠵤
𠵥
𠵦
𠵧
𠵨
𠵩
𠵪
𠵫
𠵬
𠵭
𠵮
𠵯
𠵰
𠵱
𠵲
𠵳
𠵴
𠵵
𠵶
𠵷
𠵸
𠵹
𠵺
𠵻
𠵼
𠵽
𠵾
𠵿
𠶀
𠶁
𠶂
𠶃
𠶄
𠶅
𠶆
𠶇
𠶈
𠶉
𠶊
𠶋
𠶌
𠶍
𠶎
𠶏
𠶐
𠶑
𠶒
𠶓
𠶔
𠶕
𠶖
𠶗
𠶘
𠶙
𠶚
𠶛
𠶜
𠶝
𠶞
𠶟
𠶠
𠶡
𠶢
𠶣
𠶤
𠶥
𠶦
𠶧
𠶨
𠶩
𠶪
𠶫
𠶬
𠶭
𠶮
𠶯
𠶰
𠶱
𠶲
𠶳
𠶴
𠶵
𠶶
𡇰
𡇱
𡇲
𡇳
𡇴
𡇵
𡇶
𡇷
𡇸
𡇹
𡇺
𡇻
𡈀
𡌦
𡌧
𡌨
𡌩
𡌪
𡌫
𡌬
𡌭
𡌮
𡌯
𡌰
𡌱
𡌲
𡌳
𡌴
𡌵
𡌷
𡌸
𡌹
𡌺
𡌻
𡌼
𡌽
𡌾
𡌿
𡍀
𡍁
𡍂
𡍃
𡍅
𡍆
𡍇
𡍈
𡍉
𡍊
𡍋
𡍌
𡍍
𡍎
𡍏
𡍐
𡍑
𡍒
𡍓
𡍔
𡍕
𡍖
𡍗
𡍘
𡍙
𡍚
𡍛
𡍜
𡍝
𡍞
𡍟
𡍠
𡍡
𡍢
𡍣
𡔪
𡔫
𡔬
𡔭
𡕛
𡕜
𡕧
𡕨
𡕩
𡕪
𡕫
𡕬
𡖝
𡖞
𡖟
𡖠
𡖡
𡖢
𡖣
𡖤
𡖥
𡘴
𡘵
𡘶
𡘷
𡘸
𡘹
𡘺
𡘻
𡘼
𡘽
𡘾
𡘿
𡙀
𡙁
𡙂
𡙃
𡙄
𡙅
𡙆
𡝞
𡝟
𡝠
𡝡
𡝢
𡝣
𡝤
𡝥
𡝦
𡝧
𡝨
𡝩
𡝪
𡝫
𡝬
𡝭
𡝮
𡝯
𡝰
𡝱
𡝲
𡝳
𡝴
𡝵
𡝶
𡝷
𡝸
𡝹
𡝺
𡝻
𡝼
𡝽
𡝾
𡝿
𡞀
𡞁
𡞂
𡞃
𡞄
𡞅
𡞆
𡞇
𡞈
𡞉
𡞊
𡞋
𡞌
𡞍
𡞎
𡞏
𡞐
𡞑
𡞒
𡞓
𡞔
𡞕
𡞖
𡞗
𡞘
𡞙
𡞚
𡞛
𡥮
𡥯
𡥰
𡥱
𡥲
𡥳
𡥴
𡥵
𡨢
𡨣
𡨤
𡨥
𡨦
𡨧
𡨨
𡨩
𡨪
𡨫
𡨬
𡨭
𡨮
𡨯
𡨰
𡨱
𡨲
𡨳
𡨴
𡨵
𡨶
𡨷
𡨸
𡨹
𡨺
𡨻
𡨼
𡬮
𡬯
𡬰
𡬱
𡬲
𡭽
𡭾
𡭿
𡮀
𡮁
𡮂
𡮃
𡮄
𡮅
𡮆
𡮇
𡮈
𡮉
𡮊
𡮋
𡮌
𡮍
𡯳
𡯴
𡯵
𡯶
𡯷
𡯸
𡱺
𡱻
𡱼
𡱽
𡱾
𡱿
𡲀
𡲁
𡲂
𡲃
𡲄
𡲅
𡲆
𡲇
𡲈
𡲉
𡲊
𡲋
𡲌
𡲍
𡲎
𡲏
𡲐
𡲑
𡲒
𡲓
𡴛
𡴜
𡸑
𡸒
𡸓
𡸔
𡸕
𡸖
𡸗
𡸘
𡸙
𡸚
𡸛
𡸜
𡸝
𡸞
𡸟
𡸠
𡸡
𡸢
𡸣
𡸤
𡸥
𡸦
𡸧
𡸨
𡸩
𡸪
𡸫
𡸬
𡸭
𡸮
𡸯
𡸰
𡸱
𡸲
𡸵
𡸶
𡸷
𡸸
𡸹
𡸺
𡸻
𡸼
𡸽
𡸾
𡸿
𡹀
𡹁
𡹂
𡹃
𡹄
𡹅
𡹆
𡹇
𡹈
𡹉
𡹊
𡹋
𡹌
𡹍
𡹎
𡹏
𡹐
𡹑
𡹒
𡹓
𡹔
𡹕
𡹖
𡹗
𡹘
𡹙
𡹚
𡹛
𡹜
𡹝
𡹞
𡹟
𡹠
𡹡
𡹢
𡹣
𡹤
𡹥
𡹦
𡹧
𡹨
𡹩
𡿾
𡿿
𢀀
𢀣
𢁀
𢁁
𢁂
𢁃
𢁄
𢃍
𢃎
𢃏
𢃐
𢃑
𢃒
𢃓
𢃔
𢃕
𢃖
𢃗
𢃘
𢃙
𢃚
𢃛
𢃜
𢃝
𢃞
𢃟
𢃠
𢃡
𢃢
𢃣
𢃤
𢃥
𢃦
𢃧
𢃨
𢃩
𢃪
𢆚
𢇇
𢇈
𢇉
𢈳
𢈴
𢈵
𢈶
𢈷
𢈸
𢈹
𢈺
𢈻
𢈼
𢈽
𢈾
𢈿
𢉀
𢉁
𢉂
𢉃
𢉄
𢉅
𢉆
𢉇
𢉈
𢉉
𢉊
𢉋
𢉌
𢉍
𢉎
𢉏
𢉐
𢉑
𢉒
𢉓
𢉔
𢉕
𢉖
𢉗
𢉘
𢉙
𢉚
𢌨
𢌩
𢌪
𢍔
𢍕
𢍖
𢍗
𢍘
𢍙
𢎍
𢏮
𢏯
𢏰
𢏱
𢏲
𢏳
𢏴
𢏵
𢏶
𢏷
𢏸
𢏹
𢏺
𢏻
𢏼
𢏽
𢏾
𢏿
𢑞
𢑟
𢑠
𢑡
𢒔
𢒕
𢒖
𢒗
𢒘
𢒙
𢒚
𢒛
𢒜
𢒝
𢔁
𢔂
𢔃
𢔄
𢔅
𢔆
𢔇
𢔈
𢔉
𢔊
𢔋
𢔌
𢔍
𢔎
𢔏
𢔐
𢔑
𢔒
𢔓
𢔔
𢔕
𢔖
𢔗
𢔘
𢔙
𢔚
𢔛
𢔜
𢔝
𢔞
𢛀
𢛁
𢛂
𢛃
𢛄
𢛅
𢛆
𢛇
𢛈
𢛉
𢛊
𢛋
𢛌
𢛍
𢛎
𢛏
𢛐
𢛑
𢛒
𢛓
𢛔
𢛕
𢛖
𢛗
𢛘
𢛙
𢛚
𢛛
𢛜
𢛝
𢛞
𢛟
𢛠
𢛡
𢛢
𢛣
𢛤
𢛥
𢛦
𢛧
𢛨
𢛩
𢛪
𢛫
𢛬
𢛭
𢛮
𢛯
𢛰
𢛱
𢛲
𢛴
𢛵
𢛶
𢛷
𢛸
𢛹
𢛺
𢛻
𢛼
𢛽
𢛾
𢛿
𢜀
𢜁
𢜂
𢜃
𢜄
𢜅
𢜆
𢜇
𢜈
𢜉
𢜊
𢜋
𢜌
𢜍
𢜎
𢜏
𢜐
𢜑
𢜒
𢜓
𢜔
𢜕
𢜖
𢜗
𢜘
𢜙
𢜚
𢜛
𢜜
𢜝
𢜞
𢜟
𢜠
𢜡
𢜢
𢜣
𢜤
𢜥
𢜦
𢜧
𢦿
𢧀
𢧁
𢧂
𢧃
𢧄
𢧅
𢧆
𢧇
𢩍
𢩎
𢩏
𢩐
𢮁
𢮂
𢮃
𢮄
𢮅
𢮆
𢮇
𢮈
𢮉
𢮊
𢮋
𢮌
𢮍
𢮎
𢮏
𢮐
𢮑
𢮒
𢮓
𢮔
𢮕
𢮖
𢮗
𢮘
𢮙
𢮚
𢮛
𢮜
𢮝
𢮞
𢮟
𢮠
𢮡
𢮢
𢮣
𢮤
𢮥
𢮧
𢮨
𢮩
𢮪
𢮫
𢮬
𢮭
𢮮
𢮯
𢮰
𢮱
𢮲
𢮳
𢮴
𢮵
𢮶
𢮷
𢮸
𢮹
𢮺
𢮻
𢮼
𢮽
𢮾
𢮿
𢯀
𢯁
𢯂
𢯃
𢯄
𢯅
𢯆
𢯇
𢯈
𢯉
𢯊
𢯋
𢯌
𢯍
𢯎
𢯏
𢯐
𢯑
𢯒
𢯓
𢯔
𢯕
𢯖
𢯗
𢯘
𢯙
𢯚
𢯛
𢯜
𢯝
𢯞
𢯟
𢯠
𢯡
𢯢
𢯣
𢯤
𢯥
𢯦
𢯧
𢯨
𢻊
𢻋
𢻌
𢻍
𢼹
𢼺
𢼻
𢼼
𢼽
𢼾
𢼿
𢽀
𢽁
𢽂
𢽃
𢽄
𢽅
𢽆
𢽇
𢽈
𢽉
𢽊
𢽋
𢽌
𢽍
𢽎
𢽏
𢽐
𢽑
𢽒
𢽓
𢽔
𢽕
𢽖
𢽗
𢽘
𢽙
𢽜
𢽷
𣁎
𣁏
𣁐
𣁑
𣁒
𣁓
𣁷
𣁸
𣁹
𣁺
𣁻
𣂞
𣂟
𣂠
𣂫
𣃳
𣃴
𣃵
𣃶
𣃷
𣃸
𣃹
𣃺
𣃻
𣆲
𣆳
𣆴
𣆵
𣆷
𣆸
𣆹
𣆺
𣆻
𣆼
𣆽
𣆾
𣆿
𣇀
𣇁
𣇂
𣇅
𣇆
𣇇
𣇈
𣇉
𣇊
𣇋
𣇌
𣇍
𣇎
𣇏
𣇐
𣇑
𣇒
𣇓
𣇔
𣇕
𣇖
𣇗
𣇘
𣇙
𣇚
𣇛
𣇜
𣇝
𣇞
𣇟
𣇠
𣇡
𣌷
𣌸
𣌹
𣌺
𣍱
𣍳
𣍴
𣍵
𣍶
𣑿
𣒀
𣒁
𣒂
𣒃
𣒄
𣒅
𣒆
𣒇
𣒈
𣒉
𣒊
𣒋
𣒌
𣒍
𣒎
𣒏
𣒐
𣒑
𣒒
𣒓
𣒔
𣒕
𣒖
𣒗
𣒘
𣒙
𣒚
𣒛
𣒜
𣒝
𣒞
𣒟
𣒠
𣒡
𣒢
𣒣
𣒤
𣒥
𣒦
𣒧
𣒨
𣒩
𣒪
𣒫
𣒬
𣒭
𣒮
𣒯
𣒰
𣒱
𣒲
𣒳
𣒴
𣒵
𣒶
𣒷
𣒸
𣒹
𣒺
𣒻
𣒼
𣒽
𣒾
𣒿
𣓀
𣢺
𣢻
𣢼
𣢽
𣢾
𣢿
𣣀
𣣁
𣣂
𣣃
𣣄
𣣅
𣣆
𣣇
𣥳
𣥴
𣥵
𣥶
𣥷
𣥸
𣨅
𣨆
𣨇
𣨈
𣨉
𣨊
𣨋
𣨌
𣨍
𣨎
𣨏
𣨐
𣨑
𣨒
𣨓
𣨔
𣨕
𣪋
𣪌
𣪍
𣪎
𣪏
𣪐
𣪑
𣪒
𣪓
𣪔
𣪕
𣪖
𣪗
𣫵
𣫶
𣫷
𣫸
𣬋
𣬌
𣭱
𣭲
𣭳
𣭴
𣭵
𣭶
𣭷
𣭸
𣭹
𣭺
𣭻
𣭼
𣭽
𣭾
𣭿
𣮀
𣮁
𣮂
𣮃
𣮄
𣮅
𣮆
𣮇
𣱋
𣱌
𣱍
𣱎
𣱣
𣵷
𣵸
𣵹
𣵺
𣵻
𣵼
𣵽
𣵾
𣵿
𣶀
𣶁
𣶂
𣶃
𣶄
𣶅
𣶆
𣶇
𣶈
𣶉
𣶊
𣶋
𣶌
𣶍
𣶎
𣶏
𣶐
𣶑
𣶓
𣶔
𣶕
𣶖
𣶗
𣶘
𣶙
𣶚
𣶛
𣶜
𣶝
𣶞
𣶟
𣶠
𣶡
𣶢
𣶣
𣶤
𣶥
𣶦
𣶧
𣶨
𣶩
𣶪
𣶫
𣶬
𣶭
𣶮
𣶯
𣶰
𣶱
𣶲
𣶳
𣶴
𣶵
𣶶
𣶷
𣶸
𣶹
𣶺
𣶻
𣶼
𣶽
𣶾
𣶿
𣷀
𣷁
𣷂
𣷃
𣷄
𣷅
𣷆
𣷇
𣷈
𣷉
𣷊
𣷋
𣷌
𣷍
𣷎
𣷏
𣷐
𣷑
𣷒
𣷔
𣷕
𣷖
𣷗
𣷘
𣷙
𣷛
𣷜
𣷝
𣷞
𣷟
𣷠
𣷡
𣷢
𣷣
𣷤
𣷥
𣷦
𣷧
𣷨
𣷩
𣷪
𣷫
𣷬
𣷭
𣷮
𣷯
𣷰
𣷱
𣷲
𣷳
𣷴
𣷵
𣷶
𣷷
𣷸
𣷻
𣸊
𤈥
𤈦
𤈧
𤈨
𤈩
𤈪
𤈫
𤈬
𤈭
𤈮
𤈯
𤈰
𤈱
𤈲
𤈳
𤈴
𤈵
𤈶
𤈷
𤈸
𤈹
𤈺
𤈻
𤈼
𤈽
𤈾
𤈿
𤉀
𤉁
𤉂
𤉃
𤉄
𤉅
𤉆
𤉇
𤉈
𤉉
𤉊
𤉋
𤉌
𤉍
𤉎
𤉏
𤉐
𤉑
𤉒
𤉓
𤉔
𤉕
𤉖
𤉗
𤉘
𤉙
𤉚
𤉛
𤉜
𤉝
𤉞
𤉟
𤉠
𤉡
𤋳
𤔐
𤔑
𤔒
𤔓
𤕕
𤕢
𤕻
𤕼
𤕽
𤕾
𤕿
𤖀
𤖁
𤖂
𤖃
𤗀
𤗁
𤗂
𤗃
𤗄
𤗅
𤗆
𤘊
𤘋
𤙛
𤙜
𤙝
𤙞
𤙟
𤙠
𤙡
𤙢
𤙣
𤙤
𤙥
𤙦
𤙧
𤙨
𤙩
𤙪
𤙫
𤙬
𤙭
𤙮
𤟃
𤟄
𤟅
𤟆
𤟇
𤟈
𤟉
𤟊
𤟋
𤟌
𤟍
𤟎
𤟏
𤟐
𤟑
𤟒
𤟓
𤟔
𤟕
𤟖
𤟗
𤟘
𤟙
𤟚
𤟛
𤥖
𤥗
𤥘
𤥙
𤥚
𤥛
𤥜
𤥝
𤥞
𤥟
𤥠
𤥡
𤥢
𤥣
𤥤
𤥥
𤥦
𤥧
𤥨
𤥩
𤥪
𤥫
𤥬
𤥭
𤥮
𤥯
𤥰
𤥱
𤥲
𤥳
𤥴
𤥵
𤥶
𤥷
𤥸
𤥹
𤥺
𤫵
𤫶
𤫷
𤫸
𤫹
𤬾
𤬿
𤭀
𤭁
𤭂
𤭃
𤭄
𤭅
𤭆
𤭇
𤭈
𤭉
𤭊
𤭋
𤯠
𤯡
𤯢
𤯣
𤯤
𤯥
𤰈
𤱥
𤱦
𤱧
𤱨
𤱩
𤱪
𤱫
𤱬
𤱭
𤱮
𤱯
𤱰
𤱱
𤱲
𤱳
𤱴
𤱵
𤱶
𤱷
𤱸
𤱹
𤱺
𤵷
𤵸
𤵹
𤵺
𤵻
𤵼
𤵽
𤵾
𤵿
𤶀
𤶁
𤶂
𤶃
𤶄
𤶅
𤶆
𤶇
𤶈
𤶉
𤶊
𤶋
𤶌
𤶍
𤶎
𤶏
𤶐
𤶑
𤶒
𤶓
𤶔
𤼬
𤼭
𤼮
𤽥
𤽦
𤽧
𤽨
𤽩
𤽪
𤽫
𤿟
𤿠
𤿡
𤿢
𤿣
𤿤
𤿥
𤿦
𥁞
𥁟
𥁠
𥁡
𥁢
𥁣
𥁤
𥁥
𥁦
𥁧
𥁨
𥁩
𥁪
𥅚
𥅛
𥅜
𥅝
𥅞
𥅟
𥅠
𥅡
𥅢
𥅣
𥅤
𥅥
𥅦
𥅧
𥅨
𥅩
𥅪
𥅫
𥅬
𥅭
𥅮
𥅯
𥅰
𥅱
𥅲
𥅳
𥅴
𥅵
𥅶
𥅷
𥅸
𥅹
𥅺
𥅻
𥅼
𥅽
𥅾
𥅿
𥆀
𥆁
𥆂
𥆃
𥆄
𥆅
𥆆
𥆇
𥆈
𥆉
𥍧
𥍨
𥍩
𥎹
𥎺
𥎻
𥎼
𥎽
𥎾
𥎿
𥏀
𥏁
𥏂
𥏃
𥏄
𥏅
𥏆
𥏇
𥏈
𥏉
𥏊
𥏋
𥏌
𥏍
𥑳
𥑴
𥑵
𥑶
𥑷
𥑸
𥑹
𥑺
𥑻
𥑼
𥑽
𥑾
𥑿
𥒀
𥒁
𥒂
𥒃
𥒄
𥒅
𥒆
𥒇
𥒈
𥒉
𥒊
𥒋
𥒌
𥒍
𥒏
𥒐
𥒑
𥒒
𥒓
𥒔
𥒕
𥒖
𥒗
𥒘
𥒙
𥒚
𥒛
𥒜
𥒝
𥒞
𥒟
𥒠
𥒡
𥒢
𥒣
𥒤
𥒥
𥒦
𥒧
𥒨
𥒩
𥙫
𥙬
𥙭
𥙮
𥙯
𥙰
𥙱
𥙲
𥙳
𥙴
𥙵
𥙶
𥙷
𥙸
𥙹
𥙺
𥙻
𥙼
𥙽
𥙾
𥙿
𥚀
𥚁
𥚂
𥚃
𥚄
𥚅
𥚆
𥚇
𥜾
𥞘
𥞙
𥞚
𥞛
𥞜
𥞝
𥞞
𥞟
𥞠
𥞡
𥞢
𥞣
𥞤
𥞥
𥞦
𥞧
𥞨
𥞪
𥞫
𥞬
𥞭
𥞮
𥞯
𥞰
𥞱
𥟅
𥥠
𥥡
𥥢
𥥣
𥥤
𥥥
𥥦
𥥧
𥥨
𥥩
𥥪
𥥫
𥥬
𥥭
𥥮
𥥯
𥥰
𥥱
𥥲
𥥳
𥥴
𥥵
𥩱
𥩲
𥩳
𥩴
𥩵
𥩶
𥩷
𥩸
𥩹
𥩺
𥩻
𥩼
𥩽
𥬌
𥬍
𥬎
𥬏
𥬐
𥬑
𥬒
𥬓
𥬔
𥬕
𥬖
𥬗
𥬘
𥬙
𥬚
𥬛
𥬜
𥬝
𥬞
𥬟
𥬠
𥬡
𥬢
𥬣
𥬤
𥬥
𥬦
𥬧
𥬨
𥬩
𥬿
𥹁
𥹂
𥹃
𥹄
𥹅
𥹆
𥹇
𥹈
𥹉
𥹊
𥹋
𥹌
𥹍
𥹎
𥹏
𥹐
𥹑
𥹒
𥹓
𥹔
𥹕
𥹘
𥹙
𥹱
𥿃
𥿄
𥿅
𥿆
𥿇
𥿈
𥿉
𥿊
𥿋
𥿌
𥿍
𥿎
𥿏
𥿐
𥿑
𥿒
𥿓
𥿕
𥿖
𥿗
𥿘
𥿙
𥿚
𥿛
𥿜
𥿝
𥿞
𥿟
𥿡
𥿢
𥿣
𥿤
𥿥
𦈍
𦈎
𦈏
𦈐
𦈩
𦈪
𦈫
𦈬
𦈭
𦈮
𦊪
𦊫
𦊬
𦊭
𦊮
𦊯
𦊰
𦊱
𦊲
𦊴
𦊵
𦊶
𦊷
𦊸
𦊹
𦊺
𦊻
𦍥
𦍦
𦍧
𦍨
𦍩
𦍪
𦍫
𦍬
𦍭
𦍯
𦍰
𦍱
𦍲
𦍳
𦍴
𦍵
𦍶
𦍷
𦍸
𦐕
𦐖
𦐗
𦐘
𦐙
𦐚
𦐛
𦐜
𦐝
𦐞
𦐟
𦐠
𦐡
𦐢
𦓀
𦓓
𦓬
𦓭
𦓮
𦕐
𦕑
𦕒
𦕓
𦕔
𦕕
𦕖
𦕗
𦕘
𦕙
𦕚
𦕛
𦕜
𦕝
𦕞
𦕟
𦘕
𦘖
𦘗
𦛔
𦛕
𦛖
𦛗
𦛘
𦛙
𦛚
𦛛
𦛜
𦛝
𦛞
𦛟
𦛠
𦛡
𦛢
𦛣
𦛤
𦛥
𦛦
𦛧
𦛨
𦛩
𦛪
𦛫
𦛬
𦛭
𦛮
𦛯
𦛰
𦛱
𦛲
𦛳
𦛴
𦛵
𦛶
𦛷
𦛸
𦛹
𦛺
𦛻
𦛼
𦛽
𦛾
𦛿
𦜀
𦜁
𦜂
𦜃
𦜄
𦜅
𦣤
𦣥
𦤌
𦤍
𦤎
𦤏
𦤻
𦤼
𦤽
𦤾
𦥥
𦥦
𦥨
𦥩
𦥪
𦥫
𦥬
𦧑
𦧒
𦧓
𦧔
𦨡
𦨢
𦨣
𦨤
𦨥
𦨦
𦨧
𦨨
𦨩
𦨪
𦨫
𦨬
𦨭
𦨮
𦫌
𦫍
𦫔
𦫕
𦫖
𦫗
𦫘
𦫙
𦮶
𦮷
𦮸
𦮹
𦮺
𦮻
𦮼
𦮽
𦮾
𦮿
𦯀
𦯁
𦯂
𦯃
𦯄
𦯅
𦯆
𦯇
𦯈
𦯉
𦯊
𦯋
𦯌
𦯍
𦯎
𦯏
𦯐
𦯑
𦯒
𦯓
𦯔
𦯕
𦯖
𦯗
𦯘
𦯙
𦯚
𦯛
𦯜
𦯝
𦯞
𦯟
𦯠
𦯡
𦯢
𦯣
𦯤
𦯥
𦯦
𦯧
𦯨
𦯩
𦯪
𦯫
𦯬
𦯭
𦯮
𦯯
𦯰
𦯲
𦯳
𦯴
𦯵
𦯶
𦯷
𦯸
𦯹
𦯺
𦯻
𦯼
𦯽
𦯾
𦯿
𦰀
𦰁
𦰂
𦰃
𦰄
𦰅
𦰆
𦰇
𦰈
𦰉
𦰊
𦰋
𦰌
𦰍
𦰎
𦰏
𦰐
𦰑
𦰒
𦰓
𦰔
𦰕
𦰗
𦰘
𦰙
𦰚
𦰛
𦰜
𦰝
𦰞
𦰟
𦰠
𦰡
𦰢
𦰣
𦰤
𦰥
𦰦
𦰧
𦰨
𧆣
𧆤
𧆥
𧆦
𧆧
𧆨
𧆩
𧆪
𧆫
𧆬
𧆭
𧆮
𧆯
𧆰
𧉞
𧉟
𧉠
𧉡
𧉢
𧉣
𧉤
𧉥
𧉦
𧉧
𧉨
𧉩
𧉪
𧉫
𧉬
𧉭
𧉮
𧉯
𧉰
𧉱
𧉲
𧉳
𧉴
𧉵
𧉶
𧉷
𧉸
𧉹
𧉺
𧉻
𧉼
𧉽
𧉾
𧉿
𧊀
𧊁
𧊂
𧊃
𧊄
𧊅
𧊆
𧊇
𧊈
𧊉
𧊊
𧊋
𧊌
𧊍
𧊎
𧖰
𧖱
𧖲
𧗪
𧘾
𧙞
𧙟
𧙠
𧙡
𧙢
𧙣
𧙤
𧙥
𧙦
𧙧
𧙨
𧙩
𧙪
𧙫
𧙬
𧙭
𧙮
𧙯
𧙰
𧙱
𧙲
𧙳
𧙴
𧙵
𧙶
𧙷
𧙸
𧙹
𧙺
𧙻
𧙼
𧙽
𧙾
𧙿
𧟪
𧟫
𧟬
𧠎
𧠏
𧠐
𧠑
𧠒
𧠓
𧠔
𧠕
𧠖
𧠗
𧠘
𧠙
𧠚
𧠛
𧢻
𧢼
𧢽
𧢾
𧢿
𧣀
𧣁
𧣂
𧣃
𧣄
𧣅
𧣆
𧣇
𧣈
𧣉
𧣊
𧣋
𧣌
𧣍
𧣎
𧣏
𧣐
𧥮
𧥯
𧥰
𧥱
𧥲
𧥳
𧥴
𧥵
𧥶
𧥷
𧥸
𧥹
𧥺
𧥻
𧥼
𧥽
𧥾
𧥿
𧦀
𧦁
𧦂
𧦃
𧦄
𧦆
𧦇
𧦈
𧦉
𧦊
𧦋
𧦌
𧦍
𧦎
𧦏
𧦐
𧦑
𧦒
𧦓
𧦔
𧦕
𧦖
𧦗
𧦘
𧦙
𧦚
𧦛
𧮯
𧮰
𧮱
𧮲
𧯞
𧯟
𧰮
𧰯
𧰰
𧰱
𧰲
𧰳
𧰴
𧲤
𧲥
𧲦
𧲧
𧲨
𧲩
𧲪
𧲫
𧴳
𧴴
𧴵
𧴶
𧴷
𧴸
𧴹
𧴺
𧴻
𧴼
𧴽
𧴾
𧴿
𧵀
𧵁
𧵂
𧵃
𧵄
𧵅
𧵆
𧵇
𧵈
𧹓
𧹛
𧹜
𧺝
𧺞
𧺟
𧺠
𧺡
𧺢
𧺣
𧺤
𧺥
𧺦
𧺧
𧺨
𧺩
𧺪
𧺫
𧺬
𧺭
𧺮
𧺯
𧺰
𧺱
𧺲
𧺳
𧺴
𧺵
𧿒
𧿓
𧿔
𧿕
𧿖
𧿗
𧿘
𧿙
𧿚
𧿛
𧿜
𧿝
𧿞
𧿟
𧿠
𧿡
𧿢
𧿣
𧿤
𧿥
𧿦
𧿧
𧿨
𧿩
𧿪
𧿫
𧿬
𧿭
𧿮
𧿯
𧿰
𧿱
𨈘
𨈙
𨈚
𨈛
𨈜
𨈝
𨈞
𨈟
𨈠
𨈡
𨈢
𨈣
𨈤
𨈥
𨈦
𨈧
𨈨
𨊳
𨊴
𨊵
𨊶
𨊷
𨊸
𨊹
𨊺
𨊻
𨊼
𨊽
𨊾
𨊿
𨋀
𨋁
𨋂
𨋃
𨋄
𨋅
𨋆
𨋇
𨋈
𨋉
𨋊
𨋋
𨋌
𨋍
𨐏
𨐐
𨐑
𨓫
𨓬
𨓭
𨓮
𨓯
𨓰
𨓱
𨓲
𨓳
𨓴
𨓵
𨓶
𨓷
𨓸
𨓹
𨓺
𨓻
𨓼
𨓽
𨓾
𨓿
𨔀
𨔁
𨔂
𨔃
𨔄
𨔅
𨔆
𨔇
𨔈
𨔉
𨔊
𨔋
𨔌
𨔍
𨔏
𨔐
𨔑
𨔒
𨔓
𨔔
𨔕
𨔖
𨔗
𨔘
𨔙
𨔚
𨔛
𨔜
𨔠
𨜏
𨜐
𨜑
𨜒
𨜓
𨜔
𨜕
𨜖
𨜘
𨜙
𨜚
𨜛
𨜜
𨜝
𨜞
𨜟
𨜠
𨜡
𨜢
𨜣
𨜤
𨜥
𨜦
𨜧
𨜨
𨜩
𨜪
𨜫
𨜬
𨜭
𨜮
𨜯
𨜰
𨜱
𨟴
𨟵
𨟶
𨟷
𨟸
𨟹
𨟺
𨟻
𨟼
𨟽
𨟾
𨟿
𨠀
𨠁
𨠂
𨠃
𨠄
𨠅
𨠆
𨠇
𨠈
𨠉
𨠊
𨤐
𨤑
𨤢
𨤥
𨥂
𨥃
𨥄
𨥅
𨥇
𨥈
𨱚
𨱛
𨱜
𨱝
𨱞
𨱟
𨱠
𨱡
𨱢
𨱣
𨱤
𨱥
𨳐
𨳑
𨳒
𨳓
𨳔
𨳕
𨳖
𨺞
𨺟
𨺠
𨺡
𨺢
𨺣
𨺤
𨺥
𨺦
𨺧
𨺨
𨺩
𨺪
𨺫
𨺬
𨺭
𨺮
𨺯
𨺰
𨺱
𨺲
𨺳
𨺴
𨺵
𨺶
𨺷
𨺸
𨺹
𨺺
𨺻
𨺼
𨺽
𨺾
𨺿
𨾈
𨾉
𨾊
𨾋
𨾌
𨾍
𨾎
𨾏
𨾐
𨾑
𩁹
𩁺
𩁻
𩁼
𩁽
𩁾
𩁿
𩂀
𩂁
𩇕
𩇩
𩇪
𩇫
𩇬
𩉛
𩉜
𩑌
𩑍
𩑎
𩑏
𩖘
𩖙
𩙧
𩚇
𩚈
𩚉
𩚊
𩚋
𩚌
𩚍
𩚎
𩚏
𩚐
𩚑
𩚒
𩚓
𩚔
𩠆
𩠈
𩠉
𩠑
𩠒
𩡧
𩡨
𩧻
𩧼
𩧽
𩨑
𩨒
𩨓
𩱹
𩱺
𩱻
𩱼
𩵋
𪉅
𪉆
𪉇
𪉈
𪉉
𪉊
𪉋
𪎉
𪎊
𪜆
𪜘
𪜣
𪝋
𪝌
𪝍
𪝎
𪝏
𪝐
𪝑
𪝒
𪝓
𪝔
𪝕
𪞓
𪞦
𪞧
𪞨
𪞴
𪟊
𪟋
𪟌
𪟍
𪟠
𪟵
𪠏
𪠐
𪠞
𪡐
𪡑
𪡒
𪡓
𪡔
𪡕
𪡖
𪡗
𪡘
𪡙
𪡚
𪡛
𪢬
𪢭
𪣤
𪣥
𪣦
𪣧
𪣨
𪣩
𪣪
𪣫
𪣬
𪣭
𪣮
𪣯
𪣰
𪣱
𪤻
𪥓
𪥔
𪥕
𪥻
𪥼
𪥽
𪥾
𪥿
𪦀
𪦁
𪦂
𪦃
𪦄
𪦅
𪦼
𪦽
𪦾
𪧑
𪧒
𪧓
𪧸
𪧹
𪨑
𪨻
𪨼
𪨽
𪨾
𪨿
𪩀
𪩁
𪩤
𪩴
𪩵
𪩶
𪩷
𪪂
𪪃
𪪘
𪪙
𪪱
𪪿
𪫏
𪫐
𪫿
𪬀
𪬁
𪬂
𪬃
𪬄
𪬅
𪬆
𪭏
𪭐
𪭙
𪮁
𪮂
𪮃
𪮄
𪮅
𪮆
𪮇
𪮈
𪮉
𪮊
𪮋
𪯅
𪯍
𪯸
𪰥
𪰦
𪰧
𪰨
𪱠
𪱡
𪱢
𪲐
𪲑
𪲒
𪲓
𪲔
𪲕
𪲖
𪲗
𪲘
𪲙
𪲚
𪲛
𪲜
𪲝
𪲞
𪴬
𪴭
𪴷
𪵄
𪵊
𪵋
𪵥
𪶌
𪶍
𪶎
𪶏
𪶐
𪶑
𪶒
𪶓
𪶔
𪶕
𪶖
𪸫
𪸬
𪸭
𪸮
𪸯
𪸰
𪸱
𪸲
𪺏
𪺜
𪺞
𪺣
𪺤
𪺾
𪺿
𪻀
𪻁
𪻠
𪻡
𪻢
𪻣
𪻤
𪻥
𪽂
𪽑
𪽒
𪽯
𪾎
𪾨
𪾩
𪾪
𪿊
𪿙
𪿚
𪿛
𪿜
𪿝
𫀋
𫀌
𫀍
𫀎
𫀏
𫀮
𫀯
𫀰
𫀱
𫁌
𫁍
𫁢
𫁸
𫁹
𫁺
𫁻
𫂸
𫂹
𫂺
𫂻
𫂼
𫃟
𫃠
𫃡
𫄪
𫄫
𫅃
𫅄
𫅅
𫅏
𫅐
𫅑
𫅒
𫅤
𫅹
𫆟
𫆠
𫆡
𫇿
𫈀
𫈁
𫈂
𫈃
𫈄
𫈅
𫈆
𫈇
𫈈
𫈉
𫈊
𫈋
𫈌
𫈍
𫈎
𫈏
𫊬
𫊭
𫊮
𫊯
𫊰
𫊱
𫊲
𫋫
𫋭
𫋸
𫋹
𫋺
𫋻
𫋼
𫌚
𫌴
𫌵
𫍯
𫍰
𫍱
𫍲
𫍳
𫍴
𫎁
𫎆
𫎒
𫎓
𫎨
𫎱
𫏁
𫏂
𫏃
𫏳
𫐍
𫐫
𫐬
𫐭
𫐮
𫐯
𫐰
𫐱
𫐲
𫑣
𫑤
𫒁
𫒆
𫒇
𫒈
𫒉
𫓯
𫓰
𫓱
𫓲
𫓳
𫓴
𫔙
𫔴
𫕆
𫕇
𫕈
𫕉
𫕊
𫕋
𫕌
𫕍
𫕞
𫕸
𫖬
𫖭
𫗈
𫗩
𫗪
𫘥
𫘦
𫘧
𫘸
𫙈
𫚈
𫚉
𫚊
𫛥
𫛦
𫛧
𫛨
𫛩
𫛪
𫜑
𫜲
𫝊
𫝏
𫝶
𫝷
𫞀
𫞘
𫞠
𫞤
𫞫
𫞳
𫞵
𫞷
𫞼
𫟅
𫟏
𫟐
𫟑
𫟭
𫟸
𫟹
𫟺
𫟻
𫠃
𫠳
𫠴
𫠵
𫡝
𫡭
𫡴
𫢽
𫢾
𫢿
𫣀
𫣁
𫣂
𫣃
𫤚
𫤛
𫤰
𫥑
𫥒
𫥓
𫥔
𫥡
𫦆
𫦇
𫦈
𫦉
𫦊
𫦌
𫦳
𫧈
𫧉
𫧻
𫨌
𫨍
𫨎
𫨏
𫨐
𫨫
𫩀
𫩂
𫩃
𫪒
𫪓
𫪔
𫪕
𫪖
𫪗
𫪘
𫪙
𫪚
𫪛
𫪞
𫪟
𫪠
𫪡
𫪢
𫪣
𫪤
𫪥
𫪦
𫪧
𫪨
𫪩
𫪪
𫪫
𫪬
𫪭
𫪮
𫪯
𫪰
𫪼
𫭋
𫭌
𫭽
𫭾
𫭿
𫮀
𫮁
𫮂
𫮃
𫮄
𫮅
𫮉
𫮑
𫯏
𫯐
𫯨
𫰷
𫰸
𫰹
𫰺
𫰻
𫰽
𫰾
𫰿
𫱀
𫱁
𫱂
𫱈
𫲧
𫲨
𫲩
𫳐
𫳑
𫳒
𫳓
𫳔
𫳕
𫳖
𫳗
𫳘
𫳙
𫳝
𫳠
𫴾
𫴿
𫵀
𫵁
𫵂
𫵃
𫵄
𫵠
𫶁
𫶂
𫶃
𫶄
𫶅
𫶷
𫷆
𫷇
𫷗
𫷰
𫷱
𫷲
𫷴
𫷵
𫸜
𫸝
𫸷
𫸸
𫹕
𫹖
𫹗
𫹘
𫺍
𫺐
𫺑
𫺔
𫺕
𫺙
𫺝
𫺟
𫻲
𫻳
𫻵
𫻶
𫼍
𫼎
𫼴
𫼷
𫼿
𫽂
𫽃
𫽄
𫽅
𫽆
𫽇
𫽉
𫽊
𫽋
𫽌
𫽍
𫽎
𫽏
𫽐
𫽑
𫽒
𫽓
𫽔
𫽕
𫽖
𫽚
𫾱
𫾲
𫾳
𫾴
𫾵
𫾶
𫾷
𫾸
𫿴
𫿺
𬀇
𬀈
𬀥
𬀵
𬀶
𬀷
𬀸
𬀹
𬀺
𬀽
𬁣
𬁤
𬁽
𬁾
𬂀
𬂁
𬂲
𬂳
𬂴
𬂶
𬂷
𬂺
𬂻
𬂼
𬅤
𬅥
𬅦
𬅧
𬅨
𬅾
𬅿
𬆀
𬆗
𬆥
𬆦
𬆧
𬇁
𬇵
𬇷
𬇸
𬇹
𬇺
𬇼
𬇽
𬇿
𬈀
𬈁
𬈂
𬈃
𬊊
𬊋
𬊌
𬊍
𬊎
𬊏
𬊐
𬊑
𬊒
𬊓
𬊔
𬊕
𬊖
𬋩
𬋪
𬌂
𬌕
𬌠
𬌳
𬌶
𬌷
𬍟
𬍡
𬍢
𬍥
𬍦
𬍧
𬍨
𬍩
𬎩
𬎴
𬎵
𬏄
𬏅
𬏆
𬏧
𬏨
𬏩
𬏪
𬏫
𬏬
𬐈
𬐉
𬐜
𬐝
𬐞
𬑐
𬑑
𬑒
𬑓
𬑔
𬑕
𬒉
𬒊
𬒋
𬒌
𬒵
𬒶
𬒷
𬒸
𬒹
𬒺
𬒻
𬒼
𬒽
𬓧
𬓨
𬓩
𬔉
𬔊
𬔝
𬔳
𬔴
𬔵
𬔶
𬔷
𬔸
𬔹
𬖓
𬖔
𬖕
𬖖
𬖗
𬖘
𬗇
𬗈
𬗉
𬗊
𬗐
𬘬
𬘭
𬘮
𬘯
𬙎
𬙝
𬙰
𬚔
𬚕
𬚖
𬚴
𬚶
𬚻
𬚼
𬚽
𬚾
𬛀
𬛁
𬛢
𬛣
𬛤
𬛬
𬜅
𬜻
𬜼
𬜽
𬜾
𬜿
𬝀
𬝁
𬝂
𬝃
𬝄
𬝅
𬝆
𬝇
𬝈
𬝉
𬝊
𬝋
𬟼
𬟽
𬟾
𬟿
𬠀
𬠁
𬡌
𬡏
𬡐
𬡒
𬡔
𬡕
𬡖
𬡘
𬡙
𬡼
𬢌
𬢍
𬢟
𬢠
𬤇
𬤈
𬤉
𬤊
𬤋
𬤌
𬤍
𬤎
𬤖
𬤶
𬤼
𬤽
𬥏
𬥐
𬥑
𬥒
𬥸
𬦁
𬦆
𬦇
𬦈
𬦣
𬦤
𬦥
𬦦
𬦧
𬧡
𬧱
𬨈
𬨉
𬨊
𬨋
𬨭
𬨮
𬨯
𬨰
𬨱
𬨲
𬨴
𬨵
𬪅
𬪆
𬪇
𬪈
𬪉
𬪊
𬪋
𬪦
𬪧
𬭃
𬭄
𬭅
𬭆
𬭇
𬭈
𬭉
𬮆
𬮫
𬮬
𬮭
𬮮
𬮯
𬮰
𬯄
𬯅
𬯆
𬯇
𬯉
𬯊
𬯸
𬰙
𬰿
𬱖
𬱗
𬱘
𬱙
𬱚
𬱽
𬲼
𬲽
𬲾
𬲿
𬳀
𬳁
𬳂
𬴁
𬴂
𬴾
𬶂
𬶃
𬶄
𬸈
𬸉
𬸊
𬸋
𬸌
𬺦
𬻡
𬻢
𬻣
𬻤
𬻥
𬻽
𬼐
𬼮
𬼯
𬼰
𬼱
𬽎
𬽏
𬽐
𬾪
𬾫
𬾭
𬾮
𬾰
𬾱
𬾲
𬾳
𬾴
𬾵
𬾶
𬾷
𬾸
𬾹
𬾺
𬾻
𬾼
𬿀
𬿁
𬿉
𭀨
𭁑
𭁒
𭁓
𭁼
𭁽
𭁾
𭂖
𭂗
𭂘
𭂵
𭂶
𭂽
𭃰
𭃴
𭃶
𭃷
𭃸
𭃹
𭃺
𭃻
𭃼
𭃽
𭄴
𭄵
𭄶
𭅌
𭅜
𭅝
𭅤
𭅱
𭆉
𭆊
𭆌
𭆍
𭆣
𭆲
𭈌
𭈍
𭈐
𭈑
𭈒
𭈓
𭈔
𭈕
𭈖
𭈗
𭈘
𭈙
𭈚
𭈛
𭈜
𭈝
𭈞
𭈟
𭈡
𭈣
𭈤
𭈥
𭈦
𭈧
𭈨
𭈩
𭈪
𭈫
𭈬
𭈭
𭈺
𭉌
𭍥
𭍧
𭍨
𭎩
𭎪
𭎫
𭎬
𭎭
𭎮
𭎯
𭎰
𭎲
𭎳
𭎴
𭎵
𭐧
𭐷
𭐸
𭑓
𭑔
𭑕
𭑖
𭒀
𭒁
𭒂
𭒃
𭒄
𭓈
𭓉
𭓊
𭓋
𭓌
𭓍
𭓎
𭓐
𭓴
𭓶
𭓷
𭓸
𭓹
𭓺
𭓻
𭓼
𭓽
𭓾
𭓿
𭔳
𭔴
𭔵
𭕏
𭕐
𭕠
𭕢
𭕣
𭖩
𭖫
𭖬
𭖭
𭖯
𭖰
𭖱
𭖾
𭘤
𭘦
𭙌
𭙢
𭙣
𭚢
𭚶
𭚷
𭚸
𭚹
𭚽
𭛐
𭛯
𭛰
𭛱
𭛲
𭛳
𭛴
𭛵
𭛶
𭜳
𭜶
𭜷
𭜹
𭜺
𭝁
𭝆
𭝇
𭝉
𭝊
𭝎
𭝏
𭝐
𭝑
𭝔
𭝕
𭝗
𭝘
𭝚
𭝞
𭝟
𭝩
𭝪
𭟴
𭟵
𭟶
𭠳
𭠴
𭠸
𭠺
𭠻
𭡇
𭡉
𭡊
𭡌
𭡐
𭡑
𭡒
𭡓
𭡔
𭡖
𭡗
𭡘
𭡚
𭡛
𭡜
𭡝
𭣲
𭣳
𭣴
𭣵
𭤺
𭦄
𭦅
𭦈
𭦉
𭦊
𭦌
𭦍
𭦎
𭦏
𭦐
𭦑
𭦒
𭦔
𭦕
𭦖
𭦗
𭦘
𭨴
𭨵
𭨶
𭨷
𭨸
𭪃
𭪄
𭪅
𭪇
𭪈
𭪉
𭪊
𭪋
𭪌
𭪍
𭪎
𭪏
𭪐
𭪑
𭪒
𭪓
𭪔
𭪕
𭪖
𭪗
𭪠
𭪡
𭪧
𭪱
𭭌
𭭢
𭭣
𭭤
𭮒
𭮓
𭮔
𭮕
𭮖
𭮮
𭮯
𭮰
𭮱
𭯏
𭯙
𭯚
𭯱
𭰩
𭰪
𭰫
𭰬
𭰮
𭰰
𭰱
𭰲
𭰴
𭰵
𭰶
𭰷
𭰸
𭰹
𭰺
𭰻
𭰼
𭰽
𭰾
𭰿
𭱀
𭱂
𭱕
𭱛
𭴦
𭴧
𭴨
𭴩
𭴪
𭴫
𭴬
𭴭
𭴮
𭴯
𭴰
𭴱
𭴲
𭴳
𭴴
𭴵
𭴶
𭴷
𭶰
𭶼
𭷆
𭷌
𭷠
𭷡
𭷢
𭷣
𭸋
𭸒
𭸓
𭸕
𭸖
𭸙
𭸠
𭹊
𭹌
𭹍
𭹏
𭹐
𭹑
𭹒
𭹓
𭹔
𭹛
𭺢
𭺬
𭺺
𭻌
𭻍
𭻎
𭻏
𭻐
𭻑
𭻒
𭻓
𭼁
𭼊
𭼋
𭼌
𭼍
𭽀
𭽔
𭽕
𭽖
𭽗
𭽥
𭽦
𭽧
𭽨
𭽩
𭽪
𭾀
𭾁
𭾫
𭾬
𭾭
𭾮
𭾯
𭾰
𭾱
𭾲
𭾷
𭿹
𭿺
𮀁
𮀂
𮀕
𮀖
𮀘
𮁭
𮁮
𮁰
𮁱
𮁲
𮁵
𮁶
𮁷
𮁺
𮂬
𮃁
𮃂
𮃃
𮃄
𮃼
𮃾
𮄭
𮄮
𮅄
𮅅
𮅆
𮅉
𮅍
𮇋
𮇌
𮇍
𮇎
𮇏
𮇐
𮇑
𮇒
𮇗
𮈆
𮈇
𮈈
𮈉
𮈊
𮉪
𮉫
𮉬
𮉲
𮊅
𮊥
𮊦
𮊼
𮋛
𮋝
𮋥
𮋦
𮋧
𮋯
𮌔
𮌖
𮌗
𮌘
𮌙
𮍎
𮍏
𮍖
𮍗
𮍘
𮍶
𮍷
𮎅
𮎆
𮎇
𮎈
𮎉
𮎼
𮏐
𮏒
𮏓
𮏔
𮏕
𮏖
𮏗
𮏘
𮏚
𮏛
𮏜
𮏝
𮏞
𮏟
𮏠
𮏡
𮏢
𮏩
𮓡
𮓽
𮓾
𮓿
𮔀
𮔂
𮕞
𮕟
𮕱
𮕵
𮕷
𮕼
𮕽
𮕾
𮕿
𮖀
𮖿
𮗀
𮗍
𮗡
𮗣
𮗤
𮗥
𮗦
𮗨
𮗩
𮗻
𮗼
𮗽
𮗾
𮙌
𮙛
𮙦
𮙧
𮙲
𮙳
𮙴
𮙵
𮙶
𮙷
𮙸
𮚴
𮚵
𮛉
𮛊
𮛋
𮛌
𮛍
𮛎
𮜯
𮝀
𮝁
𮝂
𮝃
𮝄
𮝅
𮝶
𮞖
𮞗
𮞘
𮞙
𮞚
𮞛
𮞜
𮞝
𮞡
𮞢
𮞣
𮞤
𮞥
𮞧
𮞨
𮞫
𮞱
𮟽
𮟿
𮠛
𮠜
𮠝
𮠞
𮠟
𮠠
𮡏
𮡒
𮡤
𮡥
𮡦
𮣴
𮣹
𮣺
𮤇
𮤴
𮤵
𮤶
𮥌
𮥍
𮥎
𮥏
𮥐
𮥑
𮥶
𮦅
𮨦
𮨸
𮪦
𮫬
𮫯
𮭥
𮭰
𮭱
𮮄
𮮅
𮮐
𮮠
𮮳
𮯿
𮰀
𮰁
𮰕
𮰤
𮰶
𮱇
𮱈
𮱉
𮱊
𮱋
𮱌
𮱭
𮱮
𮱯
𮲆
𮲇
𮲕
𮲣
𮲳
𮳂
𮳈
𮳉
𮳊
𮳩
𮳪
𮴘
𮴙
𮴚
𮴛
𮴜
𮴝
𮴞
𮵀
𮵁
𮵍
𮵎
𮵏
𮵐
𮵑
𮵒
𮵛
𮵜
𮵡
𮵮
𮵯
𮶉
𮶊
𮶐
𮶑
𮶢
𮶣
𮶤
𮶥
𮶺
𮶼
𮶽
𮷀
𮷎
𮷏
𮷓
𮷡
𮷫
𮸄
𮸅
𮸆
𮸇
𮸈
𮸤
𮸦
𮸨
𮸫
𮹉
𮹊
𮹋
偺
卿
卿
𠭣
啓
啣
埴
堍
型
姘
婦
寃
庰
庶
彫
徚
戛
拼
捨
掃
旣
晉
冕
朗
望
梎
殻
洴
牐
犀
𤲒
異
瘐
㿼
睊
䄯
脾
舄
莭
著
荓
菊
菌
菜
蚩
㒻
䚾
郱
麻
𰁌
𰁓
𰁔
𰁝
𰂗
𰂘
𰂙
𰂚
𰂛
𰂜
𰂝
𰂞
𰂟
𰂠
𰂡
𰃍
𰃜
𰃤
𰄂
𰄃
𰄄
𰄕
𰄷
𰄸
𰄹
𰄺
𰅑
𰅒
𰅓
𰅞
𰅟
𰅧
𰅺
𰅻
𰆑
𰆒
𰇀
𰇁
𰇱
𰇲
𰇳
𰇴
𰇵
𰇶
𰇷
𰇸
𰇹
𰇺
𰇻
𰇼
𰇽
𰇾
𰉑
𰉷
𰉸
𰉹
𰉺
𰉻
𰉼
𰉽
𰉾
𰉿
𰊀
𰋤
𰋥
𰋦
𰋧
𰌆
𰌇
𰌈
𰌉
𰌊
𰌋
𰌩
𰌪
𰌫
𰍁
𰍂
𰍃
𰍄
𰍅
𰍼
𰍽
𰍾
𰎥
𰎦
𰎧
𰎨
𰏌
𰏐
𰏧
𰏨
𰏹
𰏺
𰏻
𰐙
𰐚
𰐛
𰐣
𰐰
𰐱
𰐲
𰐳
𰑜
𰑟
𰑡
𰑢
𰑣
𰑪
𰑫
𰑬
𰑮
𰑯
𰒪
𰓯
𰓰
𰓲
𰓵
𰓶
𰓺
𰓻
𰓼
𰓾
𰓿
𰔁
𰔂
𰕉
𰕊
𰕩
𰕪
𰕫
𰖇
𰖈
𰖉
𰖊
𰖋
𰖌
𰗧
𰗨
𰗩
𰗪
𰗫
𰗬
𰗭
𰗮
𰗯
𰗰
𰙍
𰙎
𰙪
𰙿
𰚀
𰚋
𰚘
𰚙
𰚚
𰚛
𰚜
𰚝
𰛂
𰛼
𰛽
𰛿
𰜀
𰜃
𰜄
𰜈
𰜋
𰞟
𰞠
𰞡
𰞢
𰞣
𰞤
𰞥
𰞦
𰞧
𰞨
𰞩
𰞪
𰞫
𰞬
𰠀
𰠓
𰠔
𰠞
𰠤
𰠵
𰡓
𰡔
𰡕
𰡖
𰡗
𰡘
𰡙
𰡚
𰡛
𰡜
𰡝
𰡽
𰡾
𰢀
𰢩
𰢭
𰢳
𰣆
𰣇
𰣈
𰣉
𰣊
𰣠
𰣫
𰣬
𰤖
𰤗
𰤘
𰤣
𰤤
𰤥
𰤦
𰤧
𰥝
𰥞
𰥟
𰥠
𰥡
𰦐
𰦳
𰦴
𰦵
𰦶
𰦷
𰦸
𰦹
𰦺
𰦻
𰧶
𰧷
𰧸
𰧹
𰧺
𰧻
𰧼
𰧽
𰧾
𰧿
𰨥
𰨦
𰨧
𰨨
𰩊
𰩣
𰩤
𰩲
𰩳
𰩴
𰩵
𰩶
𰩷
𰪱
𰪲
𰪳
𰪴
𰪵
𰫞
𰫟
𰫠
𰫡
𰬟
𰬠
𰬡
𰬢
𰬣
𰬤
𰬥
𰬦
𰬧
𰬨
𰬩
𰬪
𰭋
𰭌
𰭡
𰭪
𰭸
𰭹
𰭺
𰭽
𰮔
𰮕
𰮖
𰮘
𰮛
𰮜
𰮥
𰮦
𰮩
𰯰
𰯵
𰯽
𰯾
𰯿
𰰊
𰰌
𰰖
𰰗
𰰾
𰰿
𰱀
𰱁
𰱂
𰱃
𰱄
𰱅
𰱆
𰱇
𰱈
𰱉
𰱊
𰱌
𰱍
𰱎
𰲛
𰲜
𰲝
𰲳
𰲴
𰲵
𰲶
𰲷
𰳧
𰳲
𰳳
𰳴
𰳵
𰳶
𰳷
𰳸
𰴗
𰴘
𰴙
𰴪
𰶘
𰶳
𰶴
𰶵
𰶶
𰶷
𰶸
𰶹
𰶺
𰶻
𰷲
𰸅
𰸆
𰸇
𰸺
𰹌
𰺇
𰺈
𰺦
𰺵
𰺻
𰺽
𰻣
𰻭
𰻮
𰻯
𰻰
𰼄
𰼗
𰼙
𰼟
𰼠
𰽲
𰽳
𰽴
𰽵
𰽶
𰽷
𰽸
𰽹
𰽺
𰽻
𰽼
𰽽
𰿋
𰿌
𰿘
𰿙
𰿚
𰿛
𰿱
𰿲
𰿳
𱀁
𱀂
𱀗
𱀙
𱀚
𱀛
𱀞
𱁆
𱁇
𱁈
𱂉
𱂢
𱃛
𱃡
𱃢
𱃣
𱃼
𱃽
𱃾
𱃿
𱅚
𱅛
𱇏
𱉣
𱉤
𱉥
𱉦
𱉧
𱉨
𱉩
𱉪
𱉫
𱉬
𱉭
𱉮
𱉯
𱉰
𱉱
𱉲
𱉳
𱋉
𱌘
𱌩
𱍄
𱍅
𱍆
𱍞
𱍟
𱍴
𱎻
𱎼
𱎽
𱎾
𱏦
𱏧
𱏨
𱐇
𱐴
𱐺
𱐻
𱑆
𱑏
𱑙
𱑞
𱑟
𱑠
𱑦
𱑧
𱑻
𱒽
𱒾
𱒿
𱓀
𱓁
𱓂
𱓃
𱓄
𱓅
𱓆
𱓇
𱓈
𱓉
𱓊
𱓋
𱓌
𱓍
𱓎
𱓏
𱓐
𱓑
𱓒
𱓓
𱓔
𱓕
𱖀
𱖁
𱖂
𱖸
𱖹
𱖺
𱖻
𱖼
𱖽
𱖾
𱖿
𱗀
𱗁
𱗂
𱗃
𱗄
𱗅
𱗆
𱗇
𱗈
𱗉
𱗊
𱘤
𱙚
𱙛
𱙜
𱙼
𱙽
𱚉
𱚊
𱚋
𱚌
𱚻
𱛱
𱛲
𱛳
𱛴
𱛵
𱛶
𱜪
𱜫
𱜬
𱜭
𱝞
𱝢
𱝣
𱝰
𱝱
𱝲
𱝳
𱞜
𱞞
𱞟
𱞠
𱞢
𱞣
𱞤
𱞦
𱞧
𱞨
𱞩
𱟻
𱠅
𱠇
𱠈
𱠉
𱠊
𱠋
𱠍
𱠎
𱠏
𱠐
𱠒
𱠓
𱡘
𱡣
𱡩
𱡪
𱢃
𱢄
𱢅
𱢆
𱢇
𱢈
𱣙
𱣚
𱣛
𱣜
𱣝
𱣞
𱣟
𱣠
𱣡
𱣢
𱣣
𱣤
𱥎
𱥗
𱥜
𱥪
𱦰
𱦱
𱦲
𱦳
𱦴
𱦵
𱦶
𱦷
𱦸
𱦹
𱦺
𱦼
𱦽
𱦾
𱦿
𱧀
𱧁
𱧂
𱧃
𱧄
𱧅
𱫆
𱫇
𱫈
𱫉
𱫊
𱫋
𱫌
𱫍
𱫎
𱫏
𱫐
𱬺
𱬻
𱬼
𱬽
𱭊
𱭐
𱭘
𱭦
𱮀
𱮂
𱮃
𱮄
𱮅
𱮆
𱮇
𱮻
𱮾
𱮿
𱯀
𱯁
𱰅
𱰉
𱰊
𱰋
𱰖
𱰝
𱰞
𱰰
𱰱
𱰲
𱰳
𱰴
𱰵
𱱇
𱱒
𱱓
𱱔
𱲃
𱲄
𱲐
𱲑
𱲒
𱲱
𱲲
𱲳
𱲴
𱲵
𱲶
𱳝
𱳞
𱳹
𱳺
𱳻
𱳼
𱳽
𱳾
𱳿
𱴀
𱵈
𱵉
𱵊
𱵋
𱵌
𱶂
𱶃
𱶄
𱶅
𱶆
𱶶
𱶷
𱶸
𱶹
𱶺
𱶻
𱶼
𱷥
𱷦
𱷵
𱸷
𱸸
𱸹
𱸺
𱹮
𱹯
𱺣
𱺤
𱺥
𱺾
𱺿
𱻀
𱻁
𱻗
𱻘
𱻱
𱼄
𱼉
𱼊
𱼋
𱼌
𱼪
𱽨
𱽩
𱽪
𱽫
𱽬
𱿝
𱿞
𲀗
𲀩
𲁥
𲁦
𲂐
𲂑
𲂒
𲂨
𲂩
𲃊
𲃗
𲃘
𲃙
𲄘
𲄙
𲄚
𲄛
𲄳
𲅂
𲅚
𲅛
𲅜
𲅝
𲅞
𲆕
𲆖
𲆨
𲆩
𲇹
𲇺
𲇻
𲇼
𲈦
𲉀
𲉓
𲉨
𲊕
𲊺
𲊻
𲋔
𲋦
𲋧
𲌇
𲌈
𲌉
𲍇
𲍈
𲍳
𲍴
𲍵
𲍶
𲎮
𲎵
𲎶
𲎼
𲏃
𲏰
𲏱
𲏲
𲏳
𲏴
𲏵
𲐇
𲐍
𲐎
𲐴
𲐵
𲐶
𲐷
𲐸
𲐹
𲐺
𲐻
𲐼
𲐽
𲐾
𲐿
𲑀
𲑯
𲒊
𲒔
𲒕
𲒡
𲒯
𲒰
𲒱
𲓆
𲓓
𲓹
𲓽
𲔇
𲔻
𲔼
𲔽
𲔾
𲔿
𲕀
𲕁
𲕂
𲕃
𲕄
𲕅
𲕆
𲕇
𲕈
𲕉
𲕊
𲕋
𲕌
𲕍
𲕎
𲕏
𲕐
𲕑
𲕒
𲕓
𲕔
𲕕
𲕖
𲘦
𲘧
𲙏
𲙐
𲙑
𲙒
𲙓
𲙔
𲙕
𲙖
𲙗
𲙘
𲙙
𲙚
𲙛
𲙜
𲙝
𲙞
𲚬
𲚶
𲛂
𲛃
𲛒
𲛓
𲛔
𲛕
𲛖
𲛗
𲛘
𲛙
𲛚
𲛛
𲜀
𲜏
𲜫
𲜸
𲜹
𲝟
𲝠
𲝡
𲝢
𲝣
𲝤
𲝥
𲝦
𲝧
𲝨
𲝩
𲝪
𲝫
𲝬
𲞠
𲞨
𲞯
𲞰
𲟇
𲟗
𲟛
𲟤
𲠁
𲠃
𲠆
𲠈
𲠉
𲡎
𲡰
𲡳
𲡹
𲣷
𲣾
𲤙
𲤚
𲤛
𲤜
𲤝
𲥜
𲥽
𲥾
𲥿
𲦀
𲦁
𲦂
𲦃
𲦄
𲧬
𲨀
𲨁
𲨋
𲨌
𲨍
𲨎
𲨝
𲩔
𲩕
𲩖
𲩗
𲩘
𲩙
𲩚
𲩛
𲩝
𲩞
𲫜
𲫝
𲫞
𲫟
𲫠
𲫡
𲫢
𲫣
𲫤
𲫥
𲭕
𲭖
𲮋
𲮌
𲮍
𲮎
𲮏
𲮐
𲮑
𲮒
𲮓
𲮔
𲮕
𲯞
𲯟
𲰛
𲰜
𲰫
𲰬
𲰭
𲰮
𲰽
𲱕
𲱖
𲱗
𲱘
𲱙
𲲀
𲲇
𲲡
𲳁
𲳙
𲳚
𲳛
𲳜
𲳝
𲴤
𲴥
𲵅
𲵆
𲵇
𲵈
𲵩
𲵪
𲵵
𲵶
𲷀
𲷁
𲷂
𲷬
𲷭
𲸱
𲸳
𲸴
𲹣
𲹪
𲹫
𲺕
𲺖
𲺗
𲻒
𲻛
𲻜
𲻝
𲻫
𲼀
𲼁
𲼂
𲼃
𲼄
𲼅
𲼆
𲾂
𲾑
𲾒
𲾓
𲾔
𳀚
𳀛
𳀱
𳁔
𳁝
𳁪
𳁫
𳁬
𳂃
𳂉
𳂒
𳂓
𳂭
𳂶
𳂷
𳃇
𳃈
𳃉
𳃊
𳃲
𳃳
𳃴
𳄟
𳄠
𳄡
𳇷
𳈢
𳈤
𳈥
𳈺
𳉁
𳊘
𳋻
𳐇
𳐈
𳐉
𳑮