䉺
䉻
䉼
䉽
䉾
䉿
䊀
䊁
䊂
䊃
䊄
䊅
䊆
䊇
䊈
䊉
䊊
䊋
䊌
䊍
䊎
䊏
䊐
䊑
䊒
䊓
䊔
䊕
䊖
䊗
䊘
䊙
䊚
䊛
䊜
䊝
䊞
䊟
䊠
䊡
䊢
䊣
䊤
䊥
䊦
䊧
䊨
䊩
䊪
䊫
䊬
䊭
䊮
䊯
䊰
䊱
䊲
䊳
䊴
䨀
娄
畨
籴
籶
籷
籸
籹
籺
类
籼
籽
籿
粀
粄
粅
粆
粇
粈
粊
粌
粎
粏
粑
粓
粔
粖
粙
粚
粜
粝
粞
粠
粣
粦
粩
粪
粬
粯
粰
粴
粵
粶
粷
粸
粺
粻
粼
粿
糁
糃
糄
糆
糇
糈
糉
糋
糌
糍
糏
糐
糑
糓
糔
糕
糗
糙
糚
糛
糝
糡
糣
糤
糥
糦
糨
糩
糪
糫
糬
糭
糮
糰
糱
糳
糵
糷
鿯
糧
粒
糖
精
类
𡢏
𢐫
𥸥
𥸦
𥸧
𥸨
𥸩
𥸪
𥸫
𥸬
𥸭
𥸮
𥸯
𥸰
𥸱
𥸲
𥸳
𥸴
𥸵
𥸶
𥸷
𥸸
𥸹
𥸺
𥸻
𥸼
𥸽
𥸾
𥸿
𥹀
𥹁
𥹂
𥹃
𥹄
𥹅
𥹆
𥹇
𥹈
𥹉
𥹊
𥹋
𥹌
𥹍
𥹎
𥹏
𥹐
𥹑
𥹒
𥹓
𥹔
𥹕
𥹖
𥹗
𥹘
𥹙
𥹚
𥹛
𥹜
𥹝
𥹞
𥹟
𥹠
𥹡
𥹢
𥹣
𥹤
𥹥
𥹦
𥹧
𥹨
𥹩
𥹪
𥹫
𥹬
𥹭
𥹮
𥹯
𥹰
𥹱
𥹲
𥹳
𥹴
𥹵
𥹶
𥹷
𥹸
𥹹
𥹺
𥹻
𥹼
𥹽
𥹾
𥹿
𥺀
𥺁
𥺂
𥺃
𥺄
𥺅
𥺆
𥺇
𥺈
𥺉
𥺊
𥺋
𥺌
𥺍
𥺎
𥺏
𥺐
𥺑
𥺒
𥺓
𥺔
𥺕
𥺖
𥺗
𥺘
𥺙
𥺚
𥺛
𥺜
𥺝
𥺞
𥺟
𥺠
𥺡
𥺢
𥺣
𥺤
𥺥
𥺦
𥺧
𥺨
𥺩
𥺪
𥺫
𥺬
𥺭
𥺮
𥺯
𥺰
𥺱
𥺲
𥺳
𥺴
𥺵
𥺶
𥺷
𥺸
𥺹
𥺺
𥺻
𥺼
𥺽
𥺾
𥺿
𥻀
𥻁
𥻂
𥻃
𥻄
𥻅
𥻆
𥻇
𥻈
𥻉
𥻊
𥻋
𥻌
𥻍
𥻎
𥻏
𥻐
𥻑
𥻒
𥻓
𥻔
𥻕
𥻖
𥻗
𥻘
𥻙
𥻚
𥻛
𥻜
𥻝
𥻞
𥻟
𥻠
𥻡
𥻢
𥻣
𥻤
𥻥
𥻦
𥻧
𥻨
𥻩
𥻪
𥻫
𥻬
𥻭
𥻮
𥻯
𥻰
𥻱
𥻲
𥻳
𥻴
𥻵
𥻶
𥻷
𥻸
𥻹
𥻺
𥻻
𥻼
𥻽
𥻾
𥻿
𥼀
𥼁
𥼂
𥼃
𥼄
𥼅
𥼆
𥼇
𥼈
𥼉
𥼊
𥼋
𥼌
𥼍
𥼎
𥼏
𥼐
𥼑
𥼒
𥼓
𥼔
𥼕
𥼖
𥼗
𥼘
𥼙
𥼚
𥼛
𥼜
𥼝
𥼞
𥼟
𥼠
𥼡
𥼢
𥼣
𥼤
𥼥
𥼦
𥼧
𥼨
𥼩
𥼪
𥼫
𥼬
𥼭
𥼮
𥼯
𥼰
𥼱
𥼲
𥼳
𥼴
𥼵
𥼶
𥼷
𥼸
𥼹
𥼺
𥼻
𥼼
𥼽
𥼾
𥼿
𥽀
𥽁
𥽂
𥽃
𥽄
𥽅
𥽆
𥽇
𥽈
𥽉
𥽊
𥽋
𥽌
𥽍
𥽎
𥽏
𥽐
𥽑
𥽒
𥽓
𥽔
𥽕
𥽖
𥽗
𥽘
𥽙
𥽚
𥽛
𥽜
𥽝
𥽞
𥽟
𥽠
𥽡
𥽢
𥽣
𥽤
𥽥
𥽦
𥽧
𥽨
𥽩
𥽪
𥽫
𥽬
𥽭
𥽮
𥽯
𥽰
𥽱
𥽲
𥽳
𥽴
𥽵
𥽶
𥽷
𥽸
𥽹
𥽺
𥽻
𥽼
𥽽
𥽾
𥽿
𥾀
𥾁
𥾂
𥾃
𥾄
𫂱
𫂲
𫂳
𫂴
𫂵
𫂶
𫂷
𫂸
𫂹
𫂺
𫂻
𫂼
𫂽
𫂾
𫂿
𫃀
𫃁
𫃂
𫃃
𫃄
𫃅
𫃆
𫃇
𫃈
𫃉
𫃊
𫃋
𫃌
𫃍
𫃎
𫃏
𫃐
𫃑
𫃒
𫃓
𫃔
𫃕
𫃖
𫃗
𫃘
𫃙
𫟀
𬖋
𬖌
𬖍
𬖎
𬖏
𬖐
𬖑
𬖒
𬖓
𬖔
𬖕
𬖖
𬖗
𬖘
𬖙
𬖚
𬖛
𬖜
𬖝
𬖞
𬖟
𬖠
𬖡
𬖢
𬖣
𬖤
𬖥
𬖦
𬖧
𬖨
𬖩
𬖪
𬖫
𬖬
𬖭
𬖮
𬖯
𬖰
𬖱
𬖲
𬖳
𬖴
𬖵
𬖶
𬖷
𬖸
𬖹
𬖺
𬖻
𬖼
𬖽
𬖾
𬖿
𬗀
𬗁
𬗂
𮇃
𮇄
𮇅
𮇆
𮇇
𮇈
𮇉
𮇊
𮇋
𮇌
𮇍
𮇎
𮇏
𮇐
𮇑
𮇒
𮇓
𮇔
𮇕
𮇖
𮇗
𮇘
𮇙
𮇚
𮇛
𮇜
𮇝
𮇞
𮇟
𮇠
𮇡
𮇢
𮇣
𮇤
𮇥
𮇦
𮇧
𮇨
𮇩
𮇪
𮇫
𮇬
𮇭
𮇮
𮇯
𮇰
𮇱
𮇲
𮇳
𮇴
𮇵
𮇶
𮇷
𮇸
𮇹
𮇺
𮇻
𮇼
𮇽
𮇾
𮇿
𮈀
𮵺
𮵻
𮵼
𮵽
糒
䊠
糨
糣
𰪦
𰪧
𰪨
𰪩
𰪪
𰪫
𰪬
𰪭
𰪮
𰪯
𰪰
𰪱
𰪲
𰪳
𰪴
𰪵
𰪶
𰪷
𰪸
𰪹
𰪺
𰪻
𰪼
𰪽
𰪾
𰪿
𰫀
𰫁
𰫂
𰫃
𰫄
𰫅
𰫆
𰫇
𰫈
𰫉
𰫊
𰫋
𰫌
𰫍
𰫎
𰫏
𰫐
𰫑
𰫒
𰫓
𰫔
𰫕
𰫖
𱸳
𱸴
𱸵
𱸶
𱸷
𱸸
𱸹
𱸺
𱸻
𱸼
𱸽
𱸾
𱸿
𱹀
𱹁
𱹂
𱹃
𱹄
𱹅
𱹆
𱹇
𱹈
𱹉
𱹊
𱹋
𱹌
𱹍
𱹎
𱹏
𱹐
𱹑
𱹒
𱹓
𱹔
𱹕
𱹖
𱹗
𱹘
𱹙
𱹚
𱹛
𱹜
𱹝
𱹞
𱹟
𱹠
𱹡
𱹢
𱹣
𱹤
𱹥
𱹦
𱹧
𱹨
𱹩