䲥
䲦
䲧
䲨
䲩
䲪
䲫
䲬
䲭
䲮
䲯
䲰
䲱
䲲
䲳
䲴
䲵
䲶
䲷
䲸
䲹
䲺
䲻
䲼
䲽
䲾
䲿
䳀
䳁
䳂
䳃
䳄
䳅
䳆
䳇
䳈
䳉
䳊
䳋
䳌
䳍
䳎
䳏
䳐
䳑
䳒
䳓
䳔
䳕
䳖
䳗
䳘
䳙
䳚
䳛
䳜
䳝
䳞
䳟
䳠
䳡
䳢
䳣
䳤
䳥
䳦
䳧
䳨
䳩
䳪
䳫
䳬
䳭
䳮
䳯
䳰
䳱
䳲
䳳
䳴
䳵
䳶
䳷
䳸
䳹
䳺
䳻
䳼
䳽
䳾
䳿
䴀
䴁
䴂
䴃
䴄
䴅
䴆
䴇
䴈
䴉
䴊
䴋
䴌
䴍
䴎
䴏
䴐
䴑
䴒
䴓
䴔
䴕
䴖
䴗
䴘
䴙
翵
鳦
鳨
鳪
鳭
鳮
鳯
鳱
鳲
鳵
鳷
鳸
鳹
鳺
鳻
鳼
鳽
鳾
鳿
鴀
鴁
鴂
鴄
鴅
鴊
鴋
鴌
鴍
鴏
鴐
鴑
鴓
鴔
鴖
鴗
鴘
鴙
鴚
鴜
鴝
鴞
鴠
鴡
鴢
鴤
鴥
鴧
鴩
鴭
鴮
鴯
鴰
鴱
鴲
鴳
鴴
鴵
鴶
鴷
鴸
鴹
鴺
鴼
鴽
鵀
鵂
鵃
鵅
鵇
鵉
鵊
鵋
鵌
鵍
鵎
鵏
鵒
鵓
鵔
鵕
鵖
鵗
鵘
鵚
鵛
鵟
鵢
鵣
鵥
鵦
鵧
鵨
鵩
鵪
鵫
鵭
鵮
鵰
鵱
鵳
鵴
鵵
鵶
鵷
鵸
鵹
鵻
鵼
鵽
鵾
鵿
鶀
鶁
鶂
鶃
鶄
鶅
鶆
鶈
鶊
鶋
鶌
鶍
鶎
鶐
鶑
鶒
鶓
鶔
鶕
鶖
鶗
鶘
鶙
鶛
鶜
鶝
鶞
鶟
鶠
鶡
鶢
鶣
鶥
鶦
鶧
鶨
鶪
鶬
鶭
鶮
鶰
鶱
鶳
鶵
鶶
鶷
鶹
鶼
鶽
鶾
鶿
鷀
鷃
鷅
鷇
鷈
鷉
鷊
鷋
鷌
鷍
鷎
鷐
鷑
鷒
鷔
鷕
鷖
鷗
鷘
鷚
鷛
鷜
鷝
鷞
鷟
鷠
鷡
鷢
鷣
鷤
鷥
鷧
鷨
鷩
鷪
鷫
鷬
鷮
鷰
鷱
鷳
鷴
鷵
鷶
鷷
鷻
鷼
鷾
鷿
鸀
鸁
鸂
鸃
鸄
鸅
鸆
鸇
鸈
鸉
鸊
鸋
鸌
鸍
鸎
鸏
鸐
鸑
鸒
鸓
鸔
鸕
鸖
鸗
鸘
鸙
鸜
鸝
鸟
鸠
鸡
鸢
鸣
鸤
鸥
鸦
鸧
鸨
鸩
鸪
鸫
鸬
鸭
鸮
鸯
鸰
鸱
鸲
鸳
鸴
鸵
鸶
鸷
鸸
鸹
鸺
鸻
鸼
鸽
鸾
鸿
鹀
鹁
鹂
鹃
鹄
鹅
鹆
鹇
鹈
鹉
鹊
鹋
鹌
鹍
鹎
鹏
鹐
鹑
鹒
鹓
鹔
鹕
鹖
鹗
鹘
鹙
鹚
鹛
鹜
鹝
鹞
鹟
鹠
鹡
鹢
鹣
鹤
鹥
鹦
鹧
鹨
鹩
鹪
鹫
鹬
鹭
鹮
鹯
鹰
鹱
鹲
鹳
鹴
鿂
鿺
鸞
鷺
鶴
𧖠
𩖔
𩾏
𩾐
𩾑
𩾒
𩾓
𩾔
𩾕
𩾖
𩾗
𩾘
𩾙
𩾚
𩾛
𩾜
𩾝
𩾞
𩾟
𩾠
𩾡
𩾢
𩾣
𩾤
𩾥
𩾦
𩾧
𩾨
𩾩
𩾪
𩾫
𩾬
𩾭
𩾮
𩾯
𩾰
𩾱
𩾲
𩾳
𩾴
𩾵
𩾶
𩾷
𩾸
𩾹
𩾺
𩾻
𩾼
𩾽
𩾾
𩾿
𩿀
𩿁
𩿂
𩿃
𩿄
𩿅
𩿆
𩿇
𩿈
𩿉
𩿊
𩿋
𩿌
𩿍
𩿎
𩿏
𩿐
𩿑
𩿒
𩿓
𩿔
𩿕
𩿖
𩿗
𩿘
𩿙
𩿚
𩿛
𩿜
𩿝
𩿞
𩿟
𩿠
𩿡
𩿢
𩿣
𩿤
𩿥
𩿦
𩿧
𩿨
𩿩
𩿪
𩿫
𩿬
𩿭
𩿮
𩿯
𩿰
𩿱
𩿲
𩿳
𩿴
𩿵
𩿶
𩿷
𩿸
𩿹
𩿺
𩿻
𩿼
𩿽
𩿾
𩿿
𪀀
𪀁
𪀂
𪀃
𪀄
𪀅
𪀆
𪀇
𪀈
𪀉
𪀊
𪀋
𪀌
𪀍
𪀎
𪀏
𪀐
𪀑
𪀒
𪀓
𪀔
𪀕
𪀖
𪀗
𪀘
𪀙
𪀚
𪀛
𪀜
𪀝
𪀞
𪀟
𪀠
𪀡
𪀢
𪀣
𪀤
𪀥
𪀦
𪀧
𪀨
𪀩
𪀪
𪀫
𪀬
𪀭
𪀮
𪀯
𪀰
𪀱
𪀲
𪀳
𪀴
𪀵
𪀶
𪀷
𪀸
𪀹
𪀺
𪀻
𪀼
𪀽
𪀾
𪀿
𪁀
𪁁
𪁂
𪁃
𪁄
𪁅
𪁆
𪁇
𪁈
𪁉
𪁊
𪁋
𪁌
𪁍
𪁎
𪁏
𪁐
𪁑
𪁒
𪁓
𪁔
𪁕
𪁖
𪁗
𪁘
𪁙
𪁚
𪁛
𪁜
𪁝
𪁞
𪁟
𪁠
𪁡
𪁢
𪁣
𪁤
𪁥
𪁦
𪁧
𪁨
𪁩
𪁪
𪁫
𪁬
𪁭
𪁮
𪁯
𪁰
𪁱
𪁲
𪁳
𪁴
𪁵
𪁶
𪁷
𪁸
𪁹
𪁺
𪁻
𪁼
𪁽
𪁾
𪁿
𪂀
𪂁
𪂂
𪂃
𪂄
𪂅
𪂆
𪂇
𪂈
𪂉
𪂊
𪂋
𪂌
𪂍
𪂎
𪂏
𪂐
𪂑
𪂒
𪂓
𪂔
𪂕
𪂖
𪂗
𪂘
𪂙
𪂚
𪂛
𪂜
𪂝
𪂞
𪂟
𪂠
𪂡
𪂢
𪂣
𪂤
𪂥
𪂦
𪂧
𪂨
𪂩
𪂪
𪂫
𪂬
𪂭
𪂮
𪂯
𪂰
𪂱
𪂲
𪂳
𪂴
𪂵
𪂶
𪂷
𪂸
𪂹
𪂺
𪂻
𪂼
𪂽
𪂾
𪂿
𪃀
𪃁
𪃂
𪃃
𪃄
𪃅
𪃆
𪃇
𪃈
𪃉
𪃊
𪃋
𪃌
𪃍
𪃎
𪃏
𪃐
𪃑
𪃒
𪃓
𪃔
𪃕
𪃖
𪃗
𪃘
𪃙
𪃚
𪃛
𪃜
𪃝
𪃞
𪃟
𪃠
𪃡
𪃢
𪃣
𪃤
𪃥
𪃦
𪃧
𪃨
𪃩
𪃪
𪃫
𪃬
𪃭
𪃮
𪃯
𪃰
𪃱
𪃲
𪃳
𪃴
𪃵
𪃶
𪃷
𪃸
𪃹
𪃺
𪃻
𪃼
𪃽
𪃾
𪃿
𪄀
𪄁
𪄂
𪄃
𪄄
𪄅
𪄆
𪄇
𪄈
𪄉
𪄊
𪄋
𪄌
𪄍
𪄎
𪄏
𪄐
𪄑
𪄒
𪄓
𪄔
𪄕
𪄖
𪄗
𪄘
𪄙
𪄚
𪄛
𪄜
𪄝
𪄞
𪄟
𪄠
𪄡
𪄢
𪄣
𪄤
𪄥
𪄦
𪄧
𪄨
𪄩
𪄪
𪄫
𪄬
𪄭
𪄮
𪄯
𪄰
𪄱
𪄲
𪄳
𪄴
𪄵
𪄶
𪄷
𪄸
𪄹
𪄺
𪄻
𪄼
𪄽
𪄾
𪄿
𪅀
𪅁
𪅂
𪅃
𪅄
𪅅
𪅆
𪅇
𪅈
𪅉
𪅊
𪅋
𪅌
𪅍
𪅎
𪅏
𪅐
𪅑
𪅒
𪅓
𪅔
𪅕
𪅖
𪅗
𪅘
𪅙
𪅚
𪅛
𪅜
𪅝
𪅞
𪅟
𪅠
𪅡
𪅢
𪅣
𪅤
𪅥
𪅦
𪅧
𪅨
𪅩
𪅪
𪅫
𪅬
𪅭
𪅮
𪅯
𪅰
𪅱
𪅲
𪅳
𪅴
𪅵
𪅶
𪅷
𪅸
𪅹
𪅺
𪅻
𪅼
𪅽
𪅾
𪅿
𪆀
𪆁
𪆂
𪆃
𪆄
𪆅
𪆆
𪆇
𪆈
𪆉
𪆊
𪆋
𪆌
𪆍
𪆎
𪆏
𪆐
𪆑
𪆒
𪆓
𪆔
𪆕
𪆖
𪆗
𪆘
𪆙
𪆚
𪆛
𪆜
𪆝
𪆞
𪆟
𪆠
𪆡
𪆢
𪆣
𪆤
𪆥
𪆦
𪆧
𪆨
𪆩
𪆪
𪆫
𪆬
𪆭
𪆮
𪆯
𪆰
𪆱
𪆲
𪆳
𪆴
𪆵
𪆶
𪆷
𪆸
𪆹
𪆺
𪆻
𪆼
𪆽
𪆾
𪆿
𪇀
𪇁
𪇂
𪇃
𪇄
𪇅
𪇆
𪇇
𪇈
𪇉
𪇊
𪇋
𪇌
𪇍
𪇎
𪇏
𪇐
𪇑
𪇒
𪇓
𪇔
𪇕
𪇖
𪇗
𪇘
𪇙
𪇚
𪇛
𪇜
𪇝
𪇟
𪇠
𪇡
𪇢
𪇣
𪇤
𪇥
𪇦
𪇧
𪇨
𪇩
𪇪
𪇫
𪇬
𪇭
𪇮
𪇯
𪇰
𪇱
𪇲
𪇳
𪇴
𪇵
𪇶
𪇷
𪇸
𪇹
𪇺
𪇻
𪇼
𪇽
𪇾
𪇿
𪈀
𪈁
𪈂
𪈃
𪈄
𪈅
𪈆
𪈇
𪈈
𪈉
𪈊
𪈋
𪈌
𪈍
𪈎
𪈏
𪈐
𪈑
𪈒
𪈓
𪈔
𪈕
𪈖
𪈗
𪈘
𪈙
𪈚
𪈛
𪈜
𪈝
𪈞
𪈟
𪈠
𪈡
𪈢
𪈣
𪈤
𪈥
𪈦
𪈧
𪈨
𪈩
𪈪
𪈫
𪈬
𪈭
𪈮
𪈯
𪈰
𪈱
𪈲
𪈳
𪈴
𪈵
𪈶
𪈷
𪈸
𪈹
𪈺
𪈻
𪈼
𪈽
𪈾
𪈿
𪉀
𪉁
𪉂
𪉃
𪉄
𪉅
𪉆
𪉇
𪉈
𪉉
𪉊
𪉋
𪉌
𪉍
𪉎
𪉏
𪉐
𪉑
𪉒
𪉓
𪉔
𪉕
𫚮
𫚯
𫚰
𫚱
𫚲
𫚳
𫚴
𫚵
𫚶
𫚷
𫚸
𫚹
𫚺
𫚻
𫚼
𫚽
𫚾
𫚿
𫛀
𫛁
𫛂
𫛃
𫛄
𫛅
𫛆
𫛇
𫛈
𫛉
𫛊
𫛋
𫛌
𫛍
𫛎
𫛏
𫛐
𫛑
𫛒
𫛓
𫛔
𫛕
𫛖
𫛗
𫛘
𫛙
𫛚
𫛛
𫛜
𫛝
𫛞
𫛟
𫛠
𫛡
𫛢
𫛣
𫛤
𫛥
𫛦
𫛧
𫛨
𫛩
𫛪
𫛫
𫛬
𫛭
𫛮
𫛯
𫛰
𫛱
𫛲
𫛳
𫛴
𫛵
𫛶
𫛷
𫛸
𫛹
𫛺
𫛻
𫛼
𫛽
𫛾
𫛿
𫜀
𫜁
𫜂
𫜃
𫜄
𫜅
𫜆
𫠓
𫠔
𫠕
𫠖
𬶼
𬶽
𬶾
𬶿
𬷀
𬷁
𬷂
𬷃
𬷄
𬷅
𬷆
𬷇
𬷈
𬷉
𬷊
𬷋
𬷌
𬷍
𬷎
𬷏
𬷐
𬷑
𬷒
𬷓
𬷔
𬷕
𬷖
𬷗
𬷘
𬷙
𬷚
𬷛
𬷜
𬷝
𬷞
𬷟
𬷠
𬷡
𬷢
𬷣
𬷤
𬷥
𬷦
𬷧
𬷨
𬷩
𬷪
𬷫
𬷬
𬷭
𬷮
𬷯
𬷰
𬷱
𬷲
𬷳
𬷴
𬷵
𬷶
𬷷
𬷸
𬷹
𬷺
𬷻
𬷼
𬷽
𬷾
𬷿
𬸀
𬸁
𬸂
𬸃
𬸄
𬸅
𬸆
𬸇
𬸈
𬸉
𬸊
𬸋
𬸌
𬸍
𬸎
𬸏
𬸐
𬸑
𬸒
𬸓
𬸔
𬸕
𬸖
𬸗
𬸘
𬸙
𬸚
𬸛
𬸜
𬸝
𬸞
𬸟
𬸠
𬸡
𬸢
𬸣
𬸤
𬸥
𬸦
𬸧
𬸨
𬸩
𬸪
𬸫
𬸬
𬸭
𬸮
𬸯
𬸰
𬸱
𮬥
𮬦
𮬧
𮬨
𮬩
𮬪
𮬫
𮬬
𮬭
𮬮
𮬯
𮬰
𮬱
𮬲
𮬳
𮬴
𮬵
𮬶
𮬷
𮬸
𮬹
𮬺
𮬻
𮬼
𮬽
𮬾
𮬿
𮭀
𮭁
𮭂
𮭃
𮭄
𮭅
𮭆
𮭇
𮭈
𮭉
𮭊
𮭋
𮭌
𮭍
𮭎
𮭏
𮭐
𮭑
𮭒
𮭓
𮭔
𮭕
𮭖
𮭗
𮭘
𮭙
𮭚
𮭛
𮭜
𮭝
𮭞
𮭟
𮭠
𮭡
𮭢
𮭣
𮭤
𮭥
𮭦
𮭧
𮭨
𮭩
𮭪
𮴿
𮷙
𮹔
𮹕
𮹖
𮹗
𮹘
𮹙
𮹚
𮹛
𮹜
鳽
䳎
䳭
鵧
𪃎
䳸
𪄅
𪈎
𱈝
𱈞
𱈟
𱈠
𱈡
𱈢
𱈣
𱈤
𱈥
𱈦
𱈧
𱈨
𱈩
𱈪
𱈫
𱈬
𱈭
𱈮
𱈯
𱈰
𱈱
𱈲
𱈳
𱈴
𱈵
𱈶
𱈷
𱈸
𱈹
𱈺
𱈻
𱈼
𱈽
𱈾
𱈿
𱉀
𱉁
𱉂
𱉃
𱉄
𱉅
𱉆
𱉇
𱉈
𱉉
𱉊
𱉋
𱉌
𱉍
𱉎
𱉏
𱉐
𱉑
𱉒
𱉓
𱉔
𱉕
𱉖
𱉗
𱉘
𱉙
𱉚
𱉛
𱉜
𱉝
𱉞
𱉟
𱉠
𱉡
𱉢
𱉣
𱉤
𱉥
𱉦
𱉧
𱉨
𱉩
𱉪
𱉫
𱉬
𱉭
𱉮
𱉯
𱉰
𱉱
𱉲
𱉳
𱉴
𱉵
𱉶
𱉷
𱉸
𱉹
𱉺
𱉻
𱉼
𱉽
𱉾
𱉿
𱊀
𱊁
𱊂
𱊃
𱊄
𱊅
𱊆
𱊇
𱊈
𱊉
𱊊
𱊋
𱊌
𱊍
𱊎
𱊏
𱊐
𱊑
𱊒
𱊓
𱊔
𱊕
𱊖
𱊗
𱊘
𱊙
𱊚
𱊛
𱊜
𱊝
𱊞
𱊟
𱊠
𱊡
𱊢
𱊣
𱊤
𱊥
𱊦
𱊧
𱊨
𱊩
𱊪
𱊫
𱊬
𱊭
𱊮
𱊯
𱊰
𱊱
𱊲
𱊳
𱊴
𱊵
𲍚
𲍛
𲍜
𲍝
𲍞
𲍟
𲍠
𲍡
𲍢
𲍣
𲍤
𲍥
𲍦
𲍧
𲍨
𲍩
𲍪
𲍫
𲍬
𲍭
𲍮
𲍯
𲍰
𲍱
𲍲
𲍳
𲍴
𲍵
𲍶
𲍷
𲍸
𲍹
𲍺
𲍻
𲍼
𲍽
𲍾
𲍿
𲎀
𲎁
𲎂
𲎃
𲎄
𲎅
𲎆
𲎇
𲎈
𲎉