䦌
䦍
䦎
䦏
䦐
䦑
䦒
䦓
䦔
䦕
䦖
䦗
䦘
䦙
䦚
䦛
䦜
䦝
䦞
䦟
䦠
䦡
䦢
䦣
䦤
䦥
䦦
䦧
䦨
䦩
䦪
䦫
䦬
䦭
䦮
䦯
䦱
䦲
䦳
䦴
䦵
䦶
䦷
䦸
閁
閄
閅
閈
閐
閒
閕
閗
閚
閛
閜
閝
閞
閡
閪
閮
閯
閰
閱
閳
閵
閷
閸
閺
閿
闀
闁
闂
闄
闅
闆
闉
闎
闏
闑
闒
闗
闙
闛
闝
闟
闠
闣
闤
闦
闧
门
闩
闪
闫
闬
闭
问
闯
闰
闱
闲
闳
间
闵
闶
闷
闸
闹
闺
闻
闼
闽
闾
闿
阀
阁
阂
阃
阄
阅
阆
阇
阈
阉
阊
阋
阌
阍
阎
阏
阐
阑
阒
阓
阔
阕
阖
阗
阘
阙
阚
阛
閭
𨳇
𨳈
𨳉
𨳊
𨳋
𨳌
𨳍
𨳎
𨳏
𨳐
𨳑
𨳒
𨳓
𨳔
𨳕
𨳖
𨳗
𨳘
𨳙
𨳚
𨳛
𨳜
𨳝
𨳞
𨳟
𨳠
𨳡
𨳢
𨳣
𨳤
𨳥
𨳦
𨳧
𨳨
𨳩
𨳪
𨳫
𨳬
𨳭
𨳮
𨳯
𨳰
𨳱
𨳲
𨳳
𨳴
𨳵
𨳶
𨳷
𨳸
𨳹
𨳺
𨳻
𨳼
𨳽
𨳾
𨳿
𨴀
𨴁
𨴂
𨴃
𨴄
𨴅
𨴆
𨴇
𨴈
𨴉
𨴊
𨴋
𨴌
𨴍
𨴎
𨴏
𨴑
𨴒
𨴓
𨴔
𨴕
𨴖
𨴗
𨴘
𨴙
𨴚
𨴛
𨴜
𨴝
𨴞
𨴟
𨴠
𨴡
𨴢
𨴣
𨴤
𨴥
𨴦
𨴧
𨴨
𨴩
𨴪
𨴫
𨴬
𨴭
𨴮
𨴯
𨴰
𨴱
𨴲
𨴳
𨴴
𨴵
𨴶
𨴷
𨴸
𨴹
𨴺
𨴻
𨴼
𨴽
𨴾
𨴿
𨵀
𨵁
𨵂
𨵃
𨵄
𨵅
𨵆
𨵇
𨵈
𨵉
𨵊
𨵋
𨵌
𨵍
𨵎
𨵏
𨵐
𨵑
𨵒
𨵓
𨵔
𨵕
𨵖
𨵗
𨵘
𨵙
𨵚
𨵛
𨵜
𨵝
𨵞
𨵟
𨵠
𨵡
𨵢
𨵣
𨵤
𨵥
𨵦
𨵧
𨵨
𨵩
𨵪
𨵫
𨵬
𨵭
𨵮
𨵯
𨵰
𨵲
𨵳
𨵴
𨵵
𨵶
𨵷
𨵸
𨵹
𨵺
𨵻
𨵼
𨵽
𨵾
𨵿
𨶀
𨶁
𨶂
𨶃
𨶄
𨶅
𨶆
𨶇
𨶈
𨶉
𨶊
𨶋
𨶌
𨶍
𨶎
𨶏
𨶐
𨶑
𨶒
𨶓
𨶔
𨶕
𨶖
𨶗
𨶘
𨶙
𨶚
𨶛
𨶜
𨶝
𨶞
𨶟
𨶠
𨶡
𨶢
𨶣
𨶤
𨶥
𨶦
𨶧
𨶨
𨶩
𨶪
𨶫
𨶬
𨶭
𨶮
𨶯
𨶰
𨶱
𨶲
𨶳
𨶴
𨶵
𨶶
𨶷
𨶸
𨶹
𨶺
𨶻
𨶼
𨶽
𨶾
𨶿
𨷀
𨷁
𨷂
𨷃
𨷄
𨷅
𨷆
𨷇
𨷈
𨷉
𨷊
𨷋
𨷌
𨷍
𨷎
𨷏
𨷐
𨷑
𨷒
𨷓
𨷔
𨷕
𨷖
𨷗
𨷘
𨷙
𨷚
𨷛
𨷜
𨷝
𨷞
𨷟
𨷠
𨷡
𨷢
𨷣
𨷤
𨷥
𨷦
𨷧
𨷨
𨷩
𨷪
𨷫
𨷬
𨷭
𨷮
𨷯
𨷰
𨷱
𨷲
𨷳
𨷴
𨷵
𨷶
𨷷
𨷸
𨷹
𨷺
𨷼
𨷽
𨷾
𨷿
𨸀
𨸁
𨸂
𨸃
𨸄
𨸅
𨸆
𨸇
𨸈
𨸉
𨸊
𨸋
𨸌
𨸍
𨸎
𫔘
𫔙
𫔚
𫔛
𫔜
𫔝
𫔞
𫔟
𫔠
𫔡
𫔢
𫔣
𫔤
𫔥
𫔦
𫔧
𫔨
𫔩
𫔪
𫔫
𫔬
𫔭
𫔮
𫔯
𫔰
𫔱
𫔲
𫔳
𫔴
𫔵
𫔶
𫔷
𫔸
𫔹
𫠂
𬮅
𬮆
𬮇
𬮈
𬮉
𬮊
𬮋
𬮌
𬮍
𬮎
𬮏
𬮐
𬮑
𬮒
𬮓
𬮔
𬮕
𬮖
𬮗
𬮘
𬮙
𬮚
𬮛
𬮜
𬮝
𬮞
𬮟
𬮠
𬮡
𬮢
𬮣
𬮤
𬮥
𬮦
𬮧
𬮨
𬮩
𬮪
𬮫
𬮬
𬮭
𬮮
𬮯
𬮰
𬮱
𬮲
𬮳
𬮴
𬮵
𬮶
𬮷
𬮸
𬮹
𮤇
𮤈
𮤉
𮤊
𮤋
𮤌
𮤍
𮤎
𮤏
𮤐
𮤑
𮤒
𮤓
𮤔
𮤕
𮤖
𮤗
𮤘
𮤙
𮤚
𮤛
𮤜
𮤝
𮤞
𮤟
𮤠
𮤡
𮤢
𮤣
𮤤
𮤥
𮤦
𮤧
𮤨
𮤩
𮤪
𮤫
𮤬
𮤭
𮤮
𮤯
𮤰
𮤱
𮤲
𮤳
𮤴
𮤵
𮤶
𮤷
𮤸
𮸥
𮸦
𮸧
開
䦕
閷
𨵷
𰿗
𰿘
𰿙
𰿚
𰿛
𰿜
𰿝
𰿞
𰿟
𰿠
𰿡
𰿢
𰿣
𰿤
𰿥
𰿦
𰿧
𰿨
𰿩
𰿪
𰿫
𰿬
𰿭
𰿮
𰿯
𰿰
𰿱
𰿲
𰿳
𰿴
𰿵
𰿶
𰿷
𰿸
𰿹
𰿺
𰿻
𰿼
𰿽
𰿾
𰿿
𱀀
𲈦
𲈧
𲈨
𲈩
𲈪
𲈫
𲈬
𲈭
𲈮
𲈯
𲈰
𲈱
𲈲
𲈳
𲈴
𲈵
𲈶
𲈷
𲈸
𲈹
𲈺
𲈻
𲈼
𲈽
𲈾
𲈿
𲉀
𲉁
𲉂
𲉃
𲉄
𲉅
𲉆
𲉇
𲉈