䚮
䚰
䚱
䚲
䚳
䚴
䚵
䚶
䚷
䚸
䚹
䚺
䚻
䚼
䚽
䚾
䚿
䛀
䛁
䛂
䛃
䛄
䛅
䛆
䛇
䛈
䛉
䛊
䛋
䛌
䛍
䛎
䛏
䛐
䛑
䛒
䛓
䛔
䛕
䛖
䛗
䛘
䛙
䛚
䛛
䛜
䛝
䛞
䛟
䛠
䛡
䛢
䛣
䛤
䛥
䛦
䛧
䛨
䛩
䛪
䛫
䛬
䛭
䛮
䛯
䛰
䛱
䛲
䛳
䛴
䛵
䛶
䛷
䛸
䛹
䛺
䛻
䛼
䛽
䛾
䛿
䜀
䜁
䜂
䜃
䜄
䜅
䜆
䜇
䜈
䜉
䜊
䜋
䜍
䜎
䜏
䜐
䜑
䜒
䜓
䜔
䜕
䜖
䜗
䜘
䜙
䜚
䜛
䜜
䜝
䜞
䜟
䜠
䜡
䜢
䜣
䜤
䜥
䜦
䜧
䜨
䜩
訁
訄
訅
訆
訇
訉
訋
訍
訏
訙
訚
訜
訞
訠
訤
訦
訧
訨
訩
訫
訬
訮
訯
訰
訲
訸
訹
訽
訿
詀
詂
詃
詄
詉
詊
詋
詌
詏
詓
詖
詗
詙
詚
詜
詟
詤
詥
詧
詨
詪
詯
詴
詶
詷
詸
詺
詻
詽
詾
詿
誀
誁
誃
誆
誈
誊
誋
誎
誏
誒
誔
誖
誗
誙
誛
誜
誝
誟
誢
誩
說
誫
誯
誱
誳
誴
誵
誶
誸
誺
誻
誽
諀
諁
諃
諅
諆
諈
諉
諊
諎
諑
諓
諔
諕
諘
諙
諝
諣
諥
諨
諩
諪
諬
諯
諰
諲
諵
諹
諻
諽
諿
謃
謆
謈
謉
謋
謏
謑
謒
謓
謕
謘
謞
謢
謣
謤
謥
謧
謩
謪
謮
謯
謰
謱
謲
謴
謵
謶
謷
謸
謺
謻
謼
謽
謿
譀
譂
譄
譅
譇
譈
譊
譋
譍
譐
譒
譓
譕
譗
譝
譠
譡
譢
譣
譤
譥
譧
譨
譪
譭
譮
譳
譵
譸
譹
譺
譻
譼
譾
讂
讄
讅
讆
讇
讈
讉
讍
讏
讑
讗
讘
讛
讟
讠
计
订
讣
认
讥
讦
讧
讨
让
讪
讫
讬
训
议
讯
记
讱
讲
讳
讴
讵
讶
讷
许
讹
论
讻
讼
讽
设
访
诀
证
诂
诃
评
诅
识
诇
诈
诉
诊
诋
诌
词
诎
诏
诐
译
诒
诓
诔
试
诖
诗
诘
诙
诚
诛
诜
话
诞
诟
诠
诡
询
诣
诤
该
详
诧
诨
诩
诪
诫
诬
语
诮
误
诰
诱
诲
诳
说
诵
诶
请
诸
诹
诺
读
诼
诽
课
诿
谀
谁
谂
调
谄
谅
谆
谇
谈
谉
谊
谋
谌
谍
谎
谏
谐
谑
谒
谓
谔
谕
谖
谗
谘
谙
谚
谛
谜
谝
谞
谟
谠
谡
谢
谣
谤
谥
谦
谧
谨
谩
谪
谫
谬
谭
谮
谯
谰
谱
谲
谳
谴
谵
谶
龻
鿁
論
讀
諾
說
諒
說
識
調
諸
請
謁
諾
諭
謹
變
𠐜
𣌚
𧥛
𧥜
𧥝
𧥞
𧥟
𧥠
𧥡
𧥢
𧥣
𧥤
𧥥
𧥦
𧥧
𧥨
𧥩
𧥪
𧥫
𧥬
𧥭
𧥮
𧥯
𧥰
𧥱
𧥲
𧥳
𧥴
𧥵
𧥶
𧥷
𧥸
𧥹
𧥺
𧥻
𧥼
𧥽
𧥾
𧥿
𧦀
𧦁
𧦂
𧦃
𧦄
𧦆
𧦇
𧦈
𧦉
𧦊
𧦋
𧦌
𧦍
𧦎
𧦏
𧦐
𧦑
𧦒
𧦓
𧦔
𧦕
𧦖
𧦗
𧦘
𧦙
𧦚
𧦛
𧦜
𧦝
𧦞
𧦟
𧦠
𧦡
𧦢
𧦣
𧦤
𧦥
𧦦
𧦧
𧦨
𧦩
𧦪
𧦫
𧦬
𧦭
𧦮
𧦯
𧦰
𧦱
𧦲
𧦳
𧦴
𧦵
𧦶
𧦷
𧦸
𧦹
𧦺
𧦻
𧦼
𧦽
𧦾
𧦿
𧧀
𧧁
𧧂
𧧃
𧧄
𧧅
𧧆
𧧇
𧧈
𧧉
𧧊
𧧋
𧧌
𧧍
𧧎
𧧏
𧧐
𧧑
𧧒
𧧓
𧧔
𧧕
𧧖
𧧗
𧧘
𧧙
𧧚
𧧛
𧧜
𧧝
𧧞
𧧟
𧧠
𧧡
𧧢
𧧣
𧧤
𧧥
𧧦
𧧧
𧧨
𧧩
𧧪
𧧫
𧧬
𧧭
𧧮
𧧯
𧧰
𧧱
𧧲
𧧳
𧧴
𧧵
𧧶
𧧷
𧧸
𧧹
𧧺
𧧻
𧧼
𧧽
𧧾
𧧿
𧨀
𧨁
𧨂
𧨃
𧨄
𧨅
𧨆
𧨇
𧨈
𧨉
𧨊
𧨋
𧨌
𧨍
𧨎
𧨏
𧨐
𧨑
𧨒
𧨓
𧨔
𧨕
𧨖
𧨗
𧨘
𧨙
𧨚
𧨛
𧨜
𧨝
𧨞
𧨟
𧨠
𧨡
𧨢
𧨣
𧨤
𧨥
𧨦
𧨧
𧨨
𧨩
𧨪
𧨫
𧨬
𧨭
𧨮
𧨯
𧨰
𧨱
𧨲
𧨳
𧨴
𧨵
𧨶
𧨷
𧨸
𧨹
𧨺
𧨻
𧨼
𧨽
𧨾
𧨿
𧩀
𧩁
𧩂
𧩃
𧩄
𧩅
𧩆
𧩇
𧩈
𧩉
𧩊
𧩋
𧩌
𧩍
𧩎
𧩏
𧩐
𧩑
𧩒
𧩓
𧩔
𧩕
𧩖
𧩗
𧩘
𧩙
𧩚
𧩛
𧩜
𧩝
𧩞
𧩟
𧩠
𧩡
𧩢
𧩣
𧩤
𧩥
𧩦
𧩧
𧩨
𧩩
𧩪
𧩫
𧩬
𧩭
𧩮
𧩯
𧩰
𧩱
𧩲
𧩳
𧩴
𧩵
𧩶
𧩷
𧩸
𧩹
𧩺
𧩻
𧩼
𧩽
𧩾
𧩿
𧪀
𧪁
𧪂
𧪃
𧪅
𧪆
𧪇
𧪈
𧪉
𧪊
𧪋
𧪌
𧪍
𧪎
𧪏
𧪐
𧪑
𧪒
𧪓
𧪔
𧪕
𧪖
𧪗
𧪘
𧪙
𧪚
𧪛
𧪜
𧪝
𧪞
𧪟
𧪠
𧪡
𧪢
𧪣
𧪤
𧪥
𧪦
𧪧
𧪨
𧪩
𧪪
𧪫
𧪬
𧪭
𧪮
𧪯
𧪰
𧪱
𧪲
𧪳
𧪴
𧪵
𧪶
𧪷
𧪸
𧪹
𧪺
𧪻
𧪼
𧪽
𧪾
𧪿
𧫀
𧫁
𧫂
𧫃
𧫄
𧫅
𧫆
𧫇
𧫈
𧫉
𧫊
𧫋
𧫌
𧫍
𧫎
𧫏
𧫐
𧫑
𧫒
𧫓
𧫔
𧫕
𧫖
𧫗
𧫘
𧫙
𧫚
𧫛
𧫜
𧫝
𧫞
𧫟
𧫠
𧫡
𧫢
𧫣
𧫤
𧫥
𧫦
𧫧
𧫨
𧫩
𧫪
𧫫
𧫬
𧫭
𧫮
𧫯
𧫰
𧫱
𧫲
𧫳
𧫴
𧫵
𧫶
𧫷
𧫸
𧫹
𧫺
𧫻
𧫼
𧫽
𧫾
𧫿
𧬀
𧬁
𧬂
𧬃
𧬄
𧬅
𧬆
𧬇
𧬈
𧬉
𧬊
𧬋
𧬌
𧬍
𧬎
𧬏
𧬐
𧬑
𧬒
𧬓
𧬔
𧬕
𧬖
𧬗
𧬘
𧬙
𧬚
𧬛
𧬜
𧬝
𧬞
𧬟
𧬠
𧬡
𧬢
𧬣
𧬤
𧬥
𧬦
𧬧
𧬨
𧬩
𧬪
𧬫
𧬬
𧬭
𧬮
𧬯
𧬰
𧬱
𧬲
𧬳
𧬴
𧬵
𧬶
𧬷
𧬸
𧬹
𧬺
𧬻
𧬼
𧬽
𧬾
𧬿
𧭀
𧭁
𧭂
𧭃
𧭄
𧭅
𧭆
𧭇
𧭈
𧭉
𧭊
𧭋
𧭌
𧭍
𧭎
𧭏
𧭐
𧭑
𧭒
𧭓
𧭔
𧭕
𧭖
𧭗
𧭘
𧭙
𧭚
𧭛
𧭜
𧭝
𧭞
𧭟
𧭠
𧭡
𧭢
𧭣
𧭤
𧭥
𧭦
𧭧
𧭨
𧭩
𧭪
𧭫
𧭬
𧭭
𧭮
𧭯
𧭰
𧭱
𧭲
𧭳
𧭴
𧭵
𧭶
𧭷
𧭸
𧭹
𧭺
𧭻
𧭼
𧭽
𧭾
𧭿
𧮀
𧮁
𧮂
𧮃
𧮄
𧮅
𧮆
𧮇
𧮈
𧮉
𧮊
𧮋
𧮌
𧮍
𧮎
𧮏
𧮐
𧮑
𧮒
𧮓
𧮔
𧮕
𧮖
𧮗
𧮘
𧮙
𧮚
𧮛
𧮜
𧮝
𧮞
𧮟
𧮠
𧮡
𧮢
𧮣
𧮤
𧮦
𧮧
𧮨
𧮩
𧮪
𫌲
𫌳
𫌴
𫌵
𫌶
𫌷
𫌸
𫌹
𫌺
𫌻
𫌼
𫌽
𫌾
𫌿
𫍀
𫍁
𫍂
𫍃
𫍄
𫍅
𫍆
𫍇
𫍈
𫍉
𫍊
𫍋
𫍌
𫍍
𫍎
𫍏
𫍐
𫍑
𫍒
𫍓
𫍔
𫍕
𫍖
𫍗
𫍘
𫍙
𫍚
𫍛
𫍜
𫍝
𫍞
𫍟
𫍠
𫍡
𫍢
𫍣
𫍤
𫍥
𫍦
𫍧
𫍨
𫍩
𫍪
𫍫
𫍬
𫍭
𫍮
𫍯
𫍰
𫍱
𫍲
𫍳
𫍴
𫍵
𫍶
𫍷
𫍸
𫍹
𫍺
𫍻
𫍼
𫍽
𫍾
𫍿
𫟝
𫟞
𫟟
𫟠
𫟡
𫟢
𬢚
𬢛
𬢜
𬢝
𬢞
𬢟
𬢠
𬢡
𬢢
𬢣
𬢤
𬢥
𬢦
𬢧
𬢨
𬢩
𬢪
𬢫
𬢬
𬢭
𬢮
𬢯
𬢰
𬢱
𬢲
𬢳
𬢴
𬢵
𬢶
𬢷
𬢸
𬢹
𬢺
𬢻
𬢼
𬢽
𬢾
𬢿
𬣀
𬣁
𬣂
𬣃
𬣄
𬣅
𬣆
𬣇
𬣈
𬣉
𬣊
𬣋
𬣌
𬣍
𬣎
𬣏
𬣐
𬣑
𬣒
𬣓
𬣔
𬣕
𬣖
𬣗
𬣘
𬣙
𬣚
𬣛
𬣜
𬣝
𬣞
𬣟
𬣠
𬣡
𬣢
𬣣
𬣤
𬣥
𬣦
𬣧
𬣨
𬣩
𬣪
𬣫
𬣬
𬣭
𬣮
𬣯
𬣰
𬣱
𬣲
𬣳
𬣴
𬣵
𬣶
𬣷
𬣸
𬣹
𬣺
𬣻
𬣼
𬣽
𬣾
𬣿
𬤀
𬤁
𬤂
𬤃
𬤄
𬤅
𬤆
𬤇
𬤈
𬤉
𬤊
𬤋
𬤌
𬤍
𬤎
𬤏
𬤐
𬤑
𬤒
𬤓
𬤔
𬤕
𬤖
𬤗
𬤘
𬤙
𬤚
𬤛
𬤜
𬤝
𬤞
𬤟
𬤠
𬤡
𬤢
𬤣
𬤤
𬤥
𬤦
𬤧
𬤨
𬤩
𬤪
𬤫
𬤬
𬤭
𬤮
𬤯
𬤰
𬤱
𮗷
𮗸
𮗹
𮗺
𮗻
𮗼
𮗽
𮗾
𮗿
𮘀
𮘁
𮘂
𮘃
𮘄
𮘅
𮘆
𮘇
𮘈
𮘉
𮘊
𮘋
𮘌
𮘍
𮘎
𮘏
𮘐
𮘑
𮘒
𮘓
𮘔
𮘕
𮘖
𮘗
𮘘
𮘙
𮘚
𮘛
𮘜
𮘝
𮘞
𮘟
𮘠
𮘡
𮘢
𮘣
𮘤
𮘥
𮘦
𮘧
𮘨
𮘩
𮘪
𮘫
𮘬
𮘭
𮘮
𮘯
𮘰
𮘱
𮘲
𮘳
𮘴
𮘵
𮘶
𮘷
𮘸
𮘹
𮘺
𮘻
𮘼
𮘽
𮘾
𮘿
𮙀
𮙁
𮙂
𮙃
𮙄
𮙅
𮙆
𮙇
𮙈
𮙉
𮙊
𮙋
𮷅
𮷆
𮷇
𮷈
𮷉
𮷊
𧥦
䚾
䛇
誠
諭
變
𰴧
𰴨
𰴩
𰴪
𰴫
𰴬
𰴭
𰴮
𰴯
𰴰
𰴱
𰴲
𰴳
𰴴
𰴵
𰴶
𰴷
𰴸
𰴹
𰴺
𰴻
𰴼
𰴽
𰴾
𰴿
𰵀
𰵁
𰵂
𰵃
𰵄
𰵅
𰵆
𰵇
𰵈
𰵉
𰵊
𰵋
𰵌
𰵍
𰵎
𰵏
𰵐
𰵑
𰵒
𰵓
𰵔
𰵕
𰵖
𰵗
𰵘
𰵙
𰵚
𰵛
𰵜
𰵝
𰵞
𰵟
𰵠
𰵡
𰵢
𰵣
𰵤
𰵥
𰵦
𰵧
𰵨
𰵩
𰵪
𰵫
𰵬
𰵭
𰵮
𰵯
𰵰
𰵱
𰵲
𰵳
𰵴
𰵵
𰵶
𰵷
𰵸
𰵹
𰵺
𰵻
𰵼
𰵽
𰵾
𰵿
𰶀
𰶁
𰶂
𰶃
𰶄
𰶅
𰶆
𰶇
𰶈
𰶉
𰶊
𰶋
𰶌
𰶍
𰶎
𰶏
𲁡
𲁢
𲁣
𲁤
𲁥
𲁦
𲁧
𲁨
𲁩
𲁪
𲁫
𲁬
𲁭
𲁮
𲁯
𲁰
𲁱
𲁲
𲁳
𲁴
𲁵
𲁶
𲁷
𲁸
𲁹
𲁺
𲁻
𲁼
𲁽
𲁾
𲁿
𲂀
𲂁
𲂂
𲂃
𲂄
𲂅
𲂆
𲂇
𲂈
𲂉
𲂊
𲂋
𲂌
𲂍
𲂎
𲂏
𲂐
𲂑
𲂒
𲂓
𲂔
𲂕
𲂖
𲂗