㐰
㐱
㐲
㐳
㐴
㐵
㐶
㐷
㐸
㐹
㐺
㐻
㐼
㐽
㐾
㐿
㑀
㑁
㑂
㑃
㑄
㑅
㑆
㑇
㑈
㑉
㑊
㑋
㑌
㑍
㑎
㑏
㑐
㑑
㑒
㑓
㑔
㑕
㑖
㑗
㑘
㑙
㑚
㑛
㑜
㑝
㑞
㑟
㑠
㑡
㑢
㑣
㑤
㑥
㑦
㑧
㑨
㑩
㑪
㑫
㑬
㑭
㑮
㑯
㑰
㑱
㑲
㑳
㑴
㑵
㑶
㑷
㑸
㑹
㑺
㑻
㑼
㑽
㑾
㑿
㒀
㒁
㒂
㒃
㒄
㒅
㒆
㒇
㒈
㒉
㒊
㒋
㒌
㒍
㒎
㒏
㒐
㒑
㒒
㒓
㒔
㒕
㒖
㒗
㒘
㒙
㒚
㒛
㒜
㒝
㒞
㒟
㒠
㒡
㒢
㒣
㒤
㒥
㒦
㒧
㒨
㒩
㒪
亻
亼
亽
亾
亿
仃
仅
仈
仉
仌
仐
仑
仒
仓
仚
仛
仜
仝
仠
仡
仢
仦
仧
仨
仩
仪
仫
们
仯
仱
仳
仴
仵
仸
仹
仺
仼
份
仾
仿
伀
伂
伃
伄
伅
伆
伇
伈
伋
伌
伒
伓
伔
伕
伖
众
优
伙
伛
伞
伟
传
伡
伢
伣
伤
伥
伦
伧
伨
伩
伪
伫
伬
伭
伮
伱
伲
伳
伵
伷
伹
伻
伾
伿
佀
佁
佂
佄
佅
佈
佉
佊
佋
佌
佒
佔
佖
佘
佟
你
佡
佢
佣
佤
佥
佦
佧
佨
佪
佫
佬
佭
佮
佱
佲
佴
佷
佸
佹
佺
佽
佾
侀
侁
侂
侄
侅
侇
侉
侊
侌
侎
侐
侒
侓
侔
侕
侗
侙
侚
侜
侞
侟
侢
侣
侤
侥
侦
侧
侨
侩
侪
侬
侰
侱
侲
侳
侴
侷
侸
侹
侺
侻
侼
侽
侾
俀
俁
俅
俆
俇
俈
俉
俋
俌
俍
俏
俒
俓
俕
俖
俙
俜
俞
俠
俢
俦
俧
俨
俩
俪
俫
俬
俭
俰
俱
俲
俴
俷
俹
俻
俼
俽
俿
倀
倁
倂
倃
倄
倇
倈
倊
倌
倎
倐
倓
倕
倗
倘
倛
倜
倝
倞
倠
倢
倧
倮
倯
倰
倱
倲
倳
倴
倵
倷
倸
债
倻
值
倽
倾
倿
偀
偁
偂
偄
偅
偆
偊
偋
偌
偍
偎
偑
偒
偓
偔
偗
偘
偙
偛
偝
偞
偟
偠
偡
偢
偣
偤
偦
偧
偨
偩
偪
偫
偭
偮
偯
偰
偱
偳
偷
偹
偺
偻
偼
偾
偿
傁
傂
傃
傄
傆
傇
傈
傉
傊
傋
傌
傎
傏
傐
傒
傓
傔
傕
傖
傗
傛
傜
傝
傞
傟
傠
傡
傢
傣
傤
傥
傦
傧
储
傩
傪
傫
傮
傯
傰
傱
傶
傸
傹
傺
傻
傼
傽
傿
僀
僁
僃
僄
僆
僇
僈
僋
僌
僎
僐
僒
僓
僔
僗
僘
僙
僛
僜
僝
僟
僠
僡
僢
僤
僦
僨
僩
僪
僫
僬
僯
僰
僱
僲
僳
僴
僶
僷
僸
僺
僼
僽
僾
僿
儃
儅
儆
儇
儈
儊
儋
儌
儍
儎
儏
儐
儑
儓
儗
儙
儛
儜
儝
儞
儠
儢
儣
儤
儥
儦
儧
儨
儩
儫
儬
儭
儮
儯
儰
儱
儳
儴
儵
儶
儸
儹
儽
儾
鿇
鿘
鿙
鿚
來
便
令
例
僚
倫
什
侮
僧
侀
𠆢
𠆣
𠆤
𠆥
𠆦
𠆧
𠆨
𠆩
𠆪
𠆫
𠆬
𠆭
𠆯
𠆰
𠆳
𠆴
𠆵
𠆶
𠆷
𠆸
𠆹
𠆺
𠆻
𠆼
𠆽
𠆾
𠆿
𠇀
𠇁
𠇂
𠇃
𠇄
𠇅
𠇆
𠇇
𠇈
𠇉
𠇊
𠇋
𠇌
𠇍
𠇎
𠇏
𠇐
𠇑
𠇓
𠇔
𠇕
𠇖
𠇗
𠇘
𠇙
𠇚
𠇛
𠇜
𠇝
𠇞
𠇟
𠇠
𠇡
𠇢
𠇣
𠇤
𠇥
𠇦
𠇧
𠇨
𠇩
𠇪
𠇫
𠇬
𠇭
𠇮
𠇯
𠇰
𠇱
𠇲
𠇳
𠇴
𠇵
𠇶
𠇷
𠇸
𠇹
𠇺
𠇻
𠇼
𠇽
𠇾
𠇿
𠈀
𠈁
𠈃
𠈄
𠈅
𠈆
𠈇
𠈈
𠈉
𠈊
𠈋
𠈌
𠈍
𠈎
𠈏
𠈐
𠈑
𠈒
𠈓
𠈔
𠈕
𠈖
𠈗
𠈘
𠈙
𠈚
𠈛
𠈜
𠈝
𠈞
𠈟
𠈠
𠈡
𠈢
𠈣
𠈥
𠈦
𠈧
𠈨
𠈩
𠈪
𠈫
𠈬
𠈭
𠈮
𠈯
𠈰
𠈱
𠈲
𠈳
𠈴
𠈵
𠈶
𠈷
𠈸
𠈹
𠈺
𠈻
𠈼
𠈽
𠈾
𠈿
𠉀
𠉁
𠉂
𠉃
𠉄
𠉅
𠉆
𠉇
𠉈
𠉉
𠉊
𠉋
𠉌
𠉍
𠉎
𠉏
𠉐
𠉑
𠉒
𠉓
𠉔
𠉕
𠉖
𠉗
𠉘
𠉙
𠉚
𠉛
𠉜
𠉝
𠉞
𠉟
𠉠
𠉡
𠉢
𠉣
𠉤
𠉥
𠉦
𠉧
𠉨
𠉩
𠉪
𠉫
𠉬
𠉭
𠉮
𠉯
𠉰
𠉱
𠉲
𠉳
𠉴
𠉵
𠉶
𠉷
𠉸
𠉹
𠉺
𠉻
𠉼
𠉽
𠉾
𠉿
𠊀
𠊁
𠊂
𠊃
𠊄
𠊅
𠊆
𠊇
𠊈
𠊉
𠊊
𠊋
𠊌
𠊍
𠊎
𠊏
𠊐
𠊑
𠊒
𠊓
𠊔
𠊕
𠊖
𠊗
𠊘
𠊙
𠊚
𠊛
𠊜
𠊝
𠊞
𠊟
𠊠
𠊡
𠊢
𠊣
𠊤
𠊥
𠊦
𠊧
𠊨
𠊩
𠊪
𠊫
𠊬
𠊭
𠊮
𠊯
𠊰
𠊱
𠊲
𠊳
𠊴
𠊵
𠊶
𠊷
𠊸
𠊹
𠊺
𠊻
𠊼
𠊽
𠊾
𠊿
𠋀
𠋁
𠋂
𠋃
𠋄
𠋅
𠋆
𠋇
𠋈
𠋉
𠋊
𠋋
𠋌
𠋍
𠋎
𠋏
𠋐
𠋒
𠋓
𠋔
𠋕
𠋖
𠋗
𠋘
𠋙
𠋚
𠋛
𠋜
𠋝
𠋞
𠋟
𠋠
𠋡
𠋢
𠋣
𠋤
𠋥
𠋦
𠋧
𠋨
𠋩
𠋪
𠋫
𠋬
𠋭
𠋮
𠋯
𠋰
𠋱
𠋲
𠋳
𠋴
𠋵
𠋶
𠋷
𠋸
𠋹
𠋺
𠋻
𠋼
𠋽
𠋾
𠋿
𠌀
𠌁
𠌂
𠌃
𠌄
𠌅
𠌇
𠌈
𠌉
𠌊
𠌋
𠌌
𠌍
𠌎
𠌏
𠌐
𠌑
𠌒
𠌓
𠌔
𠌕
𠌖
𠌗
𠌘
𠌙
𠌚
𠌛
𠌜
𠌝
𠌠
𠌡
𠌢
𠌣
𠌤
𠌥
𠌦
𠌧
𠌨
𠌩
𠌫
𠌬
𠌭
𠌮
𠌯
𠌰
𠌱
𠌲
𠌳
𠌴
𠌵
𠌶
𠌷
𠌸
𠌹
𠌺
𠌻
𠌼
𠌽
𠌾
𠌿
𠍀
𠍁
𠍂
𠍃
𠍄
𠍅
𠍆
𠍇
𠍈
𠍉
𠍊
𠍋
𠍌
𠍍
𠍎
𠍏
𠍐
𠍑
𠍒
𠍓
𠍔
𠍕
𠍖
𠍗
𠍘
𠍙
𠍚
𠍛
𠍜
𠍝
𠍞
𠍟
𠍠
𠍡
𠍣
𠍤
𠍥
𠍦
𠍧
𠍨
𠍩
𠍪
𠍫
𠍬
𠍭
𠍮
𠍯
𠍰
𠍱
𠍲
𠍳
𠍴
𠍵
𠍶
𠍷
𠍸
𠍹
𠍺
𠍻
𠍼
𠍽
𠍾
𠍿
𠎀
𠎁
𠎂
𠎃
𠎄
𠎅
𠎆
𠎇
𠎈
𠎉
𠎊
𠎋
𠎌
𠎍
𠎎
𠎏
𠎐
𠎑
𠎒
𠎓
𠎔
𠎕
𠎖
𠎗
𠎙
𠎚
𠎝
𠎞
𠎟
𠎠
𠎡
𠎢
𠎣
𠎤
𠎥
𠎦
𠎧
𠎨
𠎩
𠎪
𠎫
𠎬
𠎭
𠎮
𠎯
𠎰
𠎱
𠎲
𠎳
𠎴
𠎵
𠎷
𠎸
𠎹
𠎺
𠎻
𠎼
𠎽
𠎾
𠎿
𠏀
𠏁
𠏂
𠏃
𠏄
𠏅
𠏆
𠏇
𠏈
𠏉
𠏊
𠏋
𠏌
𠏍
𠏎
𠏏
𠏐
𠏑
𠏒
𠏔
𠏕
𠏖
𠏗
𠏘
𠏙
𠏚
𠏛
𠏜
𠏝
𠏞
𠏟
𠏠
𠏡
𠏢
𠏣
𠏤
𠏥
𠏦
𠏨
𠏩
𠏪
𠏫
𠏬
𠏭
𠏮
𠏯
𠏰
𠏱
𠏲
𠏳
𠏴
𠏵
𠏶
𠏷
𠏸
𠏹
𠏺
𠏻
𠏼
𠏽
𠏾
𠏿
𠐀
𠐁
𠐂
𠐃
𠐄
𠐅
𠐆
𠐇
𠐈
𠐉
𠐊
𠐋
𠐌
𠐍
𠐎
𠐏
𠐐
𠐑
𠐒
𠐓
𠐔
𠐕
𠐖
𠐗
𠐘
𠐙
𠐚
𠐛
𠐝
𠐞
𠐟
𠐠
𠐡
𠐢
𠐣
𠐤
𠐥
𠐦
𠐧
𠐨
𠐩
𠐪
𠐫
𠐬
𠐭
𠐮
𠐯
𠐰
𠐱
𠐲
𠐳
𠐴
𠐵
𠐶
𠐷
𠐸
𠐹
𠐺
𠐻
𠐼
𠐽
𠐾
𠐿
𠑀
𠑁
𠑃
𠑄
𠑅
𠑆
𠑇
𠑈
𠑉
𠑊
𠑋
𠑌
𠑍
𠑎
𠑏
𠑐
𠑑
𠑒
𠑓
𠑔
𠑕
𠑖
𠑗
𠑘
𠑙
𠑚
𠑛
𠑜
𠑝
𠑞
𠑟
𠑠
𠑡
𠑢
𠑣
𠑤
𠑥
𠑦
𠑧
𠑨
𠑩
𠑪
𠑫
𠑬
𠑭
𠑮
𠑯
𠑰
𠑲
𠑳
𠑵
𪜧
𪜨
𪜩
𪜪
𪜫
𪜬
𪜭
𪜮
𪜯
𪜰
𪜱
𪜲
𪜳
𪜴
𪜵
𪜶
𪜷
𪜸
𪜹
𪜺
𪜻
𪜼
𪜽
𪜾
𪜿
𪝀
𪝁
𪝂
𪝃
𪝄
𪝅
𪝆
𪝇
𪝈
𪝉
𪝊
𪝋
𪝌
𪝍
𪝎
𪝏
𪝐
𪝑
𪝒
𪝓
𪝔
𪝕
𪝖
𪝗
𪝘
𪝙
𪝚
𪝛
𪝜
𪝝
𪝞
𪝟
𪝠
𪝡
𪝢
𪝣
𪝤
𪝥
𪝦
𪝧
𪝨
𪝩
𪝪
𪝫
𪝬
𪝭
𪝮
𪝯
𪝰
𪝱
𪝲
𪝳
𪝴
𪝵
𪝶
𪝷
𪝸
𪝹
𪝺
𪝻
𪝼
𪝽
𪝾
𫝆
𫝇
𫝈
𫝉
𫝊
𫝋
𫢅
𫢆
𫢇
𫢈
𫢉
𫢊
𫢋
𫢌
𫢍
𫢎
𫢏
𫢐
𫢑
𫢒
𫢓
𫢔
𫢕
𫢖
𫢗
𫢘
𫢙
𫢚
𫢛
𫢜
𫢝
𫢞
𫢟
𫢠
𫢡
𫢢
𫢣
𫢤
𫢥
𫢦
𫢧
𫢨
𫢩
𫢪
𫢫
𫢬
𫢭
𫢮
𫢯
𫢰
𫢱
𫢲
𫢳
𫢴
𫢵
𫢶
𫢷
𫢸
𫢹
𫢺
𫢻
𫢼
𫢽
𫢾
𫢿
𫣀
𫣁
𫣂
𫣃
𫣄
𫣅
𫣆
𫣇
𫣈
𫣉
𫣊
𫣋
𫣌
𫣍
𫣎
𫣏
𫣐
𫣑
𫣒
𫣓
𫣔
𫣕
𫣖
𫣗
𫣘
𫣛
𫣜
𫣝
𫣞
𫣟
𫣠
𫣡
𫣢
𫣣
𫣤
𫣥
𫣦
𫣧
𫣨
𫣩
𫣪
𫣫
𫣬
𫣭
𫣮
𫣯
𫣰
𫣱
𫣲
𫣳
𫣴
𫣵
𫣶
𫣷
𫣸
𫣹
𫣺
𫣻
𫣼
𫣽
𫣾
𫣿
𫤀
𫤁
𫤂
𫤃
𫤄
𫤅
𫤆
𫤇
𫤈
𫤉
𫤊
𫤋
𫤌
𫤍
𫤎
𫤏
𫤐
𫤑
𫤒
𫤓
𫤔
𫤕
𫤖
𬽡
𬽢
𬽣
𬽤
𬽥
𬽦
𬽧
𬽨
𬽩
𬽪
𬽫
𬽬
𬽭
𬽮
𬽯
𬽰
𬽱
𬽲
𬽳
𬽴
𬽵
𬽶
𬽷
𬽸
𬽹
𬽺
𬽻
𬽼
𬽽
𬽾
𬽿
𬾀
𬾁
𬾂
𬾃
𬾄
𬾅
𬾆
𬾇
𬾈
𬾉
𬾊
𬾋
𬾌
𬾍
𬾎
𬾏
𬾐
𬾑
𬾒
𬾓
𬾔
𬾕
𬾖
𬾗
𬾘
𬾙
𬾚
𬾛
𬾜
𬾝
𬾞
𬾟
𬾠
𬾡
𬾢
𬾣
𬾤
𬾥
𬾦
𬾧
𬾨
𬾩
𬾪
𬾫
𬾬
𬾭
𬾮
𬾯
𬾰
𬾱
𬾲
𬾳
𬾴
𬾵
𬾶
𬾷
𬾸
𬾹
𬾺
𬾻
𬾼
𬾽
𬾾
𬾿
𬿀
𬿁
𬿂
𬿃
𬿄
𬿅
𬿆
𬿇
𬿈
𬿉
𬿊
𬿋
𬿌
𬿍
𬿎
𬿏
𬿐
𬿑
𬿒
𬿓
𬿔
𬿕
𬿖
𬿗
𬿘
𬿙
𬿚
𬿛
𬿜
𬿝
𬿞
𬿟
𬿠
𬿡
𬿢
𬿣
𬿤
𬿥
𬿦
𬿧
𬿨
𬿩
𬿪
𬿫
𬿬
𬿭
𬿮
𬿯
𬿰
𬿱
𬿲
𬿳
𬿴
𬿵
𬿶
𬿷
𬿸
𬿹
𬿺
𬿻
𬿼
𬿽
𬿾
𬿿
𭀀
𭀁
𭀂
𭀃
𭀄
𭀅
𭀆
𭀇
𭀈
𭀉
𭀊
𭀋
𭀌
𭀍
𭀎
𭀏
𭀐
𭀑
𭀒
𭀓
𭀔
𭀕
𮯴
𮯵
𮯶
𮯷
𮯸
𮯹
𮯺
𮯻
𮯼
𮯽
𮯾
𮯿
𮰀
𮰁
𮰂
你
侮
侻
倂
偺
備
僧
像
㒞
仌
𰁡
𰁢
𰁣
𰁤
𰁥
𰁦
𰁧
𰁨
𰁩
𰁪
𰁫
𰁬
𰁭
𰁮
𰁯
𰁰
𰁱
𰁲
𰁳
𰁴
𰁵
𰁶
𰁷
𰁸
𰁹
𰁺
𰁻
𰁼
𰁽
𰁾
𰁿
𰂀
𰂁
𰂂
𰂃
𰂄
𰂅
𰂆
𰂇
𰂈
𰂉
𰂊
𰂋
𰂌
𰂍
𰂎
𰂏
𰂐
𰂑
𰂒
𰂓
𰂔
𰂕
𰂖
𰂗
𰂘
𰂙
𰂚
𰂛
𰂜
𰂝
𰂞
𰂟
𰂠
𰂡
𰂢
𰂣
𰂤
𰂥
𰂦
𰂧
𰂨
𰂩
𰂪
𰂫
𰂬
𰂭
𰂮
𰂯
𰂰
𰂱
𰂲
𰂳
𰂴
𰂵
𰂶
𰂷
𰂸
𰂹
𰂺
𰂻
𰂼
𰂽
𰂾
𰂿
𰃀
𰃁
𰃂
𰃃
𰃄
𰃅
𰃆
𰃇
𰃈
𰃉
𱎚
𱎛
𱎜
𱎝
𱎞
𱎟
𱎠
𱎡
𱎢
𱎣
𱎤
𱎥
𱎦
𱎧
𱎨
𱎩
𱎪
𱎫
𱎬
𱎭
𱎮
𱎯
𱎰
𱎱
𱎲
𱎳
𱎴
𱎵
𱎶
𱎷
𱎸
𱎹
𱎺
𱎻
𱎼
𱎽
𱎾
𱎿
𱏀
𱏁
𱏂
𱏃
𱏄
𱏅
𱏆
𱏇
𱏈
𱏉
𱏊
𱏋
𱏌
𱏍
𱏎
𱏏
𱏐
𱏑
𱏒
𱏓
𱏔
𱏕
𱏖
𱏗
𱏘
𱏙
𱏚
𱏛
𱏜
𱏝
𱏞
𱏟
𱏠
𱏡
𱏢
𱏣