䭴
䭵
䭶
䭷
䭸
䭹
䭺
䭻
䭼
䭽
䭾
䭿
䮀
䮁
䮂
䮃
䮄
䮅
䮆
䮇
䮈
䮉
䮊
䮋
䮌
䮍
䮎
䮏
䮐
䮑
䮒
䮓
䮔
䮕
䮖
䮗
䮘
䮙
䮚
䮛
䮜
䮝
䮞
䮟
䮠
䮡
䮢
䮣
䮤
䮥
䮦
䮧
䮨
䮩
䮪
䮫
䮬
䮭
䮮
䮯
䮰
䮱
䮲
䮳
䮴
䮵
䮶
䮷
䮸
䮹
䮺
䮻
䮼
䮽
䮾
䮿
䯀
䯁
䯂
䯃
䯄
䯅
饟
馯
馰
馱
馲
馵
馶
馷
馸
馹
馺
馻
馽
馾
馿
駀
駂
駃
駇
駉
駊
駋
駌
駍
駎
駏
駓
駔
駖
駗
駙
駚
駜
駞
駠
駡
駣
駤
駥
駦
駧
駨
駩
駪
駫
駬
駯
駰
駳
駴
駵
駶
駷
駹
駺
駼
駽
駾
騀
騂
騃
騄
騆
騇
騈
騉
騊
騋
騌
騍
騐
騑
騔
騕
騖
騗
騘
騚
騛
騜
騝
騞
騟
騠
騡
騢
騣
騤
騥
騦
騧
騩
騪
騬
騭
騮
騯
騱
騲
騳
騴
騵
騶
騸
騹
騺
騻
騼
騽
騿
驁
驄
驆
驇
驈
驉
驊
驋
驌
驎
驏
驐
驑
驒
驓
驔
驖
驘
驙
驜
驝
驞
驠
驡
驣
驦
驧
驨
马
驭
驮
驯
驰
驱
驲
驳
驴
驵
驶
驷
驸
驹
驺
驻
驼
驽
驾
驿
骀
骁
骂
骃
骄
骅
骆
骇
骈
骉
骊
骋
验
骍
骎
骏
骐
骑
骒
骓
骔
骕
骖
骗
骘
骙
骚
骛
骜
骝
骞
骟
骠
骡
骢
骣
骤
骥
骦
骧
龭
龮
駱
驪
𩡧
𩡨
𩡩
𩡪
𩡫
𩡬
𩡭
𩡮
𩡯
𩡰
𩡱
𩡲
𩡳
𩡴
𩡵
𩡶
𩡷
𩡸
𩡹
𩡺
𩡻
𩡼
𩡽
𩡾
𩡿
𩢀
𩢁
𩢂
𩢃
𩢄
𩢅
𩢆
𩢇
𩢈
𩢉
𩢊
𩢋
𩢌
𩢍
𩢎
𩢏
𩢐
𩢑
𩢒
𩢓
𩢔
𩢕
𩢖
𩢗
𩢘
𩢙
𩢚
𩢛
𩢜
𩢝
𩢞
𩢟
𩢠
𩢡
𩢢
𩢣
𩢤
𩢥
𩢦
𩢧
𩢨
𩢩
𩢪
𩢫
𩢬
𩢭
𩢮
𩢯
𩢰
𩢱
𩢲
𩢳
𩢴
𩢵
𩢶
𩢷
𩢸
𩢹
𩢺
𩢻
𩢼
𩢽
𩢾
𩢿
𩣀
𩣁
𩣂
𩣃
𩣄
𩣅
𩣆
𩣇
𩣈
𩣉
𩣊
𩣋
𩣌
𩣍
𩣎
𩣏
𩣐
𩣑
𩣒
𩣓
𩣔
𩣕
𩣖
𩣗
𩣘
𩣙
𩣚
𩣛
𩣜
𩣝
𩣞
𩣟
𩣠
𩣡
𩣢
𩣣
𩣤
𩣥
𩣦
𩣧
𩣨
𩣩
𩣪
𩣫
𩣬
𩣭
𩣮
𩣯
𩣰
𩣱
𩣲
𩣳
𩣴
𩣵
𩣶
𩣷
𩣸
𩣹
𩣺
𩣻
𩣼
𩣽
𩣾
𩣿
𩤀
𩤁
𩤂
𩤃
𩤄
𩤅
𩤆
𩤇
𩤈
𩤉
𩤊
𩤋
𩤌
𩤍
𩤎
𩤏
𩤐
𩤑
𩤒
𩤓
𩤔
𩤕
𩤖
𩤗
𩤘
𩤙
𩤚
𩤛
𩤜
𩤝
𩤞
𩤟
𩤠
𩤡
𩤢
𩤣
𩤤
𩤥
𩤦
𩤧
𩤨
𩤩
𩤪
𩤫
𩤬
𩤭
𩤮
𩤯
𩤰
𩤱
𩤲
𩤳
𩤴
𩤵
𩤶
𩤷
𩤸
𩤹
𩤺
𩤻
𩤼
𩤽
𩤾
𩤿
𩥀
𩥁
𩥂
𩥃
𩥄
𩥅
𩥆
𩥇
𩥈
𩥉
𩥊
𩥋
𩥌
𩥍
𩥎
𩥏
𩥐
𩥑
𩥒
𩥓
𩥔
𩥕
𩥖
𩥗
𩥘
𩥙
𩥚
𩥛
𩥜
𩥝
𩥞
𩥟
𩥠
𩥡
𩥢
𩥣
𩥤
𩥥
𩥦
𩥧
𩥨
𩥩
𩥪
𩥫
𩥬
𩥭
𩥮
𩥯
𩥰
𩥱
𩥲
𩥳
𩥴
𩥵
𩥶
𩥷
𩥸
𩥹
𩥺
𩥻
𩥼
𩥽
𩥾
𩥿
𩦀
𩦁
𩦂
𩦃
𩦄
𩦅
𩦆
𩦇
𩦈
𩦉
𩦊
𩦋
𩦌
𩦍
𩦎
𩦏
𩦐
𩦑
𩦒
𩦓
𩦔
𩦕
𩦖
𩦗
𩦘
𩦙
𩦚
𩦛
𩦜
𩦝
𩦞
𩦟
𩦠
𩦡
𩦢
𩦣
𩦤
𩦥
𩦦
𩦧
𩦨
𩦩
𩦪
𩦫
𩦬
𩦭
𩦮
𩦯
𩦰
𩦱
𩦲
𩦳
𩦴
𩦵
𩦶
𩦷
𩦸
𩦹
𩦺
𩦻
𩦼
𩦽
𩦾
𩦿
𩧀
𩧁
𩧂
𩧃
𩧄
𩧅
𩧆
𩧇
𩧈
𩧉
𩧊
𩧋
𩧌
𩧍
𩧎
𩧏
𩧐
𩧑
𩧒
𩧓
𩧔
𩧕
𩧖
𩧗
𩧘
𩧙
𩧚
𩧛
𩧜
𩧝
𩧞
𩧟
𩧠
𩧡
𩧢
𩧣
𩧤
𩧥
𩧦
𩧧
𩧨
𩧩
𩧪
𩧫
𩧬
𩧭
𩧮
𩧯
𩧰
𩧱
𩧲
𩧳
𩧴
𩧵
𩧶
𩧷
𩧸
𩧹
𩧺
𩧻
𩧼
𩧽
𩧾
𩧿
𩨀
𩨁
𩨂
𩨃
𩨄
𩨅
𩨆
𩨇
𩨈
𩨉
𩨊
𩨋
𩨌
𩨍
𩨎
𩨏
𩨐
𫘅
𫘆
𫘇
𫘈
𫘉
𫘊
𫘋
𫘌
𫘍
𫘎
𫘏
𫘐
𫘑
𫘒
𫘓
𫘔
𫘕
𫘖
𫘗
𫘘
𫘙
𫘚
𫘛
𫘜
𫘝
𫘞
𫘟
𫘠
𫘡
𫘢
𫘣
𫘤
𫘥
𫘦
𫘧
𫘨
𫘩
𫘪
𫘫
𫘬
𫘭
𫘮
𫘯
𫘰
𫘱
𫠉
𫠊
𫠋
𫠌
𬳨
𬳩
𬳪
𬳫
𬳬
𬳭
𬳮
𬳯
𬳰
𬳱
𬳲
𬳳
𬳴
𬳵
𬳶
𬳷
𬳸
𬳹
𬳺
𬳻
𬳼
𬳽
𬳾
𬳿
𬴀
𬴁
𬴂
𬴃
𬴄
𬴅
𬴆
𬴇
𬴈
𬴉
𬴊
𬴋
𬴌
𬴍
𬴎
𬴏
𬴐
𮩲
𮩳
𮩴
𮩵
𮩶
𮩷
𮩸
𮩹
𮩺
𮩻
𮩼
𮩽
𮩾
𮩿
𮪀
𮪁
𮪂
𮪃
𮪄
𮪅
𮪆
𮪇
𮪈
𮪉
𮪊
𮪋
𮪌
𮪍
𮪎
𮪏
𮪐
𮪑
𮪒
𮪓
𮪔
𮪕
𮪖
𮪗
𮪘
𮪙
𮪚
𮪛
𮪜
𮪝
𮪞
𮪟
𮪠
𮪡
𮪢
𮪣
𮪤
𮪥
𮹁
𮹂
𮹃
𮹄
𮹅
𮹆
𮹇
𮹈
𮹉
𮹊
𮹋
𮹌
𮹍
𮹎
𮹏
𮹐
駂
駾
𱄑
𱄒
𱄓
𱄔
𱄕
𱄖
𱄗
𱄘
𱄙
𱄚
𱄛
𱄜
𱄝
𱄞
𱄟
𱄠
𱄡
𱄢
𱄣
𱄤
𱄥
𱄦
𱄧
𱄨
𱄩
𱄪
𱄫
𱄬
𱄭
𱄮
𱄯
𱄰
𱄱
𱄲
𱄳
𱄴
𱄵
𱄶
𱄷
𱄸
𱄹
𱄺
𱄻
𱄼
𱄽
𱄾
𱄿
𱅀
𱅁
𱅂
𱅃
𱅄
𱅅
𱅆
𱅇
𱅈
𱅉
𱅊
𱅋
𱅌
𱅍
𱅎
𱅏
𱅐
𱅑
𱅒
𱅓
𱅔
𱅕
𱅖
𱅗
𱅘
𱅙
𱅚
𱅛
𱅜
𱅝
𱅞
𱅟
𱅠
𱅡
𱅢
𱅣
𱅤
𱅥
𱅦
𱅧
𱅨
𱅩
𱅪
𱅫
𱅬
𲋳
𲋴
𲋵
𲋶
𲋷
𲋸
𲋹
𲋺
𲋻
𲋼
𲋽
𲋾
𲋿
𲌀
𲌁
𲌂
𲌃
𲌄
𲌅
𲌆
𲌇
𲌈
𲌉
𲌊
𲌋