㐀
㐌
㐍
㐎
㐏
㐰
㐱
㐲
㐳
㐴
㐵
㐶
㐷
㒰
㒱
㓚
㓜
㔓
㕤
㕥
㘝
㘞
㘦
㚈
㚎
㚢
㝊
㝋
㝳
㞋
㞤
㞥
㞦
㞧
㠲
㠳
㣔
㧃
㧄
㧅
㪳
㲹
㲺
㲼
䍏
䢳
䦹
䦺
䶷
业
丛
东
丝
乐
乧
亗
仛
仜
仝
仠
仢
仦
仧
仨
仩
仪
们
仺
兰
冎
冚
冮
冯
凥
凷
击
刉
刌
刍
务
劢
匃
匄
匛
匞
卌
卟
卢
卭
厇
厈
厉
厺
厼
叏
叐
发
另
叧
叹
叻
叼
叽
叾
囙
囜
圢
圤
圥
壭
处
夗
夯
夰
夳
头
宂
对
尔
尕
屳
屴
屵
屷
帄
帅
庀
庂
廵
归
忊
戋
戹
扏
扐
扔
曱
术
朰
氕
氹
氻
汃
汄
汅
汇
汈
汉
灭
玌
玍
甩
甴
电
纠
肊
艻
艼
芀
芁
节
讦
讧
讨
让
讪
讫
讬
训
议
讯
记
讱
轧
辸
边
辽
邔
邖
邘
邚
邜
邝
钅
闪
阠
阢
阣
阤
饤
饥
驭
鸟
龙
龱
龷
龸
句
北
令
立
充
𠀍
𠀎
𠀏
𠀐
𠀑
𠀒
𠀓
𠀔
𠀕
𠀖
𠀗
𠁤
𠁥
𠂀
𠂁
𠂔
𠂕
𠂖
𠂗
𠂘
𠂙
𠂚
𠂛
𠂜
𠂝
𠂞
𠂟
𠂠
𠂡
𠃞
𠃟
𠃠
𠃡
𠃢
𠃣
𠅂
𠆩
𠆪
𠆫
𠆬
𠆭
𠆮
𠆯
𠆰
𠆱
𠆲
𠆳
𠑷
𠑸
𠓟
𠔅
𠔆
𠕁
𠕂
𠕃
𠕄
𠕅
𠕆
𠕇
𠕈
𠕉
𠕊
𠕵
𠕶
𠕷
𠕸
𠖮
𠖯
𠖰
𠘱
𠘲
𠘳
𠘴
𠙹
𠙺
𠙻
𠙼
𠙽
𠚭
𠚮
𠚯
𠚰
𠚱
𠚲
𠚳
𠚴
𠚶
𠚻
𠠶
𠠷
𠠸
𠣍
𠣎
𠣏
𠣐
𠤐
𠥽
𠥾
𠦀
𠦁
𠧓
𠨑
𠨭
𠨮
𠨯
𠨰
𠨱
𠨲
𠨳
𠫙
𠫚
𠫛
𠫜
𠫝
𠬡
𠬢
𠬣
𠬤
𠬥
𠬦
𠬧
𠬨
𠮠
𠮡
𠮢
𠮣
𠮤
𠮥
𠮦
𠮧
𠮨
𠮩
𠮪
𡆣
𡆤
𡆥
𡆦
𡈿
𡉀
𡉁
𡉂
𡉃
𡉄
𡉅
𡉆
𡉇
𡔛
𡕓
𡕔
𡖄
𡖅
𡖆
𡗕
𡗖
𡗘
𡗙
𡗚
𡗛
𡚧
𡚨
𡚩
𡚪
𡚫
𡚬
𡚭
𡤾
𡤿
𡥀
𡥁
𡥂
𡦺
𡦻
𡦼
𡭗
𡭘
𡯄
𡯅
𡯆
𡯇
𡯈
𡯉
𡯊
𡰤
𡰥
𡰦
𡰧
𡰨
𡰴
𡳿
𡴰
𡴱
𡴲
𡴳
𡴴
𡴵
𡴶
𡴷
𡴸
𡴹
𡴺
𡴻
𡴼
𡴽
𢀖
𢀗
𢀘
𢀙
𢀴
𢀵
𢁒
𢁓
𢁔
𢆉
𢆲
𢆳
𢆴
𢆵
𢌘
𢌙
𢌚
𢌮
𢌯
𢎢
𢎣
𢎤
𢎥
𢎦
𢎧
𢎨
𢎩
𢎪
𢒀
𢒁
𢒂
𢒾
𢒿
𢖫
𢖬
𢖭
𢖮
𢖯
𢖰
𢖱
𢦌
𢦍
𢨤
𢨥
𢩨
𢩩
𢩪
𢩫
𢩬
𣄻
𣄼
𣄽
𣍝
𣎵
𣎶
𣎷
𣥃
𣥄
𣦷
𣱵
𣱶
𣱷
𣱸
𣱹
𣱺
𣱻
𣱼
𣱽
𣱾
𤆂
𤓱
𤕜
𤕫
𤕬
𤖨
𤘔
𤜛
𤜜
𤜝
𤜞
𤜟
𤜠
𤮺
𤯓
𤰒
𤴓
𥘆
𥜻
𥝌
𥤢
𦉪
𦉫
𦉭
𦍍
𦓐
𦘒
𦫳
𦫴
𦫵
𨈐
𨑍
𨑎
𨑏
𨑐
𨙫
𨙬
𨙭
𨙮
𨙯
𨙰
𨙱
𨙲
𨙳
𨙴
𨙵
𨸖
𨸗
𨸘
𨸙
𩰊
𩰋
𪛘
𪜐
𪜠
𪜡
𪞖
𪞶
𪠃
𪠲
𪢱
𪢲
𪥂
𪩲
𪪬
𪫝
𪭉
𪵖
𪵨
𪸍
𫍙
𫑗
𫔺
𫜸
𫝆
𫞕
𫟧
𫠢
𫠣
𫡐
𫡣
𫢉
𫢊
𫤿
𫥰
𫥱
𫧀
𫧁
𫨂
𫩐
𫩑
𫭂
𫭗
𫭘
𫰇
𫲡
𫵎
𫵱
𫵲
𫵳
𫵴
𫶽
𫶾
𫷥
𫸑
𫹋
𫹫
𫼓
𬂜
𬜠
𬣙
𬣚
𬨜
𬩳
𬮘
𬲥
𬲦
𬺺
𬺻
𬺼
𬺽
𬺾
𬻂
𬻲
𬼇
𬼈
𬼚
𬼜
𬽃
𬽣
𬽤
𬽥
𬽦
𬽧
𬽨
𭀙
𭀚
𭀛
𭀜
𭀝
𭀻
𭁄
𭁠
𭁳
𭂈
𭃅
𭃆
𭃇
𭄟
𭄠
𭅅
𭅕
𭆀
𭆦
𭆸
𭆹
𭍚
𭍺
𭐝
𭐟
𭑂
𭑧
𭑨
𭑩
𭑪
𭑫
𭒶
𭒷
𭒸
𭒹
𭕔
𭕾
𭖀
𭗺
𭙊
𭙍
𭙎
𭙏
𭚟
𭚠
𭚡
𭟮
𭟿
𭠎
𭤟
𭥋
𭩘
𭳿
𭷓
𭷸
𭺛
𭺜
𭼽
𭿵
𮉠
𮌇
𮍌
𮎛
𮤫
𮯱
𮯵
𮯶
𮯷
𮰆
𮰷
𮷌
冬
包
匆
北
叫
叱
切
𡚨
㠯
𰀈
𰀉
𰀊
𰀢
𰀬
𰀲
𰀳
𰀴
𰀵
𰁖
𰁢
𰁣
𰃊
𰃮
𰄛
𰄜
𰄝
𰅡
𰅯
𰆕
𰆭
𰆰
𰇇
𰉖
𰉗
𰋙
𰋶
𰌳
𰍩
𰏑
𰏯
𰏰
𰐺
𰒷
𰒸
𰒹
𰒺
𰢛
𰫼
𰭧
𰰝
𰵋
𰵌
𰹯
𰿦
𱍐
𱍺
𱎁
𱎛
𱎜
𱎝
𱎞
𱎟
𱏱
𱏹
𱏿
𱐪
𱑘
𱑱
𱑿
𱖆
𱘦
𱙂
𱙃
𱚰
𱛅
𱛆
𱝽
𱬴
𱰜
𱺏
𱺐
𱺑
𲂂
𲂃
𲌄