䟓
䟔
䟕
䟖
䟗
䟘
䟙
䟚
䟛
䟜
䟝
䟞
䟟
䟠
䟡
䟢
䟣
䟤
䟥
䟦
䟧
䟨
䟩
䟪
䟫
䟬
䟭
䟮
䟯
䟰
䟱
䟲
䟳
䟴
䟵
䟶
䟷
䟸
䟹
䟺
䟻
䟼
䟾
䟿
䠀
䠁
䠂
䠃
䠄
䠅
䠆
䠇
䠈
䠉
䠊
䠋
䠌
䠍
䠎
䠏
䠐
䠑
䠒
䠓
䠔
䠕
䠗
䠘
䠙
䠚
䠛
䠜
䠝
䠞
䠟
䠠
䠡
䠢
䠣
䠤
䠥
䠦
䠧
䠨
䠩
䠪
䠫
䠬
䠭
䠮
䠯
䠰
䠱
趴
趵
趶
趷
趸
趹
趻
趼
趽
趿
跀
跁
跃
跄
跅
跇
跉
跊
跍
跐
跒
跓
跔
跕
跘
跜
跞
跠
跢
跤
跥
跦
跧
跩
跭
跮
跰
跱
跲
跴
跶
跷
跸
跹
跺
跻
跾
踀
踁
踂
踃
踄
踅
踇
踋
踍
踎
踑
踒
踓
踕
踗
踘
踙
踚
踛
踜
踤
踥
踦
踨
踩
踫
踬
踭
踮
踯
踱
踲
踳
踷
踸
踺
踻
踼
踾
踿
蹀
蹁
蹃
蹅
蹆
蹍
蹎
蹏
蹑
蹒
蹓
蹖
蹗
蹘
蹚
蹛
蹜
蹝
蹞
蹡
蹥
蹦
蹧
蹨
蹩
蹪
蹫
蹮
蹱
蹳
蹵
蹷
蹸
蹹
蹺
蹽
蹾
蹿
躀
躂
躃
躆
躈
躉
躌
躎
躏
躐
躒
躕
躖
躗
躚
躛
躜
躝
躟
躠
躢
躣
躤
躥
躦
躧
躨
躩
路
𧾸
𧾹
𧾺
𧾻
𧾼
𧾽
𧾾
𧾿
𧿀
𧿁
𧿂
𧿃
𧿄
𧿅
𧿆
𧿇
𧿈
𧿉
𧿊
𧿋
𧿌
𧿍
𧿎
𧿏
𧿐
𧿑
𧿒
𧿓
𧿔
𧿕
𧿖
𧿗
𧿘
𧿙
𧿚
𧿛
𧿜
𧿝
𧿞
𧿟
𧿠
𧿡
𧿢
𧿣
𧿤
𧿥
𧿦
𧿧
𧿨
𧿩
𧿪
𧿫
𧿬
𧿭
𧿮
𧿯
𧿰
𧿱
𧿲
𧿳
𧿴
𧿵
𧿶
𧿷
𧿸
𧿹
𧿺
𧿻
𧿼
𧿽
𧿾
𧿿
𨀀
𨀁
𨀂
𨀃
𨀄
𨀅
𨀆
𨀇
𨀈
𨀉
𨀊
𨀋
𨀌
𨀍
𨀎
𨀏
𨀐
𨀑
𨀒
𨀓
𨀔
𨀕
𨀖
𨀗
𨀘
𨀙
𨀚
𨀛
𨀜
𨀝
𨀞
𨀟
𨀠
𨀡
𨀢
𨀣
𨀤
𨀥
𨀦
𨀧
𨀨
𨀩
𨀪
𨀫
𨀬
𨀭
𨀮
𨀯
𨀰
𨀱
𨀲
𨀳
𨀴
𨀵
𨀶
𨀷
𨀸
𨀹
𨀺
𨀻
𨀼
𨀽
𨀾
𨀿
𨁀
𨁁
𨁂
𨁃
𨁄
𨁅
𨁆
𨁇
𨁈
𨁉
𨁊
𨁋
𨁌
𨁍
𨁎
𨁏
𨁐
𨁑
𨁒
𨁓
𨁔
𨁕
𨁖
𨁗
𨁘
𨁙
𨁚
𨁛
𨁜
𨁝
𨁞
𨁟
𨁠
𨁡
𨁢
𨁣
𨁤
𨁥
𨁦
𨁧
𨁨
𨁩
𨁪
𨁫
𨁬
𨁭
𨁮
𨁯
𨁰
𨁱
𨁲
𨁳
𨁴
𨁵
𨁶
𨁷
𨁸
𨁹
𨁺
𨁻
𨁼
𨁽
𨁾
𨁿
𨂀
𨂁
𨂂
𨂃
𨂄
𨂅
𨂆
𨂇
𨂈
𨂉
𨂋
𨂌
𨂍
𨂎
𨂏
𨂐
𨂑
𨂒
𨂓
𨂔
𨂕
𨂖
𨂗
𨂘
𨂙
𨂚
𨂛
𨂜
𨂝
𨂞
𨂟
𨂠
𨂡
𨂢
𨂣
𨂤
𨂥
𨂦
𨂧
𨂨
𨂩
𨂪
𨂫
𨂬
𨂭
𨂮
𨂯
𨂰
𨂱
𨂲
𨂳
𨂴
𨂵
𨂶
𨂷
𨂸
𨂹
𨂺
𨂼
𨂽
𨂾
𨂿
𨃀
𨃁
𨃂
𨃃
𨃄
𨃅
𨃆
𨃇
𨃈
𨃉
𨃊
𨃋
𨃌
𨃍
𨃎
𨃏
𨃐
𨃑
𨃒
𨃓
𨃔
𨃕
𨃖
𨃗
𨃘
𨃙
𨃚
𨃛
𨃜
𨃝
𨃞
𨃟
𨃠
𨃡
𨃢
𨃣
𨃤
𨃥
𨃦
𨃧
𨃨
𨃩
𨃪
𨃫
𨃬
𨃭
𨃮
𨃯
𨃰
𨃱
𨃲
𨃳
𨃴
𨃵
𨃶
𨃷
𨃸
𨃹
𨃺
𨃻
𨃼
𨃽
𨃾
𨃿
𨄀
𨄁
𨄂
𨄃
𨄄
𨄅
𨄆
𨄇
𨄈
𨄉
𨄊
𨄋
𨄌
𨄍
𨄎
𨄏
𨄐
𨄑
𨄒
𨄓
𨄔
𨄕
𨄖
𨄗
𨄘
𨄙
𨄚
𨄛
𨄜
𨄝
𨄞
𨄟
𨄠
𨄡
𨄢
𨄣
𨄤
𨄥
𨄦
𨄧
𨄨
𨄩
𨄪
𨄫
𨄬
𨄭
𨄮
𨄯
𨄰
𨄱
𨄲
𨄳
𨄴
𨄵
𨄶
𨄷
𨄸
𨄹
𨄺
𨄻
𨄼
𨄽
𨄾
𨄿
𨅀
𨅁
𨅂
𨅃
𨅄
𨅅
𨅆
𨅇
𨅈
𨅉
𨅊
𨅋
𨅌
𨅍
𨅎
𨅏
𨅐
𨅑
𨅒
𨅓
𨅔
𨅕
𨅖
𨅗
𨅘
𨅙
𨅚
𨅛
𨅜
𨅝
𨅞
𨅟
𨅠
𨅡
𨅢
𨅣
𨅤
𨅥
𨅦
𨅧
𨅨
𨅩
𨅪
𨅫
𨅬
𨅭
𨅮
𨅯
𨅰
𨅱
𨅲
𨅳
𨅴
𨅵
𨅶
𨅷
𨅸
𨅹
𨅺
𨅻
𨅼
𨅽
𨅾
𨅿
𨆀
𨆁
𨆂
𨆃
𨆄
𨆅
𨆆
𨆇
𨆈
𨆉
𨆊
𨆋
𨆌
𨆍
𨆎
𨆏
𨆐
𨆑
𨆒
𨆓
𨆔
𨆕
𨆖
𨆗
𨆘
𨆙
𨆚
𨆛
𨆜
𨆝
𨆞
𨆟
𨆠
𨆡
𨆢
𨆣
𨆤
𨆥
𨆦
𨆧
𨆨
𨆩
𨆪
𨆫
𨆬
𨆭
𨆮
𨆯
𨆰
𨆱
𨆲
𨆳
𨆴
𨆵
𨆶
𨆷
𨆸
𨆹
𨆺
𨆻
𨆼
𨆽
𨆾
𨆿
𨇀
𨇁
𨇂
𨇃
𨇄
𨇅
𨇆
𨇇
𨇈
𨇉
𨇊
𨇋
𨇌
𨇍
𨇎
𨇏
𨇐
𨇑
𨇒
𨇓
𨇔
𨇕
𨇖
𨇗
𨇘
𨇙
𨇚
𨇛
𨇜
𨇝
𨇞
𨇟
𨇠
𨇡
𨇢
𨇣
𨇤
𨇥
𨇦
𨇧
𨇨
𨇩
𨇪
𨇫
𨇬
𨇭
𨇮
𨇯
𨇰
𨇱
𨇲
𨇳
𨇴
𨇵
𨇶
𨇷
𨇸
𨇹
𨇺
𨇻
𨇼
𨇽
𨇾
𨇿
𨈀
𨈁
𨈂
𨈃
𨈄
𨈅
𨈆
𨈇
𨈈
𨈉
𨈊
𨈋
𨈌
𨈍
𨈎
𫏀
𫏁
𫏂
𫏃
𫏄
𫏅
𫏆
𫏇
𫏈
𫏉
𫏊
𫏋
𫏌
𫏍
𫏎
𫏏
𫏐
𫏑
𫏒
𫏓
𫏔
𫏕
𫏖
𫏗
𫏘
𫏙
𫏚
𫏛
𫏜
𫏝
𫏞
𫏟
𫏠
𫏡
𫏢
𫏣
𫏤
𫏥
𫏦
𫏧
𫏨
𫏩
𫟣
𬦠
𬦡
𬦢
𬦣
𬦤
𬦥
𬦦
𬦧
𬦨
𬦩
𬦪
𬦫
𬦬
𬦭
𬦮
𬦯
𬦰
𬦱
𬦲
𬦳
𬦴
𬦵
𬦶
𬦷
𬦸
𬦹
𬦺
𬦻
𬦼
𬦽
𬦾
𬦿
𬧀
𬧁
𬧂
𬧃
𬧄
𬧅
𬧆
𬧇
𬧈
𬧉
𬧊
𬧋
𬧌
𬧍
𬧎
𬧏
𬧐
𬧑
𬧒
𬧓
𬧔
𬧕
𬧖
𬧗
𬧘
𬧙
𬧚
𬧛
𬧜
𬧝
𬧞
𬧟
𮛁
𮛂
𮛃
𮛄
𮛅
𮛆
𮛇
𮛈
𮛉
𮛊
𮛋
𮛌
𮛍
𮛎
𮛏
𮛐
𮛑
𮛒
𮛓
𮛔
𮛕
𮛖
𮛗
𮛘
𮛙
𮛚
𮛛
𮛜
𮛝
𮛞
𮛟
𮛠
𮛡
𮛢
𮛣
𮛤
𮛥
𮛦
𮛧
𮛨
𮛩
𮛪
𮛫
𮛬
𮛭
𮛮
𮛯
𮛰
𮛱
𮛲
𮛳
𮛴
𮛵
𮛶
𮛷
𮛸
𮛹
𮛺
𮛻
𮛼
𮛽
𮛾
𮛿
𮜀
𮜁
𮜂
𮜃
𮜄
𮜅
𮜆
𮜇
𮜈
𮜉
𮜊
𮜋
𮜌
𮜍
𮜎
𮜏
𮜐
𮜑
𮜒
𮜓
𮜔
𮜕
𮜖
𮜗
𮜘
𮜙
𮜚
𮜛
𮜜
𮜝
𮜞
𮜟
𮜠
𮜡
𮜢
𮜣
𮜤
𮜥
𮜦
𮜧
𮜨
𮜩
𮜪
𮜫
𮜬
𮜭
𮷒
跋
趼
跰
𰸁
𰸂
𰸃
𰸄
𰸅
𰸆
𰸇
𰸈
𰸉
𰸊
𰸋
𰸌
𰸍
𰸎
𰸏
𰸐
𰸑
𰸒
𰸓
𰸔
𰸕
𰸖
𰸗
𰸘
𰸙
𰸚
𰸛
𰸜
𰸝
𰸞
𰸟
𰸠
𰸡
𰸢
𰸣
𰸤
𰸥
𰸦
𰸧
𰸨
𰸩
𰸪
𰸫
𰸬
𰸭
𰸮
𰸯
𰸰
𰸱
𰸲
𰸳
𰸴
𰸵
𰸶
𰸷
𰸸
𰸹
𲃔
𲃕
𲃖
𲃗
𲃘
𲃙
𲃚
𲃛
𲃜
𲃝
𲃞
𲃟
𲃠
𲃡
𲃢
𲃣
𲃤
𲃥
𲃦
𲃧
𲃨
𲃩
𲃪
𲃫
𲃬
𲃭
𲃮
𲃯
𲃰
𲃱
𲃲
𲃳
𲃴
𲃵
𲃶
𲃷
𲃸
𲃹
𲃺
𲃻
𲃼
𲃽
𲃾
𲃿
𲄀
𲄁
𲄂
𲄃
𲄄
𲄅
𲄆
𲄇
𲄈
𲄉
𲄊
𲄋
𲄌
𲄍
𲄎
𲄏
𲄐
𲄑
𲄒
𲄓
𲄔
𲄕
𲄖
𳃇
𳃈
𳃉
𳃊
𳃋
𳃌
𳃍
𳃎
𳃏
𳃐
𳃑
𳃒
𳃓
𳃔
𳃕
𳃖
𳃗
𳃘
𳃙
𳃚
𳃛
𳃜
𳃝
𳃞
𳃟
𳃠
𳃡
𳃢
𳃣
𳃤
𳃥
𳃦
𳃧
𳃨
𳃩
𳃪
𳃫
𳃬
𳃭
𳃮
𳃯
𳃰
𳌞
𳍓