䢊
䢋
䢌
䢍
䢎
䢏
䢐
䢑
䢒
䢓
䢔
䢕
䢖
䢗
䢘
䢙
䢚
䢛
䢜
䢝
䢞
䢟
䢠
䢡
䢢
䢣
䢤
䢥
䢦
䢧
䢨
䢩
䢪
䢫
䢬
䢭
䢮
䢯
䢰
䢱
䢲
辸
边
辽
达
迀
迃
过
迈
迉
迋
迌
迏
运
迒
迖
迗
还
这
进
远
违
连
迟
迡
迣
迧
迬
迲
迳
迶
迼
迾
迿
逄
逇
选
逊
递
逘
逛
逜
逤
逥
逦
逨
逩
逪
逫
逬
逯
逰
逳
逴
逺
逻
逽
逿
遀
遆
遈
遌
遗
遚
遛
遟
遢
遤
遦
遧
遪
遫
遬
遰
遱
遳
遴
遹
遻
遾
邆
邋
邍
邎
邏
連
遼
逸
遲
𠔇
𨑍
𨑎
𨑏
𨑐
𨑑
𨑒
𨑓
𨑔
𨑖
𨑗
𨑘
𨑙
𨑚
𨑛
𨑜
𨑝
𨑞
𨑟
𨑠
𨑡
𨑢
𨑣
𨑤
𨑥
𨑦
𨑧
𨑨
𨑩
𨑪
𨑫
𨑬
𨑭
𨑮
𨑯
𨑰
𨑱
𨑲
𨑳
𨑴
𨑵
𨑶
𨑷
𨑸
𨑹
𨑺
𨑻
𨑼
𨑽
𨑾
𨑿
𨒀
𨒁
𨒂
𨒃
𨒄
𨒅
𨒆
𨒇
𨒈
𨒉
𨒊
𨒋
𨒌
𨒍
𨒎
𨒏
𨒐
𨒑
𨒒
𨒓
𨒔
𨒕
𨒖
𨒗
𨒘
𨒙
𨒚
𨒛
𨒜
𨒝
𨒞
𨒟
𨒠
𨒡
𨒢
𨒣
𨒤
𨒥
𨒦
𨒧
𨒨
𨒩
𨒪
𨒫
𨒬
𨒭
𨒮
𨒯
𨒰
𨒱
𨒲
𨒳
𨒴
𨒵
𨒶
𨒷
𨒸
𨒹
𨒺
𨒻
𨒼
𨒽
𨒾
𨒿
𨓀
𨓁
𨓂
𨓃
𨓄
𨓅
𨓆
𨓇
𨓈
𨓉
𨓊
𨓋
𨓌
𨓍
𨓎
𨓏
𨓐
𨓑
𨓒
𨓓
𨓔
𨓕
𨓖
𨓗
𨓘
𨓙
𨓚
𨓛
𨓜
𨓝
𨓞
𨓟
𨓠
𨓡
𨓢
𨓣
𨓤
𨓥
𨓦
𨓧
𨓨
𨓩
𨓪
𨓫
𨓬
𨓭
𨓮
𨓯
𨓰
𨓱
𨓲
𨓳
𨓴
𨓵
𨓶
𨓷
𨓸
𨓹
𨓺
𨓻
𨓼
𨓽
𨓾
𨓿
𨔀
𨔁
𨔂
𨔃
𨔄
𨔅
𨔆
𨔇
𨔈
𨔉
𨔊
𨔋
𨔌
𨔍
𨔎
𨔏
𨔐
𨔑
𨔒
𨔓
𨔔
𨔕
𨔖
𨔗
𨔘
𨔙
𨔚
𨔛
𨔜
𨔝
𨔞
𨔟
𨔠
𨔡
𨔢
𨔣
𨔤
𨔥
𨔦
𨔧
𨔨
𨔩
𨔪
𨔫
𨔬
𨔭
𨔮
𨔯
𨔰
𨔱
𨔲
𨔳
𨔴
𨔵
𨔶
𨔷
𨔸
𨔹
𨔺
𨔻
𨔼
𨔽
𨔾
𨔿
𨕀
𨕁
𨕂
𨕃
𨕄
𨕅
𨕆
𨕇
𨕈
𨕉
𨕊
𨕋
𨕌
𨕍
𨕎
𨕏
𨕐
𨕑
𨕒
𨕓
𨕔
𨕕
𨕖
𨕗
𨕘
𨕙
𨕚
𨕛
𨕜
𨕝
𨕞
𨕟
𨕠
𨕡
𨕢
𨕣
𨕤
𨕥
𨕦
𨕧
𨕨
𨕩
𨕪
𨕬
𨕭
𨕮
𨕯
𨕰
𨕱
𨕲
𨕳
𨕴
𨕵
𨕶
𨕷
𨕸
𨕹
𨕺
𨕻
𨕼
𨕽
𨕾
𨕿
𨖀
𨖁
𨖂
𨖃
𨖄
𨖅
𨖆
𨖇
𨖈
𨖉
𨖊
𨖋
𨖌
𨖍
𨖎
𨖏
𨖐
𨖑
𨖒
𨖓
𨖔
𨖕
𨖖
𨖗
𨖘
𨖙
𨖚
𨖛
𨖜
𨖝
𨖞
𨖟
𨖠
𨖡
𨖢
𨖣
𨖤
𨖥
𨖦
𨖧
𨖨
𨖩
𨖪
𨖫
𨖬
𨖭
𨖮
𨖯
𨖰
𨖱
𨖲
𨖳
𨖴
𨖵
𨖶
𨖷
𨖸
𨖹
𨖺
𨖻
𨖼
𨖽
𨖾
𨖿
𨗀
𨗁
𨗂
𨗃
𨗄
𨗅
𨗆
𨗇
𨗊
𨗋
𨗌
𨗍
𨗎
𨗏
𨗐
𨗑
𨗒
𨗔
𨗕
𨗖
𨗗
𨗘
𨗙
𨗚
𨗛
𨗜
𨗝
𨗞
𨗟
𨗠
𨗡
𨗢
𨗣
𨗤
𨗥
𨗦
𨗧
𨗨
𨗩
𨗪
𨗫
𨗬
𨗭
𨗮
𨗯
𨗰
𨗱
𨗲
𨗳
𨗴
𨗵
𨗶
𨗷
𨗸
𨗹
𨗺
𨗻
𨗼
𨗽
𨗾
𨗿
𨘀
𨘁
𨘂
𨘃
𨘄
𨘅
𨘆
𨘇
𨘈
𨘉
𨘊
𨘋
𨘌
𨘍
𨘎
𨘏
𨘐
𨘑
𨘒
𨘓
𨘔
𨘕
𨘖
𨘗
𨘘
𨘙
𨘚
𨘛
𨘜
𨘝
𨘞
𨘟
𨘠
𨘡
𨘢
𨘣
𨘤
𨘥
𨘦
𨘧
𨘨
𨘩
𨘪
𨘫
𨘬
𨘭
𨘮
𨘯
𨘰
𨘱
𨘲
𨘳
𨘴
𨘵
𨘶
𨘷
𨘸
𨘹
𨘺
𨘻
𨘽
𨘾
𨘿
𨙀
𨙁
𨙂
𨙃
𨙄
𨙅
𨙆
𨙇
𨙈
𨙉
𨙊
𨙋
𨙌
𨙍
𨙎
𨙏
𨙐
𨙑
𨙒
𨙓
𨙔
𨙕
𨙖
𨙗
𨙘
𨙙
𨙚
𨙛
𨙜
𨙝
𨙞
𨙟
𨙠
𨙡
𨙢
𨙣
𨙤
𨙥
𨙦
𨙧
𩄮
𫐞
𫐟
𫐠
𫐡
𫐢
𫐣
𫐤
𫐥
𫐦
𫐧
𫐨
𫐩
𫐪
𫐫
𫐬
𫐭
𫐮
𫐯
𫐰
𫐱
𫐲
𫐳
𫐴
𫐵
𫐶
𫐷
𫐸
𫐹
𫐺
𫐻
𫐼
𫐽
𫐾
𫐿
𫑀
𫑁
𫑂
𫑃
𫑄
𫑅
𫑆
𫑇
𫑈
𫑉
𫑊
𫑋
𫑌
𫑍
𫑎
𫑏
𫑐
𫑑
𫑒
𫑓
𫑔
𫑕
𫑖
𫟧
𫟨
𫟩
𫟪
𬨜
𬨝
𬨞
𬨟
𬨠
𬨡
𬨢
𬨣
𬨤
𬨥
𬨦
𬨧
𬨨
𬨩
𬨪
𬨫
𬨬
𬨭
𬨮
𬨯
𬨰
𬨱
𬨲
𬨳
𬨴
𬨵
𬨶
𬨷
𬨸
𬨹
𬨺
𬨻
𬨼
𬨽
𬨾
𬨿
𬩀
𬩁
𬩂
𬩃
𬩄
𬩅
𬩆
𬩇
𬩈
𬩉
𬩊
𬩋
𬩌
𬩍
𬩎
𬩏
𬩐
𬩑
𬩒
𬩓
𬩔
𬩕
𬩖
𬩗
𬩘
𬩙
𬩚
𬩛
𬩜
𬩝
𬩞
𬩟
𬩠
𬩡
𬩢
𬩣
𬩤
𬩥
𬩦
𬩧
𬩨
𬩩
𬩪
𬩫
𬩬
𬩭
𬩮
𬩯
𬩰
𬩱
𬩲
𮞁
𮞂
𮞃
𮞄
𮞅
𮞆
𮞇
𮞈
𮞉
𮞊
𮞋
𮞌
𮞍
𮞎
𮞏
𮞐
𮞑
𮞒
𮞓
𮞔
𮞕
𮞖
𮞗
𮞘
𮞙
𮞚
𮞛
𮞜
𮞝
𮞞
𮞟
𮞠
𮞡
𮞢
𮞣
𮞤
𮞥
𮞦
𮞧
𮞨
𮞩
𮞪
𮞫
𮞬
𮞭
𮞮
𮞯
𮞰
𮞱
𮞲
𮞳
𮞴
𮞵
𮞶
𮞷
𮞸
𮞹
𮞺
𮞻
𮞼
𮞽
𮞾
𮞿
𮟀
𮟁
𮟂
𮟃
𮟄
𮟅
𮟆
𮟇
𮟈
𮟉
𮟊
𮟋
𮟌
𮟍
𮟎
𮟏
𮟐
𮟑
𮟒
𮟓
𮟔
𮟕
𮟖
𮟗
𮟘
𮟙
𮟚
𮟛
𮟜
𮟝
𮟞
𮟟
𮟠
𮟡
𮟢
𮟣
𮟤
𮟥
𮟦
𮟧
𮟨
𮟩
𮷞
𮷟
𮷠
𮷡
𮷢
𮷣
𮷤
𮷥
𮷦
𮷧
𨗒
𨗭
𰺮
𰺯
𰺰
𰺱
𰺲
𰺳
𰺴
𰺵
𰺶
𰺷
𰺸
𰺹
𰺺
𰺻
𰺼
𰺽
𰺾
𰺿
𰻀
𰻁
𰻂
𰻃
𰻄
𰻅
𰻆
𰻇
𰻈
𰻉
𰻊
𰻋
𰻌
𰻍
𰻎
𰻏
𰻐
𰻑
𰻒
𰻓
𰻔
𰻕
𰻖
𰻗
𰻘
𰻙
𰻚
𰻛
𰻜
𰻝
𰻞
𲅋
𲅌
𲅍
𲅎
𲅏
𲅐
𲅑
𲅒
𲅓
𲅔
𲅕
𲅖
𲅗
𲅘
𲅙
𲅚
𲅛
𲅜
𲅝
𲅞
𲅟
𲅠
𲅡
𲅢
𲅣
𲅤
𲅥
𲅦
𲅧
𲅨
𲅩
𲅪
𲅫
𲅬
𲅭
𲅮
𲅯
𲅰
𲅱
𲅲
𲅳
𲅴
𲅵
𲅶
𲅷
𲅸
𲅹
𲅺
𲅻
𲅼
𲅽
𲅾
𲅿
𲆀
𲆁
𲆂
𲆃
𲆄
𲆅
𲆆
𲆇
𲆈
𲆉
𲆊
𲆋
𲆌
𲆍
𲆎
𳄗
𳄘
𳄙
𳄚
𳄛
𳄜
𳄝
𳄞
𳄟
𳄠
𳄡
𳄢
𳄣
𳄤
𳄥
𳄦
𳄧
𳄨
𳄩
𳄪
𳄫
𳄬
𳄭
𳄮
𳄯
𳄰
𳄱
𳄲
𳄳
𳄴
𳄵
𳄶
𳄷
𳄸
𳄹
𳄺
𳄻
𳄼
𳄽
𳄾
𳄿
𳅀
𳅁
𳅂
𳅃