㑒
㒄
㒨
㒰
㔊
㔯
㔵
㕙
㘣
㙴
㚒
㚲
㜞
㜣
㜷
㝈
㟫
㟻
㡐
㡨
㢾
㣣
㣤
㤐
㦃
㦏
㦮
㦰
㧥
㨛
㨵
㨻
㩊
㩥
㪇
㪎
㪜
㪨
㫋
㭠
㮍
㮵
㯀
㯆
㯸
㰄
㰊
㱛
㲔
㳄
㳬
㳭
㴸
㵪
㶄
㶍
㶒
㷙
㷷
㸃
㹌
㹽
㺗
㺤
㻽
㼷
㾆
㾌
㿅
㿊
䀒
䀡
䀬
䀽
䁢
䁣
䁮
䁴
䃱
䃸
䄠
䄡
䄳
䆄
䆎
䆤
䇝
䇳
䉦
䉳
䉵
䊱
䊲
䌞
䍎
䍻
䍼
䎒
䐮
䐶
䑎
䑶
䔐
䕭
䗃
䗠
䘂
䘋
䘰
䙁
䙲
䙴
䚚
䛹
䟅
䟋
䠣
䠨
䠾
䡀
䡪
䡲
䢬
䢭
䢴
䢾
䤔
䤘
䥧
䦓
䦲
䧖
䧠
䨘
䨷
䪌
䪜
䫮
䬤
䬻
䭈
䭕
䯭
䯹
䱇
䱧
䱼
䱿
䲂
䲆
䳦
䳪
䴉
䴋
䴮
䴼
䵐
𠁷
𠄢
𠊌
𠊨
𠊩
𠌲
𠏓
𠑗
𠑫
𠑲
𠓳
𠓴
𠕋
𠛖
𠛮
𠝣
𠞽
𠟉
𠟧
𠠃
𠠮
𠤰
𠤹
𠥙
𠥞
𠧡
𠧢
𠨎
𠨓
𠨖
𠨧
𠨩
𠫄
𠫘
𠫹
𠬾
𠭶
𠯀
𠵷
𠷁
𠾤
𠾮
𠿏
𠿞
𠿢
𡃣
𡄑
𡇮
𡇰
𡈣
𡎻
𡐛
𡑂
𡕁
𡖔
𡖞
𡖤
𡝫
𡞤
𡟐
𡟨
𡠐
𡠡
𡡍
𡣌
𡣳
𡤮
𡨈
𡩦
𡪏
𡬳
𡭇
𡭐
𡭞
𡮿
𡴁
𡵏
𡺙
𡻎
𡾮
𢂘
𢂺
𢃔
𢃬
𢄒
𢄲
𢅐
𢅮
𢆒
𢊰
𢋄
𢋮
𢍱
𢍹
𢐹
𢑋
𢒉
𢕐
𢕻
𢖎
𢖝
𢘁
𢘼
𢚀
𢛈
𢞬
𢡚
𢤚
𢥌
𢦜
𢦞
𢦺
𢧗
𢫥
𢫿
𢭀
𢮨
𢰅
𢰊
𢰕
𢱱
𢳄
𢳍
𢵈
𢵏
𢶕
𢸄
𢸧
𢸯
𢸱
𢹚
𢺟
𣀁
𣃯
𣃼
𣆴
𣈆
𣍬
𣍴
𣎓
𣑪
𣑱
𣒀
𣒰
𣓀
𣔻
𣘝
𣚙
𣛷
𣛹
𣜆
𣝕
𣞆
𣞲
𣟲
𣟳
𣠸
𣢤
𣥎
𣥭
𣦃
𣦟
𣧺
𣨦
𣭟
𣭣
𣮏
𣮾
𣮿
𣰔
𣰷
𣲀
𣳧
𣵤
𣵿
𣶙
𣶚
𣶛
𣶜
𣶡
𣷜
𣹅
𣹎
𣹥
𣹺
𣹻
𣻝
𣻧
𣽖
𣾅
𣿕
𤀤
𤂿
𤄵
𤄻
𤆽
𤌺
𤍖
𤍙
𤎢
𤎥
𤎱
𤎴
𤎵
𤏝
𤐨
𤑶
𤓠
𤓤
𤗻
𤜼
𤟿
𤡅
𤢷
𤣔
𤣝
𤥕
𤧺
𤩄
𤩅
𤩋
𤩡
𤫀
𤭔
𤮜
𤮳
𤰏
𤱄
𤲶
𤴿
𤵧
𤵷
𤷃
𤸦
𤺻
𤽇
𥃹
𥄘
𥈚
𥊳
𥍀
𥍯
𥏥
𥑲
𥑻
𥒎
𥒔
𥔱
𥕈
𥙮
𥜦
𥢈
𥤆
𥥢
𥫛
𥬍
𥬗
𥬘
𥬫
𥬵
𥮒
𥮓
𥮙
𥮚
𥮡
𥰢
𥰭
𥰳
𥰸
𥱺
𥲫
𥳒
𥳟
𥳭
𥳷
𥴱
𥶕
𥶷
𥶸
𥷰
𥸣
𥼷
𥽽
𦀢
𦁆
𦂒
𦂷
𦅦
𦆀
𦆉
𦆏
𦇗
𦇩
𦇫
𦉕
𦉙
𦋈
𦋠
𦋭
𦌔
𦌻
𦎞
𦏂
𦏫
𦏬
𦑦
𦑳
𦒕
𦓚
𦓝
𦓰
𦗢
𦚺
𦛔
𦝏
𦠆
𦠬
𦠹
𦢙
𦢨
𦤉
𦦉
𦧂
𦧊
𦧕
𦧸
𦪣
𦭶
𦯢
𦱑
𦴛
𦵻
𦶋
𦷱
𦸊
𦸰
𦹤
𦺍
𦺭
𦺲
𦻄
𦻤
𦼱
𦽷
𦾶
𦿉
𧀵
𧁄
𧁰
𧂁
𧂂
𧂍
𧂑
𧂞
𧃖
𧄟
𧅩
𧍒
𧍭
𧎥
𧐗
𧐮
𧐲
𧔢
𧔰
𧔷
𧕇
𧕣
𧕲
𧗸
𧘜
𧙭
𧚫
𧜽
𧞟
𧟥
𧟨
𧡚
𧡢
𧤆
𧧵
𧨾
𧩿
𧫹
𧬫
𧭽
𧮂
𧮮
𧱀
𧲛
𧲮
𧲾
𧴭
𧵏
𧶤
𧸘
𧸸
𧽯
𧽹
𧾎
𧾩
𨁁
𨁅
𨁆
𨂳
𨃿
𨄉
𨄔
𨅧
𨇤
𨇫
𨇴
𨍬
𨏉
𨒎
𨒿
𨔰
𨕖
𨕞
𨕨
𨖇
𨗢
𨗦
𨗧
𨗺
𨘼
𨙙
𨙞
𨚾
𨛈
𨝍
𨝵
𨟦
𨣁
𨣚
𨬖
𨭖
𨯒
𨴁
𨴕
𨴝
𨵍
𨶉
𨷓
𨷫
𨷱
𨷳
𨷸
𨺘
𨼒
𨼮
𨽨
𨾷
𨿇
𩀟
𩁉
𩂅
𩂍
𩃂
𩃔
𩃝
𩄧
𩅂
𩅤
𩅼
𩆥
𩆫
𩆯
𩆵
𩆷
𩉃
𩉍
𩉔
𩋋
𩌰
𩎄
𩔊
𩔛
𩔣
𩕊
𩕖
𩕸
𩘒
𩘘
𩙢
𩛻
𩜬
𩜹
𩜾
𩝁
𩟋
𩟗
𩟥
𩟶
𩠹
𩢝
𩤡
𩥮
𩨡
𩮣
𩯤
𩱠
𩱡
𩶤
𩻝
𪃋
𪄃
𪄏
𪄐
𪄷
𪆻
𪇇
𪇮
𪈇
𪉻
𪋁
𪋱
𪍧
𪍶
𪏊
𪏗
𪘪
𪙞
𪡠
𪬃
𫣄
𬏣
𭆡
𭈼
𭉵
𭚃
𭟯
𭟲
𭥆
𭰏
𭰦
𭴙
𭵡
𭾪
𭾱
𮅕
𮅞
𮍣
𮍹
𮒹
𮕒
𮖿
𮗀
𮗁
𮗃
𮘐
𮟀
𮟃
𮠳
𮡱
𮧇
𮧊
𮮺
𮮼
𮯈
𡪸
𬪿
𭔖
𥩘