㑻
㑼
㑽
㑾
㑿
㒀
㒁
㒾
㓖
㓼
㓽
㔪
㔲
㔳
㔴
㔼
㕏
㗒
㗓
㗔
㗕
㗖
㗗
㗘
㗙
㗛
㗜
㗝
㗞
㗟
㗠
㗡
㙙
㙚
㙛
㙜
㙝
㙞
㙟
㚠
㜅
㜆
㜇
㜈
㜉
㜊
㜋
㜌
㜍
㜎
㜏
㜐
㜑
㜒
㜓
㜔
㝅
㝤
㝥
㝦
㝧
㝨
㞉
㞊
㟰
㟱
㟲
㟳
㟵
㟶
㟷
㟸
㡗
㡘
㡙
㡚
㡛
㢑
㢦
㣀
㣁
㣂
㣯
㥣
㥤
㥦
㥨
㥬
㥭
㥮
㥰
㥱
㥳
㥴
㥵
㥺
㦹
㨌
㨍
㨙
㨚
㨛
㨜
㨝
㨞
㨟
㨠
㨡
㨢
㨣
㨤
㨥
㨦
㨧
㨨
㨩
㨪
㨫
㨬
㪛
㪜
㪝
㪞
㪟
㪱
㬁
㬂
㬃
㬄
㬅
㬆
㬇
㬈
㬉
㬊
㬋
㬌
㬺
㮋
㮌
㮎
㮏
㮐
㮑
㮒
㮓
㮔
㮕
㮖
㮗
㮘
㮙
㮚
㮛
㮜
㮝
㮞
㮟
㮠
㮡
㮢
㮣
㰹
㰺
㰻
㰼
㰽
㰾
㱪
㱫
㱬
㱭
㱮
㲄
㲟
㲠
㲡
㲢
㲣
㴥
㴦
㴧
㴨
㴩
㴪
㴫
㴬
㴭
㴮
㴯
㴰
㴱
㴲
㴳
㴴
㴵
㴶
㴷
㴸
㴹
㴺
㴻
㷎
㷏
㷐
㷑
㷒
㷓
㷕
㷖
㷗
㷘
㷙
㷚
㷛
㷜
㷝
㷞
㸙
㹅
㹆
㹇
㹈
㺇
㺈
㺉
㺊
㺋
㺌
㺍
㻗
㻝
㻞
㻟
㻠
㻡
㻢
㻣
㻤
㻥
㻦
㼫
㼬
㼭
㼮
㼯
㼰
㼱
㽎
㽡
㽢
㽣
㽤
㽰
㾢
㾣
㾤
㾥
㾦
㾧
㾨
㾩
㿢
㿲
㿳
䀄
䀅
䁁
䁂
䁃
䁄
䁅
䁆
䁇
䁈
䁉
䂔
䂷
䂸
䂹
䂺
䂻
䂼
䂽
䂾
䂿
䃀
䃁
䃂
䃃
䃄
䃅
䃆
䃇
䄋
䄌
䄍
䄎
䄏
䄐
䄑
䄒
䅔
䅕
䅖
䅗
䅘
䅙
䅚
䅛
䅜
䅝
䅞
䅟
䆦
䆧
䆨
䆩
䇎
䇏
䇐
䇑
䇵
䇶
䇷
䇸
䇹
䇺
䇻
䇼
䇽
䇾
䇿
䈀
䊇
䊈
䊉
䊊
䊋
䊌
䋟
䋠
䋡
䋢
䋣
䋤
䋥
䋦
䌼
䍛
䍜
䍝
䍱
䎋
䎌
䎍
䎎
䎤
䎥
䎸
䎹
䏋
䐍
䐎
䐏
䐐
䐑
䐒
䐓
䐔
䐕
䐖
䐘
䐙
䐚
䐛
䑯
䑰
䓮
䓯
䓰
䓲
䓳
䓴
䓵
䓶
䓷
䓸
䓹
䓺
䓻
䖒
䖓
䖔
䖕
䖖
䖶
䖷
䖹
䖺
䖻
䖼
䖽
䖾
䘒
䘯
䘰
䘱
䘲
䚀
䚁
䚘
䚙
䚚
䛔
䛕
䛖
䛗
䛘
䛙
䛚
䛛
䛜
䜤
䜶
䝉
䝰
䝱
䝲
䞌
䞒
䞥
䞦
䞧
䞨
䞩
䞪
䟮
䟯
䟰
䟱
䟲
䟳
䠷
䠸
䠹
䠺
䡓
䡔
䡕
䡖
䡗
䢅
䢡
䢽
䣓
䣔
䣕
䣗
䣱
䣴
䣵
䣶
䣷
䣸
䣹
䤡
䤢
䤣
䥽
䥾
䥿
䦈
䦉
䦒
䦓
䦔
䧚
䧛
䧜
䧝
䧞
䧟
䧷
䧸
䧹
䨎
䩂
䩃
䩄
䩓
䩔
䩕
䩖
䩗
䩘
䪏
䪞
䪩
䪳
䪴
䪵
䫺
䫻
䫼
䫽
䬦
䬧
䬨
䬩
䬪
䭵
䭶
䰳
䲥
䵝
䶽
亃
亄
亷
傫
傮
傯
傰
傶
傸
傹
傼
傽
傿
僀
僁
僈
僋
兡
兾
兿
凗
剸
剹
剺
剻
剼
剾
勡
勨
厀
厁
厪
厯
叠
喍
嗀
嗁
嗂
嗃
嗆
嗈
嗊
嗋
嗍
嗐
嗓
嗕
嗘
嗙
嗛
嗠
嗡
嗥
嗦
嗧
嗨
嗪
嗫
嗬
嗭
嗮
嗯
嗰
嗱
嗲
嗳
嗵
嗶
嗸
嗼
嘟
圑
圔
塍
塎
塏
塐
塓
塕
塖
塛
塜
塝
塣
塥
塨
塪
塬
塮
塯
塱
塳
塻
墎
墷
壾
奦
媐
媰
媲
媴
媷
媸
媹
媻
嫀
嫃
嫆
嫇
嫈
嫊
嫍
嫎
嫑
嫒
嫓
嫔
嫟
嫫
嫯
嬅
孴
孶
寗
寙
寚
寜
尟
尲
尴
嵞
嵟
嵠
嵢
嵣
嵤
嵥
嵦
嵧
嵨
嵮
嵱
嵲
嵴
嵵
嶅
幊
幋
幍
幏
幐
幙
廅
廇
廌
廍
廕
弒
弿
彂
彃
彚
彮
徬
徰
愂
愗
愩
愪
愭
愮
愯
愱
愵
愶
愹
慀
慃
慉
慏
慑
慔
慩
戤
戥
揅
揧
揱
搇
搈
搊
搋
搌
搎
搒
搕
搘
搙
搚
搛
搝
搟
搠
搡
搣
搤
搧
搪
搮
搱
搲
搳
搵
搷
搸
搹
搼
摀
摁
摃
摄
摅
摆
摇
摈
摉
摊
摋
摓
摙
撶
敭
敮
敯
斒
旓
旕
暅
暆
暊
暋
暌
暓
暔
暕
暛
朡
棩
椯
椱
椲
椳
椷
椸
椺
椼
椾
楀
楁
楃
楄
楅
楈
楋
楌
楍
楎
楏
楐
楑
楒
楘
楟
楥
楦
楱
楶
楻
榃
榄
榅
榆
榇
榈
榉
榋
榌
榙
榳
榵
槆
歀
歁
歂
歅
歈
歱
歲
殜
殟
毁
毂
毷
毸
毹
毺
毻
毼
氱
氲
湬
溍
溎
溑
溒
溔
溕
溗
溙
溛
溡
溣
溤
溦
溨
溩
溭
溮
溰
溳
溵
溸
溹
溻
溼
滀
滆
滈
滍
滏
滐
滒
滖
滗
滘
滚
滛
滜
滟
滠
满
滢
滣
滤
滥
滦
滧
滨
滩
滪
滭
滶
漨
漭
漷
潃
澕
煁
煂
煃
煄
煅
煈
煋
煍
煏
煔
煗
煘
煝
煟
煣
煪
煫
煭
煯
煰
煲
煳
煴
煵
煶
煷
煸
煺
熍
牃
牎
牏
牐
牑
犌
犏
犐
犑
猺
猻
猼
獁
獂
獆
獈
獉
獊
獓
琞
琧
琾
瑂
瑅
瑈
瑉
瑊
瑌
瑎
瑏
瑐
瑑
瑔
瑖
瑥
瑵
瓡
甂
甆
甝
畵
痭
痯
痵
痶
痷
痸
痻
痽
瘄
瘅
瘆
瘐
瘑
瘔
皗
皘
皵
盝
睒
睓
睔
睕
睖
睗
睙
睝
睞
睤
睧
睩
睬
睭
睰
睷
瞄
硸
硹
硺
硻
硽
硾
硿
碂
碃
碄
碅
碈
碉
碋
碏
碐
碒
碖
碘
碙
碛
碜
碢
禈
禉
禋
禌
禐
禑
禒
禓
禗
禙
稏
稐
稒
稓
稖
稝
稡
稢
稣
稤
稥
窞
窡
窢
窤
窥
窦
窧
竩
筞
筟
筡
筢
筣
筨
筪
筫
筶
筷
筸
筻
筼
筽
签
简
粯
粰
粴
粵
絸
絻
絼
綀
綂
綄
綅
綇
綊
綍
綐
綑
綒
綔
綕
綘
綤
缙
缚
缛
缜
缝
缞
缟
缠
缡
缢
缣
缤
罬
羥
羦
羧
羪
翜
翝
耢
聕
聗
腛
腜
腝
腞
腢
腣
腤
腪
腬
腯
腲
腳
腵
腶
腷
腻
腼
腽
腾
膇
舝
艁
艂
艃
艄
艈
莻
蒑
蒒
蒓
蒕
蒖
蒘
蒚
蒛
蒝
蒠
蒣
蒤
蒥
蒧
蒨
蒩
蒪
蒬
蒮
蒰
蒱
蒳
蒵
蒶
蒷
蒽
蓅
蓌
蓒
蓔
蓕
蓗
蓘
蓛
蓝
蓟
蓠
蓡
蓢
蓣
蓤
蓥
蓦
蓨
蓩
蓫
蔜
蔱
虡
蛖
蛵
蛶
蛷
蛿
蜁
蜄
蜌
蜏
蜔
蜕
蜖
蜗
蜹
蝆
蝍
裚
裠
裧
裩
裪
裬
裭
裮
裯
裶
裷
裺
裿
褀
褃
覅
覛
覜
觎
觟
觠
觡
觢
觤
訿
詤
詥
詧
詨
詪
詯
詴
詶
詷
詸
詺
詻
詽
詾
詿
誀
誁
誃
誆
誈
誊
誔
谨
谩
谪
谫
谬
谼
豋
豣
豤
豥
豦
貄
貆
貇
貈
賅
賆
賉
賋
賌
赖
赗
赨
赩
赪
趌
趍
趎
趏
趐
趑
趒
趓
趔
跐
跠
跢
跤
跥
跦
跧
跩
跭
跮
跰
跱
跲
跴
跶
跷
跸
跹
跺
跻
踭
躲
軭
軿
輁
輂
輄
輆
輇
輋
辏
辐
辑
辒
输
辔
辠
遛
遟
遢
遤
遳
郌
郒
鄛
鄝
鄟
鄠
鄡
鄤
鄥
酧
酨
酫
酭
酮
酯
酰
酱
鈮
鈯
鈰
鈱
鈲
鈵
鈶
鈻
鈽
鈾
鉁
鉆
鉌
鉍
鉒
鉓
鉔
鉕
鉘
鉜
鉝
鉟
鉣
鉩
鉪
鉫
鉬
鉭
鉮
鉰
鉲
鉳
鉴
銏
锖
锗
锘
错
锚
锛
锜
锝
锞
锟
锠
锡
锢
锣
锤
锥
锦
锧
锨
锩
锪
锫
锬
锭
键
锯
锰
锱
锳
閚
閛
閜
閝
閞
阖
阗
阘
阙
隟
隡
雊
雏
雴
雵
雸
雺
雼
雽
雾
靲
靵
靶
靷
韪
韫
頉
頋
颐
频
颒
颓
颔
颕
颖
颬
飔
飕
飬
飵
飶
飷
飹
飻
飿
餀
馌
馍
馎
馏
馐
馚
馯
馰
馱
馲
馵
馺
骜
骝
骞
骟
骱
髡
鬾
鬿
魀
魛
魜
魝
鲄
鲅
鲆
鲇
鲈
鲉
鲊
鲋
鲌
鲍
鲎
鲏
鲐
鳨
鳪
鳭
鳮
鳯
鹉
鹊
鹋
鹌
鹍
鹎
鹏
鹐
鹑
鹒
鹓
鹔
麂
鼌
鼔
龃
龄
龅
龆
龯
龾
鿁
鿙
鿮
鿴
鿽
賈
裸
酪
亂
路
碌
祿
賂
雷
稜
塞
漣
煉
蓮
廉
鈴
零
暈
溜
慄
裏
溺
嗀
靖
﨩
飯
𤋮
廒
愈
慠
滋
漢
節
靖
𠁌
𠁍
𠂄
𠃆
𠄃
𠄄
𠄼
𠄽
𠄾
𠅳
𠅴
𠅵
𠅶
𠅷
𠅸
𠅹
𠅺
𠅻
𠅼
𠅽
𠆀
𠌬
𠌭
𠌮
𠌯
𠌰
𠌱
𠌲
𠌳
𠌴
𠌵
𠌶
𠌷
𠌸
𠌹
𠌺
𠌻
𠌼
𠌽
𠌾
𠌿
𠍀
𠍁
𠍂
𠍃
𠍄
𠍅
𠍆
𠍇
𠍈
𠍉
𠍊
𠍋
𠍌
𠍍
𠍎
𠍏
𠍐
𠍑
𠍒
𠍓
𠍔
𠍕
𠍖
𠍗
𠍘
𠍙
𠍚
𠍛
𠍜
𠍝
𠍞
𠍟
𠍠
𠍡
𠍢
𠍣
𠍤
𠍦
𠍧
𠍨
𠍩
𠍪
𠍫
𠍬
𠎵
𠒤
𠒥
𠒦
𠓴
𠓵
𠓶
𠓷
𠔨
𠔩
𠔪
𠔫
𠔬
𠔭
𠔮
𠕦
𠕧
𠖚
𠖛
𠗺
𠗻
𠗼
𠗽
𠗾
𠗿
𠘀
𠘁
𠘂
𠘃
𠙤
𠙥
𠙦
𠙧
𠞥
𠞦
𠞧
𠞨
𠞩
𠞪
𠞫
𠞬
𠞭
𠞮
𠞯
𠞰
𠞱
𠞲
𠞳
𠞴
𠞵
𠞶
𠞷
𠞸
𠞹
𠞺
𠞻
𠞼
𠞽
𠞾
𠞿
𠟀
𠟁
𠢓
𠢔
𠢕
𠢖
𠢗
𠢘
𠢙
𠢚
𠢛
𠢜
𠢝
𠢞
𠢟
𠣸
𠣹
𠣺
𠣻
𠣼
𠤥
𠥖
𠥗
𠥘
𠦴
𠦵
𠦶
𠦷
𠦸
𠦹
𠦺
𠦻
𠦼
𠨅
𠨢
𠨣
𠨤
𠩿
𠪑
𠪒
𠪓
𠪔
𠪕
𠪖
𠪗
𠪘
𠬆
𠬇
𠬈
𠬉
𠬊
𠬋
𠬌
𠭯
𠭰
𠭱
𠭲
𠭳
𠭴
𠭵
𠭶
𠭷
𠭸
𠭹
𠭺
𠷢
𠸶
𠸷
𠸸
𠸹
𠸺
𠸿
𠹀
𠹁
𠹂
𠹃
𠹄
𠹅
𠹆
𠹇
𠹈
𠹉
𠹊
𠹋
𠹌
𠹍
𠹎
𠹏
𠹐
𠹑
𠹒
𠹓
𠹔
𠹕
𠹖
𠹗
𠹘
𠹙
𠹚
𠹛
𠹜
𠹝
𠹞
𠹟
𠹠
𠹡
𠹢
𠹣
𠹥
𠹦
𠹧
𠹨
𠹩
𠹪
𠹫
𠹬
𠹮
𠹯
𠹳
𠹴
𠹵
𠹶
𠹷
𠹸
𠹹
𠹺
𠹻
𠹼
𠹽
𠹾
𠹿
𠺀
𠺁
𠺂
𠺃
𠺄
𠺅
𠺆
𠺇
𠺈
𠺉
𠺊
𠺋
𠺌
𠺍
𠺎
𠺏
𠺐
𠺑
𠺒
𠺓
𠺔
𠺖
𠺗
𠺘
𠺙
𠺚
𠺛
𠺜
𠺝
𠺞
𠺟
𠺠
𠺡
𠺢
𠺣
𠺤
𠺥
𠺦
𠺧
𠺨
𠺩
𠺪
𠺫
𠺬
𠺭
𠺮
𠺯
𠺰
𠺱
𠺲
𠺳
𠺴
𠺵
𠺶
𠺷
𠺸
𠺹
𠺺
𠺻
𠺼
𠺽
𠺾
𠺿
𠻀
𠻁
𠻂
𠻃
𠻄
𠻅
𠻆
𠻇
𠻈
𠻉
𠻊
𠻋
𠻌
𠻍
𠻎
𠻏
𠻐
𠻑
𠻒
𠻓
𡈊
𡈋
𡈌
𡈍
𡈎
𡈏
𡈐
𡈑
𡈒
𡈓
𡈔
𡎮
𡎯
𡎰
𡎱
𡎲
𡎳
𡎴
𡎵
𡎶
𡎷
𡎸
𡎹
𡎺
𡎻
𡎼
𡎽
𡎾
𡎿
𡏀
𡏁
𡏂
𡏃
𡏅
𡏆
𡏇
𡏈
𡏉
𡏊
𡏋
𡏌
𡏍
𡏎
𡏏
𡏐
𡏑
𡏒
𡏓
𡏔
𡏕
𡏖
𡏗
𡏘
𡏙
𡏚
𡏛
𡏜
𡏝
𡏞
𡏟
𡏠
𡏡
𡏢
𡏣
𡏤
𡏥
𡏦
𡏧
𡏨
𡏩
𡏪
𡏫
𡏬
𡔰
𡔲
𡔳
𡔴
𡔵
𡔷
𡕝
𡕮
𡕯
𡕰
𡕱
𡖯
𡖱
𡖲
𡖳
𡖴
𡖵
𡙛
𡙜
𡙝
𡙞
𡙟
𡙠
𡙡
𡙢
𡙣
𡙤
𡙥
𡙦
𡙧
𡙨
𡙩
𡙪
𡙫
𡟨
𡟩
𡟪
𡟫
𡟬
𡟭
𡟮
𡟯
𡟰
𡟱
𡟲
𡟳
𡟴
𡟵
𡟶
𡟷
𡟸
𡟹
𡟺
𡟻
𡟼
𡟽
𡟾
𡟿
𡠀
𡠁
𡠂
𡠃
𡠄
𡠅
𡠆
𡠇
𡠈
𡠉
𡠊
𡠋
𡠌
𡠍
𡠎
𡠏
𡠐
𡠑
𡠒
𡠓
𡠔
𡠕
𡦃
𡦄
𡦅
𡦆
𡦇
𡦈
𡦉
𡦊
𡦋
𡦌
𡦍
𡦎
𡦏
𡦐
𡩟
𡩠
𡩡
𡩢
𡩣
𡩤
𡩥
𡩦
𡩧
𡩨
𡩩
𡩪
𡩫
𡩬
𡩭
𡩮
𡩯
𡩰
𡩱
𡩲
𡩳
𡩴
𡩵
𡩶
𡩷
𡩸
𡩹
𡩺
𡬹
𡬺
𡬻
𡬼
𡮘
𡮙
𡮚
𡮛
𡮜
𡮝
𡰃
𡰄
𡰅
𡰆
𡰇
𡰈
𡰉
𡰊
𡲬
𡲭
𡲮
𡲯
𡲰
𡲱
𡲲
𡲳
𡲴
𡲵
𡲶
𡲷
𡲸
𡲹
𡲺
𡲻
𡲼
𡲽
𡲾
𡲿
𡳀
𡳁
𡳂
𡳃
𡴤
𡴥
𡺪
𡺫
𡺬
𡺭
𡺮
𡺯
𡺰
𡺱
𡺲
𡺳
𡺴
𡺵
𡺶
𡺷
𡺸
𡺹
𡺺
𡺻
𡺼
𡺽
𡺾
𡺿
𡻀
𡻁
𡻂
𡻃
𡻄
𡻅
𡻆
𡻇
𡻈
𡻉
𡻊
𡻋
𡻌
𡻍
𡻎
𡻏
𡻐
𡻑
𡻒
𡻓
𡻔
𡻕
𡻖
𡻗
𢀦
𢀧
𢁊
𢄊
𢄋
𢄌
𢄍
𢄎
𢄏
𢄐
𢄑
𢄒
𢄓
𢄔
𢄕
𢄖
𢄗
𢄘
𢄙
𢄚
𢄛
𢄜
𢄝
𢄞
𢆞
𢆟
𢆠
𢇋
𢉼
𢉿
𢊀
𢊁
𢊂
𢊃
𢊄
𢊅
𢊆
𢊇
𢊈
𢊉
𢊊
𢊋
𢊌
𢊍
𢊎
𢊏
𢊐
𢊑
𢊒
𢊓
𢊔
𢍢
𢍣
𢍤
𢍥
𢎏
𢎐
𢐊
𢐋
𢐌
𢐍
𢐎
𢐏
𢐐
𢐑
𢑥
𢑦
𢑧
𢒤
𢒥
𢒦
𢒧
𢒨
𢔲
𢔳
𢔴
𢔵
𢔶
𢔷
𢔸
𢔹
𢔺
𢔻
𢔼
𢔽
𢔾
𢔿
𢕀
𢕁
𢕂
𢕃
𢕄
𢕅
𢕆
𢕇
𢕈
𢕉
𢕊
𢕋
𢕌
𢕍
𢕎
𢕧
𢞍
𢞎
𢞏
𢞐
𢞑
𢞒
𢞓
𢞔
𢞕
𢞖
𢞗
𢞘
𢞙
𢞚
𢞛
𢞜
𢞝
𢞞
𢞟
𢞠
𢞡
𢞢
𢞣
𢞤
𢞥
𢞦
𢞧
𢞨
𢞩
𢞪
𢞫
𢞬
𢞭
𢞮
𢞯
𢞰
𢞱
𢞲
𢞳
𢞴
𢞵
𢞶
𢞷
𢞸
𢞹
𢞺
𢞻
𢞼
𢞽
𢞾
𢞿
𢟀
𢟁
𢟂
𢟃
𢟄
𢟅
𢟆
𢟇
𢟈
𢟉
𢟊
𢟋
𢟌
𢟍
𢟎
𢟏
𢟐
𢟑
𢟒
𢟓
𢟔
𢟕
𢟖
𢟗
𢟘
𢟙
𢟚
𢟛
𢟜
𢟝
𢟞
𢟟
𢧔
𢧕
𢧖
𢧗
𢧘
𢧙
𢧚
𢧛
𢧜
𢧝
𢧞
𢧟
𢧠
𢧡
𢩖
𢩗
𢰿
𢱟
𢱠
𢱡
𢱢
𢱣
𢱤
𢱥
𢱦
𢱧
𢱨
𢱩
𢱪
𢱫
𢱬
𢱭
𢱮
𢱯
𢱰
𢱱
𢱲
𢱳
𢱴
𢱵
𢱶
𢱷
𢱸
𢱹
𢱺
𢱻
𢱼
𢱽
𢱾
𢱿
𢲀
𢲁
𢲂
𢲃
𢲄
𢲅
𢲆
𢲇
𢲈
𢲉
𢲊
𢲋
𢲌
𢲍
𢲎
𢲏
𢲐
𢲑
𢲒
𢲓
𢲔
𢲕
𢲖
𢲗
𢲘
𢲙
𢲚
𢲛
𢲜
𢲝
𢲞
𢲟
𢲠
𢲡
𢲢
𢲣
𢲤
𢲥
𢲦
𢲧
𢲨
𢲩
𢲪
𢲫
𢲬
𢲭
𢲮
𢲯
𢲰
𢲱
𢲲
𢻕
𢻖
𢻗
𢻘
𢻙
𢽿
𢾀
𢾁
𢾂
𢾃
𢾄
𢾅
𢾆
𢾇
𢾈
𢾉
𢾊
𢾋
𢾌
𢾍
𢾎
𢾏
𢾐
𢾑
𢾒
𢾓
𢾔
𢾕
𢾖
𢾗
𢾘
𢾙
𢾚
𢾛
𢾜
𢾝
𢾞
𢾟
𢾠
𢾡
𢾢
𢾤
𢾥
𢿆
𣁗
𣁘
𣁙
𣂁
𣂃
𣂄
𣂅
𣂮
𣂯
𣂰
𣂱
𣂲
𣂳
𣂴
𣂵
𣄈
𣄉
𣄊
𣄋
𣄌
𣄍
𣄶
𣄷
𣄸
𣈤
𣈥
𣈦
𣈧
𣈨
𣈩
𣈪
𣈫
𣈬
𣈭
𣈮
𣈯
𣈱
𣈲
𣈳
𣈴
𣈵
𣈶
𣈷
𣈸
𣈹
𣈺
𣈻
𣈼
𣈽
𣈾
𣈿
𣉀
𣉁
𣉂
𣉃
𣉄
𣉅
𣉆
𣉇
𣉈
𣉉
𣉊
𣉋
𣉌
𣉍
𣉎
𣉏
𣉐
𣉑
𣉡
𣌾
𣌿
𣍀
𣍁
𣍂
𣎄
𣎅
𣎆
𣎇
𣎈
𣎉
𣎊
𣎋
𣎌
𣔱
𣔲
𣔳
𣔴
𣔵
𣔶
𣔷
𣔸
𣔹
𣔺
𣔻
𣔼
𣔽
𣔾
𣔿
𣕀
𣕁
𣕂
𣕃
𣕄
𣕅
𣕆
𣕇
𣕈
𣕉
𣕊
𣕋
𣕌
𣕍
𣕎
𣕏
𣕐
𣕑
𣕒
𣕓
𣕔
𣕕
𣕖
𣕗
𣕘
𣕙
𣕛
𣕜
𣕝
𣕞
𣕟
𣕠
𣕡
𣕢
𣕣
𣕥
𣕦
𣕧
𣕨
𣕩
𣕪
𣕫
𣕬
𣕭
𣕮
𣕯
𣕰
𣕱
𣕲
𣕳
𣕴
𣕵
𣕶
𣕷
𣕸
𣕹
𣕺
𣕻
𣕼
𣕽
𣕾
𣕿
𣖀
𣖁
𣖂
𣖃
𣖄
𣖅
𣖆
𣖇
𣖈
𣖉
𣖊
𣖋
𣖌
𣖍
𣖎
𣖏
𣖐
𣖑
𣖒
𣖓
𣖕
𣖖
𣖗
𣖘
𣖙
𣖚
𣖛
𣖜
𣖝
𣖞
𣖟
𣖠
𣖡
𣖢
𣖣
𣖤
𣖥
𣖦
𣖧
𣖨
𣖩
𣣝
𣣞
𣣟
𣣠
𣣡
𣣢
𣣣
𣣤
𣣥
𣣦
𣣧
𣣨
𣣩
𣣪
𣣫
𣣬
𣣭
𣣮
𣣯
𣣰
𣣱
𣦇
𣦈
𣦉
𣦊
𣦌
𣦍
𣦎
𣦏
𣨱
𣨲
𣨳
𣨴
𣨵
𣨶
𣨷
𣨸
𣨹
𣨺
𣨻
𣨼
𣨽
𣨾
𣨿
𣩀
𣩁
𣩂
𣩃
𣪠
𣪡
𣪢
𣪣
𣪤
𣪥
𣪦
𣪧
𣪨
𣪩
𣪪
𣪫
𣪬
𣪭
𣫹
𣬍
𣮨
𣮩
𣮪
𣮫
𣮬
𣮭
𣮮
𣮯
𣮰
𣮱
𣮲
𣮳
𣮴
𣮵
𣮶
𣮷
𣮸
𣮹
𣮺
𣮻
𣮼
𣮽
𣮾
𣮿
𣯀
𣯁
𣯂
𣯃
𣯄
𣱏
𣱦
𣱧
𣱨
𣹝
𣹞
𣹟
𣹠
𣹡
𣹢
𣹣
𣹤
𣹥
𣹦
𣹧
𣹨
𣹩
𣹪
𣹫
𣹬
𣹭
𣹮
𣹯
𣹰
𣹱
𣹲
𣹳
𣹴
𣹵
𣹶
𣹷
𣹸
𣹹
𣹺
𣹻
𣹼
𣹽
𣹾
𣹿
𣺀
𣺁
𣺂
𣺃
𣺄
𣺅
𣺆
𣺇
𣺈
𣺉
𣺊
𣺋
𣺌
𣺍
𣺎
𣺏
𣺐
𣺑
𣺒
𣺓
𣺔
𣺕
𣺖
𣺗
𣺘
𣺙
𣺚
𣺛
𣺜
𣺝
𣺞
𣺟
𣺠
𣺡
𣺢
𣺣
𣺤
𣺥
𣺦
𣺧
𣺨
𣺩
𣺪
𣺫
𣺬
𣺭
𣺮
𣺯
𣺰
𣺱
𣺲
𣺳
𣺴
𣺵
𣺶
𣺷
𣺸
𣺹
𣺺
𣺻
𣺼
𣺽
𣺾
𣺿
𣻀
𣻁
𣻂
𣻃
𣻄
𣻅
𣻆
𣻇
𣻈
𣻉
𣻊
𣻋
𣻌
𤊲
𤊳
𤊴
𤊵
𤊶
𤊷
𤊸
𤊹
𤊺
𤊻
𤊼
𤊽
𤊾
𤊿
𤋀
𤋁
𤋂
𤋃
𤋄
𤋅
𤋆
𤋇
𤋈
𤋉
𤋊
𤋋
𤋌
𤋍
𤋎
𤋏
𤋐
𤋑
𤋒
𤋓
𤋔
𤋕
𤋖
𤋗
𤋘
𤋙
𤋚
𤋛
𤋜
𤋝
𤋞
𤋟
𤋠
𤋡
𤋢
𤋣
𤋤
𤋥
𤋦
𤋧
𤋨
𤋩
𤋪
𤋫
𤋬
𤋭
𤋮
𤋯
𤋰
𤋱
𤋲
𤋴
𤋵
𤋶
𤋷
𤋸
𤋹
𤋺
𤋻
𤋼
𤋽
𤋾
𤋿
𤌀
𤌁
𤌂
𤌃
𤌄
𤌅
𤌆
𤍏
𤔜
𤔝
𤔞
𤔟
𤔠
𤔡
𤕘
𤕤
𤕥
𤖌
𤖍
𤖎
𤗘
𤗙
𤗚
𤗛
𤗜
𤗝
𤗞
𤗟
𤗠
𤗡
𤘐
𤚍
𤚎
𤚏
𤚐
𤚑
𤚒
𤚓
𤚔
𤚕
𤚖
𤚗
𤚘
𤚙
𤚚
𤚛
𤚜
𤚝
𤚞
𤚟
𤚠
𤚡
𤚢
𤚣
𤚤
𤚦
𤚧
𤚨
𤚿
𤟵
𤠍
𤠎
𤠏
𤠐
𤠑
𤠒
𤠓
𤠔
𤠕
𤠖
𤠗
𤠘
𤠙
𤠚
𤠛
𤠜
𤠝
𤠞
𤠟
𤠠
𤠡
𤠢
𤠣
𤠤
𤠥
𤠦
𤠧
𤠨
𤠩
𤠪
𤠫
𤠬
𤠭
𤠮
𤠯
𤠰
𤠱
𤠲
𤠳
𤠴
𤠵
𤠶
𤠷
𤠸
𤦯
𤦰
𤦱
𤦲
𤦳
𤦴
𤦵
𤦶
𤦷
𤦸
𤦹
𤦺
𤦻
𤦼
𤦽
𤦾
𤦿
𤧀
𤧁
𤧂
𤧃
𤧄
𤧅
𤧆
𤧇
𤧈
𤧉
𤧊
𤧋
𤧌
𤧍
𤧎
𤧏
𤧐
𤧑
𤧒
𤧓
𤧔
𤧕
𤧖
𤧗
𤧘
𤧙
𤧚
𤧛
𤧜
𤧝
𤧞
𤧟
𤧠
𤧡
𤧢
𤧣
𤧤
𤧥
𤧦
𤧧
𤧨
𤧩
𤬁
𤬂
𤬃
𤬄
𤬅
𤬆
𤭛
𤭜
𤭝
𤭞
𤭟
𤭠
𤭡
𤭢
𤭣
𤭤
𤭥
𤭦
𤭲
𤮖
𤯇
𤯬
𤯭
𤯮
𤯯
𤯰
𤯱
𤲑
𤲒
𤲓
𤲔
𤲕
𤲖
𤲗
𤲘
𤲙
𤲚
𤲛
𤲜
𤲝
𤲞
𤲟
𤲠
𤲡
𤲢
𤲣
𤲤
𤲥
𤲦
𤲧
𤲨
𤲩
𤲪
𤴜
𤴝
𤷂
𤷃
𤷄
𤷅
𤷆
𤷇
𤷈
𤷉
𤷊
𤷋
𤷌
𤷍
𤷎
𤷏
𤷐
𤷑
𤷒
𤷓
𤷔
𤷕
𤷖
𤷗
𤷘
𤷙
𤷚
𤷛
𤷜
𤷝
𤷞
𤷟
𤷠
𤷡
𤷢
𤷣
𤷤
𤷥
𤷦
𤷧
𤷨
𤷩
𤷪
𤷫
𤷬
𤷭
𤷮
𤷯
𤷰
𤷱
𤷲
𤷳
𤷴
𤷵
𤷶
𤷷
𤷸
𤷹
𤷺
𤼳
𤼴
𤼵
𤽹
𤽺
𤽻
𤽼
𤽽
𤽾
𤽿
𤾀
𤾁
𤾂
𤾃
𤾄
𤾅
𤾆
𤾇
𤿯
𤿳
𤿴
𤿵
𤿶
𤿷
𤿸
𤿹
𤿺
𤿻
𤿼
𤿽
𤿾
𤿿
𥁷
𥁸
𥁹
𥁺
𥁻
𥁼
𥁽
𥁾
𥁿
𥂀
𥂁
𥂂
𥇅
𥇉
𥇊
𥇋
𥇌
𥇎
𥇏
𥇐
𥇑
𥇒
𥇓
𥇔
𥇕
𥇖
𥇗
𥇘
𥇙
𥇚
𥇛
𥇜
𥇝
𥇞
𥇟
𥇠
𥇡
𥇢
𥇣
𥇤
𥇦
𥇧
𥇨
𥇩
𥇪
𥇬
𥇭
𥇮
𥇯
𥇰
𥇱
𥇲
𥇳
𥇴
𥇵
𥇶
𥇷
𥇸
𥇹
𥇺
𥇻
𥇼
𥇽
𥇾
𥇿
𥈀
𥈁
𥍲
𥍳
𥍴
𥍵
𥏘
𥏙
𥏚
𥏛
𥏜
𥏝
𥏞
𥏟
𥏠
𥏡
𥏢
𥏣
𥏤
𥏥
𥏦
𥏧
𥏨
𥏩
𥓊
𥓋
𥓌
𥓍
𥓎
𥓏
𥓐
𥓑
𥓒
𥓓
𥓔
𥓕
𥓖
𥓗
𥓘
𥓚
𥓛
𥓜
𥓝
𥓞
𥓟
𥓠
𥓡
𥓢
𥓣
𥓤
𥓥
𥓦
𥓧
𥓨
𥓩
𥓪
𥓫
𥓬
𥓭
𥓮
𥓯
𥓰
𥓱
𥓲
𥓳
𥓴
𥓵
𥓶
𥓷
𥓸
𥓹
𥚦
𥚧
𥚨
𥚩
𥚪
𥚫
𥚬
𥚭
𥚮
𥚯
𥚰
𥚱
𥚲
𥚳
𥚴
𥚵
𥚶
𥚷
𥚸
𥚹
𥚺
𥚻
𥚼
𥚽
𥚾
𥚿
𥛀
𥛁
𥛂
𥛃
𥛄
𥝃
𥟍
𥟎
𥟏
𥟐
𥟑
𥟒
𥟓
𥟔
𥟕
𥟖
𥟗
𥟘
𥟙
𥟚
𥟛
𥟜
𥟝
𥟞
𥟟
𥟠
𥟡
𥟢
𥟣
𥟤
𥟥
𥟦
𥟧
𥟨
𥟩
𥟪
𥟫
𥟬
𥟭
𥟮
𥟯
𥟰
𥟱
𥟲
𥟳
𥟴
𥟵
𥟶
𥟷
𥟸
𥟹
𥟺
𥟻
𥟼
𥦛
𥦜
𥦝
𥦞
𥦟
𥦠
𥦡
𥦢
𥦣
𥦤
𥦥
𥦦
𥦧
𥦨
𥦩
𥦪
𥦫
𥦬
𥦭
𥦮
𥦯
𥦰
𥦱
𥦲
𥦳
𥦴
𥦵
𥦶
𥦷
𥪊
𥪋
𥪌
𥪍
𥪎
𥪏
𥪐
𥪑
𥪒
𥪓
𥪔
𥪕
𥪖
𥪗
𥭐
𥭑
𥭒
𥭓
𥭔
𥭕
𥭖
𥭗
𥭘
𥭙
𥭚
𥭛
𥭜
𥭝
𥭞
𥭟
𥭠
𥭡
𥭢
𥭣
𥭤
𥭥
𥭦
𥭧
𥭨
𥭩
𥭪
𥭫
𥭬
𥭭
𥭮
𥭯
𥭰
𥭱
𥭲
𥭳
𥭴
𥭵
𥭶
𥭷
𥭸
𥭹
𥭺
𥭻
𥭼
𥭽
𥭾
𥭿
𥮀
𥮁
𥮂
𥮃
𥮄
𥮅
𥮆
𥮇
𥮈
𥮉
𥮊
𥮋
𥮌
𥹲
𥹳
𥹴
𥹵
𥹶
𥹷
𥹸
𥹹
𥹺
𥹻
𥹼
𥹽
𥹾
𥹿
𥺀
𥺁
𥺂
𥺃
𥺄
𥺅
𥺆
𥺇
𥺈
𥺉
𥺊
𥺋
𥺌
𥺍
𥺎
𥺏
𥺐
𥺑
𥺒
𥺓
𥺔
𥺕
𥺖
𥺗
𦀒
𦀓
𦀔
𦀕
𦀖
𦀘
𦀙
𦀚
𦀛
𦀜
𦀝
𦀞
𦀟
𦀠
𦀡
𦀢
𦀣
𦀤
𦀥
𦀦
𦀧
𦀨
𦀩
𦀪
𦀫
𦀬
𦀭
𦀮
𦀯
𦀰
𦀱
𦀲
𦀳
𦀴
𦀵
𦀶
𦀷
𦀸
𦀹
𦀺
𦀻
𦀼
𦀽
𦀾
𦀿
𦁀
𦁁
𦁂
𦁃
𦁄
𦁅
𦈖
𦈗
𦈘
𦈙
𦈴
𦈵
𦈶
𦈷
𦋅
𦋆
𦋇
𦋈
𦋉
𦋊
𦋋
𦋌
𦋍
𦋎
𦋏
𦋐
𦋒
𦋓
𦋔
𦋕
𦋖
𦋗
𦋘
𦋙
𦋚
𦋛
𦋜
𦎆
𦎇
𦎈
𦎉
𦎊
𦎋
𦎌
𦎍
𦎎
𦎏
𦎐
𦎑
𦎒
𦎓
𦎔
𦎕
𦎖
𦐸
𦐹
𦐺
𦐻
𦐼
𦐽
𦐾
𦐿
𦑀
𦑁
𦑂
𦑃
𦑄
𦑆
𦓁
𦓖
𦓴
𦓵
𦓶
𦕣
𦕵
𦕶
𦕷
𦕸
𦕹
𦕺
𦕻
𦕼
𦕽
𦕾
𦕿
𦖀
𦖁
𦖂
𦖃
𦖄
𦖅
𦖆
𦖇
𦖗
𦘛
𦘜
𦝚
𦝛
𦝜
𦝝
𦝞
𦝟
𦝠
𦝡
𦝢
𦝣
𦝤
𦝥
𦝦
𦝧
𦝨
𦝩
𦝪
𦝫
𦝬
𦝭
𦝮
𦝯
𦝰
𦝱
𦝲
𦝳
𦝴
𦝵
𦝶
𦝷
𦝸
𦝹
𦝺
𦝻
𦝼
𦝽
𦝾
𦝿
𦞀
𦞁
𦞂
𦞃
𦞄
𦞅
𦞆
𦞇
𦞈
𦞉
𦞊
𦞋
𦞌
𦞍
𦞎
𦞏
𦞐
𦞑
𦞒
𦞓
𦞔
𦞕
𦞖
𦞗
𦞘
𦟓
𦟔
𦤔
𦥁
𦥳
𦥴
𦥵
𦥶
𦥷
𦥸
𦥹
𦥺
𦧞
𦨳
𦨽
𦨾
𦨿
𦩀
𦩁
𦩂
𦩃
𦩄
𦩅
𦩆
𦩇
𦩈
𦩉
𦫏
𦫛
𦫜
𦫝
𦳁
𦳂
𦳃
𦳄
𦳅
𦳆
𦳇
𦳈
𦳉
𦳊
𦳋
𦳌
𦳍
𦳎
𦳏
𦳐
𦳑
𦳒
𦳓
𦳔
𦳕
𦳖
𦳗
𦳘
𦳙
𦳚
𦳛
𦳜
𦳞
𦳟
𦳠
𦳡
𦳢
𦳣
𦳤
𦳥
𦳦
𦳧
𦳨
𦳩
𦳪
𦳫
𦳬
𦳭
𦳮
𦳯
𦳰
𦳱
𦳲
𦳳
𦳴
𦳵
𦳶
𦳷
𦳸
𦳹
𦳺
𦳻
𦳼
𦳽
𦳾
𦳿
𦴀
𦴁
𦴂
𦴃
𦴄
𦴅
𦴆
𦴇
𦴈
𦴉
𦴊
𦴋
𦴌
𦴍
𦴎
𦴏
𦴐
𦴑
𦴒
𦴓
𦴔
𦴕
𦴖
𦴗
𦴘
𦴙
𦴚
𦴛
𦴜
𦴝
𦴞
𦴟
𦴠
𦴡
𦴢
𦴣
𦴤
𦴥
𦴦
𦴧
𦴨
𦴩
𦴪
𦴫
𦴬
𦴭
𦴮
𦴯
𦴰
𦴱
𦴲
𦴳
𦴴
𦴵
𦴶
𦴷
𦴸
𦴹
𦴺
𦴻
𦴼
𦴽
𦴾
𦴿
𦵀
𦵁
𦵂
𦵃
𦵄
𦵅
𦵆
𦵈
𦵉
𦵊
𦵋
𦵌
𦵍
𦵎
𦵏
𦵐
𦵑
𦵒
𦵓
𦵔
𦵕
𦵖
𦵗
𦵘
𦵙
𦵚
𦵛
𦵜
𦵝
𦵞
𦵟
𦵠
𧆺
𧆻
𧆼
𧆽
𧆾
𧆿
𧇀
𧊫
𧊮
𧋈
𧋉
𧋊
𧋋
𧋌
𧋍
𧋎
𧋏
𧋐
𧋑
𧋒
𧋓
𧋔
𧋕
𧋖
𧋗
𧋘
𧋙
𧋚
𧋛
𧋜
𧋝
𧋟
𧋠
𧋡
𧋢
𧋣
𧋤
𧋥
𧋦
𧋧
𧋨
𧋩
𧋪
𧋫
𧋬
𧋭
𧋮
𧋯
𧋰
𧋱
𧋲
𧋳
𧋴
𧋵
𧋶
𧋷
𧋸
𧋹
𧋺
𧋻
𧋼
𧋽
𧋾
𧋿
𧌀
𧌁
𧌂
𧌞
𧖵
𧖶
𧖷
𧖸
𧖹
𧗲
𧗳
𧗴
𧗵
𧗶
𧗷
𧚤
𧚥
𧚦
𧚧
𧚨
𧚩
𧚪
𧚫
𧚬
𧚭
𧚮
𧚯
𧚰
𧚱
𧚲
𧚳
𧚴
𧚵
𧚶
𧚷
𧚸
𧚹
𧚺
𧚼
𧚽
𧚾
𧚿
𧛀
𧛁
𧛂
𧛃
𧛄
𧛅
𧛆
𧛇
𧛈
𧛉
𧛊
𧛋
𧛌
𧛍
𧛎
𧟯
𧟰
𧠨
𧠩
𧠪
𧠫
𧠬
𧠭
𧠮
𧠯
𧠰
𧠱
𧠲
𧠳
𧠴
𧠵
𧠶
𧠷
𧠸
𧠹
𧠺
𧣡
𧣢
𧣣
𧣤
𧣥
𧣦
𧣧
𧧃
𧧄
𧧅
𧧆
𧧇
𧧈
𧧉
𧧊
𧧋
𧧌
𧧍
𧧎
𧧏
𧧐
𧧑
𧧒
𧧓
𧧔
𧧕
𧧖
𧧗
𧧘
𧧙
𧧚
𧧛
𧧜
𧧝
𧧞
𧧟
𧧠
𧧡
𧧢
𧧣
𧧤
𧧥
𧧦
𧧧
𧧨
𧧩
𧧪
𧧫
𧧬
𧧭
𧧮
𧧯
𧧰
𧧱
𧧲
𧧳
𧨜
𧮵
𧮶
𧮷
𧯥
𧯦
𧯧
𧯨
𧰿
𧱀
𧱁
𧱂
𧱃
𧱄
𧱅
𧱆
𧱇
𧱈
𧱉
𧱊
𧱋
𧱌
𧲾
𧲿
𧳀
𧳁
𧳂
𧳃
𧳄
𧳅
𧳆
𧳇
𧳈
𧳉
𧵣
𧵤
𧵥
𧵦
𧵧
𧵨
𧵩
𧵪
𧵫
𧵬
𧵭
𧵮
𧵯
𧵰
𧵱
𧵲
𧵳
𧵴
𧵵
𧵶
𧵷
𧵸
𧵹
𧵺
𧵻
𧵼
𧵽
𧵾
𧵿
𧶀
𧶁
𧶂
𧶃
𧶄
𧹠
𧹡
𧹢
𧻐
𧻑
𧻒
𧻓
𧻔
𧻕
𧻖
𧻗
𧻘
𧻙
𧻚
𧻛
𧻜
𧻝
𧻞
𧻟
𧻠
𧻡
𧻢
𧻣
𧻤
𧻥
𧻦
𧻧
𧻨
𧻩
𧻪
𧻫
𧻬
𧻭
𧻮
𨀕
𨀖
𨀗
𨀘
𨀙
𨀚
𨀛
𨀜
𨀝
𨀞
𨀟
𨀠
𨀡
𨀢
𨀣
𨀤
𨀥
𨀦
𨀧
𨀨
𨀩
𨀪
𨀫
𨀬
𨀭
𨀮
𨀯
𨀰
𨀱
𨀲
𨀳
𨀴
𨀵
𨀶
𨀷
𨀸
𨀹
𨀺
𨀻
𨀼
𨀽
𨀾
𨀿
𨃋
𨈸
𨈹
𨈺
𨈻
𨈼
𨈽
𨈾
𨈿
𨉀
𨉁
𨉂
𨉃
𨉄
𨉅
𨉆
𨉇
𨋨
𨋩
𨋪
𨋫
𨋬
𨋭
𨋮
𨋯
𨋰
𨋱
𨋲
𨋴
𨋵
𨋶
𨋷
𨋸
𨋹
𨋺
𨋻
𨋼
𨋽
𨋾
𨋿
𨌀
𨌁
𨐔
𨐕
𨐖
𨐗
𨑅
𨑆
𨑇
𨕝
𨕞
𨕟
𨕠
𨕡
𨕢
𨕣
𨕤
𨕥
𨕦
𨕧
𨕨
𨕩
𨕪
𨕬
𨕭
𨕮
𨕯
𨕰
𨕱
𨕲
𨕳
𨕴
𨕵
𨕶
𨕷
𨕸
𨕹
𨕺
𨕻
𨕼
𨕽
𨕾
𨕿
𨖀
𨖁
𨖂
𨖃
𨖄
𨖅
𨝋
𨝌
𨝍
𨝎
𨝏
𨝐
𨝑
𨝒
𨝓
𨝔
𨝕
𨝖
𨝗
𨝘
𨝙
𨝚
𨝛
𨝜
𨝝
𨝞
𨝟
𨝠
𨝡
𨝢
𨝣
𨝤
𨝥
𨝦
𨝧
𨝨
𨝩
𨝪
𨝹
𨠤
𨠥
𨠦
𨠧
𨠨
𨠩
𨠪
𨠫
𨠬
𨠭
𨠮
𨠯
𨠰
𨠱
𨠲
𨠳
𨠴
𨠵
𨠶
𨤪
𨤫
𨥥
𨥦
𨥧
𨥨
𨥩
𨥪
𨥬
𨥭
𨥮
𨥯
𨥰
𨥱
𨥲
𨥳
𨥴
𨥵
𨥶
𨥷
𨥸
𨥹
𨥺
𨥻
𨥼
𨥽
𨥾
𨥿
𨦀
𨦁
𨱉
𨱊
𨱋
𨱌
𨱲
𨱳
𨱴
𨱵
𨱶
𨱷
𨱸
𨱹
𨱺
𨱻
𨱼
𨱾
𨱿
𨳳
𨳴
𨳵
𨳶
𨳷
𨳸
𨳹
𨳺
𨳻
𨳼
𨳽
𨳾
𨳿
𨴀
𨴁
𨴂
𨴃
𨴄
𨴅
𨴆
𨴇
𨴈
𨴉
𨴊
𨴋
𨴌
𨸉
𨸊
𨻮
𨻯
𨻰
𨻱
𨻲
𨻳
𨻴
𨻵
𨻶
𨻷
𨻸
𨻹
𨻺
𨻻
𨻼
𨻽
𨻾
𨻿
𨼀
𨼁
𨼂
𨼃
𨼄
𨼅
𨼆
𨼇
𨼈
𨼉
𨽶
𨾠
𨾡
𨾢
𨾣
𨾤
𨾥
𨾦
𨾧
𨾨
𨾩
𨾪
𨾫
𨾬
𨾭
𨾮
𨾯
𨾰
𨾱
𩂒
𩂓
𩂔
𩂕
𩂖
𩂗
𩂘
𩂙
𩂚
𩂛
𩂜
𩂝
𩂞
𩂟
𩂠
𩂡
𩇘
𩇙
𩇚
𩇛
𩇵
𩇶
𩈆
𩈇
𩈈
𩈉
𩈊
𩈋
𩈌
𩉡
𩉢
𩉣
𩉤
𩉥
𩉦
𩉧
𩉨
𩉩
𩉪
𩉫
𩉬
𩉭
𩉮
𩉯
𩉰
𩉱
𩉲
𩉳
𩉴
𩉵
𩉶
𩉷
𩎓
𩎔
𩎕
𩎖
𩎗
𩏿
𩐀
𩐁
𩐂
𩐘
𩐙
𩑙
𩑚
𩑛
𩑜
𩑝
𩑞
𩑟
𩑠
𩑡
𩑢
𩑣
𩑤
𩑥
𩑦
𩑧
𩑨
𩑩
𩑪
𩑫
𩑬
𩑭
𩑮
𩑯
𩖢
𩖣
𩖤
𩖥
𩖦
𩖧
𩖨
𩖩
𩖪
𩖫
𩖬
𩖭
𩖮
𩖯
𩖰
𩖱
𩖲
𩖳
𩙫
𩙬
𩙲
𩚨
𩚩
𩚪
𩚫
𩚬
𩚭
𩚮
𩚯
𩚰
𩚱
𩚲
𩚳
𩚴
𩚵
𩚶
𩚷
𩚸
𩚹
𩚺
𩚻
𩚼
𩚽
𩚾
𩚿
𩛀
𩛁
𩛂
𩛃
𩛄
𩛅
𩛆
𩛇
𩛈
𩠌
𩠔
𩠻
𩠼
𩠽
𩡰
𩡱
𩡲
𩡳
𩡴
𩡵
𩡶
𩨄
𩨋
𩨌
𩨍
𩨜
𩨝
𩨞
𩨟
𩨠
𩨡
𩨢
𩨣
𩨤
𩨥
𩨦
𩨧
𩨨
𩨩
𩨪
𩨫
𩪿
𩫀
𩫹
𩫺
𩫻
𩫼
𩫽
𩫾
𩰌
𩰫
𩰬
𩲊
𩲋
𩲌
𩲍
𩲎
𩲏
𩲐
𩲑
𩲒
𩲓
𩲔
𩲕
𩲖
𩲗
𩲘
𩲙
𩲚
𩲛
𩲜
𩲝
𩲞
𩲟
𩲠
𩵌
𩵍
𩵎
𩵏
𩵐
𩵑
𩵒
𩵓
𩾀
𩾒
𩾓
𩾔
𩾕
𩾖
𩾗
𩾘
𩾙
𩾚
𩾛
𩾜
𪉎
𪊋
𪊌
𪋼
𪋽
𪋾
𪋿
𪌀
𪎑
𪎳
𪐘
𪜛
𪝠
𪝡
𪝢
𪝣
𪝤
𪞂
𪞊
𪞫
𪞬
𪞵
𪞺
𪞻
𪟑
𪟒
𪟓
𪟣
𪟫
𪟶
𪠓
𪠔
𪠕
𪠠
𪠯
𪡪
𪡫
𪡬
𪡭
𪡮
𪡯
𪡰
𪡱
𪡲
𪡳
𪡴
𪡵
𪡶
𪡷
𪢮
𪣾
𪣿
𪤀
𪤁
𪤂
𪤃
𪤄
𪤅
𪤆
𪤇
𪤈
𪤉
𪤊
𪤋
𪤌
𪤍
𪤳
𪤶
𪥙
𪥚
𪥛
𪦑
𪦒
𪦓
𪦔
𪦕
𪦖
𪧛
𪧜
𪧝
𪧞
𪧟
𪧠
𪨈
𪨒
𪨓
𪨔
𪩈
𪩉
𪩊
𪩋
𪩦
𪪅
𪪆
𪪜
𪪝
𪪷
𪫔
𪫕
𪬓
𪬔
𪬕
𪬖
𪬗
𪬘
𪬙
𪬚
𪬛
𪬜
𪬝
𪬞
𪭒
𪮏
𪮗
𪮘
𪮙
𪮚
𪮛
𪮜
𪮝
𪮞
𪮟
𪮠
𪮡
𪮢
𪯐
𪯽
𪰯
𪰰
𪰱
𪰲
𪰳
𪰴
𪰵
𪰶
𪰷
𪱤
𪱥
𪱦
𪱧
𪲰
𪲱
𪲲
𪲳
𪲴
𪲵
𪲶
𪲷
𪲸
𪲹
𪲺
𪲻
𪲼
𪲽
𪲾
𪲿
𪳀
𪳁
𪳂
𪳃
𪳄
𪳅
𪳆
𪳇
𪴯
𪴰
𪴹
𪴺
𪵏
𪵟
𪵦
𪶪
𪶫
𪶬
𪶭
𪶮
𪶯
𪶰
𪶱
𪶲
𪶳
𪶴
𪶵
𪶶
𪶷
𪶸
𪶹
𪶺
𪶻
𪶼
𪶽
𪶾
𪹄
𪹅
𪹆
𪹇
𪹈
𪹉
𪹊
𪹋
𪹌
𪹍
𪹎
𪹏
𪹐
𪹑
𪺔
𪺕
𪺰
𪻆
𪻇
𪻳
𪻴
𪻵
𪻶
𪻷
𪻸
𪻹
𪻺
𪻻
𪻼
𪻽
𪻾
𪻿
𪼀
𪼁
𪼂
𪼵
𪼺
𪼻
𪽃
𪽄
𪽅
𪽘
𪽙
𪽚
𪽲
𪾀
𪾁
𪾑
𪾒
𪾭
𪾮
𪾯
𪾰
𪿋
𪿤
𪿥
𪿦
𪿧
𪿨
𪿩
𫀚
𫀛
𫀹
𫀺
𫀻
𫁑
𫁒
𫁓
𫁥
𫁦
𫁾
𫁿
𫂀
𫂁
𫂂
𫂃
𫃁
𫃥
𫃦
𫃧
𫃨
𫃩
𫄯
𫄰
𫄺
𫅆
𫅇
𫅕
𫅨
𫅩
𫅵
𫅼
𫆄
𫆅
𫆆
𫆔
𫆦
𫆧
𫆨
𫇇
𫇎
𫇕
𫇖
𫈡
𫈢
𫈣
𫈤
𫈥
𫈦
𫈧
𫈨
𫈩
𫈪
𫈫
𫈬
𫈭
𫈮
𫈯
𫈱
𫈲
𫈳
𫈴
𫈵
𫊽
𫊾
𫊿
𫋀
𫋁
𫋾
𫋿
𫌀
𫌁
𫌂
𫌃
𫌄
𫌞
𫌫
𫌮
𫌯
𫌺
𫌻
𫍹
𫍺
𫎋
𫎖
𫎪
𫎮
𫎳
𫎴
𫏇
𫏈
𫏉
𫏊
𫏋
𫏪
𫏫
𫐒
𫐓
𫐛
𫐜
𫐺
𫐻
𫐼
𫐽
𫑧
𫑨
𫑩
𫑴
𫑵
𫒏
𫒐
𫒑
𫒒
𫒓
𫒔
𫓸
𫓹
𫓺
𫓻
𫓼
𫓽
𫓾
𫓿
𫔖
𫔜
𫔝
𫔞
𫔟
𫔠
𫔵
𫔶
𫕐
𫕑
𫕒
𫕓
𫕡
𫕢
𫕹
𫕺
𫖍
𫖗
𫖝
𫖲
𫖳
𫖻
𫗊
𫗎
𫗰
𫗱
𫘅
𫘪
𫘫
𫘬
𫘹
𫘺
𫙉
𫙏
𫚎
𫚏
𫚐
𫚑
𫛰
𫛱
𫛲
𫛳
𫛴
𫛵
𫜋
𫝋
𫝑
𫝽
𫞁
𫞓
𫞙
𫞚
𫞛
𫞱
𫞸
𫟒
𫟓
𫟮
𫟽
𫠅
𫠐
𫠷
𫠸
𫠹
𫠺
𫠻
𫠼
𫡯
𫡰
𫡵
𫡶
𫡽
𫡾
𫣑
𫣒
𫣓
𫣔
𫣕
𫣖
𫣙
𫣚
𫣞
𫣟
𫤞
𫤲
𫤷
𫥗
𫥘
𫥣
𫥧
𫥨
𫥩
𫦒
𫦓
𫦔
𫦕
𫦶
𫦷
𫧖
𫧗
𫧤
𫧳
𫧴
𫧽
𫨘
𫨙
𫨚
𫨛
𫨬
𫨭
𫨮
𫩆
𫩇
𫩉
𫪿
𫫃
𫫄
𫫅
𫫆
𫫇
𫫈
𫫉
𫫊
𫫋
𫫌
𫫍
𫫎
𫫏
𫫐
𫫑
𫫒
𫫕
𫫚
𫫛
𫫟
𫫢
𫭐
𫮒
𫮓
𫮔
𫮕
𫮖
𫮗
𫮘
𫮙
𫮚
𫮝
𫮢
𫯰
𫯱
𫯲
𫯳
𫯴
𫱒
𫱓
𫱔
𫱕
𫱖
𫱗
𫱘
𫱙
𫱚
𫱛
𫱜
𫱝
𫱞
𫱡
𫱩
𫲫
𫲬
𫳤
𫳥
𫳦
𫳧
𫳨
𫳩
𫳪
𫳬
𫳭
𫳮
𫳱
𫴰
𫴱
𫴲
𫴳
𫶊
𫶌
𫶍
𫶎
𫶏
𫶐
𫶯
𫷊
𫷋
𫷌
𫷍
𫷎
𫷏
𫷘
𫷙
𫷚
𫷢
𫷣
𫷺
𫷻
𫹜
𫹝
𫹞
𫹟
𫹠
𫹡
𫺠
𫺡
𫺦
𫺩
𫺳
𫺶
𫻿
𫼀
𫼑
𫽡
𫽣
𫽩
𫽪
𫽫
𫽮
𫽰
𫽱
𫽲
𫽳
𫽴
𫽵
𫽶
𫽾
𫿂
𫿃
𫿄
𫿅
𫿆
𫿇
𬀋
𬀌
𬀍
𬁂
𬁃
𬁄
𬁅
𬁆
𬁇
𬁈
𬁉
𬂄
𬂆
𬃅
𬃌
𬃑
𬃔
𬃕
𬃖
𬃗
𬃘
𬃙
𬃚
𬃛
𬃜
𬃞
𬃠
𬃡
𬃢
𬃣
𬃤
𬃥
𬃦
𬃧
𬃨
𬃩
𬃪
𬃫
𬃬
𬃭
𬃮
𬃵
𬃶
𬃸
𬃹
𬃺
𬃾
𬄃
𬅫
𬅬
𬆄
𬆅
𬆙
𬆛
𬆩
𬆪
𬆫
𬆬
𬆷
𬆺
𬇂
𬇶
𬈖
𬈗
𬈘
𬈙
𬈚
𬈝
𬈞
𬈟
𬈠
𬈢
𬈣
𬈤
𬈩
𬈰
𬊩
𬊪
𬊫
𬊬
𬊭
𬊮
𬊯
𬊰
𬊱
𬊳
𬋭
𬋮
𬌣
𬌤
𬌥
𬌽
𬌿
𬍀
𬍁
𬍴
𬍵
𬍶
𬍸
𬍹
𬍺
𬍻
𬎮
𬎱
𬎷
𬎸
𬎹
𬏋
𬏙
𬏰
𬏲
𬏳
𬏴
𬏵
𬐋
𬐌
𬐍
𬐎
𬐢
𬐣
𬐤
𬐥
𬐦
𬐧
𬑘
𬑙
𬑚
𬑛
𬑮
𬑴
𬒒
𬒓
𬒔
𬒕
𬓁
𬓂
𬓄
𬓉
𬓋
𬓌
𬓍
𬓭
𬓮
𬓯
𬓰
𬔍
𬔡
𬔢
𬔣
𬕂
𬕃
𬕄
𬕅
𬕆
𬕇
𬕈
𬕉
𬕊
𬕋
𬕌
𬕍
𬖝
𬖞
𬖟
𬖠
𬗔
𬗕
𬗖
𬗗
𬗙
𬗚
𬗛
𬗜
𬗝
𬗞
𬘷
𬘹
𬘺
𬘻
𬘼
𬘽
𬙠
𬙢
𬙣
𬙴
𬚃
𬚚
𬚛
𬚜
𬚝
𬚫
𬚿
𬛉
𬛊
𬛋
𬛦
𬛺
𬜇
𬝚
𬝛
𬝜
𬝝
𬝞
𬝟
𬝠
𬝡
𬝢
𬝣
𬝤
𬝥
𬝦
𬝧
𬝩
𬝫
𬝬
𬝭
𬝮
𬝯
𬝰
𬝱
𬝲
𬝳
𬝼
𬝿
𬞅
𬞆
𬞈
𬟫
𬟬
𬟭
𬠈
𬠉
𬠋
𬠌
𬠍
𬡛
𬡝
𬡠
𬡢
𬡣
𬡹
𬢏
𬢐
𬢖
𬢣
𬢤
𬢥
𬢦
𬢧
𬢨
𬢩
𬤘
𬤙
𬤚
𬤛
𬤜
𬤷
𬥈
𬥔
𬥕
𬥺
𬥻
𬥼
𬥽
𬦂
𬦌
𬦍
𬦬
𬦭
𬦮
𬦯
𬦰
𬦱
𬧣
𬧵
𬨍
𬨎
𬨏
𬨺
𬨻
𬨼
𬨽
𬨾
𬨿
𬩂
𬩺
𬪑
𬪩
𬪾
𬫆
𬫇
𬫈
𬫉
𬫊
𬫋
𬫌
𬭑
𬭓
𬭔
𬭕
𬭖
𬭗
𬭘
𬭙
𬭚
𬭛
𬭜
𬭝
𬭡
𬮄
𬮉
𬯑
𬯒
𬯓
𬯕
𬯫
𬯻
𬰗
𬰘
𬰚
𬰛
𬰪
𬰵
𬱣
𬱤
𬱥
𬲁
𬲂
𬳈
𬳉
𬳊
𬳋
𬳌
𬳍
𬳏
𬳜
𬳨
𬴅
𬴆
𬴳
𬵁
𬵂
𬶊
𬶋
𬶌
𬶍
𬶎
𬶼
𬸒
𬸓
𬸔
𬸕
𬸖
𬸗
𬹆
𬹾
𬹿
𬺀
𬺗
𬺘
𬻩
𬻪
𬻫
𬻬
𬻮
𬻹
𬼵
𬼻
𬽕
𬽖
𬽗
𬽘
𬿐
𬿑
𬿒
𬿓
𬿔
𬿕
𬿖
𬿗
𬿘
𬿙
𬿚
𬿛
𬿜
𬿝
𬿞
𬿟
𬿫
𬿮
𭀮
𭀯
𭁗
𭁘
𭂁
𭂜
𭂝
𭂞
𭂸
𭂹
𭄆
𭄇
𭄈
𭄉
𭄊
𭄋
𭄌
𭄍
𭄎
𭄏
𭄐
𭄺
𭄻
𭄼
𭄽
𭄾
𭅂
𭅎
𭅏
𭅞
𭅧
𭅽
𭅾
𭆑
𭆒
𭆤
𭉋
𭉚
𭉛
𭉜
𭉝
𭉞
𭉟
𭉠
𭉢
𭉣
𭉤
𭉦
𭉧
𭉨
𭉩
𭉪
𭉬
𭉭
𭉮
𭉯
𭉰
𭉱
𭉲
𭉳
𭉴
𭉵
𭉶
𭉹
𭉺
𭉻
𭉼
𭉽
𭊅
𭊊
𭊋
𭍫
𭏌
𭏍
𭏎
𭏏
𭏐
𭏑
𭏒
𭏓
𭏔
𭏕
𭏗
𭏙
𭏚
𭏛
𭏜
𭏤
𭐖
𭐨
𭐩
𭑜
𭑝
𭑞
𭑟
𭒍
𭒎
𭒏
𭒑
𭒔
𭓕
𭓖
𭔆
𭔇
𭔉
𭔊
𭔋
𭔺
𭔻
𭔼
𭕑
𭕒
𭕥
𭕦
𭕧
𭕨
𭕩
𭕪
𭕫
𭕬
𭗀
𭗁
𭗂
𭗃
𭗄
𭗅
𭗆
𭘉
𭘯
𭘰
𭘲
𭘴
𭙩
𭙫
𭙺
𭚙
𭚣
𭛂
𭛃
𭛔
𭛕
𭛽
𭝡
𭝢
𭝤
𭝥
𭝦
𭝨
𭝫
𭝮
𭝯
𭝱
𭝲
𭝴
𭝵
𭝷
𭝹
𭝺
𭝻
𭝼
𭝿
𭞄
𭞆
𭞈
𭞋
𭞖
𭟷
𭟸
𭡏
𭡣
𭡤
𭡰
𭡲
𭡳
𭡴
𭡵
𭡸
𭡹
𭡺
𭡽
𭡾
𭡿
𭢀
𭢂
𭢃
𭢄
𭢆
𭢌
𭢎
𭣙
𭣼
𭣽
𭣾
𭣿
𭤀
𭤁
𭤂
𭤅
𭤣
𭤤
𭤿
𭥀
𭦨
𭦩
𭦪
𭦫
𭦭
𭦮
𭦯
𭦰
𭦱
𭦳
𭦴
𭦵
𭦶
𭦷
𭦸
𭦹
𭦻
𭦼
𭦽
𭦾
𭦿
𭧀
𭧁
𭨾
𭨿
𭩀
𭩃
𭪮
𭪶
𭪷
𭪸
𭪹
𭪻
𭪼
𭪽
𭪾
𭪿
𭫀
𭫁
𭫂
𭫃
𭫄
𭫅
𭫆
𭫇
𭫈
𭫉
𭫊
𭫋
𭫌
𭫍
𭫏
𭫐
𭫑
𭫙
𭭐
𭭑
𭭥
𭭪
𭭫
𭮙
𭮚
𭮛
𭮷
𭮸
𭯞
𭯟
𭰭
𭱁
𭱡
𭱢
𭱣
𭱤
𭱥
𭱦
𭱨
𭱩
𭱪
𭱬
𭱭
𭱯
𭱰
𭱱
𭱲
𭱴
𭱵
𭱶
𭱺
𭱻
𭲁
𭲝
𭵉
𭵊
𭵎
𭵏
𭵐
𭵑
𭵒
𭵓
𭵕
𭵗
𭵘
𭵙
𭵚
𭵛
𭵜
𭵝
𭵞
𭵟
𭵡
𭵨
𭵬
𭵭
𭵲
𭶳
𭸡
𭸢
𭹣
𭹤
𭹥
𭹦
𭹧
𭹨
𭹩
𭹮
𭺭
𭻛
𭻜
𭻝
𭻞
𭻟
𭻠
𭼂
𭼓
𭼔
𭼕
𭼖
𭽁
𭽙
𭽚
𭽛
𭽜
𭽬
𭽭
𭽮
𭾃
𭾄
𭾅
𭾹
𭾺
𭾻
𭾼
𭾽
𭾾
𭾿
𭿀
𭿁
𭿂
𭿃
𭿆
𮀃
𮀄
𮀢
𮀣
𮀦
𮀧
𮀨
𮀩
𮀪
𮀫
𮀴
𮂀
𮂃
𮂆
𮂇
𮃇
𮃈
𮃉
𮃊
𮃋
𮃌
𮃍
𮃎
𮃏
𮃐
𮃑
𮃒
𮃔
𮄁
𮄂
𮄃
𮄄
𮄅
𮄆
𮄇
𮄱
𮄲
𮄳
𮅑
𮅒
𮅓
𮅔
𮅚
𮇞
𮇟
𮇠
𮇡
𮇢
𮇣
𮇤
𮈑
𮈒
𮈓
𮈔
𮈕
𮈙
𮉳
𮉴
𮊈
𮊉
𮊊
𮊩
𮋃
𮋄
𮋪
𮋰
𮋱
𮋲
𮌕
𮌡
𮌢
𮌣
𮌤
𮌥
𮌨
𮌫
𮍐
𮍚
𮍛
𮍭
𮍮
𮍸
𮎍
𮎎
𮎏
𮎐
𮎘
𮏪
𮐃
𮐅
𮐆
𮐇
𮐈
𮐉
𮐊
𮐋
𮐌
𮐍
𮐎
𮐏
𮐐
𮐑
𮐒
𮐔
𮐖
𮐗
𮐙
𮐚
𮐛
𮐜
𮐝
𮐞
𮐟
𮐠
𮐤
𮑒
𮓥
𮓦
𮔉
𮔊
𮔋
𮔌
𮔍
𮔎
𮔏
𮔐
𮔑
𮔒
𮔓
𮔕
𮔖
𮔚
𮔜
𮕣
𮖄
𮖇
𮖈
𮖊
𮖋
𮖎
𮖓
𮖜
𮗏
𮗐
𮗑
𮗫
𮗬
𮗭
𮗮
𮗯
𮗱
𮗲
𮘈
𮘉
𮘊
𮘋
𮘌
𮘍
𮘎
𮘔
𮙍
𮙟
𮙠
𮚁
𮚂
𮚃
𮚄
𮚸
𮚹
𮛗
𮛘
𮜱
𮜲
𮜳
𮜴
𮜵
𮝍
𮝎
𮝏
𮝐
𮝑
𮝷
𮝸
𮞶
𮞷
𮞸
𮞹
𮞺
𮞻
𮞼
𮟹
𮟺
𮠄
𮠥
𮠦
𮠧
𮠨
𮠩
𮠪
𮡔
𮡕
𮡖
𮡮
𮡯
𮡰
𮡳
𮣵
𮣻
𮣼
𮣽
𮤊
𮤋
𮤍
𮥓
𮥔
𮥕
𮥖
𮥘
𮥙
𮥚
𮥛
𮥻
𮦊
𮦋
𮦌
𮦍
𮧃
𮧅
𮧆
𮧔
𮨀
𮨁
𮨂
𮨧
𮨻
𮩳
𮩶
𮬥
𮮇
𮮦
𮮰
𮮲
𮮴
𮮽
𮯙
𮰇
𮰋
𮰨
𮱑
𮱒
𮱝
𮲊
𮲋
𮲌
𮲍
𮲑
𮲥
𮲶
𮲷
𮲸
𮳯
𮳰
𮳱
𮳲
𮳳
𮴦
𮴧
𮴨
𮵇
𮵈
𮵓
𮵣
𮵨
𮵱
𮵲
𮵳
𮶃
𮶄
𮶅
𮶆
𮶩
𮶪
𮶫
𮶾
𮷁
𮷒
𮷜
𮷤
𮷯
𮸐
𮸑
𮸒
𮸓
𮸧
𮸬
𮸮
𮸰
𮸲
𮸳
𮹌
𮹍
𮹒
𮹖
𮹗
備
僧
剷
嗂
圖
嘆
報
壷
夢
寘
嵮
巢
廊
慈
慎
搢
掩
㬙
暑
朡
椔
㮝
楂
殟
㴳
滇
𣻑
淹
煅
𤉣
瑜
𢆟
硎
碌
媵
辞
𦵫
𦳕
虜
䘵
𧲨
賁
趼
鄑
鈸
𩒖
頋
䬳
黹
𰀙
𰀚
𰁙
𰂪
𰂫
𰂬
𰃏
𰃐
𰃥
𰃲
𰄈
𰄉
𰄊
𰄻
𰄼
𰄽
𰅕
𰅨
𰅼
𰆧
𰇄
𰈑
𰈒
𰈓
𰈔
𰈕
𰈖
𰈗
𰈘
𰈙
𰈚
𰈛
𰈜
𰈝
𰈞
𰉒
𰊍
𰊎
𰊏
𰊐
𰊑
𰊒
𰊓
𰊔
𰊕
𰊖
𰊗
𰊘
𰋊
𰋓
𰋭
𰋮
𰌏
𰌐
𰌑
𰌒
𰌓
𰌔
𰌮
𰍎
𰍏
𰍐
𰍑
𰍒
𰍓
𰍔
𰍕
𰍖
𰍗
𰎁
𰎮
𰎯
𰎰
𰏝
𰏾
𰐤
𰐥
𰐶
𰑲
𰑴
𰑵
𰑶
𰑷
𰑸
𰑻
𰑽
𰑾
𰑿
𰒀
𰒂
𰒬
𰒭
𰒮
𰔅
𰔊
𰔌
𰔐
𰔑
𰔒
𰔓
𰔔
𰔖
𰔗
𰔘
𰔚
𰔛
𰔜
𰔝
𰔞
𰕂
𰕏
𰕐
𰕠
𰕮
𰖖
𰖗
𰖘
𰖙
𰖚
𰗊
𰗺
𰗻
𰗼
𰗽
𰗾
𰗿
𰘀
𰘁
𰘂
𰘃
𰘄
𰘅
𰘆
𰙒
𰙓
𰙔
𰙕
𰙯
𰙰
𰙱
𰙲
𰙳
𰚃
𰚄
𰚅
𰚌
𰚤
𰚥
𰚦
𰜏
𰜥
𰜦
𰜧
𰜨
𰜩
𰜪
𰜫
𰜬
𰜭
𰜮
𰜯
𰜰
𰞺
𰞻
𰞼
𰞽
𰞾
𰞿
𰟀
𰟁
𰟂
𰟃
𰟄
𰟅
𰟆
𰠅
𰠆
𰠸
𰡡
𰢃
𰢅
𰢆
𰢇
𰢈
𰢞
𰢟
𰢣
𰢤
𰣌
𰣡
𰣰
𰣱
𰣲
𰣳
𰣴
𰤑
𰤚
𰤛
𰤜
𰤫
𰤬
𰤭
𰤮
𰤼
𰥪
𰥫
𰥬
𰥭
𰥮
𰥯
𰥰
𰥱
𰥲
𰥳
𰥴
𰦑
𰦘
𰦙
𰧆
𰧇
𰧉
𰧊
𰨄
𰨅
𰨆
𰨇
𰨈
𰨉
𰨭
𰨮
𰨯
𰩐
𰩑
𰩒
𰩻
𰩼
𰩽
𰩾
𰪽
𰫥
𰫦
𰫧
𰫨
𰬱
𰬲
𰬳
𰬴
𰭑
𰭣
𰮧
𰮨
𰮪
𰮵
𰮷
𰮸
𰮹
𰮺
𰮼
𰮽
𰮾
𰮿
𰯀
𰰁
𰰂
𰰃
𰰄
𰰅
𰰍
𰰘
𰱝
𰱞
𰱟
𰱠
𰱡
𰱢
𰱣
𰱤
𰱥
𰱦
𰱧
𰱨
𰱩
𰱪
𰲠
𰲡
𰲢
𰲣
𰲺
𰲻
𰲼
𰲽
𰲾
𰳫
𰳬
𰳭
𰳻
𰳼
𰳽
𰳾
𰳿
𰴀
𰴚
𰴭
𰴮
𰴯
𰴰
𰴱
𰴲
𰴳
𰴴
𰴵
𰴶
𰴷
𰴸
𰶀
𰶁
𰶂
𰶃
𰶓
𰶛
𰷀
𰷁
𰷂
𰷃
𰷄
𰷦
𰷧
𰷯
𰷳
𰷵
𰷶
𰷷
𰸈
𰸉
𰸊
𰸋
𰸌
𰸍
𰸎
𰸏
𰹑
𰺒
𰺓
𰺔
𰺕
𰺧
𰺭
𰻆
𰻇
𰻩
𰻴
𰻵
𰻶
𰻸
𰼤
𰼥
𰼦
𰾌
𰾍
𰾎
𰾏
𰾐
𰾑
𰾒
𰾓
𰿞
𰿷
𰿸
𱀈
𱀉
𱀠
𱀪
𱀫
𱁒
𱁓
𱁲
𱂀
𱂊
𱂔
𱂕
𱂩
𱂪
𱂫
𱂬
𱂼
𱃞
𱃤
𱄅
𱄋
𱄎
𱅠
𱅡
𱅢
𱅣
𱅤
𱅥
𱅷
𱆣
𱇚
𱇛
𱇜
𱇝
𱇞
𱇟
𱇠
𱇡
𱇢
𱇣
𱇤
𱈝
𱊀
𱊁
𱊂
𱊃
𱊄
𱊅
𱊆
𱊇
𱊈
𱊉
𱊊
𱊋
𱊌
𱊍
𱊎
𱋐
𱋑
𱋒
𱋓
𱋔
𱋕
𱋾
𱋿
𱌀
𱌁
𱌂
𱌫
𱌬
𱌭
𱌮
𱌯
𱍢
𱍣
𱍤
𱍾
𱎎
𱎕
𱎖
𱏅
𱏆
𱏇
𱏈
𱏉
𱏊
𱏋
𱏵
𱏶
𱐋
𱐑
𱐢
𱐣
𱐼
𱑽
𱓪
𱓫
𱓬
𱓭
𱓮
𱓯
𱓰
𱓱
𱓲
𱓳
𱓴
𱓵
𱓶
𱓷
𱓸
𱓹
𱓺
𱓻
𱓼
𱓽
𱓾
𱓿
𱔀
𱔁
𱔂
𱔃
𱗛
𱗜
𱗝
𱗞
𱗟
𱗠
𱗡
𱗢
𱗣
𱗤
𱗥
𱗦
𱗧
𱗨
𱗩
𱘥
𱘧
𱙠
𱙡
𱙢
𱙣
𱙤
𱙥
𱙦
𱙿
𱚏
𱚐
𱚭
𱚽
𱜁
𱜂
𱜃
𱜄
𱜘
𱜙
𱜲
𱝡
𱝤
𱝷
𱞱
𱞲
𱞹
𱞽
𱞾
𱞿
𱟀
𱠞
𱠠
𱠢
𱠣
𱠤
𱠦
𱠧
𱠨
𱡞
𱡟
𱡬
𱢏
𱢐
𱢑
𱢒
𱢓
𱢔
𱢕
𱢖
𱢗
𱢘
𱣴
𱣶
𱣷
𱣸
𱣹
𱣺
𱣻
𱣼
𱤷
𱤸
𱥄
𱥅
𱥒
𱥓
𱥢
𱥣
𱦻
𱧮
𱧯
𱧰
𱧱
𱧳
𱧴
𱧵
𱧶
𱧷
𱧸
𱧹
𱧺
𱧻
𱧼
𱧽
𱧾
𱧿
𱨀
𱨁
𱨂
𱨃
𱨄
𱨅
𱨆
𱨇
𱨈
𱨉
𱨊
𱫠
𱫡
𱫢
𱫣
𱫤
𱫥
𱫦
𱫧
𱫨
𱫩
𱫪
𱫫
𱫬
𱫭
𱫮
𱭀
𱭁
𱭂
𱭃
𱭄
𱮒
𱮓
𱮔
𱮕
𱮖
𱮗
𱮘
𱯃
𱯉
𱯊
𱯋
𱯌
𱰙
𱰚
𱰸
𱰹
𱱈
𱱗
𱱸
𱲽
𱲾
𱲿
𱳀
𱳁
𱳂
𱳡
𱴌
𱴍
𱴎
𱴏
𱴐
𱴑
𱴒
𱴓
𱴔
𱴕
𱴖
𱴗
𱵕
𱵖
𱵗
𱵘
𱵙
𱵚
𱵛
𱶌
𱶍
𱶎
𱶏
𱶐
𱶑
𱶒
𱷃
𱷄
𱷅
𱷆
𱷇
𱷈
𱷉
𱷊
𱷩
𱷪
𱷫
𱷾
𱷿
𱹄
𱹅
𱹆
𱹇
𱹈
𱹉
𱹴
𱹵
𱻂
𱻃
𱻅
𱻆
𱻌
𱻍
𱻎
𱻚
𱻭
𱻮
𱻳
𱻿
𱼍
𱼎
𱼏
𱼐
𱼑
𱼒
𱼬
𱼳
𱽳
𱽴
𱽵
𱽶
𱽸
𱽹
𱽺
𱽼
𱽽
𱽾
𱽿
𱾄
𱿢
𱿣
𱿤
𱿥
𱿦
𱿧
𲀘
𲀯
𲀰
𲀱
𲀲
𲀳
𲁋
𲁎
𲁗
𲁘
𲁧
𲁨
𲁩
𲂓
𲂔
𲂭
𲂮
𲂯
𲃄
𲃅
𲃌
𲃝
𲃞
𲃟
𲃠
𲃡
𲃢
𲃣
𲃤
𲃥
𲃦
𲄝
𲄞
𲄟
𲄵
𲄶
𲅅
𲅆
𲅦
𲅧
𲅨
𲅩
𲅪
𲅫
𲆙
𲆪
𲆫
𲆬
𲇈
𲇉
𲈁
𲈂
𲈃
𲈄
𲈅
𲈆
𲈇
𲈈
𲈉
𲈊
𲈨
𲈩
𲉄
𲉅
𲉐
𲉜
𲉝
𲉪
𲉳
𲉴
𲊛
𲊢
𲊦
𲊼
𲊽
𲋇
𲋈
𲋓
𲋕
𲋩
𲋪
𲋫
𲌚
𲍌
𲍍
𲍽
𲍾
𲍿
𲎊