㑥
㒋
㒾
㓨
㓼
㔭
㕄
㕜
㕝
㕧
㕽
㖢
㖷
㘂
㘹
㚸
㜽
㞖
㞢
㞨
㟃
㠼
㠿
㡗
㡶
㡹
㢀
㢁
㢋
㢮
㣆
㣈
㥴
㧗
㧘
㩼
㪜
㫑
㫖
㭒
㭰
㮐
㮛
㯄
㯕
㰞
㰣
㰷
㱀
㱴
㲍
㳏
㴯
㴲
㶴
㷢
㷷
㸟
㸻
㹀
㹑
㹝
㹬
㺇
㺈
㺨
㺭
㺰
㽄
㽧
㽻
㾅
㾊
㾷
㾹
㿳
䀢
䀵
䀿
䂑
䂠
䂡
䂣
䃽
䅆
䅔
䅩
䅲
䆅
䇁
䇃
䇛
䇪
䈕
䈘
䈚
䈢
䉅
䊓
䊷
䊻
䊼
䌤
䌳
䎢
䎣
䏡
䏤
䏧
䏯
䐉
䐜
䐤
䑘
䑛
䒨
䓋
䓌
䓜
䓱
䔂
䔮
䖪
䗐
䗹
䘄
䘣
䘭
䙾
䚕
䚡
䚳
䛂
䛈
䛊
䛋
䛐
䛗
䜵
䜻
䝯
䞇
䟀
䟖
䟗
䠖
䠦
䡋
䡨
䡳
䢄
䣎
䥍
䦙
䦻
䧝
䧳
䧴
䨏
䩃
䫢
䭄
䭣
䯸
䰄
䰍
䱈
䲀
䲉
䲩
䲬
䲭
䳄
䳅
䳐
䴾
𠀓
𠀢
𠁤
𠁱
𠂔
𠂕
𠂩
𠂱
𠂺
𠃭
𠃼
𠆹
𠇜
𠈀
𠈈
𠈎
𠉕
𠉢
𠋡
𠋨
𠑴
𠑾
𠒁
𠒃
𠒅
𠒊
𠓡
𠔇
𠔒
𠖓
𠘪
𠙉
𠙭
𠙹
𠙾
𠚀
𠚋
𠚒
𠚦
𠚷
𠛔
𠝨
𠡥
𠡯
𠡸
𠤒
𠤔
𠤣
𠤫
𠥽
𠦐
𠦙
𠦵
𠨬
𠩊
𠪙
𠭈
𠭋
𠭏
𠭾
𠮇
𠮛
𠮡
𠯂
𠰚
𠳎
𠳓
𠵀
𠶮
𠷇
𠸭
𠹂
𠺏
𠻸
𠼠
𠾋
𠿘
𡀗
𡁫
𡉗
𡉶
𡊆
𡊇
𡊈
𡊏
𡋜
𡋝
𡏸
𡐫
𡒐
𡕝
𡖧
𡖳
𡗈
𡗼
𡘌
𡙠
𡚼
𡛷
𡟪
𡠋
𡠦
𡡒
𡡘
𡣼
𡥎
𡥐
𡪒
𡭕
𡰣
𡰯
𡰾
𡱁
𡱔
𡱢
𡱦
𡲑
𡲔
𡲖
𡲴
𡳠
𡳿
𡴄
𡴓
𡶈
𡷮
𡸟
𡸪
𡺔
𡽆
𡽔
𡿹
𢀇
𢀈
𢀉
𢀐
𢁓
𢂖
𢂴
𢃋
𢃌
𢃰
𢄢
𢄱
𢅜
𢆶
𢆿
𢇃
𢇆
𢇌
𢇨
𢇹
𢈟
𢈶
𢉡
𢉪
𢊀
𢊚
𢊳
𢋀
𢍄
𢍭
𢎈
𢎊
𢎍
𢎓
𢏎
𢐂
𢐋
𢐏
𢑡
𢑨
𢒃
𢒩
𢒲
𢓊
𢓗
𢓪
𢖿
𢗍
𢗱
𢙊
𢙺
𢚨
𢛥
𢝬
𢞱
𢠹
𢦲
𢦳
𢧾
𢨓
𢨙
𢨝
𢨞
𢨪
𢩚
𢫴
𢫾
𢮚
𢱆
𢴨
𢴷
𢺶
𢺿
𢻃
𢻈
𢻌
𢻩
𢻫
𢼉
𢼊
𢼘
𢽗
𢿆
𣂕
𣂖
𣄞
𣄮
𣅀
𣅌
𣆘
𣆚
𣊒
𣏃
𣏚
𣐁
𣐈
𣐑
𣓊
𣕓
𣖨
𣖲
𣘩
𣙼
𣚀
𣚁
𣚄
𣚌
𣜁
𣢃
𣢕
𣢙
𣣊
𣣌
𣣑
𣣬
𣣯
𣣰
𣣷
𣤌
𣤘
𣥅
𣥉
𣥨
𣥫
𣥴
𣦋
𣦗
𣦸
𣦹
𣧇
𣧋
𣧨
𣧸
𣨁
𣨂
𣩠
𣩬
𣬒
𣯃
𣯪
𣱇
𣱊
𣲵
𣳩
𣳪
𣸆
𣸗
𣻞
𣻲
𣿙
𤆟
𤆰
𤈕
𤉏
𤋇
𤎷
𤐦
𤔲
𤖻
𤜣
𤜳
𤝬
𤝽
𤟧
𤠒
𤢻
𤣵
𤤱
𤫆
𤫳
𤭣
𤭦
𤮀
𤮓
𤮻
𤯽
𤰭
𤱸
𤲸
𤴼
𤵬
𤶓
𤹌
𤹸
𤺊
𤺒
𤽁
𤽆
𤿙
𥀖
𥀞
𥁼
𥄆
𥄇
𥄏
𥄙
𥄚
𥄶
𥅭
𥉍
𥉙
𥊂
𥍢
𥍸
𥎨
𥏳
𥐀
𥐺
𥑏
𥒗
𥒲
𥔊
𥔵
𥕶
𥘅
𥘰
𥙂
𥙉
𥚉
𥛴
𥜰
𥝑
𥝮
𥝱
𥞎
𥠱
𥡯
𥢰
𥣓
𥥥
𥩎
𥩶
𥫞
𥫴
𥫽
𥬳
𥭡
𥯨
𥯱
𥰭
𥲕
𥲞
𥴺
𥸷
𥹊
𥺶
𥻍
𥻐
𥻓
𥻵
𥼩
𥼻
𥾒
𥾣
𥾩
𥾬
𥿅
𥿆
𥿩
𥿮
𥿴
𥿻
𦀦
𦁃
𦂛
𦃞
𦃠
𦄛
𦇵
𦇼
𦈱
𦉭
𦋮
𦋾
𦌿
𦍧
𦍺
𦎚
𦎸
𦏙
𦏤
𦏳
𦐉
𦐊
𦐖
𦐨
𦐼
𦐾
𦑡
𦑧
𦑺
𦒈
𦒿
𦓨
𦓵
𦔂
𦖝
𦘨
𦙆
𦙰
𦙼
𦚘
𦚙
𦚚
𦚮
𦛎
𦛹
𦞤
𦞯
𦞲
𦤳
𦤴
𦤵
𦤸
𦥊
𦥎
𦥒
𦦂
𦧇
𦧓
𦧧
𦧪
𦧫
𦨟
𦫺
𦬷
𦭀
𦭄
𦭇
𦭩
𦮂
𦮈
𦮸
𦮺
𦯫
𦰘
𦰯
𦱓
𦱳
𦳊
𦳚
𦴀
𦶉
𦷚
𦸷
𦺱
𦼡
𦽕
𦽘
𦿨
𧀗
𧀚
𧀤
𧀩
𧀳
𧂐
𧈨
𧉌
𧉠
𧊍
𧊒
𧊙
𧊸
𧌔
𧌭
𧍤
𧏀
𧏍
𧏬
𧑖
𧓉
𧕓
𧕯
𧖊
𧘾
𧙁
𧙈
𧙋
𧚵
𧚺
𧛏
𧛧
𧜂
𧜍
𧞓
𧠉
𧠎
𧠜
𧠡
𧠵
𧡺
𧣄
𧣛
𧣤
𧣨
𧣶
𧤄
𧥕
𧥖
𧥝
𧥳
𧧅
𧧒
𧧕
𧧰
𧨴
𧩢
𧩹
𧪡
𧪳
𧬊
𧬜
𧬟
𧮦
𧰧
𧰬
𧰲
𧰽
𧱃
𧱅
𧱇
𧱒
𧲬
𧳅
𧳙
𧳚
𧳡
𧵋
𧶽
𧷕
𧹌
𧹛
𧹹
𧺠
𧺨
𧺼
𧾒
𧾕
𧿞
𧿿
𨀥
𨁾
𨃯
𨆋
𨈛
𨈪
𨋦
𨋰
𨌅
𨍁
𨍃
𨍟
𨍢
𨎜
𨎯
𨏇
𨐠
𨑭
𨒤
𨒬
𨒮
𨔀
𨕕
𨕟
𨖎
𨖤
𨗬
𨙸
𨚖
𨜐
𨝳
𨝶
𨟂
𨟕
𨟾
𨠐
𨠑
𨠶
𨢍
𨥌
𨧫
𨫔
𨱡
𨲁
𨲝
𨲦
𨴯
𨵂
𨸝
𨹀
𨽄
𨽸
𨽹
𨽼
𨾅
𨾈
𨾋
𨾛
𨾦
𨾱
𨾽
𨿇
𨿴
𩄚
𩆂
𩆃
𩆵
𩇱
𩉬
𩊝
𩊞
𩊴
𩋀
𩌦
𩌳
𩍲
𩎉
𩑽
𩒂
𩒐
𩓮
𩗮
𩚅
𩚻
𩛅
𩛉
𩛌
𩛏
𩜂
𩜊
𩜴
𩝙
𩝮
𩞡
𩞮
𩟄
𩡸
𩢑
𩢭
𩢲
𩥐
𩨱
𩨵
𩪒
𩪳
𩬫
𩬶
𩭐
𩭞
𩰢
𩲨
𩳲
𩵗
𩵷
𩶅
𩶆
𩶪
𩶬
𩷓
𩸟
𩺅
𩺛
𩻉
𩻨
𩾔
𩾰
𩿐
𩿒
𩿦
𩿨
𪀍
𪀒
𪀔
𪁓
𪁻
𪂅
𪂑
𪃝
𪄜
𪅵
𪆁
𪆗
𪇔
𪊍
𪊢
𪑿
𪓻
𪓿
𪔄
𪕊
𪕑
𪕵
𪕽
𪗉
𪗋
𪗐
𪗑
𪗧
𪗪
𪗶
𪗺
𪘱
𪘲
𪙉
𪙋
𪙐
𪙬
𪙶
𪙸
𪚍
𫕅
𫞕
𬺻
𬼘
𭁼
𭂜
𭅒
𭌦
𭚃
𭝝
𭣔
𭣰
𭣱
𭤮
𭥍
𭥎
𭭾
𭮀
𭳺
𭾟
𮈔
𮉟
𮋝
𮌖
𮑝
𮕩
𮕫
𮙛
𮥴
𮭋
𮮺
𮮼
𮮽