㑯
㑳
㒶
㔌
㕬
㖩
㗙
㙡
㛸
㜐
㜘
㜡
㝊
㞱
㠇
㡏
㣝
㣫
㤝
㧣
㨦
㩆
㩳
㫶
㮲
㯶
㲁
㲓
㲖
㳘
㸡
㹋
㹥
㺛
㻓
㼡
㼿
㾭
䂌
䅡
䅢
䅳
䆶
䆹
䇓
䇕
䇗
䇬
䈭
䈺
䉤
䊘
䋶
䎇
䎷
䎻
䎿
䏭
䐐
䐢
䐫
䐹
䑼
䓟
䔏
䗏
䗛
䗥
䘪
䘴
䙔
䙕
䚗
䜅
䜴
䝂
䝦
䞭
䠓
䠼
䡭
䡮
䡴
䢨
䤇
䤹
䧓
䨂
䩱
䩳
䪒
䪮
䬒
䭭
䯷
䯾
䰅
䰌
䰑
䱸
䲲
䳯
䶱
𠁾
𠂿
𠈅
𠉧
𠊣
𠊪
𠐊
𠕦
𠘨
𠙎
𠙜
𠛀
𠝠
𠝤
𠟍
𠟕
𠣘
𠧀
𠩹
𠪇
𠰍
𠱔
𠲌
𠲿
𠴾
𠷃
𠹐
𠾫
𠿈
𡂡
𡊹
𡔨
𡚾
𡟞
𡡓
𡥛
𡦢
𡧔
𡬮
𡬴
𡭮
𡴤
𡸋
𡸘
𡸨
𡾼
𢄼
𢈾
𢎦
𢓟
𢓵
𢔋
𢔩
𢕓
𢛒
𢣊
𢥠
𢫧
𢴼
𢽧
𣀓
𣆔
𣑁
𣔱
𣙻
𣭴
𣭵
𣮬
𣮸
𣯨
𣰃
𣰎
𣰟
𣰿
𤆑
𤎧
𤖬
𤙘
𤚉
𤚔
𤝹
𤟨
𤥮
𤬬
𤯚
𤸃
𥀙
𥃻
𥅪
𥅷
𥋜
𥌚
𥍽
𥎋
𥑸
𥖻
𥘭
𥛂
𥡬
𥡰
𥪃
𥪏
𥪙
𥪛
𥪥
𥬱
𥮢
𥮪
𥯪
𥲝
𥳓
𥳗
𥳛
𥶈
𥺝
𥺣
𥻤
𥻯
𥾹
𥾺
𥿦
𦄼
𦅓
𦅨
𦇗
𦈺
𦉂
𦉷
𦊝
𦑝
𦒲
𦒶
𦒸
𦔉
𦛑
𦝱
𦢩
𦣻
𦤂
𦧙
𦪋
𦬘
𦭴
𦳿
𦵩
𦸸
𦺀
𦺋
𦺌
𦼈
𧃝
𧆼
𧇟
𧉶
𧊕
𧊠
𧋐
𧌗
𧌼
𧍸
𧏋
𧏼
𧐍
𧑄
𧑆
𧔭
𧔳
𧘂
𧘣
𧙠
𧛤
𧛸
𧜃
𧝮
𧣷
𧤕
𧩞
𧩮
𧩻
𧫾
𧳜
𧳫
𧳶
𧳹
𧵃
𧵞
𧶍
𧺣
𧺥
𧻃
𧻫
𧻽
𧼝
𧼩
𧼭
𧼯
𧽏
𧾶
𨂡
𨃘
𨅑
𨅒
𨍊
𨑪
𨓭
𨔦
𨕦
𨖬
𨖼
𨛱
𨜗
𨝮
𨠆
𨠊
𨠤
𨡲
𨡻
𨨯
𨬗
𨮾
𨲇
𨳗
𨶰
𨺦
𨿿
𩅉
𩊣
𩊦
𩋄
𩌄
𩌅
𩍧
𩏶
𩒇
𩒊
𩒘
𩒧
𩒭
𩓣
𩖐
𩗣
𩗪
𩘌
𩘠
𩘭
𩛢
𩜯
𩝧
𩠐
𩠬
𩠶
𩢻
𩥫
𩧒
𩨻
𩮈
𩮶
𩶣
𪀖
𪀚
𪁿
𪃆
𪄻
𪆊
𪉮
𪋄
𪌫
𪎽
𪖁
𪠲
𫋎
𫝤
𫞋
𫠃
𬻈
𬻑
𬻘
𭃱
𭐴
𭕭
𭞁
𭷘
𭽪
𮍨
𮎢
𮐓
𮛙
𮜉
𮝇
𮣑
㐺
㑳
㒊
㓽
㖄
㖟
㗊
㗩
㗱
㘜
㙫
㠇
㠍
㠎
㣝
㣬
㤝
㥅
㥢
㦻
㧃
㧤
㩆
㫦
㫶
㮑
㮲
㮴
㲁
㲖
㲣
㳘
㴕
㵞
㵵
㷕
㹋
㹗
㹣
㻓
㼙
㾭
㿇
㿧
䁒
䄂
䅢
䅤
䅳
䆋
䆶
䇍
䇬
䈭
䈺
䉅
䊘
䋓
䋺
䌖
䎇
䎻
䎿
䏉
䐐
䐕
䐢
䐰
䐹
䑼
䒁
䓟
䔏
䔼
䖜
䗏
䗛
䘪
䙄
䛵
䜬
䝦
䞭
䠓
䡭
䤇
䤹
䦹
䧓
䨂
䩰
䪮
䬒
䭭
䮟
䮶
䯂
䯷
䯾
䱸
䲲
䵸
䶱
𠂂
𠃕
𠄓
𠄗
𠈅
𠊣
𠋛
𠋮
𠌷
𠍱
𠍸
𠑽
𠔾
𠙜
𠛏
𠝠
𠣘
𠦌
𠦜
𠦣
𠦧
𠦫
𠩹
𠪇
𠬧
𠬬
𠮍
𠯰
𠱔
𠱧
𠱬
𠵁
𠶻
𠷃
𠷎
𠷘
𠹐
𠽼
𠾉
𠿈
𠿠
𡁰
𡃃
𡅵
𡅺
𡍪
𡔨
𡕪
𡙕
𡟞
𡠦
𡣂
𡦿
𡯶
𡰔
𡰗
𡰜
𡷈
𡺚
𡿂
𡿻
𢃸
𢍐
𢏚
𢏝
𢑫
𢒣
𢓟
𢓵
𢔜
𢕃
𢕦
𢕬
𢘄
𢘅
𢛇
𢜱
𢝲
𢡉
𢢕
𢢧
𢣊
𢨐
𢨱
𢫧
𢬆
𢬞
𢮢
𢯱
𢱀
𢱻
𢴼
𢷗
𢽧
𢿟
𣀓
𣆔
𣈩
𣊂
𣍇
𣍝
𣐯
𣑁
𣒻
𣓕
𣔖
𣙻
𣚟
𣟼
𣥒
𣧓
𣧝
𣧩
𣪐
𣪾
𣫐
𣮬
𣮯
𣮸
𣯜
𣳀
𣴁
𣴻
𣸈
𣹌
𣹣
𣾫
𣿜
𣿠
𤁍
𤁧
𤇫
𤋃
𤕇
𤖗
𤖞
𤘀
𤙘
𤚂
𤚄
𤚔
𤟫
𤡗
𤬬
𤭰
𤯚
𤱜
𤶌
𤶍
𤶩
𤶯
𤷨
𤸂
𤸃
𤺁
𤻯
𤽘
𤽫
𤽬
𤾊
𤾦
𤿥
𤿮
𤿿
𥀙
𥅪
𥅫
𥆷
𥊬
𥋜
𥎋
𥑸
𥓾
𥖙
𥘱
𥙰
𥞏
𥞼
𥠃
𥠋
𥠿
𥣙
𥣨
𥤛
𥥉
𥬱
𥭛
𥮢
𥮪
𥰂
𥰞
𥱁
𥱵
𥲝
𥳛
𥴒
𥶈
𥺝
𥺣
𥻤
𥽳
𥿦
𥿲
𦂏
𦂝
𦃈
𦄖
𦄼
𦆜
𦈺
𦍟
𦍮
𦐅
𦖏
𦖣
𦗻
𦛑
𦜻
𦝖
𦝱
𦟤
𦠾
𦡗
𦢝
𦢩
𦣻
𦤒
𦦼
𦩈
𦩉
𦩙
𦩽
𦪋
𦪿
𦬘
𦭴
𦮆
𦰪
𦱫
𦳸
𦵒
𦵩
𦸚
𦺋
𦺌
𦺴
𦺵
𦻡
𧃝
𧅞
𧆼
𧇟
𧈆
𧊕
𧌅
𧌗
𧍸
𧍾
𧏋
𧐔
𧑄
𧑬
𧑸
𧒟
𧔭
𧔳
𧕠
𧙏
𧚨
𧚯
𧛳
𧛸
𧜃
𧟛
𧟟
𧡣
𧣕
𧣷
𧤉
𧤏
𧤕
𧥄
𧨷
𧩖
𧩮
𧫾
𧬃
𧬓
𧭍
𧯼
𧳜
𧳫
𧳶
𧳹
𧼭
𧽏
𧿅
𨂓
𨃘
𨉒
𨉜
𨌖
𨍊
𨍣
𨎵
𨒊
𨕦
𨖼
𨙩
𨛃
𨛄
𨛱
𨛶
𨛿
𨜈
𨜎
𨜛
𨝫
𨞪
𨞮
𨟢
𨟽
𨠤
𨡲
𨡻
𨢫
𨤇
𨤹
𨥇
𨦞
𨬝
𨶰
𨺧
𨻋
𨻸
𨻽
𨻿
𨾜
𨿈
𨿞
𩀕
𩀦
𩀻
𩅉
𩆭
𩇋
𩈟
𩊥
𩋄
𩋓
𩌄
𩍧
𩎕
𩏢
𩏶
𩏸
𩗪
𩘌
𩘦
𩘭
𩛢
𩜯
𩝧
𩝶
𩞉
𩦤
𩮈
𩳺
𩴍
𩵰
𩶣
𩽀
𩾵
𪀖
𪀚
𪁮
𪁿
𪄶
𪆩
𪈀
𪍗
𪎪
𪎽
𪓰
𪔁
𪔪
𪔻
𪕄
𪘴
𪘸
𪙗
𪚼
𪛁
𬄕
𬻂
𬻈
𬻑
𬻘
𬼫
𭀚
𭃱
𭉠
𭐖
𭐴
𭔶
𭕐
𭕒
𭘀
𭟶
𭣣
𭭩
𭰐
𭰱
𭳍
𭷘
𭽪
𮊸
𮎢
𮠖
𮠚
𮣑
𪥮
𫦈
㑉
㑐
㗤
㜚
㝛
㣃
㩆
㩋
㪩
㰗
㳤
㴼
㶖
䃞
䃤
䇍
䎌
䎘
䏋
䑿
䔥
䗛
䗩
䙘
䙯
䠓
䠞
䨹
䱙
𠁮
𠅩
𠇘
𠈇
𠉦
𠏔
𠘵
𠦑
𠱙
𠴫
𠷃
𠻏
𡄱
𡎺
𡖊
𡖕
𡞜
𡠽
𡤗
𡤥
𡦛
𡪴
𡬟
𡬧
𡭫
𡰿
𡳑
𢅪
𢆑
𢐫
𢐲
𢑍
𢙻
𢞣
𢢱
𢧇
𢭆
𢱩
𢳔
𢴀
𣢰
𣤶
𣥹
𣦽
𣩐
𣻪
𤛝
𤟏
𤠽
𤥔
𤩇
𤩈
𤩉
𥒭
𥞏
𥳛
𥷛
𥷼
𥼀
𥼫
𦂎
𦄉
𦄲
𦇰
𦘛
𦘝
𦟠
𦢑
𦪓
𦪥
𦪲
𦯂
𦼑
𧇐
𧐴
𧐶
𧑙
𧑲
𧞛
𧞰
𧠪
𧯩
𧼭
𧽧
𧽷
𨀚
𨁀
𨁕
𨇳
𨈄
𨉌
𨢲
𨣡
𨤨
𨳖
𨴖
𨴟
𨴠
𨴰
𨴳
𩈤
𩐡
𩘰
𩘹
𩚶
𩪿
𩱟
𩱱
𩴍
𩷌
𪂸
𪄑
𪆀
𪆭
𪐮
𪓰
𪓵
𪘏
𭀉
𭂑
𭐳
𭓔
𭣬
𭹲
𮌄
𮌆
𮣑
𮯇
㖅
㞮
㰵
㺷
䆯
䋶
䢦
䪼
䱣
䳳
𠦸
𠭴
𠮐
𠻜
𡰇
𢕑
𣘚
𣨛
𣸃
𤗪
𤭽
𥚋
𥾅
𧊥
𧑐
𧗿
𧜠
𧧓
𧪞
𨜿
𨻍
𩖶
𩘱
𪃚
𭅩
㖅
㞊
㞮
㰵
㺷
㾁
䆯
䋉
䋶
䘤
䢦
䪼
䱣
䳳
𠌭
𠦸
𠭴
𠮐
𠰕
𠻜
𡊍
𡰇
𢕅
𢕑
𣘚
𣨛
𣸃
𣻚
𤗪
𤭽
𥚋
𥾅
𦑋
𧊥
𧍓
𧑐
𧗵
𧗷
𧗿
𧜠
𧧓
𧪞
𧺒
𧺶
𨒳
𨜿
𨟰
𨻍
𩖶
𩘱
𪃚
𫠚
𭅩
㑓
㒞
㕙
㖺
㝦
㡄
㡒
㦏
㨚
㫩
㰬
㵌
㸪
㼱
㽦
㿤
䀏
䀢
䋸
䏛
䐃
䐇
䐏
䑞
䓐
䖲
䘩
䙉
䜭
䞭
䣩
䥎
䮞
䴄
𠆆
𠈼
𠊫
𠎲
𠣙
𠣚
𠣟
𠣡
𠣤
𠬫
𠭠
𠭼
𡉐
𡋴
𡍵
𡐩
𡕶
𡗥
𡥑
𡰺
𡳉
𡺲
𡻴
𡼕
𢏤
𢓈
𢓭
𢗋
𢞛
𢞧
𢡳
𢧋
𢧔
𢧨
𢧬
𢧸
𢨎
𢨣
𢵀
𢾎
𣆊
𣇚
𣈤
𣊨
𣌚
𣌠
𣌨
𣓓
𣕍
𣖼
𣘣
𣱡
𣹯
𣽊
𤮪
𤱬
𤲋
𤺻
𤿟
𥇜
𥋰
𥌲
𥤁
𥨏
𥬷
𥬹
𥯗
𥳦
𥾖
𥾡
𦎧
𦙛
𦚧
𦟢
𦨆
𦫝
𦳣
𦴌
𦸬
𦽑
𧂌
𧅪
𧓟
𧕷
𧕹
𧚉
𧥫
𧦏
𧩛
𧩽
𧪂
𧪱
𧬕
𧭫
𧭺
𧯕
𧸥
𧸩
𧾝
𧾠
𧾩
𨀴
𨅱
𨉩
𨌘
𨔵
𨘊
𨛐
𨝁
𨣳
𨣶
𨩃
𨫚
𨲄
𨶊
𨺠
𨺮
𨻅
𨾮
𨿓
𨿡
𩁛
𩊻
𩝘
𩯐
𪀠
𪀽
𪂹
𪄩
𪆾
𪔼
𪕞
𭂓
𭆙
𭱰
𭲾
𭳁
𭾜