㐨
㘧
㣽
㵖
㵰
㵵
㶆
㼋
㾒
㾻
㿾
䅷
䇡
䊰
䋈
䍱
䓚
䗥
䘫
䠧
䠱
䣄
䦽
𠨰
𡄲
𡈴
𡌘
𡜃
𡣈
𡫽
𡲁
𡲰
𢖵
𣀐
𣖹
𣬏
𣭠
𣹤
𤋰
𤍓
𤕞
𤝩
𤞎
𤶠
𥎗
𥙦
𥝱
𥞚
𥨲
𥱂
𥹍
𥹡
𦘽
𦬻
𦭨
𦯣
𦿀
𧄔
𧈚
𧊟
𧽟
𨌎
𨑦
𨚴
𨣦
𨹘
𨾯
𨾵
𩶂
𩶯
𪋮
𪏮
𪐧
𭄳
㐮
㑿
㒛
㒟
㘨
㘫
㙊
㚔
㜵
㞼
㟘
㠎
㠡
㡽
㥈
㦂
㨃
㨄
㨅
㩶
㩸
㭁
㲂
㲈
㲌
㲝
㲨
㳧
㵘
㷥
㷹
㸎
㸛
㹛
㹶
㺜
㺱
㼗
㼩
㽀
㽴
䁋
䁎
䂪
䂻
䂽
䃥
䃵
䄇
䄧
䄾
䅍
䆑
䆵
䇀
䇣
䇯
䇸
䈎
䉎
䉴
䋲
䌖
䌜
䌰
䍮
䎄
䎎
䏆
䐑
䐲
䑋
䑲
䒱
䔲
䕈
䕹
䖆
䖺
䗅
䘬
䙚
䙼
䚘
䚮
䝃
䝼
䟫
䠜
䠟
䡴
䢇
䤊
䤮
䥡
䦊
䩸
䫆
䬰
䭃
䭚
䮍
䮪
䯀
䯴
䰫
䰳
䱓
䲃
䳂
䳖
䴑
䶰
𠀋
𠌵
𠒰
𠒸
𠓵
𠓸
𠓽
𠕠
𠗊
𠗛
𠗨
𠠄
𠠯
𠣫
𠤺
𠤼
𠧑
𠧙
𠧟
𠧪
𠨅
𠭗
𠯷
𠰽
𠻥
𡈦
𡈼
𡊸
𡔁
𡖢
𡗚
𡘏
𡚹
𡝋
𡝒
𡝚
𡟘
𡡊
𡣿
𡦼
𡪠
𡷝
𡻝
𢃳
𢈸
𢈻
𢌦
𢐞
𢐿
𢓝
𢖈
𢚏
𢢤
𢤤
𢦿
𢫑
𢫨
𢫻
𢬴
𢰀
𢲺
𢳙
𢴶
𢶑
𢷭
𢸣
𢹎
𢺊
𢺕
𢺖
𢽄
𢾊
𢿦
𢿧
𣀮
𣀳
𣃘
𣆹
𣈍
𣌍
𣒼
𣓉
𣛻
𣟊
𣟐
𣠜
𣡟
𣡭
𣥩
𣥺
𣩰
𣬸
𣭲
𣮩
𣯍
𣯏
𣰲
𣰶
𣰼
𣲽
𣴎
𣵹
𣶍
𣹽
𣽘
𤁳
𤂅
𤅑
𤅭
𤆁
𤊅
𤒽
𤔚
𤕷
𤖻
𤗨
𤘺
𤘻
𤙔
𤛢
𤛾
𤠜
𤢢
𤫕
𤬥
𤭂
𤮡
𤮪
𤰂
𤱩
𤲶
𤳁
𤴘
𥁮
𥆍
𥆏
𥆑
𥇓
𥊼
𥋤
𥍉
𥍾
𥎂
𥎺
𥑅
𥓐
𥕘
𥗝
𥤂
𥥶
𥧢
𥨳
𥬞
𥬬
𥮘
𥮤
𥵮
𥶏
𥶹
𥶺
𥷕
𥽬
𥾋
𦁗
𦁜
𦅥
𦈅
𦓈
𦔋
𦔛
𦔮
𦔼
𦗨
𦘒
𦛙
𦛫
𦝞
𦣀
𦦢
𦦬
𦦶
𦪛
𦮘
𦯐
𦯧
𦰱
𦴚
𦶇
𦸛
𦺤
𧁁
𧅍
𧅼
𧉡
𧊓
𧋖
𧎣
𧐀
𧑣
𧓴
𧖧
𧙇
𧜈
𧝎
𧝚
𧞂
𧞜
𧞻
𧟒
𧥰
𧪝
𧫰
𧮨
𧳨
𧳹
𧶺
𧹈
𧽅
𧿜
𧿮
𨁔
𨄌
𨄓
𨇄
𨈈
𨉴
𨊂
𨊞
𨊶
𨋬
𨌤
𨍅
𨍱
𨍷
𨏛
𨐁
𨑊
𨑲
𨒆
𨓍
𨓰
𨙓
𨚱
𨝱
𨟚
𨢪
𨣛
𨤉
𨭘
𨯡
𨱮
𨲂
𨲌
𨲳
𨳀
𨳃
𨸐
𨹚
𨽖
𩃕
𩅽
𩆆
𩆶
𩇕
𩈮
𩉪
𩊐
𩋏
𩍉
𩍊
𩍋
𩍮
𩏙
𩐭
𩓞
𩖔
𩖲
𩙆
𩚗
𩜒
𩜙
𩣘
𩦆
𩦪
𩪘
𩫥
𩫨
𩫿
𩭑
𩮙
𩯾
𩷼
𩼅
𪁋
𪄹
𪈼
𪌿
𪑧
𪑬
𪒘
𪓃
𪕎
𪗴
𫟝
𬋈
𬼙
𬼚
𬽌
𭀡
𭏍
𭑟
𭠡
𭢯
𭵠
𭵠
𭵼
𭺮
𭺺
𭻰
𭻵
𭻸
𭻿
𭿓
𮂜
𮊥
𮏔
𮐹
𮑶
𮕱
𮖚
𮖠
𮙗
𮞚
𮡌
𮣐
𮯃
𫊦
㙇
㥾
㦺
㹿
㺟
䘌
𡟘
𡠷
𢚮
𢛚
𢟲
𢟹
𢾯
𣯋
𥷘
𦸳
𧃔
𧈟
𧏾
𩆸
𩑂
𩱜
𩱨
𩱮
𩺱
𪐌
𪑾
𪙛
𭔱