䡂
䡃
䡄
䡅
䡆
䡇
䡈
䡉
䡊
䡋
䡌
䡍
䡎
䡏
䡐
䡑
䡒
䡓
䡔
䡕
䡖
䡗
䡘
䡙
䡚
䡛
䡜
䡝
䡞
䡟
䡠
䡡
䡢
䡣
䡤
䡥
䡦
䡧
䡨
䡩
䡪
䡫
䡬
䡭
䡮
䡯
䡰
䡱
䡲
䡳
䡴
䡵
䡶
䡷
䡸
䡹
䡺
䡻
䡼
䡽
䡾
䡿
䢀
䢁
䢂
軎
軏
軐
軑
軓
軔
軕
軖
軗
軘
軙
軚
軜
軝
軞
軠
軡
軤
軥
軦
軧
軨
軩
軪
軬
軭
軮
軯
軰
軱
軲
軳
軴
軵
軶
軷
軹
軺
軿
輀
輁
輂
輄
輆
輇
輈
輋
輍
輎
輏
輐
輑
輖
輗
輘
輚
輞
輠
輡
輢
輣
輤
輥
輧
輨
輫
輬
輭
輮
輰
輱
輲
輴
輵
輶
輷
輺
輼
輽
轀
轁
轃
轇
轈
轊
轋
轏
轐
轑
轒
轓
轔
轕
轖
轘
轙
轚
轛
轝
轞
轠
轥
车
轧
轨
轩
轪
轫
转
轭
轮
软
轰
轱
轲
轳
轴
轵
轶
轷
轸
轹
轺
轻
轼
载
轾
轿
辀
辁
辂
较
辄
辅
辆
辇
辈
辉
辊
辋
辌
辍
辎
辏
辐
辑
辒
输
辔
辕
辖
辗
辘
辙
辚
龫
鿂
車
轢
輦
輪
輻
輸
𨊠
𨊡
𨊢
𨊣
𨊤
𨊥
𨊦
𨊧
𨊨
𨊩
𨊪
𨊫
𨊬
𨊭
𨊮
𨊯
𨊰
𨊱
𨊲
𨊳
𨊴
𨊵
𨊶
𨊷
𨊸
𨊹
𨊺
𨊻
𨊼
𨊽
𨊾
𨊿
𨋀
𨋁
𨋂
𨋃
𨋄
𨋅
𨋆
𨋇
𨋈
𨋉
𨋊
𨋋
𨋌
𨋍
𨋎
𨋏
𨋐
𨋑
𨋒
𨋓
𨋔
𨋕
𨋖
𨋗
𨋘
𨋙
𨋚
𨋛
𨋜
𨋝
𨋞
𨋟
𨋠
𨋡
𨋢
𨋣
𨋤
𨋥
𨋦
𨋧
𨋨
𨋩
𨋪
𨋫
𨋬
𨋭
𨋮
𨋯
𨋰
𨋱
𨋲
𨋳
𨋴
𨋵
𨋶
𨋷
𨋸
𨋹
𨋺
𨋻
𨋼
𨋽
𨋾
𨋿
𨌀
𨌁
𨌂
𨌃
𨌄
𨌅
𨌆
𨌇
𨌈
𨌉
𨌊
𨌋
𨌌
𨌍
𨌎
𨌏
𨌐
𨌑
𨌒
𨌓
𨌔
𨌕
𨌖
𨌗
𨌘
𨌙
𨌚
𨌛
𨌜
𨌝
𨌞
𨌟
𨌠
𨌡
𨌢
𨌣
𨌤
𨌥
𨌦
𨌧
𨌨
𨌩
𨌪
𨌫
𨌬
𨌭
𨌮
𨌯
𨌰
𨌱
𨌲
𨌳
𨌴
𨌵
𨌶
𨌷
𨌸
𨌹
𨌺
𨌻
𨌼
𨌽
𨌾
𨌿
𨍀
𨍁
𨍂
𨍃
𨍄
𨍅
𨍆
𨍇
𨍈
𨍉
𨍊
𨍋
𨍌
𨍍
𨍎
𨍏
𨍐
𨍑
𨍒
𨍓
𨍔
𨍕
𨍖
𨍗
𨍘
𨍙
𨍚
𨍛
𨍜
𨍝
𨍞
𨍟
𨍠
𨍡
𨍢
𨍣
𨍤
𨍥
𨍦
𨍧
𨍨
𨍩
𨍪
𨍫
𨍬
𨍭
𨍮
𨍯
𨍰
𨍱
𨍲
𨍳
𨍴
𨍵
𨍶
𨍷
𨍸
𨍹
𨍺
𨍻
𨍼
𨍽
𨍾
𨍿
𨎀
𨎁
𨎂
𨎃
𨎄
𨎅
𨎆
𨎇
𨎈
𨎉
𨎊
𨎋
𨎌
𨎍
𨎎
𨎏
𨎐
𨎑
𨎒
𨎓
𨎔
𨎕
𨎖
𨎗
𨎘
𨎙
𨎚
𨎛
𨎜
𨎝
𨎞
𨎟
𨎠
𨎡
𨎢
𨎣
𨎤
𨎥
𨎦
𨎧
𨎨
𨎩
𨎪
𨎫
𨎬
𨎭
𨎮
𨎯
𨎰
𨎱
𨎲
𨎳
𨎴
𨎵
𨎶
𨎷
𨎸
𨎹
𨎺
𨎻
𨎼
𨎽
𨎾
𨎿
𨏀
𨏁
𨏂
𨏃
𨏄
𨏅
𨏆
𨏇
𨏈
𨏉
𨏊
𨏋
𨏌
𨏍
𨏎
𨏏
𨏐
𨏑
𨏒
𨏓
𨏔
𨏕
𨏖
𨏗
𨏘
𨏙
𨏚
𨏛
𨏜
𨏝
𨏞
𨏟
𨏠
𨏡
𨏢
𨏣
𨏤
𨏥
𨏦
𨏧
𨏨
𨏩
𨏪
𨏫
𨏬
𨏭
𨏮
𨏯
𨏰
𨏱
𨏲
𨏳
𨏴
𨏵
𨏶
𨏷
𨏸
𨏹
𨏺
𨏻
𨏼
𨏽
𨏾
𨏿
𨐀
𨐁
𨐂
𨐃
𨐄
𨐅
𨐆
𨐇
𨐈
𨐉
𨐊
𨘼
𫏲
𫏳
𫏴
𫏵
𫏶
𫏷
𫏸
𫏹
𫏺
𫏻
𫏼
𫏽
𫏾
𫏿
𫐀
𫐁
𫐂
𫐃
𫐄
𫐅
𫐆
𫐇
𫐈
𫐉
𫐊
𫐋
𫐌
𫐍
𫐎
𫐏
𫐐
𫐑
𫐒
𫐓
𫐔
𫐕
𫐖
𫐗
𫐘
𫐙
𫟤
𫟥
𫟦
𬧱
𬧲
𬧳
𬧴
𬧵
𬧶
𬧷
𬧸
𬧹
𬧺
𬧻
𬧼
𬧽
𬧾
𬧿
𬨀
𬨁
𬨂
𬨃
𬨄
𬨅
𬨆
𬨇
𬨈
𬨉
𬨊
𬨋
𬨌
𬨍
𬨎
𬨏
𬨐
𬨑
𬨒
𬨓
𬨔
𬨕
𮜿
𮝀
𮝁
𮝂
𮝃
𮝄
𮝅
𮝆
𮝇
𮝈
𮝉
𮝊
𮝋
𮝌
𮝍
𮝎
𮝏
𮝐
𮝑
𮝒
𮝓
𮝔
𮝕
𮝖
𮝗
𮝘
𮝙
𮝚
𮝛
𮝜
𮝝
𮝞
𮝟
𮝠
𮝡
𮝢
𮝣
𮝤
𮝥
𮝦
𮝧
𮝨
𮝩
𮝪
𮝫
𮝬
𮝭
𮝮
𮝯
𮝰
𮝱
𮝲
𮝳
𮝴
𮝵
𮝶
𮝷
𮝸
𮝹
𮝺
𮷖
𮷗
𮷘
𮷙
𮷚
𮷛
𮷜
𮷝
軔
輸
𰹈
𰹉
𰹊
𰹋
𰹌
𰹍
𰹎
𰹏
𰹐
𰹑
𰹒
𰹓
𰹔
𰹕
𰹖
𰹗
𰹘
𰹙
𰹚
𰹛
𰹜
𰹝
𰹞
𰹟
𰹠
𰹡
𰹢
𰹣
𰹤
𰹥
𰹦
𰹧
𰹨
𰹩
𰹪
𰹫
𰹬
𰹭
𰹮
𰹯
𰹰
𰹱
𰹲
𰹳
𰹴
𰹵
𰹶
𰹷
𰹸
𰹹
𰹺
𰹻
𰹼
𰹽
𰹾
𰹿
𰺀
𰺁
𰺂
𰺃
𰺄
𰺅
𰺆
𰺇
𰺈
𰺉
𰺊
𰺋
𰺌
𰺍
𰺎
𰺏
𰺐
𰺑
𰺒
𰺓
𰺔
𰺕
𰺖
𰺗
𰺘
𰺙
𰺚
𰺛
𰺜
𰺝
𰺞
𰺟
𰺠
𰺡
𰺢
𰺣
𰺤
𲄳
𲄴
𲄵
𲄶
𲄷
𲄸
𲄹
𲄺
𲄻
𲄼
𲄽
𲄾
𲄿
𲅀
𲅁
𲅂
𲅃