㑣
㑥
㑦
㑧
㑩
㑫
㑬
㑭
㒭
㓐
㓑
㓒
㓬
㓭
㓮
㓯
㓰
㔝
㔞
㕋
㕌
㕍
㕖
㖏
㖐
㖑
㖒
㖓
㖔
㖕
㖖
㖗
㖘
㖙
㖚
㖛
㖜
㖝
㖞
㘣
㘿
㙀
㙁
㙂
㙃
㙄
㙅
㙆
㛍
㛎
㛐
㛑
㛒
㛓
㛔
㛕
㛖
㛗
㛘
㛙
㛚
㛛
㛜
㛝
㛞
㛟
㛡
㛢
㛣
㛤
㝂
㝃
㝗
㝘
㝙
㝚
㝶
㝸
㞂
㞗
㟇
㟈
㟉
㟊
㟋
㟌
㟍
㟎
㟏
㟐
㟑
㟒
㟓
㟔
㟕
㟖
㠫
㠬
㡇
㡈
㢃
㢄
㢅
㢆
㢇
㢸
㢹
㣢
㣣
㤟
㤠
㤣
㤩
㤪
㤫
㤯
㤱
㤳
㤴
㤶
㤷
㤸
㤹
㤼
㤽
㦴
㦵
㦶
㧬
㧭
㧱
㧲
㧴
㧵
㧶
㧷
㧸
㩻
㩼
㪇
㪈
㪉
㪰
㪶
㪾
㪿
㫅
㫇
㫉
㫥
㫦
㫧
㫨
㫩
㫫
㫬
㫭
㫮
㬴
㬵
㭘
㭙
㭚
㭛
㭜
㭝
㭞
㭟
㭠
㭡
㭢
㭣
㭤
㭥
㭦
㭧
㰩
㰪
㰫
㰬
㰭
㰷
㱡
㱾
㱿
㲓
㲳
㳤
㳥
㳦
㳧
㳨
㳩
㳪
㳬
㳭
㳮
㳯
㳰
㳱
㳲
㳳
㶳
㶴
㶵
㶶
㶷
㶸
㸗
㸟
㸠
㸡
㸧
㸵
㸶
㸷
㸸
㹱
㹲
㹳
㹴
㹵
㹶
㹷
㹸
㺸
㺿
㻀
㻁
㻂
㻃
㻄
㻅
㻆
㻇
㻈
㼋
㼌
㼜
㼝
㼞
㼟
㼠
㽍
㽛
㽜
㽽
㽾
㽿
㾀
㾁
㾂
㾃
㾄
㾅
㾆
㾇
㾈
㾉
㿟
㿭
㿮
㿾
㿿
䀀
䀟
䀠
䀡
䀢
䀣
䀤
䀥
䀦
䂏
䂐
䂑
䂟
䂠
䂡
䂢
䂣
䂤
䂥
䂦
䂧
䂨
䄁
䄂
䄃
䄶
䄷
䄸
䄹
䆗
䆘
䆙
䇇
䇈
䇉
䇊
䇗
䇘
䇙
䇚
䇛
䇜
䇝
䉻
䉼
䊺
䊻
䊼
䊽
䊾
䊿
䋀
䋁
䋂
䋃
䋄
䋅
䋇
䌸
䍕
䍖
䍗
䍧
䍨
䍩
䍾
䍿
䎡
䎳
䎴
䏑
䏦
䏧
䏨
䏩
䏪
䏫
䏬
䏭
䑔
䑙
䑚
䑤
䑥
䒰
䒱
䒲
䒴
䒵
䒶
䒷
䒸
䒹
䒺
䒻
䒼
䒽
䒿
䓀
䓁
䖊
䖋
䖌
䖍
䖡
䖢
䖣
䘐
䘕
䘟
䘠
䘡
䙳
䙷
䙸
䚱
䚲
䜫
䝅
䞑
䞖
䞗
䞘
䟕
䟖
䡅
䢀
䢒
䢓
䢔
䢕
䢖
䢗
䢘
䣃
䣄
䣅
䣆
䣇
䣧
䣨
䤛
䦾
䧉
䧊
䧋
䧌
䧍
䧎
䧏
䧱
䶿
丵
乽
俰
俴
俷
俹
俻
俼
俽
俿
倃
倄
倇
倈
倊
倌
倕
倗
倛
倝
倠
倯
倰
倱
倲
倳
倴
倵
倷
倸
债
值
倽
倾
倿
偌
兛
兺
冔
冡
冧
凇
凈
凎
剒
剓
剘
剙
剚
剟
剠
剢
剦
剧
剮
勎
勏
匎
匫
卨
厜
厞
叞
哠
哣
哤
哧
哫
哰
哴
哵
哶
哷
哸
哹
哻
哼
哾
唂
唃
唅
唈
唊
唋
唍
唑
唒
唓
唕
唗
唘
唙
唚
唛
唜
唝
唞
唟
唠
唡
唢
唣
唤
唥
唦
唧
唨
唴
圁
圂
圅
圆
垶
垷
垺
垻
垼
垽
垾
垿
埁
埂
埄
埉
埊
埍
埐
埑
埕
埘
埙
埚
埛
壶
夎
夞
奙
姬
娊
娋
娎
娏
娐
娒
娔
娕
娖
娙
娛
娝
娞
娡
娢
娤
娦
娨
娪
娮
娱
娲
娳
娴
娿
婲
孬
孭
宧
宭
宯
宱
宲
宷
宺
宻
宼
宽
宾
屒
屔
屖
屗
屘
屙
峬
峮
峱
峲
峳
峵
峷
峹
峼
峾
峿
崀
崁
崂
崃
崄
崅
巸
巼
帨
帩
帪
帬
帱
庨
庩
庮
庯
弬
弰
弲
弳
彨
徎
徕
恏
恖
恝
恧
恳
恴
恶
悀
悂
悅
悇
悈
悎
悏
悑
悓
悙
悜
悢
悭
悮
悯
戙
扄
扅
拲
挚
挛
挩
挬
挭
挮
挰
挱
挳
挴
挶
挸
捀
捂
捅
捆
捇
捈
捊
捋
捑
捒
捔
捖
捘
捚
捝
捞
损
捠
捡
换
捣
捤
揤
敆
敇
敉
敊
敋
敌
斋
斚
旊
晀
晆
晇
晊
晍
晐
晓
晔
晕
晖
晠
枽
柡
栒
栔
栕
栙
栚
栛
栜
栠
栣
栤
栥
栦
栧
栨
栮
栯
栰
栵
栶
样
栺
栿
桇
桊
桋
桖
桘
桚
桠
桡
桢
桤
桥
桦
桨
桩
桪
梆
棦
欭
欮
欰
欱
欴
歭
殈
毙
毢
毣
毤
毥
毨
毩
毪
氥
氦
氧
氨
氩
洍
洖
洜
浆
浖
浗
浝
浟
浡
浢
浧
浨
浫
浭
浯
浱
浲
浳
浵
浶
浺
浻
浼
浽
浾
浿
涃
涄
涆
涋
涐
涒
涖
涗
涚
涝
涞
涟
涠
涡
涢
涣
涤
涥
润
涧
涨
涩
淓
淽
烄
烅
烆
烇
烉
烌
烍
烐
烒
烕
烖
烗
烚
烛
烞
烠
烡
烢
烣
烥
烦
烧
烨
烩
烪
烫
热
烮
烵
烶
烻
焒
爱
牶
牷
牺
狴
狵
狶
狾
猀
猁
猂
猃
猐
玆
玺
珒
珓
珔
珕
珗
珘
珚
珛
珜
珝
珟
珢
珤
珦
珨
珫
珬
珯
珰
珲
珽
瓟
甡
畕
畖
畗
畘
畞
畟
疍
疴
疶
疻
痁
痄
痈
痉
皊
皌
皱
盋
盏
盐
监
眎
眏
眐
眑
眒
眓
眔
眕
眖
眘
眜
眝
眡
眢
眣
眧
眪
眫
眬
眿
矝
砝
砞
砟
砢
砣
砤
砨
砩
砪
砫
砮
砯
砰
砱
砳
砵
砶
砷
砸
砹
砻
砼
砽
砾
础
硁
祣
祤
祩
祪
祫
祬
祮
祯
秙
秚
秛
秜
秝
秠
秢
秥
秨
秪
秮
积
窇
窉
窋
窌
窍
窎
竘
竛
竞
笅
笉
笌
笍
笎
笐
笓
笔
笕
笖
笫
粄
粅
粆
粇
粈
粊
粌
粎
粑
紌
紎
紏
紑
紖
紟
紤
紥
紦
紧
绠
绡
绢
绣
绤
绥
绦
继
绨
缹
罛
罜
罝
罞
罢
羒
羓
羘
羙
翀
翂
翄
耟
耸
耹
耺
耾
聀
聁
聂
肁
肂
胭
胮
胰
胲
胶
胷
胹
胺
胿
脀
脁
脃
脄
脋
脌
脎
脏
脐
脑
脒
脓
脠
脡
舀
舥
舦
舧
舨
舭
舯
舰
舱
艳
荥
荦
荧
荰
荱
荲
荴
荶
荸
荹
荺
荾
莀
莁
莂
莃
莄
莈
莋
莌
莏
莐
莑
莗
莙
莜
莡
莣
莤
莥
莦
莬
莭
莮
莯
莰
莲
莳
莴
莶
获
莸
莺
莼
菃
菦
虑
虒
蚄
蚅
蚆
蚈
蚎
蚏
蚐
蚒
蚔
蚖
蚗
蚙
蚚
蚛
蚞
蚟
蚠
蚡
蚢
蚥
蚦
蚧
蚬
蚷
衃
衏
衐
衮
衺
袃
袅
袉
袊
袎
袏
袐
袑
袓
袔
袕
袚
袛
袜
袝
袟
袡
袣
袥
袦
袧
袨
袩
袯
覂
覍
覎
觊
觙
訉
訋
訍
訏
訙
訚
訯
请
诸
诹
诺
读
诼
诽
课
诿
谀
谁
谂
调
谄
谅
谆
谇
谈
谉
谊
谸
豻
貣
贼
贽
贾
贿
赀
赁
赂
赃
资
赅
赆
赶
赸
趵
趶
趷
趸
趿
軎
軏
軐
軓
軕
轼
载
轾
轿
辀
辁
辂
较
递
逘
逛
逜
逤
逥
逦
郩
郪
郬
郮
郰
郳
郸
酏
酐
酑
釕
釙
釞
釠
釢
钰
钱
钲
钳
钴
钵
钶
钷
钸
钹
钺
钻
钼
钽
钾
钿
铀
铁
铂
铃
铄
铅
铆
铇
铈
铉
铊
铋
铌
铍
铎
閄
閅
阃
阄
阅
阆
陚
陫
陭
陮
陯
陱
陴
陹
陼
难
顼
顽
顾
顿
颀
颁
颂
颃
预
飤
饽
饾
饿
馀
馁
馂
骊
骋
验
骍
骎
骏
鱽
鸪
鸫
鸬
鸭
鸮
鸯
鸰
鸱
鸲
鸳
鸴
鸵
鸶
龀
龨
鿄
鿬
鿭
豈
烙
珞
浪
狼
凌
索
凉
旅
連
烈
料
琉
留
紐
倫
栗
匿
益
郞
侀
婢
彩
敖
朗
殺
益
类
𠀼
𠀽
𠀾
𠀿
𠁀
𠁰
𠁱
𠂃
𠂹
𠂺
𠂻
𠂼
𠂽
𠂾
𠃸
𠃹
𠃺
𠃻
𠄵
𠄶
𠄷
𠄸
𠅖
𠅗
𠅘
𠅙
𠅚
𠅛
𠅜
𠅝
𠉣
𠉤
𠉥
𠉦
𠉧
𠉨
𠉩
𠉪
𠉫
𠉬
𠉭
𠉮
𠉯
𠉰
𠉱
𠉲
𠉳
𠉴
𠉵
𠉶
𠉷
𠉸
𠉹
𠉺
𠉻
𠉼
𠉽
𠉾
𠉿
𠊀
𠊁
𠊂
𠊃
𠊄
𠊅
𠊆
𠊇
𠊈
𠊉
𠊊
𠊋
𠊌
𠊍
𠊎
𠊏
𠊐
𠊑
𠊒
𠊓
𠊔
𠊕
𠊖
𠊗
𠊘
𠊙
𠊚
𠊛
𠊜
𠊝
𠊞
𠊟
𠊠
𠊡
𠊢
𠊣
𠊤
𠊥
𠊦
𠋟
𠒐
𠒑
𠒒
𠒓
𠒔
𠒕
𠒖
𠓭
𠓮
𠓯
𠓰
𠔙
𠔚
𠔛
𠕝
𠕞
𠕟
𠖌
𠖍
𠖎
𠖏
𠖐
𠖑
𠖒
𠗘
𠗙
𠗚
𠗛
𠗜
𠗝
𠗞
𠗟
𠗠
𠗡
𠗢
𠗣
𠗤
𠙒
𠙓
𠙔
𠙕
𠙖
𠙗
𠚒
𠚓
𠜱
𠜲
𠜳
𠜴
𠜵
𠜶
𠜷
𠜸
𠜹
𠜺
𠜻
𠜼
𠜽
𠜾
𠜿
𠝀
𠝁
𠝂
𠝃
𠝄
𠝅
𠝆
𠝇
𠝈
𠝉
𠝊
𠝋
𠝌
𠝍
𠝎
𠝐
𠝑
𠝒
𠝓
𠝔
𠝕
𠝖
𠝗
𠝘
𠝙
𠝚
𠝛
𠝜
𠝶
𠡫
𠡬
𠡭
𠡮
𠡯
𠡰
𠡱
𠡲
𠡳
𠡴
𠡵
𠡶
𠡷
𠡸
𠡹
𠡺
𠣤
𠣥
𠣦
𠣧
𠣨
𠣩
𠣪
𠣫
𠣬
𠣭
𠤞
𠤟
𠤠
𠤡
𠤢
𠥉
𠥊
𠥋
𠥌
𠥍
𠥶
𠦣
𠦤
𠦥
𠦦
𠦧
𠦨
𠦩
𠧳
𠧴
𠧵
𠧶
𠧷
𠧹
𠨞
𠩧
𠩨
𠩩
𠩪
𠩫
𠩬
𠩭
𠩮
𠩯
𠩰
𠩱
𠩲
𠩳
𠩴
𠩵
𠩶
𠩷
𠫹
𠫺
𠫻
𠫼
𠭊
𠭋
𠭌
𠭍
𠭎
𠭏
𠭐
𠭑
𠭒
𠭓
𠭔
𠲬
𠲭
𠲮
𠲯
𠲰
𠲱
𠲲
𠲳
𠲴
𠲵
𠲶
𠲷
𠲸
𠲹
𠲺
𠲻
𠲼
𠲽
𠲾
𠲿
𠳀
𠳁
𠳂
𠳃
𠳄
𠳅
𠳆
𠳇
𠳈
𠳉
𠳊
𠳋
𠳌
𠳍
𠳎
𠳏
𠳐
𠳑
𠳒
𠳓
𠳔
𠳕
𠳖
𠳗
𠳘
𠳙
𠳚
𠳛
𠳜
𠳝
𠳞
𠳟
𠳠
𠳡
𠳢
𠳣
𠳤
𠳦
𠳧
𠳨
𠳩
𠳪
𠳫
𠳬
𠳭
𠳮
𠳯
𠳰
𠳱
𠳲
𠳳
𠳴
𠳵
𠳶
𠳷
𠳸
𠳹
𠳺
𠳻
𠳼
𠳽
𠳾
𠳿
𠴀
𠴁
𠴂
𠴃
𠴄
𠴅
𠴆
𠴇
𠴈
𠴉
𠴊
𠴋
𠴌
𠴍
𠴎
𠴏
𠴐
𠴑
𠴒
𠴓
𠴔
𠴕
𠴖
𠴗
𠴘
𠴙
𠴚
𠴛
𠴜
𠴝
𠴞
𠴟
𠴠
𠴡
𠴢
𠴣
𠴤
𠴥
𠴦
𡇠
𡇡
𡇢
𡇣
𡇤
𡇥
𡇦
𡇧
𡇨
𡇩
𡇪
𡇫
𡇬
𡇭
𡇮
𡇯
𡋭
𡋮
𡋯
𡋰
𡋱
𡋲
𡋳
𡋴
𡋵
𡋶
𡋷
𡋸
𡋹
𡋺
𡋻
𡋼
𡋾
𡋿
𡌀
𡌁
𡌂
𡌃
𡌄
𡌅
𡌆
𡌇
𡌈
𡌉
𡌊
𡌋
𡌌
𡌍
𡌎
𡌏
𡌐
𡌑
𡌒
𡌓
𡌔
𡌕
𡌖
𡌗
𡌘
𡌙
𡌚
𡌜
𡌝
𡌞
𡌟
𡌠
𡌡
𡌢
𡌣
𡌤
𡌥
𡔣
𡔤
𡔥
𡔦
𡔧
𡔨
𡔩
𡕚
𡕦
𡖒
𡖓
𡖔
𡖕
𡖖
𡖗
𡖘
𡖙
𡖚
𡖛
𡖜
𡘝
𡘞
𡘟
𡘠
𡘡
𡘢
𡘣
𡘤
𡘥
𡘦
𡘧
𡘨
𡘩
𡘪
𡘫
𡘬
𡘭
𡘮
𡘯
𡘰
𡘱
𡘲
𡘳
𡜮
𡜯
𡜰
𡜱
𡜲
𡜳
𡜴
𡜵
𡜶
𡜷
𡜸
𡜹
𡜺
𡜻
𡜼
𡜽
𡜾
𡜿
𡝀
𡝁
𡝃
𡝄
𡝅
𡝆
𡝇
𡝈
𡝉
𡝊
𡝋
𡝌
𡝍
𡝎
𡝏
𡝐
𡝑
𡝒
𡝓
𡝔
𡝕
𡝖
𡝗
𡝘
𡝙
𡝚
𡝛
𡝜
𡝝
𡥨
𡥩
𡥪
𡥫
𡥬
𡥭
𡨀
𡨁
𡨂
𡨃
𡨄
𡨅
𡨆
𡨇
𡨈
𡨉
𡨊
𡨋
𡨌
𡨍
𡨎
𡨏
𡨐
𡨑
𡨒
𡨓
𡨔
𡨕
𡨖
𡨗
𡨘
𡨙
𡨚
𡨛
𡨜
𡨝
𡨞
𡨟
𡨠
𡨡
𡬭
𡭴
𡭵
𡭶
𡭷
𡭸
𡭹
𡭺
𡭻
𡭼
𡯨
𡯩
𡯪
𡯫
𡯬
𡯭
𡯮
𡯯
𡯰
𡯱
𡯲
𡱢
𡱣
𡱤
𡱥
𡱦
𡱧
𡱨
𡱩
𡱪
𡱫
𡱬
𡱭
𡱮
𡱯
𡱰
𡱱
𡱲
𡱳
𡱴
𡱵
𡱶
𡱷
𡱸
𡱹
𡴕
𡴖
𡴗
𡴘
𡴙
𡴚
𡷕
𡷖
𡷗
𡷘
𡷙
𡷚
𡷛
𡷜
𡷝
𡷞
𡷟
𡷡
𡷢
𡷣
𡷤
𡷥
𡷦
𡷧
𡷨
𡷩
𡷪
𡷫
𡷬
𡷭
𡷮
𡷯
𡷰
𡷱
𡷲
𡷳
𡷴
𡷵
𡷶
𡷷
𡷸
𡷹
𡷺
𡷻
𡷼
𡷽
𡷾
𡷿
𡸀
𡸁
𡸂
𡸃
𡸄
𡸅
𡸆
𡸇
𡸈
𡸉
𡸊
𡸋
𡸌
𡸍
𡸎
𡸏
𡸐
𡿼
𡿽
𢀡
𢀢
𢀼
𢀽
𢀾
𢀿
𢂱
𢂲
𢂳
𢂴
𢂵
𢂶
𢂷
𢂸
𢂹
𢂺
𢂻
𢂼
𢂽
𢂾
𢂿
𢃀
𢃁
𢃂
𢃃
𢃄
𢃅
𢃆
𢃇
𢃈
𢃉
𢃊
𢃋
𢃌
𢆖
𢆗
𢆘
𢆙
𢇁
𢇃
𢇄
𢇅
𢇆
𢈙
𢈚
𢈛
𢈜
𢈝
𢈞
𢈟
𢈠
𢈡
𢈢
𢈣
𢈤
𢈥
𢈦
𢈧
𢈨
𢈩
𢈪
𢈫
𢈬
𢈭
𢈮
𢈯
𢈰
𢈱
𢈲
𢌦
𢌧
𢍍
𢍎
𢍏
𢍐
𢍑
𢍒
𢍓
𢎋
𢎌
𢏤
𢏥
𢏦
𢏧
𢏨
𢏩
𢏪
𢏫
𢏬
𢏭
𢑛
𢑜
𢑝
𢒏
𢒐
𢒑
𢒒
𢒓
𢓪
𢓫
𢓬
𢓭
𢓮
𢓯
𢓰
𢓱
𢓲
𢓳
𢓴
𢓵
𢓶
𢓷
𢓸
𢓹
𢓺
𢓻
𢓼
𢓽
𢓾
𢓿
𢔀
𢙱
𢙲
𢙳
𢙴
𢙵
𢙶
𢙷
𢙸
𢙹
𢙺
𢙻
𢙼
𢙽
𢙾
𢙿
𢚀
𢚁
𢚂
𢚃
𢚄
𢚅
𢚆
𢚇
𢚈
𢚉
𢚊
𢚋
𢚌
𢚍
𢚎
𢚏
𢚐
𢚑
𢚒
𢚓
𢚔
𢚕
𢚖
𢚗
𢚘
𢚙
𢚚
𢚛
𢚜
𢚝
𢚞
𢚟
𢚠
𢚡
𢚢
𢚣
𢚤
𢚥
𢚦
𢚧
𢚨
𢚩
𢚪
𢚫
𢚬
𢚭
𢚮
𢚯
𢚰
𢚱
𢚲
𢚳
𢚴
𢚵
𢚶
𢚷
𢚸
𢚹
𢚺
𢚻
𢚼
𢚽
𢚾
𢚿
𢦷
𢦸
𢦹
𢦺
𢦻
𢦼
𢦽
𢦾
𢩅
𢩆
𢩇
𢩈
𢩉
𢩊
𢩋
𢩌
𢬯
𢬰
𢬱
𢬲
𢬳
𢬴
𢬵
𢬶
𢬷
𢬸
𢬹
𢬺
𢬻
𢬼
𢬽
𢬾
𢬿
𢭀
𢭁
𢭂
𢭃
𢭄
𢭅
𢭇
𢭈
𢭉
𢭊
𢭋
𢭌
𢭍
𢭎
𢭑
𢭒
𢭓
𢭔
𢭕
𢭖
𢭗
𢭘
𢭙
𢭚
𢭛
𢭜
𢭝
𢭞
𢭟
𢭠
𢭡
𢭢
𢭣
𢭤
𢭥
𢭦
𢭧
𢭨
𢭩
𢭪
𢭫
𢭬
𢭭
𢭮
𢭯
𢭰
𢭱
𢭲
𢭳
𢭴
𢭵
𢭶
𢭷
𢭸
𢭹
𢭺
𢭻
𢭼
𢭽
𢭾
𢭿
𢮀
𢻁
𢻂
𢻃
𢻄
𢻅
𢻆
𢻇
𢻈
𢻉
𢼛
𢼜
𢼝
𢼞
𢼟
𢼠
𢼡
𢼢
𢼣
𢼤
𢼥
𢼦
𢼧
𢼨
𢼩
𢼪
𢼫
𢼬
𢼭
𢼮
𢼯
𢼰
𢼱
𢼲
𢼳
𢼴
𢼵
𢼶
𢼷
𢼸
𣁊
𣁋
𣁌
𣁍
𣁳
𣁴
𣁵
𣁶
𣂛
𣂜
𣂝
𣃦
𣃧
𣃨
𣃩
𣃪
𣃫
𣃬
𣃭
𣃮
𣃯
𣃰
𣃱
𣃲
𣄱
𣄲
𣄳
𣆒
𣆓
𣆔
𣆕
𣆖
𣆗
𣆘
𣆙
𣆚
𣆛
𣆜
𣆝
𣆞
𣆟
𣆠
𣆡
𣆢
𣆣
𣆤
𣆥
𣆦
𣆧
𣆨
𣆩
𣆪
𣆫
𣆬
𣆭
𣆮
𣆯
𣆰
𣆱
𣈰
𣌭
𣌮
𣌯
𣌰
𣌱
𣌲
𣌳
𣌴
𣌵
𣌶
𣍭
𣍮
𣍯
𣍰
𣐵
𣐶
𣐷
𣐸
𣐹
𣐺
𣐻
𣐼
𣐽
𣐾
𣐿
𣑀
𣑁
𣑂
𣑃
𣑄
𣑅
𣑆
𣑇
𣑈
𣑉
𣑌
𣑍
𣑎
𣑏
𣑐
𣑒
𣑓
𣑔
𣑕
𣑖
𣑗
𣑘
𣑙
𣑚
𣑛
𣑜
𣑝
𣑞
𣑟
𣑠
𣑡
𣑢
𣑣
𣑤
𣑦
𣑧
𣑨
𣑩
𣑪
𣑫
𣑬
𣑭
𣑮
𣑯
𣑰
𣑱
𣑲
𣑳
𣑴
𣑵
𣑶
𣑷
𣑸
𣑹
𣑺
𣑻
𣑼
𣑽
𣑾
𣢧
𣢨
𣢩
𣢪
𣢫
𣢬
𣢭
𣢮
𣢯
𣢰
𣢱
𣢲
𣢳
𣢴
𣢵
𣢶
𣢷
𣢸
𣢹
𣥦
𣥧
𣥨
𣥩
𣥪
𣥫
𣥬
𣥭
𣥮
𣥯
𣥰
𣥱
𣥲
𣧲
𣧳
𣧴
𣧵
𣧶
𣧷
𣧸
𣧹
𣧺
𣧻
𣧼
𣧽
𣧾
𣧿
𣨀
𣨁
𣨂
𣨃
𣨄
𣪈
𣪉
𣪊
𣫴
𣬈
𣬉
𣬊
𣭜
𣭝
𣭞
𣭟
𣭠
𣭡
𣭢
𣭣
𣭤
𣭥
𣭦
𣭧
𣭨
𣭩
𣭪
𣭫
𣭬
𣭭
𣭮
𣭯
𣭰
𣱡
𣴏
𣴞
𣴟
𣴠
𣴡
𣴢
𣴣
𣴤
𣴥
𣴦
𣴧
𣴨
𣴩
𣴪
𣴫
𣴬
𣴭
𣴮
𣴯
𣴰
𣴱
𣴲
𣴳
𣴴
𣴵
𣴶
𣴷
𣴸
𣴹
𣴺
𣴻
𣴼
𣴽
𣴾
𣴿
𣵁
𣵂
𣵃
𣵄
𣵅
𣵆
𣵇
𣵈
𣵉
𣵊
𣵋
𣵌
𣵍
𣵎
𣵏
𣵐
𣵑
𣵒
𣵓
𣵔
𣵕
𣵖
𣵗
𣵘
𣵙
𣵚
𣵛
𣵜
𣵝
𣵞
𣵟
𣵠
𣵡
𣵢
𣵣
𣵤
𣵥
𣵦
𣵧
𣵨
𣵩
𣵪
𣵫
𣵬
𣵭
𣵮
𣵯
𣵰
𣵱
𣵲
𣵳
𣵴
𣵵
𣵶
𣷚
𤇯
𤇰
𤇱
𤇲
𤇳
𤇴
𤇵
𤇶
𤇷
𤇸
𤇹
𤇺
𤇻
𤇼
𤇽
𤇿
𤈀
𤈁
𤈂
𤈃
𤈄
𤈅
𤈆
𤈇
𤈈
𤈉
𤈊
𤈋
𤈌
𤈍
𤈎
𤈏
𤈐
𤈑
𤈒
𤈓
𤈔
𤈕
𤈖
𤈗
𤈘
𤈙
𤈚
𤈛
𤈜
𤈝
𤈞
𤈟
𤈠
𤈡
𤈢
𤈣
𤈤
𤔌
𤔍
𤔎
𤔏
𤕓
𤕔
𤕠
𤕡
𤕶
𤕷
𤕸
𤕹
𤕺
𤖺
𤖻
𤖼
𤖽
𤖾
𤖿
𤘈
𤘉
𤙑
𤙒
𤙓
𤙔
𤙕
𤙖
𤙗
𤙘
𤙙
𤙚
𤝵
𤞙
𤞚
𤞛
𤞜
𤞝
𤞞
𤞟
𤞠
𤞡
𤞢
𤞤
𤞥
𤞦
𤞧
𤞨
𤞩
𤞪
𤞫
𤞬
𤞭
𤞮
𤞯
𤞰
𤞱
𤞲
𤞳
𤞴
𤞵
𤞶
𤞷
𤞸
𤞹
𤞺
𤞻
𤞼
𤞽
𤞾
𤞿
𤟀
𤟁
𤟂
𤤴
𤤵
𤤶
𤤷
𤤸
𤤹
𤤺
𤤻
𤤼
𤤽
𤤾
𤤿
𤥀
𤥁
𤥂
𤥃
𤥄
𤥅
𤥆
𤥇
𤥈
𤥉
𤥊
𤥋
𤥌
𤥍
𤥎
𤥏
𤥐
𤥑
𤥒
𤥓
𤥔
𤥕
𤫰
𤫱
𤫲
𤫳
𤫴
𤬳
𤬴
𤬵
𤬶
𤬷
𤬸
𤬹
𤬺
𤬻
𤬼
𤬽
𤯅
𤯟
𤰇
𤱌
𤱍
𤱎
𤱏
𤱐
𤱑
𤱒
𤱓
𤱔
𤱕
𤱖
𤱗
𤱘
𤱙
𤱚
𤱛
𤱜
𤱝
𤱞
𤱟
𤱠
𤱡
𤱢
𤱣
𤱤
𤴗
𤵗
𤵘
𤵙
𤵚
𤵛
𤵜
𤵝
𤵞
𤵟
𤵠
𤵡
𤵢
𤵣
𤵤
𤵥
𤵦
𤵧
𤵨
𤵩
𤵪
𤵫
𤵬
𤵭
𤵮
𤵯
𤵰
𤵱
𤵲
𤵳
𤵴
𤵵
𤵶
𤼩
𤼪
𤼫
𤽘
𤽙
𤽚
𤽛
𤽜
𤽝
𤽞
𤽟
𤽠
𤽡
𤽢
𤽣
𤽤
𤿕
𤿖
𤿗
𤿘
𤿙
𤿚
𤿛
𤿜
𤿝
𤿞
𥁎
𥁏
𥁐
𥁑
𥁒
𥁓
𥁔
𥁖
𥁗
𥁘
𥁙
𥁚
𥁛
𥁜
𥁝
𥁫
𥄱
𥄲
𥄳
𥄴
𥄵
𥄶
𥄷
𥄸
𥄹
𥄺
𥄻
𥄼
𥄽
𥄾
𥄿
𥅀
𥅁
𥅂
𥅃
𥅄
𥅅
𥅆
𥅇
𥅈
𥅉
𥅊
𥅋
𥅌
𥅍
𥅎
𥅏
𥅐
𥅑
𥅒
𥅓
𥅔
𥅕
𥅖
𥅗
𥅘
𥅙
𥍡
𥍢
𥍣
𥍤
𥍥
𥍦
𥎰
𥎱
𥎲
𥎳
𥎴
𥎵
𥎶
𥎷
𥎸
𥑆
𥑇
𥑈
𥑉
𥑊
𥑋
𥑌
𥑍
𥑎
𥑏
𥑐
𥑑
𥑒
𥑓
𥑔
𥑕
𥑖
𥑗
𥑘
𥑙
𥑚
𥑛
𥑜
𥑝
𥑞
𥑟
𥑠
𥑡
𥑢
𥑣
𥑤
𥑥
𥑦
𥑧
𥑨
𥑩
𥑪
𥑫
𥑬
𥑭
𥑮
𥑯
𥑰
𥑱
𥑲
𥙎
𥙏
𥙐
𥙑
𥙒
𥙓
𥙔
𥙕
𥙖
𥙗
𥙘
𥙙
𥙚
𥙛
𥙜
𥙝
𥙞
𥙟
𥙠
𥙡
𥙢
𥙣
𥙤
𥙥
𥙦
𥙧
𥙨
𥙩
𥙪
𥜽
𥝾
𥝿
𥞀
𥞁
𥞂
𥞃
𥞄
𥞅
𥞆
𥞇
𥞈
𥞉
𥞊
𥞋
𥞌
𥞍
𥞎
𥞏
𥞐
𥞑
𥞒
𥞓
𥞔
𥞕
𥞖
𥞗
𥥇
𥥈
𥥉
𥥊
𥥋
𥥌
𥥍
𥥎
𥥏
𥥐
𥥑
𥥒
𥥓
𥥔
𥥕
𥥖
𥥗
𥥘
𥥙
𥥚
𥥛
𥥜
𥥝
𥥞
𥥟
𥩚
𥩠
𥩡
𥩢
𥩣
𥩤
𥩥
𥩦
𥩧
𥩨
𥩩
𥩪
𥩫
𥩬
𥩭
𥩮
𥩯
𥩰
𥫯
𥫰
𥫲
𥫳
𥫴
𥫵
𥫶
𥫷
𥫸
𥫹
𥫺
𥫻
𥫼
𥫽
𥫾
𥫿
𥬀
𥬁
𥬂
𥬃
𥬄
𥬅
𥬆
𥬇
𥬈
𥬉
𥬊
𥬋
𥸳
𥸴
𥸵
𥸶
𥸷
𥸸
𥸹
𥸺
𥸻
𥸼
𥸽
𥸾
𥸿
𥹀
𥾙
𥾚
𥾛
𥾜
𥾝
𥾞
𥾟
𥾠
𥾡
𥾢
𥾣
𥾤
𥾥
𥾦
𥾧
𥾨
𥾩
𥾪
𥾫
𥾬
𥾭
𥾮
𥾯
𥾰
𥾱
𥾲
𥾳
𥾴
𥾵
𥾶
𥾷
𥾸
𥾹
𥾺
𥾻
𥾼
𥾽
𥾾
𥾿
𥿀
𥿁
𥿂
𦈊
𦈋
𦈌
𦈦
𦈧
𦈨
𦊎
𦊏
𦊐
𦊑
𦊒
𦊓
𦊔
𦊕
𦊖
𦊗
𦊘
𦊙
𦊚
𦊛
𦊜
𦊝
𦊞
𦊟
𦊠
𦊡
𦊢
𦊣
𦊤
𦊥
𦊦
𦊧
𦊨
𦊩
𦊳
𦍗
𦍘
𦍙
𦍚
𦍛
𦍜
𦍝
𦍞
𦍟
𦍠
𦍡
𦍢
𦍣
𦍤
𦍮
𦐃
𦐄
𦐅
𦐆
𦐇
𦐈
𦐉
𦐊
𦐋
𦐌
𦐍
𦐎
𦐏
𦐐
𦐑
𦐒
𦐓
𦐔
𦒺
𦒻
𦒼
𦒽
𦒾
𦒿
𦓒
𦓫
𦔼
𦔽
𦔾
𦔿
𦕀
𦕁
𦕂
𦕃
𦕄
𦕅
𦕆
𦕇
𦕈
𦕉
𦕊
𦕋
𦕌
𦕍
𦕎
𦕏
𦚝
𦚞
𦚟
𦚠
𦚡
𦚢
𦚣
𦚤
𦚥
𦚦
𦚧
𦚨
𦚩
𦚪
𦚫
𦚬
𦚭
𦚮
𦚯
𦚱
𦚲
𦚳
𦚴
𦚵
𦚶
𦚷
𦚸
𦚹
𦚺
𦚻
𦚼
𦚽
𦚾
𦚿
𦛀
𦛁
𦛂
𦛃
𦛄
𦛅
𦛆
𦛇
𦛈
𦛉
𦛊
𦛋
𦛌
𦛍
𦛎
𦛏
𦛐
𦛑
𦛒
𦛓
𦣠
𦣡
𦣢
𦣣
𦤁
𦤂
𦤃
𦤄
𦤅
𦤆
𦤇
𦤈
𦤉
𦤊
𦤋
𦤹
𦤺
𦥝
𦥞
𦥟
𦥠
𦥡
𦥢
𦥣
𦥤
𦧈
𦧉
𦧊
𦧋
𦧌
𦧍
𦧎
𦧏
𦧐
𦨕
𦨖
𦨗
𦨘
𦨙
𦨚
𦨛
𦨜
𦨝
𦨟
𦨠
𦭭
𦭮
𦭯
𦭰
𦭱
𦭲
𦭳
𦭴
𦭵
𦭶
𦭷
𦭸
𦭹
𦭺
𦭻
𦭼
𦭽
𦭾
𦭿
𦮀
𦮁
𦮂
𦮃
𦮄
𦮅
𦮆
𦮇
𦮈
𦮉
𦮊
𦮋
𦮌
𦮍
𦮎
𦮏
𦮐
𦮑
𦮒
𦮓
𦮔
𦮕
𦮖
𦮗
𦮘
𦮙
𦮚
𦮛
𦮜
𦮝
𦮞
𦮟
𦮠
𦮡
𦮢
𦮣
𦮤
𦮥
𦮦
𦮧
𦮨
𦮩
𦮪
𦮫
𦮬
𦮭
𦮮
𦮯
𦮰
𦮱
𦮲
𦮳
𦮴
𦮵
𧆟
𧆠
𧆡
𧆢
𧈻
𧈼
𧈽
𧈾
𧈿
𧉀
𧉁
𧉂
𧉃
𧉄
𧉅
𧉆
𧉇
𧉈
𧉉
𧉊
𧉋
𧉌
𧉍
𧉎
𧉏
𧉐
𧉑
𧉒
𧉓
𧉔
𧉕
𧉖
𧉗
𧉘
𧉙
𧉚
𧉛
𧉜
𧉝
𧖫
𧖬
𧖭
𧖮
𧖯
𧗦
𧗧
𧗨
𧗩
𧘽
𧘿
𧙀
𧙁
𧙂
𧙃
𧙄
𧙅
𧙆
𧙇
𧙈
𧙉
𧙊
𧙋
𧙌
𧙍
𧙎
𧙏
𧙐
𧙑
𧙒
𧙓
𧙔
𧙕
𧙖
𧙗
𧙘
𧙙
𧙚
𧙛
𧙜
𧙝
𧟧
𧟨
𧟩
𧠉
𧠊
𧠋
𧠌
𧠍
𧢷
𧢸
𧢹
𧢺
𧥡
𧥢
𧥣
𧥤
𧥥
𧥦
𧥧
𧥨
𧥩
𧥪
𧥫
𧥬
𧥭
𧮬
𧮭
𧮮
𧯛
𧯜
𧯝
𧰪
𧰫
𧰬
𧰭
𧲢
𧲣
𧴪
𧴫
𧴬
𧴭
𧴮
𧴯
𧴰
𧴱
𧴲
𧺏
𧺐
𧺑
𧺒
𧺓
𧺔
𧺕
𧺖
𧺗
𧺘
𧺙
𧺚
𧺛
𧺜
𧿁
𧿂
𧿃
𧿄
𧿅
𧿆
𧿇
𧿈
𧿉
𧿊
𧿋
𧿌
𧿍
𧿎
𧿏
𧿐
𧿑
𨈓
𨈔
𨈕
𨈖
𨈗
𨊧
𨊨
𨊩
𨊪
𨊫
𨊬
𨊭
𨊮
𨊯
𨊰
𨊱
𨊲
𨐈
𨐍
𨐎
𨓅
𨓆
𨓇
𨓈
𨓉
𨓊
𨓋
𨓌
𨓍
𨓎
𨓏
𨓐
𨓑
𨓒
𨓓
𨓔
𨓕
𨓖
𨓗
𨓘
𨓙
𨓚
𨓛
𨓜
𨓝
𨓞
𨓟
𨓠
𨓡
𨓢
𨓣
𨓤
𨓥
𨓦
𨓧
𨓨
𨓩
𨓪
𨛫
𨛬
𨛭
𨛮
𨛯
𨛰
𨛱
𨛲
𨛳
𨛴
𨛵
𨛶
𨛷
𨛸
𨛹
𨛻
𨛼
𨛽
𨛾
𨛿
𨜀
𨜁
𨜂
𨜃
𨜄
𨜅
𨜆
𨜇
𨜈
𨜉
𨜊
𨜋
𨜌
𨜍
𨜎
𨟰
𨟱
𨟲
𨟳
𨤏
𨤣
𨤤
𨤽
𨤾
𨤿
𨥀
𨥁
𨱃
𨱄
𨱅
𨱆
𨳊
𨳋
𨳌
𨳍
𨳎
𨳏
𨹴
𨹵
𨹶
𨹷
𨹸
𨹹
𨹺
𨹻
𨹼
𨹽
𨹾
𨹿
𨺀
𨺁
𨺂
𨺃
𨺄
𨺅
𨺆
𨺇
𨺈
𨺊
𨺋
𨺌
𨺍
𨺎
𨺏
𨺐
𨺑
𨺒
𨺓
𨺔
𨺕
𨺖
𨺗
𨺘
𨺙
𨺚
𨺛
𨺜
𨺝
𨾅
𨾆
𨾇
𩁷
𩁸
𩇦
𩇧
𩇨
𩚄
𩚅
𩚆
𩠄
𩠅
𩠇
𩠺
𩧷
𩧸
𩧹
𩧺
𪉄
𪎈
𪜅
𪜎
𪜏
𪜖
𪜗
𪝃
𪝄
𪝅
𪝆
𪝇
𪝈
𪝉
𪝊
𪞁
𪞇
𪞒
𪞢
𪞣
𪞤
𪞥
𪞳
𪞸
𪟈
𪟉
𪟝
𪟞
𪟟
𪟰
𪟴
𪟿
𪠋
𪠌
𪠍
𪠎
𪠝
𪠫
𪠬
𪡄
𪡅
𪡆
𪡇
𪡈
𪡉
𪡊
𪡋
𪡌
𪡍
𪡎
𪢫
𪣔
𪣕
𪣖
𪣗
𪣘
𪣙
𪣚
𪣛
𪣜
𪣝
𪣞
𪣟
𪣠
𪣡
𪣢
𪣣
𪤲
𪤺
𪥐
𪥑
𪥒
𪥶
𪥷
𪥸
𪥹
𪥺
𪧍
𪧎
𪧏
𪧐
𪨁
𪨂
𪨏
𪨐
𪨵
𪨶
𪨷
𪨸
𪨹
𪨺
𪩳
𪪒
𪪓
𪪔
𪪕
𪪖
𪪗
𪪰
𪪵
𪪾
𪫈
𪫍
𪫎
𪫵
𪫶
𪫷
𪫸
𪫹
𪫺
𪫻
𪫼
𪫽
𪫾
𪭍
𪭎
𪭴
𪭵
𪭶
𪭷
𪭸
𪭹
𪭺
𪭻
𪭼
𪭽
𪭾
𪭿
𪮀
𪯋
𪯌
𪯤
𪯬
𪯵
𪯶
𪯷
𪰙
𪰚
𪰛
𪰜
𪰝
𪰞
𪰟
𪰠
𪰡
𪰢
𪰣
𪰤
𪱞
𪲃
𪲄
𪲅
𪲆
𪲇
𪲈
𪲉
𪲊
𪲋
𪲌
𪲍
𪲎
𪲏
𪴶
𪵂
𪵃
𪵈
𪵉
𪵛
𪵜
𪵾
𪵿
𪶀
𪶁
𪶂
𪶃
𪶄
𪶅
𪶆
𪶇
𪶈
𪶉
𪶊
𪶋
𪸣
𪸤
𪸥
𪸦
𪸧
𪸨
𪸩
𪸪
𪺛
𪺢
𪺬
𪺭
𪺮
𪺼
𪺽
𪻗
𪻘
𪻙
𪻚
𪻛
𪻜
𪻝
𪻞
𪻟
𪼹
𪽍
𪽎
𪽏
𪽐
𪽬
𪽭
𪽮
𪽽
𪾌
𪾍
𪾤
𪾥
𪾦
𪾧
𪿔
𪿕
𪿖
𪿗
𪿘
𫀇
𫀈
𫀉
𫀊
𫀪
𫀫
𫀬
𫀭
𫁋
𫁠
𫁡
𫁲
𫁳
𫁴
𫁵
𫁶
𫁷
𫂵
𫂶
𫂷
𫃞
𫄤
𫄥
𫄦
𫄧
𫄨
𫄩
𫅂
𫅣
𫅳
𫅴
𫆁
𫆝
𫆞
𫇅
𫇶
𫇷
𫇸
𫇹
𫇺
𫇻
𫇼
𫇽
𫇾
𫊟
𫊧
𫊨
𫊩
𫊪
𫊫
𫋪
𫋵
𫋶
𫋷
𫌜
𫌪
𫌲
𫌳
𫍫
𫍬
𫍭
𫍮
𫎊
𫎏
𫎐
𫎑
𫏀
𫏲
𫐋
𫐌
𫐦
𫐧
𫐨
𫐩
𫐪
𫑠
𫑡
𫑢
𫑳
𫓬
𫓭
𫓮
𫔲
𫔳
𫕄
𫕅
𫕝
𫖌
𫖒
𫖫
𫗦
𫗧
𫗨
𫘢
𫘣
𫘤
𫚒
𫛟
𫛠
𫛡
𫛢
𫛣
𫛤
𫜷
𫜻
𫝉
𫝖
𫝗
𫝤
𫝩
𫝪
𫝫
𫝵
𫞄
𫞅
𫞉
𫞊
𫞗
𫞟
𫞦
𫞬
𫞮
𫞲
𫞴
𫟄
𫟎
𫟠
𫟡
𫟬
𫟶
𫟷
𫠆
𫠯
𫠰
𫠱
𫠲
𫡈
𫡉
𫡜
𫡪
𫡫
𫡬
𫡮
𫡻
𫢥
𫢫
𫢰
𫢱
𫢲
𫢳
𫢴
𫢵
𫢶
𫢷
𫢸
𫢹
𫢺
𫢻
𫢼
𫤩
𫤯
𫥏
𫥐
𫥠
𫥤
𫦂
𫦃
𫦄
𫦅
𫦮
𫦯
𫦱
𫦲
𫧂
𫧃
𫧔
𫧰
𫨋
𫨪
𫨼
𫨽
𫨾
𫨿
𫩁
𫩽
𫩾
𫩿
𫪁
𫪂
𫪃
𫪄
𫪅
𫪆
𫪇
𫪈
𫪉
𫪊
𫪋
𫪌
𫪍
𫪎
𫪏
𫪐
𫪑
𫪜
𫪝
𫭉
𫭊
𫭰
𫭱
𫭲
𫭳
𫭴
𫭵
𫭶
𫭷
𫭸
𫭹
𫭺
𫭻
𫭼
𫯋
𫯌
𫯎
𫯦
𫯧
𫰪
𫰫
𫰬
𫰭
𫰮
𫰯
𫰰
𫰱
𫰲
𫰳
𫰴
𫰵
𫰶
𫰼
𫲦
𫳇
𫳈
𫳉
𫳊
𫳌
𫳍
𫳎
𫳏
𫴬
𫴭
𫵞
𫵟
𫵮
𫵼
𫵽
𫵾
𫵿
𫶀
𫶨
𫶩
𫶮
𫶶
𫷪
𫷫
𫷬
𫷭
𫷮
𫷯
𫷳
𫸒
𫸚
𫸛
𫸳
𫸴
𫸵
𫸶
𫹉
𫹔
𫺁
𫺄
𫺅
𫺇
𫺉
𫺋
𫺌
𫺎
𫺏
𫺒
𫺓
𫺘
𫻭
𫻮
𫻯
𫻰
𫻱
𫼋
𫼌
𫼱
𫼲
𫼵
𫼶
𫼸
𫼹
𫼺
𫼻
𫼽
𫽀
𫽁
𫽈
𫾪
𫾫
𫾬
𫾭
𫾮
𫾯
𫾰
𫿰
𫿳
𫿹
𬀁
𬀂
𬀃
𬀄
𬀅
𬀆
𬀯
𬀰
𬀱
𬀲
𬀳
𬀴
𬁢
𬁺
𬁻
𬁼
𬂧
𬂨
𬂩
𬂪
𬂫
𬂬
𬂭
𬂮
𬂯
𬂰
𬂱
𬂵
𬂹
𬅢
𬅣
𬅼
𬅽
𬆓
𬆔
𬆕
𬆣
𬆤
𬇍
𬇑
𬇦
𬇧
𬇨
𬇩
𬇪
𬇫
𬇬
𬇭
𬇮
𬇯
𬇰
𬇱
𬇲
𬇳
𬇴
𬊃
𬊄
𬊅
𬊆
𬊇
𬊈
𬊉
𬋧
𬋨
𬌗
𬌞
𬌟
𬌰
𬌲
𬌴
𬌵
𬍣
𬍤
𬎢
𬎨
𬎪
𬎫
𬏂
𬏃
𬏡
𬏢
𬏣
𬏤
𬏥
𬏦
𬐇
𬐓
𬐔
𬐚
𬐛
𬑈
𬑉
𬑊
𬑋
𬑌
𬑍
𬑎
𬑏
𬑰
𬑱
𬒃
𬒄
𬒅
𬒆
𬒇
𬒈
𬒴
𬓥
𬓦
𬔈
𬔛
𬔜
𬔮
𬔯
𬔰
𬔲
𬖐
𬖑
𬖒
𬗅
𬗆
𬘨
𬘪
𬘫
𬙌
𬙍
𬙚
𬙛
𬙜
𬙭
𬙮
𬙯
𬚱
𬚲
𬚷
𬚹
𬛲
𬜆
𬜯
𬜰
𬜱
𬜲
𬜳
𬜴
𬜵
𬜶
𬜷
𬜸
𬜹
𬜺
𬟨
𬟩
𬟶
𬟷
𬟸
𬟹
𬟺
𬟻
𬠾
𬠿
𬡋
𬡍
𬡎
𬡸
𬢋
𬢜
𬢝
𬢞
𬣾
𬤀
𬤁
𬤂
𬤃
𬤄
𬤅
𬤆
𬤏
𬥷
𬦅
𬦡
𬦢
𬨆
𬨇
𬨦
𬨧
𬨨
𬨩
𬨪
𬨫
𬨬
𬩾
𬩿
𬪀
𬪂
𬪃
𬪄
𬪺
𬬷
𬬸
𬬹
𬬺
𬬻
𬬼
𬬽
𬬾
𬬿
𬭀
𬭁
𬭂
𬮅
𬮨
𬮩
𬮪
𬯁
𬯂
𬯃
𬱔
𬱕
𬱼
𬲺
𬲻
𬳿
𬴀
𬶀
𬶁
𬸂
𬸃
𬸄
𬸅
𬸆
𬸇
𬹅
𬹳
𬺞
𬻞
𬻟
𬻠
𬻵
𬻶
𬻷
𬼌
𬼍
𬼎
𬼏
𬼬
𬼭
𬽁
𬽑
𬾚
𬾛
𬾝
𬾟
𬾠
𬾡
𬾢
𬾣
𬾤
𬾥
𬾦
𬾧
𬾨
𬾩
𬾬
𬾯
𭀤
𭀦
𭀧
𭁐
𭁬
𭁭
𭁮
𭁯
𭁵
𭁶
𭁷
𭁸
𭁹
𭁻
𭁿
𭂑
𭂒
𭂓
𭂔
𭂕
𭂼
𭃥
𭃩
𭃫
𭃬
𭃭
𭃮
𭃯
𭃱
𭃲
𭃳
𭃵
𭃾
𭄬
𭄭
𭄮
𭄯
𭄰
𭄱
𭄲
𭄳
𭅓
𭅛
𭅣
𭅻
𭅼
𭆆
𭆇
𭆈
𭆋
𭆞
𭆟
𭆠
𭆡
𭆢
𭆯
𭆰
𭆱
𭇵
𭇶
𭇷
𭇸
𭇹
𭇺
𭇽
𭇾
𭇿
𭈀
𭈁
𭈂
𭈃
𭈄
𭈅
𭈆
𭈇
𭈈
𭈉
𭈊
𭈋
𭈎
𭈏
𭈠
𭈢
𭈮
𭍠
𭍡
𭍢
𭍣
𭍤
𭍦
𭎜
𭎝
𭎞
𭎟
𭎠
𭎡
𭎢
𭎣
𭎤
𭎥
𭎦
𭎧
𭎨
𭎱
𭐓
𭐞
𭐥
𭐦
𭑏
𭑐
𭑑
𭑒
𭑺
𭑻
𭑼
𭑽
𭑾
𭑿
𭓃
𭓄
𭓅
𭓇
𭓰
𭓱
𭓲
𭓳
𭓵
𭔰
𭔱
𭔲
𭕞
𭕟
𭕡
𭖠
𭖡
𭖢
𭖣
𭖤
𭖥
𭖦
𭖧
𭖨
𭘁
𭘟
𭘠
𭘡
𭘢
𭘣
𭘧
𭙂
𭙃
𭙜
𭙝
𭙞
𭙟
𭙠
𭙡
𭚗
𭚘
𭚱
𭚲
𭚳
𭚴
𭚵
𭛪
𭛫
𭛬
𭛭
𭜨
𭜩
𭜪
𭜫
𭜮
𭜯
𭜰
𭜵
𭜸
𭜻
𭜼
𭜽
𭜾
𭜿
𭝀
𭝂
𭝃
𭝄
𭝅
𭝈
𭝋
𭠅
𭠧
𭠫
𭠰
𭠲
𭠵
𭠶
𭠷
𭠼
𭠽
𭠾
𭠿
𭡀
𭡁
𭡂
𭡃
𭡄
𭡅
𭡆
𭡈
𭡕
𭣪
𭣫
𭣬
𭣭
𭣮
𭣯
𭣰
𭣱
𭤵
𭤶
𭤷
𭤸
𭤹
𭥢
𭥮
𭥯
𭥰
𭥱
𭥲
𭥳
𭥴
𭥵
𭥶
𭥷
𭥸
𭥹
𭥺
𭥻
𭥼
𭥽
𭥾
𭦀
𭦁
𭦂
𭦃
𭦆
𭦇
𭦋
𭦓
𭨛
𭨜
𭨲
𭨳
𭩳
𭩴
𭩵
𭩶
𭩷
𭩸
𭩹
𭩺
𭩻
𭩼
𭩽
𭩾
𭩿
𭪀
𭪁
𭪂
𭪆
𭭇
𭭈
𭭉
𭭊
𭭋
𭭡
𭮉
𭮊
𭮋
𭮌
𭮍
𭮎
𭮏
𭮐
𭮑
𭮩
𭮪
𭮫
𭮬
𭮭
𭯋
𭯌
𭯍
𭯎
𭯘
𭰗
𭰘
𭰙
𭰚
𭰛
𭰝
𭰞
𭰟
𭰠
𭰡
𭰢
𭰤
𭰥
𭰦
𭰧
𭰨
𭰯
𭰳
𭴛
𭴜
𭴝
𭴞
𭴟
𭴠
𭴡
𭴢
𭴣
𭴥
𭶬
𭶭
𭶮
𭶯
𭷄
𭷅
𭷑
𭷞
𭷟
𭸊
𭸌
𭸍
𭸎
𭸏
𭸐
𭸑
𭸼
𭹄
𭹆
𭹇
𭹈
𭹉
𭹋
𭺘
𭺞
𭺟
𭺠
𭺡
𭺴
𭻇
𭻈
𭻉
𭻊
𭻋
𭼀
𭼈
𭼉
𭽎
𭽏
𭽐
𭽑
𭽒
𭽓
𭽣
𭽤
𭽽
𭽾
𭽿
𭾦
𭾧
𭾨
𭾩
𭾪
𭿷
𭿸
𮀀
𮀏
𮀐
𮀑
𮀒
𮀓
𮀔
𮀗
𮁤
𮁥
𮁦
𮁧
𮁨
𮁩
𮁪
𮁫
𮁬
𮁯
𮁳
𮁴
𮂺
𮂻
𮂼
𮂽
𮂾
𮂿
𮃀
𮃺
𮃻
𮄩
𮄪
𮄫
𮄬
𮅀
𮅁
𮅂
𮅃
𮇆
𮇇
𮇈
𮇉
𮇊
𮈃
𮈄
𮈅
𮉧
𮉨
𮉩
𮉱
𮊀
𮊂
𮊃
𮊸
𮊹
𮊺
𮊻
𮋤
𮋮
𮌐
𮌒
𮌓
𮍔
𮍕
𮍠
𮍡
𮍦
𮍧
𮎁
𮎃
𮎄
𮎊
𮎹
𮎺
𮎻
𮎽
𮎾
𮎿
𮏀
𮏁
𮏂
𮏃
𮏄
𮏅
𮏆
𮏇
𮏈
𮏉
𮏊
𮏋
𮏍
𮏎
𮏏
𮏙
𮓝
𮓞
𮓟
𮓠
𮓢
𮓸
𮓹
𮓺
𮓻
𮓼
𮕩
𮕪
𮕫
𮕮
𮕲
𮕳
𮕴
𮕶
𮕸
𮗢
𮗧
𮗹
𮗺
𮙮
𮙯
𮙰
𮙱
𮚳
𮛃
𮛄
𮛅
𮛆
𮛇
𮛈
𮜮
𮜿
𮝵
𮞒
𮞓
𮞔
𮞕
𮞞
𮞟
𮞠
𮟻
𮟼
𮠘
𮠙
𮠚
𮡎
𮣸
𮥆
𮥇
𮥈
𮥉
𮥊
𮧮
𮧵
𮩸
𮪡
𮪢
𮫭
𮫮
𮭤
𮮑
𮯼
𮯽
𮯾
𮰎
𮰏
𮰢
𮰣
𮱄
𮱅
𮱆
𮱪
𮱫
𮱬
𮱸
𮲄
𮲐
𮲔
𮲟
𮲠
𮲡
𮲢
𮲫
𮲰
𮲱
𮲲
𮳁
𮳇
𮳥
𮳦
𮳧
𮳨
𮳾
𮴏
𮴐
𮴑
𮴒
𮴓
𮴔
𮴕
𮴖
𮴗
𮴻
𮴾
𮴿
𮵚
𮵦
𮵬
𮵭
𮶂
𮶏
𮶖
𮶘
𮶿
𮷄
𮷈
𮷉
𮷚
𮷪
𮷾
𮷿
𮸀
𮸁
𮸂
𮸃
𮸯
𮸿
𮹇
𮹈
𮹕
倂
𠔜
冤
哶
唐
城
姬
娛
娧
㛼
将
𡷤
帨
庳
㣣
挽
敏
書
枅
桒
梅
𣑭
殺
洖
流
浩
浸
涅
𣴞
𤘈
㺸
㼛
𥄳
真
真
秫
脃
芳
茝
荣
茣
莽
菧
𧥦
起
軔
飢
𰀒
𰀓
𰀔
𰀕
𰀦
𰀧
𰀩
𰁉
𰁊
𰁋
𰂏
𰂐
𰂑
𰂒
𰂓
𰂔
𰂕
𰂖
𰃢
𰃣
𰃩
𰃪
𰃱
𰃿
𰄀
𰄁
𰄐
𰄓
𰄔
𰄳
𰄴
𰄵
𰄶
𰅏
𰅐
𰅥
𰅦
𰅬
𰅸
𰅹
𰆛
𰆜
𰆝
𰆞
𰆟
𰇤
𰇥
𰇦
𰇧
𰇨
𰇩
𰇪
𰇫
𰇬
𰇭
𰇮
𰇯
𰇰
𰉮
𰉯
𰉰
𰉱
𰉲
𰉳
𰉴
𰉵
𰉶
𰋉
𰋎
𰋢
𰋣
𰌄
𰌅
𰌨
𰌾
𰌿
𰍀
𰍯
𰍸
𰍹
𰍺
𰍻
𰎟
𰎠
𰎡
𰎢
𰎣
𰎤
𰏏
𰏙
𰏥
𰏦
𰏷
𰏸
𰐊
𰐋
𰐎
𰐏
𰐐
𰐗
𰐘
𰐩
𰐪
𰐮
𰐯
𰑔
𰑕
𰑗
𰑝
𰑞
𰑠
𰑤
𰑥
𰑦
𰒩
𰓙
𰓚
𰓛
𰓦
𰓪
𰓫
𰓬
𰓭
𰓮
𰓱
𰓳
𰓴
𰓷
𰓸
𰓹
𰕁
𰕈
𰕨
𰕿
𰖀
𰖁
𰖂
𰖃
𰖄
𰖅
𰖆
𰗆
𰗇
𰗜
𰗝
𰗞
𰗟
𰗠
𰗡
𰗢
𰗣
𰗤
𰗥
𰗦
𰙤
𰙥
𰙦
𰙧
𰙨
𰙩
𰙽
𰙾
𰚖
𰚗
𰚹
𰛀
𰛁
𰛖
𰛣
𰛪
𰛫
𰛬
𰛭
𰛮
𰛯
𰛰
𰛱
𰛲
𰛳
𰛴
𰛵
𰛶
𰛷
𰛸
𰛹
𰛺
𰛻
𰞈
𰞉
𰞊
𰞋
𰞌
𰞍
𰞎
𰞏
𰞐
𰞑
𰞒
𰞓
𰞔
𰞕
𰞖
𰞗
𰞘
𰞙
𰞚
𰞛
𰞜
𰞝
𰞞
𰟾
𰟿
𰠒
𰠢
𰠣
𰠴
𰡎
𰡏
𰡐
𰡑
𰡒
𰡷
𰡸
𰡹
𰡺
𰡻
𰡼
𰢜
𰢬
𰢱
𰢲
𰢿
𰣀
𰣁
𰣂
𰣃
𰣄
𰣅
𰣩
𰣪
𰤏
𰤕
𰤟
𰤠
𰤡
𰤢
𰤶
𰤷
𰤸
𰤹
𰥕
𰥖
𰥗
𰥘
𰥙
𰥚
𰥛
𰥜
𰦏
𰦖
𰦭
𰦮
𰦯
𰦰
𰦱
𰦲
𰧳
𰧴
𰧵
𰨟
𰨠
𰨡
𰨢
𰨣
𰨤
𰩅
𰩆
𰩇
𰩈
𰩉
𰩢
𰩮
𰩯
𰩰
𰩱
𰪫
𰪬
𰪭
𰪮
𰪯
𰪰
𰫚
𰫛
𰫜
𰫝
𰬖
𰬗
𰬘
𰬙
𰬚
𰬛
𰬜
𰬝
𰬞
𰭊
𰭍
𰭘
𰭞
𰭟
𰭠
𰭰
𰭱
𰭴
𰭵
𰭶
𰭷
𰮈
𰮉
𰮍
𰮎
𰮏
𰮑
𰮝
𰮟
𰮠
𰮡
𰮤
𰯯
𰰋
𰰲
𰰳
𰰴
𰰵
𰰶
𰰷
𰰸
𰰹
𰰺
𰰻
𰰼
𰰽
𰱋
𰲘
𰲙
𰲚
𰲫
𰲬
𰲭
𰲮
𰲯
𰲰
𰲱
𰲲
𰳱
𰴡
𰵰
𰵱
𰵲
𰵳
𰵴
𰵵
𰵶
𰵷
𰵸
𰶲
𰷱
𰸂
𰸃
𰸄
𰹊
𰹋
𰺄
𰺅
𰺆
𰺥
𰺷
𰺸
𰺹
𰺺
𰻪
𰻫
𰻬
𰼃
𰽥
𰽦
𰽧
𰽨
𰽩
𰽪
𰽫
𰽬
𰽭
𰽮
𰽯
𰽰
𰽱
𰿗
𰿯
𰿰
𱀑
𱀒
𱀔
𱀕
𱁅
𱁑
𱂆
𱂇
𱂈
𱂡
𱃘
𱃙
𱃚
𱅓
𱅔
𱅕
𱅖
𱅗
𱅘
𱅙
𱇎
𱉕
𱉖
𱉗
𱉘
𱉙
𱉚
𱉛
𱉜
𱉝
𱉞
𱉟
𱉠
𱉡
𱉢
𱊺
𱋆
𱋇
𱋈
𱌗
𱍂
𱍃
𱍘
𱍙
𱍚
𱍛
𱍜
𱍝
𱍱
𱍲
𱍳
𱍽
𱎈
𱎉
𱎊
𱎋
𱎓
𱎔
𱎘
𱎳
𱎴
𱎵
𱎶
𱎷
𱎸
𱎹
𱎺
𱏤
𱏥
𱏽
𱐜
𱐝
𱐞
𱐟
𱐠
𱐱
𱐲
𱐳
𱐹
𱑸
𱑹
𱑺
𱒦
𱒧
𱒨
𱒩
𱒪
𱒫
𱒬
𱒭
𱒮
𱒯
𱒰
𱒱
𱒲
𱒳
𱒴
𱒵
𱒶
𱒷
𱒸
𱒹
𱒺
𱒻
𱒼
𱕾
𱕿
𱖪
𱖫
𱖬
𱖭
𱖮
𱖯
𱖰
𱖱
𱖲
𱖳
𱖴
𱖵
𱖶
𱖷
𱘱
𱘲
𱘳
𱘴
𱘵
𱙔
𱙕
𱙖
𱙗
𱙘
𱙙
𱙻
𱚇
𱚈
𱚺
𱛄
𱛨
𱛩
𱛪
𱛫
𱛬
𱛭
𱛮
𱛯
𱛰
𱜦
𱜧
𱜨
𱜩
𱜽
𱝅
𱝝
𱞑
𱞓
𱞖
𱞗
𱞘
𱞙
𱞚
𱞛
𱟷
𱟹
𱟺
𱟼
𱟽
𱟾
𱟿
𱠀
𱠁
𱠂
𱠃
𱠄
𱠆
𱡗
𱡲
𱡳
𱡿
𱢀
𱢁
𱢂
𱢹
𱣍
𱣎
𱣏
𱣐
𱣑
𱣒
𱣓
𱣔
𱣕
𱣖
𱣗
𱣘
𱥂
𱥛
𱥠
𱥡
𱦆
𱦋
𱦕
𱦙
𱦚
𱦛
𱦜
𱦝
𱦞
𱦠
𱦡
𱦢
𱦣
𱦤
𱦥
𱦦
𱦧
𱦨
𱦩
𱦪
𱦫
𱦬
𱦭
𱦮
𱦯
𱪽
𱪾
𱪿
𱫀
𱫁
𱫂
𱫃
𱫄
𱫅
𱭗
𱭛
𱭤
𱭥
𱭭
𱭮
𱭼
𱭽
𱭾
𱮺
𱮼
𱮽
𱰈
𱰗
𱰮
𱰯
𱱍
𱱎
𱱏
𱱐
𱱑
𱲁
𱲂
𱲎
𱲏
𱲬
𱲭
𱲮
𱲯
𱲰
𱳛
𱳴
𱳵
𱳶
𱳷
𱳸
𱵇
𱵿
𱶀
𱶁
𱶳
𱶴
𱶵
𱷤
𱷰
𱷱
𱷲
𱷳
𱷴
𱸵
𱸶
𱹬
𱹭
𱺜
𱺝
𱺞
𱺟
𱺠
𱺡
𱺢
𱺱
𱺼
𱺽
𱻋
𱻩
𱻪
𱻫
𱻸
𱼃
𱼅
𱼆
𱼇
𱼈
𱼷
𱼸
𱽈
𱽛
𱽜
𱽝
𱽠
𱽢
𱽤
𱽥
𱽦
𱽧
𱿎
𱿚
𱿛
𱿜
𲀝
𲀧
𲀨
𲁉
𲁕
𲁖
𲁡
𲁢
𲁣
𲁤
𲂎
𲂏
𲃉
𲃕
𲃖
𲅍
𲅗
𲅘
𲅙
𲆒
𲆓
𲆔
𲆥
𲆦
𲆧
𲇷
𲇸
𲈥
𲈽
𲈾
𲈿
𲉑
𲉧
𲉰
𲉱
𲌆
𲍆
𲍯
𲍰
𲍱
𲍲
𲎴
𲏫
𲏬
𲏭
𲏮
𲏯
𲐆
𲐬
𲐭
𲐮
𲐯
𲐰
𲐱
𲐲
𲐳
𲑭
𲑮
𲒒
𲒓
𲒬
𲒭
𲒮
𲓅
𲓧
𲓨
𲓭
𲓮
𲓸
𲔂
𲔫
𲔬
𲔭
𲔮
𲔯
𲔰
𲔱
𲔲
𲔳
𲔴
𲔵
𲔶
𲔷
𲔸
𲔹
𲔺
𲘤
𲘥
𲙇
𲙈
𲙉
𲙊
𲙋
𲙌
𲙍
𲙎
𲚵
𲛁
𲛎
𲛏
𲛐
𲛑
𲛿
𲜎
𲜡
𲜩
𲜪
𲝛
𲝜
𲝝
𲝞
𲞛
𲟅
𲟆
𲟸
𲟺
𲟻
𲟽
𲟿
𲠀
𲠂
𲠄
𲠅
𲡨
𲡬
𲡭
𲡮
𲡯
𲡱
𲡲
𲡴
𲡵
𲡶
𲡷
𲡸
𲣬
𲣴
𲣵
𲣶
𲤃
𲤘
𲥚
𲥛
𲥷
𲥸
𲥹
𲥺
𲥻
𲥼
𲨃
𲨊
𲨚
𲨛
𲨜
𲩂
𲩊
𲩌
𲩎
𲩏
𲩐
𲩑
𲩒
𲩓
𲫗
𲫘
𲫙
𲫚
𲫛
𲬻
𲭟
𲮀
𲮁
𲮂
𲮃
𲮄
𲮅
𲮆
𲮇
𲮈
𲮉
𲮊
𲰖
𲰨
𲰩
𲰪
𲰵
𲰻
𲰼
𲱓
𲱔
𲲅
𲲆
𲲐
𲲟
𲲠
𲳓
𲳔
𲳕
𲳖
𲳗
𲳘
𲵧
𲵨
𲵳
𲵴
𲶺
𲶻
𲶼
𲶽
𲶾
𲶿
𲷫
𲸲
𲹔
𲹤
𲺍
𲺎
𲺐
𲺑
𲺓
𲻋
𲻐
𲻑
𲻙
𲻚
𲻵
𲻶
𲻷
𲻸
𲻹
𲻺
𲻻
𲻼
𲻽
𲻾
𲻿
𲾎
𲾏
𲾐
𳀔
𳀕
𳀘
𳀙
𳀮
𳀯
𳀰
𳁛
𳁜
𳁨
𳁩
𳂵
𳃱
𳄝
𳄞
𳅇
𳅥
𳅯
𳇪
𳈕
𳈖
𳈟
𳈠
𳈡
𳋪
𳋫
𳋬
𳎑
𳐅
𳐆