㒈
㓧
㔋
㔶
㖤
㘅
㘕
㘛
㙔
㙳
㛾
㜝
㟏
㟔
㠌
㡲
㡾
㢛
㢨
㣪
㤌
㤷
㦑
㦥
㦿
㨂
㨔
㨜
㨷
㪁
㪋
㪠
㪱
㪻
㬇
㮀
㮡
㮭
㯗
㯘
㯡
㯺
㰸
㰹
㱁
㲦
㴠
㵄
㵎
㶎
㶥
㶰
㶺
㷄
㸁
㸔
㸝
㸧
㹂
㹕
㹖
㺂
㺌
㺖
㺝
㼨
㼫
㽉
㽍
㿪
㿻
䀍
䀓
䁂
䁍
䁔
䁵
䂅
䃭
䄆
䄐
䆠
䇞
䈄
䈠
䉍
䉯
䊻
䌠
䌯
䍐
䍑
䍺
䎏
䎠
䎯
䏓
䏷
䐄
䑏
䒛
䓍
䓸
䓿
䔵
䕀
䕔
䖔
䖭
䗆
䗙
䗣
䗰
䘓
䘖
䘶
䘾
䙮
䚙
䚪
䚭
䛞
䜗
䝔
䝺
䟒
䟰
䠉
䡩
䣻
䤗
䤴
䤽
䥁
䥗
䦎
䦘
䦡
䦥
䧟
䧲
䨡
䨳
䩂
䩪
䩵
䪀
䫡
䫲
䭑
䭴
䮧
䯎
䯘
䱤
䲌
䲗
䲺
䳚
䳦
䴉
䴋
䴟
䴷
䵟
䶃
䶟
䶠
䶢
𠁽
𠂄
𠇵
𠈄
𠈉
𠊭
𠋪
𠏇
𠐣
𠐱
𠕍
𠖌
𠗙
𠗴
𠙙
𠙸
𠙿
𠚗
𠝲
𠟼
𠢇
𠣍
𠤮
𠤾
𠤿
𠥴
𠦊
𠩆
𠪚
𠬆
𠭖
𠮤
𠯖
𠴡
𠴨
𠶽
𠹄
𠺐
𠻍
𠽦
𠿅
𠿑
𡁀
𡅞
𡅭
𡅱
𡅸
𡅻
𡅽
𡆐
𡆒
𡇜
𡈟
𡋶
𡌗
𡍦
𡑡
𡒓
𡘍
𡘟
𡘰
𡙤
𡚊
𡚜
𡝎
𡞣
𡟗
𡠒
𡡽
𡢃
𡣔
𡣤
𡦋
𡦹
𡧺
𡩂
𡪡
𡪶
𡫜
𡫮
𡫹
𡫾
𡬖
𡭷
𡯍
𡰝
𡰶
𡱌
𡴿
𡵎
𡶑
𡶪
𡷆
𡷗
𡷛
𡸞
𡺗
𡻡
𡼥
𡿤
𢀵
𢁗
𢃗
𢃙
𢆦
𢇂
𢇇
𢇞
𢉂
𢉫
𢋔
𢍅
𢎘
𢏥
𢏧
𢑆
𢓃
𢔈
𢔑
𢕫
𢕭
𢕼
𢖋
𢙮
𢙶
𢜩
𢟿
𢠶
𢡙
𢡿
𢤒
𢦟
𢦡
𢧀
𢧆
𢩆
𢮄
𢴪
𢵧
𢸃
𢺄
𢼿
𢽣
𢽤
𢽿
𢿒
𣆸
𣆿
𣈨
𣈶
𣉙
𣊟
𣌓
𣎅
𣎺
𣐺
𣐻
𣑄
𣒯
𣒷
𣓁
𣓅
𣔼
𣔿
𣘒
𣘞
𣘠
𣛴
𣠤
𣠸
𣢅
𣢟
𣢬
𣢲
𣢸
𣢺
𣢻
𣢽
𣣒
𣣖
𣣙
𣣭
𣣻
𣤂
𣥥
𣦖
𣩔
𣩝
𣩞
𣪏
𣫡
𣴼
𣵱
𣵷
𣶔
𣹉
𣹢
𣻦
𣽌
𣽟
𣽦
𣽬
𤀣
𤀩
𤁉
𤁊
𤁦
𤂦
𤃗
𤃬
𤄒
𤅩
𤉑
𤊼
𤌐
𤌓
𤎡
𤏐
𤏭
𤑃
𤛚
𤛰
𤜍
𤞸
𤞿
𤟅
𤠿
𤡘
𤡟
𤡥
𤢁
𤥚
𤦼
𤧖
𤨔
𤩆
𤩨
𤪹
𤬪
𤬯
𤮺
𤮽
𤯌
𤯍
𤯎
𤳉
𤴯
𤸄
𤸕
𤺍
𤺛
𤻥
𤼐
𤼢
𤽂
𤽅
𤽕
𤿊
𤿧
𤿷
𥀐
𥁉
𥁠
𥂄
𥆒
𥆗
𥆡
𥇌
𥈉
𥈒
𥉀
𥉏
𥉰
𥊇
𥊫
𥊺
𥋂
𥌈
𥌵
𥍄
𥍊
𥍓
𥍕
𥏇
𥐓
𥓀
𥓒
𥕵
𥚌
𥜄
𥟓
𥠅
𥤱
𥦶
𥭨
𥯽
𥲌
𥲢
𥳑
𥳒
𥶍
𥷬
𥷯
𥸑
𥸜
𥸡
𥹚
𥹳
𥻇
𥻧
𥼿
𥽇
𥽏
𥽐
𥾍
𦀞
𦅘
𦅻
𦆃
𦇻
𦉞
𦉻
𦋣
𦌦
𦌮
𦎟
𦎥
𦎻
𦏊
𦏖
𦑘
𦑛
𦒅
𦒝
𦘾
𦛜
𦛤
𦜆
𦜐
𦜿
𦝝
𦝵
𦞞
𦠥
𦡶
𦢮
𦣴
𦥢
𦦽
𦩢
𦪧
𦫒
𦭂
𦯜
𦴻
𦸋
𦸌
𦺊
𦺦
𦻃
𦻧
𦼮
𦽣
𦽭
𦾮
𧁀
𧂃
𧂢
𧂴
𧃙
𧃦
𧆐
𧆒
𧇦
𧈁
𧌤
𧍧
𧑚
𧖾
𧗀
𧗄
𧗐
𧗛
𧗜
𧗹
𧙒
𧙫
𧚁
𧜄
𧟉
𧠮
𧡌
𧡩
𧡵
𧢞
𧢪
𧣤
𧤨
𧤩
𧤽
𧥈
𧧅
𧧴
𧨭
𧩾
𧫫
𧭻
𧮭
𧮰
𧮳
𧮽
𧯎
𧯑
𧯘
𧯰
𧰪
𧱂
𧱄
𧱖
𧳔
𧴊
𧵊
𧶲
𧸂
𧹣
𧹳
𧽐
𧾎
𧾔
𧾲
𧿂
𨁄
𨌁
𨌫
𨍒
𨎕
𨎫
𨏊
𨏙
𨒞
𨓲
𨕔
𨕹
𨖞
𨘣
𨙕
𨚠
𨛎
𨜌
𨝌
𨝑
𨝝
𨞂
𨟹
𨢈
𨣇
𨣝
𨤄
𨩧
𨫑
𨫝
𨰲
𨱫
𨳡
𨳢
𨳹
𨳼
𨳿
𨴮
𨴾
𨵬
𨵿
𨶚
𨶞
𨶹
𨷤
𨸗
𨹵
𨺂
𨺻
𨽧
𨿑
𨿨
𩁂
𩁧
𩄙
𩈅
𩈖
𩈣
𩉐
𩋆
𩋢
𩍹
𩎒
𩎸
𩏑
𩏹
𩑖
𩑟
𩒃
𩒯
𩓟
𩔞
𩕠
𩖆
𩖒
𩖦
𩖺
𩗤
𩙴
𩙶
𩙽
𩚣
𩚵
𩜱
𩝈
𩞿
𩟍
𩠻
𩡧
𩡪
𩢨
𩤥
𩤦
𩦂
𩦃
𩦊
𩦔
𩦹
𩩊
𩪢
𩫧
𩬚
𩭠
𩭥
𩵄
𩶊
𩹑
𩹸
𩹼
𩺶
𩻄
𩻘
𩻲
𩻴
𩽝
𩾝
𩾞
𩿊
𪂂
𪂶
𪃛
𪄿
𪆿
𪈩
𪈸
𪉦
𪉯
𪉳
𪉿
𪊄
𪊇
𪊥
𪍺
𪐂
𪐟
𪑙
𪒹
𪔆
𪔩
𪕛
𪗙
𪘄
𪘶
𪙨
𪙩
𪚕
𪚬
𪬃
𫞞
𫟓
𫟜
𫩧
𬮖
𬮦
𬼽
𭁔
𭁺
𭄿
𭅃
𭅑
𭆐
𭇥
𭎤
𭑊
𭑏
𭑒
𭒞
𭞞
𭞹
𭥬
𭬳
𭭎
𭭕
𭮣
𭲑
𭺪
𭺫
𭾆
𭾋
𭾩
𮃻
𮉸
𮉸
𮊆
𮍍
𮍥
𮏄
𮗚
𮘙
𮟃
𮠶
𮤚
𮥶
𮥹
𮥿
𮩁
𮪦
𮯈
𥡞
𥡴
𮃛
𮃢
𮩦
𮡤
𪥲
𫱈
𭘆
𨵿
𬮦
𥫳
㝸
𭁺