㝉
㝊
㝋
㝌
㝍
㝎
㝏
㝐
㝑
㝒
㝓
㝔
㝕
㝖
㝗
㝘
㝙
㝚
㝛
㝜
㝝
㝞
㝟
㝠
㝣
㝤
㝥
㝦
㝧
㝨
㝩
㝪
㝭
㝮
㝯
㝰
㝱
㝲
宂
宆
宊
宎
宐
宑
宒
宔
实
宠
审
宧
宨
宩
宪
宫
宭
宯
宱
宲
宷
宺
宻
宼
宽
宾
寁
寈
寊
寋
寍
寏
寑
寕
寗
寙
寚
寜
寠
寣
寪
寭
寯
寲
寴
寷
寧
寧
寮
宅
𡦹
𡦺
𡦻
𡦼
𡦽
𡦾
𡦿
𡧀
𡧁
𡧂
𡧄
𡧅
𡧆
𡧇
𡧈
𡧉
𡧊
𡧋
𡧌
𡧍
𡧎
𡧏
𡧐
𡧑
𡧒
𡧓
𡧔
𡧕
𡧖
𡧗
𡧘
𡧙
𡧚
𡧛
𡧜
𡧝
𡧞
𡧟
𡧠
𡧡
𡧢
𡧣
𡧤
𡧥
𡧦
𡧧
𡧨
𡧩
𡧪
𡧫
𡧬
𡧭
𡧮
𡧯
𡧰
𡧱
𡧲
𡧳
𡧴
𡧵
𡧶
𡧷
𡧸
𡧹
𡧺
𡧻
𡧼
𡧽
𡧾
𡧿
𡨀
𡨁
𡨂
𡨃
𡨄
𡨅
𡨆
𡨇
𡨈
𡨉
𡨊
𡨋
𡨌
𡨍
𡨎
𡨏
𡨐
𡨑
𡨒
𡨓
𡨔
𡨕
𡨖
𡨗
𡨘
𡨙
𡨚
𡨛
𡨜
𡨝
𡨞
𡨟
𡨠
𡨡
𡨢
𡨣
𡨤
𡨥
𡨦
𡨧
𡨨
𡨩
𡨪
𡨫
𡨬
𡨭
𡨮
𡨯
𡨰
𡨱
𡨲
𡨳
𡨴
𡨵
𡨶
𡨷
𡨸
𡨹
𡨺
𡨻
𡨼
𡨽
𡨾
𡨿
𡩀
𡩁
𡩂
𡩃
𡩄
𡩅
𡩆
𡩇
𡩈
𡩉
𡩊
𡩋
𡩌
𡩍
𡩎
𡩏
𡩐
𡩑
𡩒
𡩓
𡩔
𡩕
𡩖
𡩗
𡩘
𡩙
𡩚
𡩛
𡩜
𡩝
𡩞
𡩟
𡩠
𡩡
𡩢
𡩣
𡩤
𡩥
𡩦
𡩧
𡩨
𡩩
𡩪
𡩫
𡩬
𡩭
𡩮
𡩯
𡩰
𡩱
𡩲
𡩳
𡩴
𡩵
𡩶
𡩷
𡩸
𡩹
𡩺
𡩻
𡩼
𡩽
𡩾
𡩿
𡪀
𡪁
𡪂
𡪃
𡪄
𡪅
𡪆
𡪇
𡪈
𡪉
𡪊
𡪋
𡪌
𡪍
𡪎
𡪏
𡪐
𡪑
𡪒
𡪓
𡪔
𡪕
𡪖
𡪗
𡪘
𡪙
𡪚
𡪛
𡪜
𡪝
𡪟
𡪠
𡪡
𡪢
𡪣
𡪤
𡪥
𡪦
𡪧
𡪨
𡪩
𡪪
𡪫
𡪬
𡪭
𡪮
𡪯
𡪰
𡪱
𡪲
𡪳
𡪴
𡪵
𡪶
𡪷
𡪸
𡪹
𡪺
𡪻
𡪼
𡪽
𡪾
𡪿
𡫀
𡫁
𡫂
𡫃
𡫄
𡫅
𡫆
𡫇
𡫈
𡫉
𡫊
𡫋
𡫌
𡫍
𡫎
𡫏
𡫐
𡫑
𡫒
𡫓
𡫔
𡫕
𡫖
𡫗
𡫘
𡫙
𡫚
𡫛
𡫜
𡫝
𡫞
𡫟
𡫠
𡫡
𡫢
𡫣
𡫤
𡫥
𡫦
𡫧
𡫨
𡫩
𡫪
𡫫
𡫬
𡫭
𡫮
𡫯
𡫰
𡫱
𡫲
𡫳
𡫴
𡫵
𡫶
𡫷
𡫸
𡫹
𡫺
𡫻
𡫼
𡫽
𡫾
𡫿
𡬀
𡬁
𡬂
𡬃
𡬄
𡬅
𡬆
𡬇
𡬈
𡬉
𡬊
𡬋
𡬌
𡬍
𡬎
𡬏
𡬐
𡬑
𡬒
𡬓
𡬔
𡬕
𡬖
𡬗
𡬘
𡬙
𡬚
𡬛
𡬜
𪧅
𪧆
𪧇
𪧈
𪧉
𪧊
𪧋
𪧌
𪧍
𪧎
𪧏
𪧐
𪧑
𪧒
𪧓
𪧔
𪧕
𪧖
𪧗
𪧘
𪧙
𪧚
𪧛
𪧜
𪧝
𪧞
𪧟
𪧠
𪧡
𪧢
𪧣
𪧤
𪧥
𪧦
𪧧
𪧨
𪧩
𪧪
𪧫
𪧬
𪧭
𪧮
𪧯
𪧰
𪧱
𪧲
𪧳
𪧴
𪧵
𪧶
𫝰
𫝱
𫲵
𫲶
𫲷
𫲸
𫲹
𫲺
𫲻
𫲼
𫲽
𫲾
𫲿
𫳀
𫳁
𫳂
𫳃
𫳄
𫳅
𫳆
𫳇
𫳈
𫳉
𫳊
𫳋
𫳌
𫳍
𫳎
𫳏
𫳐
𫳑
𫳒
𫳓
𫳔
𫳕
𫳖
𫳗
𫳘
𫳙
𫳚
𫳛
𫳜
𫳝
𫳞
𫳟
𫳠
𫳡
𫳢
𫳣
𫳤
𫳥
𫳦
𫳧
𫳨
𫳩
𫳪
𫳫
𫳬
𫳭
𫳮
𫳯
𫳰
𫳱
𫳲
𫳳
𫳴
𫳵
𫳶
𫳷
𫳸
𫳹
𫳺
𫳻
𫳼
𫳽
𫳾
𫳿
𫴀
𫴁
𫴂
𫴃
𫴄
𫴅
𫴆
𫴇
𫴈
𫴉
𫴊
𫴋
𫴌
𫴍
𫴎
𫴏
𫴐
𫴑
𫴒
𫴓
𫴔
𫴕
𫴖
𫴗
𫴘
𫴙
𫴚
𫴛
𫴜
𫴝
𫴞
𫴟
𫴠
𫴡
𫴢
𫴣
𫴤
𫴥
𫴦
𫴧
𫴨
𫴩
𫴪
𫴫
𭓞
𭓟
𭓠
𭓡
𭓢
𭓣
𭓤
𭓥
𭓦
𭓧
𭓨
𭓩
𭓪
𭓫
𭓬
𭓭
𭓮
𭓯
𭓰
𭓱
𭓲
𭓳
𭓴
𭓵
𭓶
𭓷
𭓸
𭓹
𭓺
𭓻
𭓼
𭓽
𭓾
𭓿
𭔀
𭔁
𭔂
𭔃
𭔄
𭔅
𭔆
𭔇
𭔈
𭔉
𭔊
𭔋
𭔌
𭔍
𭔎
𭔏
𭔐
𭔑
𭔒
𭔓
𭔔
𭔕
𭔖
𭔗
𭔘
𭔙
𭔚
𭔛
𭔜
𭔝
𭔞
𭔟
𭔠
𭔡
𭔢
𭔣
𭔤
𭔥
𭔦
𭔧
𭔨
𮱞
𮱟
𮱠
𡧈
寃
寘
寧
寳
𡬘
𰌳
𰌴
𰌵
𰌶
𰌷
𰌸
𰌹
𰌺
𰌻
𰌼
𰌽
𰌾
𰌿
𰍀
𰍁
𰍂
𰍃
𰍄
𰍅
𰍆
𰍇
𰍈
𰍉
𰍊
𰍋
𰍌
𰍍
𰍎
𰍏
𰍐
𰍑
𰍒
𰍓
𰍔
𰍕
𰍖
𰍗
𰍘
𰍙
𰍚
𰍛
𰍜
𰍝
𰍞
𰍟
𰍠
𰍡
𰍢
𰍣
𰍤
𱚃
𱚄
𱚅
𱚆
𱚇
𱚈
𱚉
𱚊
𱚋
𱚌
𱚍
𱚎
𱚏
𱚐
𱚑
𱚒
𱚓
𱚔
𱚕
𱚖
𱚗
𱚘
𱚙
𱚚
𱚛
𱚜