㐯
㒝
㒞
㔎
㔏
㔣
㔤
㔥
㔦
㕓
㘆
㘇
㘈
㙷
㙸
㙹
㙺
㜮
㜯
㠘
㠙
㠚
㠛
㠜
㡥
㡦
㣷
㦘
㦜
㦠
㦽
㩓
㩚
㩛
㩜
㩝
㩞
㩟
㪺
㬠
㬡
㬲
㭀
㯪
㯫
㯬
㯭
㯮
㯯
㯱
㯲
㯳
㯴
㯵
㯶
㱆
㱇
㱈
㱉
㱸
㲉
㵨
㵯
㵰
㵱
㵲
㵳
㵴
㵵
㵶
㵷
㵸
㵹
㵺
㵻
㵼
㷾
㷿
㸀
㸁
㸂
㸃
㸣
㹔
㹕
㹖
㺝
㺞
㺟
㻹
㻺
㻽
㻿
㼀
㼁
㼿
㽀
㽁
㽂
㽃
㽄
㽅
㽑
㽪
㿊
䀉
䁫
䁬
䁭
䁮
䁯
䁰
䁱
䁲
䁳
䂊
䂋
䂌
䃟
䃡
䃢
䃣
䃤
䃥
䃦
䃧
䃨
䄟
䅾
䅿
䆀
䆵
䆶
䆷
䆸
䆹
䆺
䆻
䇓
䈸
䈹
䈺
䈻
䈼
䈽
䈾
䈿
䉀
䉁
䉂
䉃
䉄
䉅
䉆
䉇
䊜
䊝
䊞
䊟
䊠
䊡
䊢
䌌
䌍
䌎
䌏
䌐
䌑
䌒
䌓
䌔
䌕
䍢
䍺
䎭
䎮
䎯
䏄
䏅
䏆
䏇
䐾
䐿
䑀
䑁
䑿
䒀
䒁
䒂
䒃
䒄
䒅
䕂
䕆
䕇
䕈
䕉
䕊
䕋
䕌
䕍
䕎
䕏
䕐
䕑
䖙
䗟
䗠
䗡
䗢
䗣
䗤
䗦
䗧
䗨
䗩
䗫
䗬
䗭
䗮
䙔
䙕
䙖
䙗
䙘
䙙
䙚
䙛
䙜
䙝
䚊
䚋
䚌
䚥
䚦
䛾
䛿
䜀
䜁
䜂
䜦
䜧
䜰
䝀
䝁
䝂
䝠
䞅
䞆
䞽
䞾
䞿
䟀
䠗
䠘
䠙
䠚
䠛
䠜
䠝
䠽
䠾
䡥
䡦
䡧
䡨
䡩
䡪
䢮
䣖
䣢
䤉
䤊
䤋
䤌
䤷
䤸
䤹
䤺
䤻
䤼
䦩
䦪
䦫
䦬
䦭
䦮
䦯
䦸
䧫
䧬
䧭
䨁
䨂
䨞
䨟
䨠
䨡
䨢
䨣
䨤
䩊
䩨
䩩
䩪
䩫
䩬
䩭
䩮
䪕
䪠
䫋
䫌
䫍
䫎
䫏
䫐
䫑
䫒
䫓
䬋
䬌
䬍
䬎
䬏
䬐
䬠
䭃
䭄
䭅
䭆
䭇
䭰
䭱
䭲
䮎
䮏
䮐
䮑
䮒
䯄
䯕
䯖
䯗
䯘
䯙
䯚
䯹
䯺
䯻
䯼
䱊
䱋
䱌
䱍
䱎
䳋
䳌
䳍
䳎
䳏
䳐
䳒
䳓
䳔
䴔
䴕
䴵
䵠
䵢
䵣
䶃
䶒
䶓
儠
儢
儤
儥
儦
儧
儨
儩
儬
儰
凟
劕
勴
勶
噽
噾
噿
嚁
嚂
嚅
嚉
嚋
嚍
嚎
嚐
嚑
嚒
嚓
壏
壐
壖
嬣
嬤
嬦
嬧
嬫
嬮
嬯
嬱
嬵
嬷
嬺
孻
寲
尶
尷
嶻
嶾
嶿
巁
彍
徾
憵
懑
懗
懚
懛
懠
懡
懢
懤
懥
懧
懨
懩
懭
懱
擟
擨
擩
擫
擮
擰
攁
攃
斀
斣
斶
旚
曎
曐
曑
曒
曓
曕
曗
橚
檁
檂
檅
檆
檈
檊
檌
檏
檒
檓
檕
檘
檚
檦
檩
檴
櫣
歗
歜
歝
殬
氉
氋
澩
濌
濙
濜
濝
濢
濣
濥
濦
濧
濪
濲
濴
濻
濿
瀎
瀡
熽
燡
燢
燣
燨
燩
燫
燯
燰
燱
燲
燳
燴
燶
燷
獳
璛
璬
璮
璯
璱
璳
璴
瓁
瓂
甔
疃
疄
癄
癅
癍
癎
皢
皤
皥
皼
盩
瞦
瞧
瞨
瞫
瞮
瞯
瞲
瞴
瞵
瞷
瞸
磰
磱
磳
磵
磶
磸
磼
磿
礂
礃
礄
礅
礈
礍
禬
禯
穕
穘
穚
穛
穞
竀
竁
竂
竲
竳
篲
篵
篸
篺
篻
篼
篾
篿
簂
簄
簅
簆
簈
簊
簌
簐
簕
簖
簘
簻
糛
糡
縩
縯
縰
縳
縴
縶
縼
縿
繀
繂
繄
繈
繉
繌
繤
罆
罿
羁
翵
翶
耫
膥
臄
臅
臌
臒
臩
艛
薱
薲
薴
薵
薶
薸
薻
薾
薿
藀
藂
藃
藄
藅
藆
藈
藌
藑
藒
藓
藗
藬
藱
虨
螪
螮
螰
螱
螲
螷
螸
螹
螼
螿
蟂
蟃
蟅
蟈
蟉
蟊
蟌
蟍
蟏
蟑
蟓
蟝
蟞
褺
褼
褽
襆
襇
襈
襊
襋
襎
襏
襑
襓
襕
襚
覫
覭
覮
觲
謆
謈
謋
謑
謒
謓
謕
謘
謞
謢
謧
謩
謰
謷
謸
豀
豯
豰
豲
貕
貖
賶
賷
賹
赡
赢
赯
蹍
蹎
蹏
蹑
蹒
蹓
蹥
輽
轁
轃
轋
辫
鄻
鄼
鄾
鄿
醘
醟
醠
醡
醣
鍌
鍎
鍏
鍐
鍒
鍓
鍕
鍘
鍙
鍝
鍞
鍟
鍡
鍢
鍦
鍧
鍨
鍭
鍯
鍲
鍴
鍶
鍷
鍸
鍹
鍻
鍽
鍿
鎀
鎂
鎃
鎄
鎅
鎆
鎇
鎝
鎪
鎾
镡
镢
镣
镤
镥
镦
镧
镨
镩
镪
镫
闀
闄
闅
闆
闉
闎
闏
霘
霚
霛
霝
霟
霠
霡
鞛
鞝
鞟
鞡
鞬
韕
韺
顀
顁
顂
顃
顄
顅
顈
顉
顊
餥
餪
餫
餭
餯
餰
餵
餶
餷
餸
餿
馡
馢
駴
駵
駶
駷
駺
駽
駾
騀
骤
髼
髽
髾
髿
鬀
鬁
鬴
魊
魌
鮆
鮙
鮚
鮛
鮜
鮝
鮡
鮢
鮤
鮥
鮩
鮯
鮰
鮳
鮺
鯅
鯈
鲼
鲽
鲾
鲿
鳀
鳁
鳂
鳃
鳄
鳅
鳆
鳇
鳈
鳉
鳊
鳋
鴜
鴭
鴮
鴯
鴰
鴳
鴴
鴵
鴶
鴷
鴸
鴹
鴺
鴼
鴽
鵀
鵅
鵉
鵧
鹩
鹪
鹫
鹬
麉
麊
麰
黊
黋
黚
鼢
鼣
鼤
鼿
龋
龌
龩
龼
鿅
鿋
鿪
鿷
螺
濫
藍
縷
磻
聯
鍊
殮
嶺
隸
療
臨
館
嬨
戴
瞧
爵
頻
𠁖
𠁜
𠁞
𠄉
𠆙
𠐈
𠐉
𠐊
𠐋
𠐌
𠐍
𠐎
𠐏
𠐐
𠐑
𠐒
𠐓
𠐔
𠐕
𠐖
𠐗
𠐘
𠐙
𠐚
𠐛
𠐜
𠐝
𠐞
𠐟
𠐠
𠐡
𠐢
𠒿
𠓀
𠓁
𠓂
𠓃
𠓄
𠓅
𠓇
𠓽
𠖢
𠘖
𠘗
𠘘
𠘙
𠘚
𠘛
𠘜
𠙱
𠚞
𠠌
𠠍
𠠎
𠠏
𠠐
𠠑
𠠒
𠠓
𠠔
𠠕
𠠖
𠠗
𠠘
𠠙
𠠚
𠢺
𠢻
𠢼
𠢽
𠢾
𠢿
𠤈
𠤉
𠤊
𠤩
𠧅
𠧆
𠧇
𠧈
𠨦
𠪿
𠬕
𠬖
𠬗
𠮍
𠮎
𠮏
𡀽
𡀾
𡀿
𡁀
𡁁
𡁂
𡁃
𡁄
𡁅
𡁆
𡁇
𡁈
𡁉
𡁊
𡁋
𡁌
𡁍
𡁎
𡁏
𡁐
𡁑
𡁒
𡁓
𡁔
𡁕
𡁖
𡁗
𡁘
𡁙
𡁚
𡁛
𡁜
𡁝
𡁞
𡁟
𡁠
𡁡
𡁢
𡁣
𡁤
𡁥
𡁦
𡁧
𡁨
𡁩
𡁪
𡁫
𡁬
𡁭
𡁮
𡁯
𡁰
𡁱
𡁲
𡁳
𡁴
𡁵
𡁶
𡁷
𡁸
𡁹
𡁺
𡁻
𡁼
𡁽
𡁾
𡁿
𡂀
𡂁
𡂂
𡂃
𡂄
𡂅
𡂆
𡂇
𡂈
𡂉
𡂊
𡂋
𡂌
𡂍
𡂎
𡈭
𡈮
𡈯
𡈰
𡈱
𡒉
𡒊
𡒋
𡒌
𡒍
𡒎
𡒏
𡒐
𡒑
𡒒
𡒓
𡒔
𡒕
𡒖
𡒗
𡒘
𡒙
𡒚
𡒛
𡒜
𡒝
𡒞
𡒟
𡒠
𡒡
𡒢
𡒣
𡒤
𡒥
𡒦
𡒧
𡒨
𡒩
𡒪
𡒫
𡒬
𡒭
𡒮
𡒯
𡕁
𡕂
𡕃
𡕄
𡕻
𡗆
𡗇
𡗈
𡚏
𡚐
𡚑
𡚒
𡚓
𡚔
𡚕
𡚖
𡣅
𡣆
𡣇
𡣈
𡣉
𡣊
𡣋
𡣌
𡣍
𡣎
𡣏
𡣐
𡣑
𡣒
𡣓
𡣔
𡣕
𡣖
𡣗
𡣘
𡣙
𡣚
𡣛
𡣜
𡣝
𡣞
𡣟
𡣠
𡣡
𡣢
𡣣
𡣤
𡣥
𡣦
𡣧
𡣨
𡣩
𡦩
𡫑
𡫒
𡫓
𡫔
𡫕
𡫖
𡫗
𡫘
𡫙
𡫚
𡫛
𡫜
𡫝
𡭍
𡭎
𡭏
𡮴
𡮵
𡮶
𡰛
𡰜
𡳨
𡳩
𡽉
𡽜
𡽝
𡽞
𡽟
𡽠
𡽡
𡽢
𡽣
𡽤
𡽥
𡽦
𡽧
𡽨
𡽩
𡽪
𡽫
𡽬
𡽭
𡽮
𡽯
𡽰
𡽱
𡽲
𡽳
𡽴
𡽵
𡽷
𡽸
𡽹
𡽺
𡽻
𡽼
𡽽
𡽾
𡽿
𡾀
𡾁
𡾻
𢀇
𢀭
𢁎
𢅟
𢅠
𢅡
𢅢
𢅣
𢅤
𢅥
𢅦
𢅧
𢅨
𢇔
𢋑
𢋒
𢋓
𢋔
𢋕
𢋖
𢋗
𢋘
𢋙
𢋚
𢋛
𢋜
𢋝
𢋞
𢋟
𢋠
𢍲
𢍳
𢍴
𢎔
𢐬
𢐭
𢐮
𢐯
𢐰
𢐱
𢑲
𢒴
𢖈
𢖉
𢖊
𢖋
𢖌
𢖍
𢖎
𢣎
𢣏
𢣐
𢣑
𢣒
𢣓
𢣔
𢣕
𢣖
𢣗
𢣘
𢣙
𢣚
𢣛
𢣜
𢣝
𢣞
𢣟
𢣠
𢣡
𢣢
𢣣
𢣤
𢣥
𢣦
𢣧
𢣨
𢣩
𢣪
𢣫
𢣬
𢣭
𢣮
𢣯
𢣰
𢣱
𢣲
𢣳
𢣴
𢣵
𢣶
𢣷
𢣸
𢣹
𢣺
𢨓
𢨔
𢨕
𢨖
𢨗
𢩠
𢷋
𢷌
𢷍
𢷎
𢷏
𢷐
𢷑
𢷒
𢷓
𢷔
𢷕
𢷖
𢷗
𢷘
𢷙
𢷚
𢷛
𢷜
𢷝
𢷞
𢷟
𢷠
𢷢
𢷣
𢷤
𢷥
𢷦
𢷧
𢷨
𢷩
𢷪
𢷫
𢷬
𢷭
𢷮
𢷯
𢷰
𢷱
𢷲
𢷳
𢷴
𢷵
𢻥
𢻦
𢻧
𢻨
𢻩
𢿾
𢿿
𣀀
𣀁
𣀂
𣀃
𣀅
𣀆
𣀇
𣀈
𣀉
𣀊
𣀋
𣀌
𣀍
𣀎
𣀏
𣁤
𣂌
𣂍
𣃇
𣃈
𣃉
𣃊
𣃋
𣄝
𣋉
𣋊
𣋋
𣋌
𣋍
𣋎
𣋏
𣋐
𣋑
𣋒
𣋓
𣋔
𣋕
𣋖
𣋗
𣋘
𣋙
𣋚
𣋛
𣋜
𣋝
𣍏
𣍐
𣎜
𣎣
𣎤
𣎥
𣎦
𣎧
𣎨
𣛰
𣛱
𣛲
𣛳
𣛴
𣛵
𣛶
𣛷
𣛸
𣛹
𣛺
𣛻
𣛼
𣛽
𣛾
𣛿
𣜀
𣜁
𣜂
𣜃
𣜄
𣜅
𣜆
𣜇
𣜈
𣜉
𣜊
𣜋
𣜍
𣜎
𣜏
𣜐
𣜑
𣜒
𣜓
𣜔
𣜕
𣜖
𣜗
𣜘
𣜙
𣜚
𣜛
𣜝
𣜞
𣜟
𣜠
𣜡
𣜣
𣜤
𣜥
𣜦
𣜧
𣜨
𣜩
𣜪
𣜫
𣜬
𣜭
𣜮
𣜯
𣜰
𣜱
𣜲
𣜳
𣜴
𣜵
𣜶
𣜷
𣜸
𣜹
𣜺
𣜻
𣜼
𣜽
𣜾
𣝀
𣤠
𣤡
𣤢
𣤣
𣤤
𣤥
𣤦
𣤧
𣦡
𣦢
𣦣
𣦤
𣦥
𣩨
𣩩
𣩪
𣩫
𣩬
𣩭
𣩮
𣫌
𣫍
𣫎
𣫏
𣫿
𣬕
𣰊
𣰋
𣰌
𣰍
𣰎
𣰏
𣰐
𣰑
𣰒
𣰓
𣰔
𣰕
𣰖
𣰗
𣰘
𣰙
𣱒
𣱬
𣱭
𣿀
𤀣
𤀤
𤀥
𤀦
𤀧
𤀨
𤀩
𤀪
𤀫
𤀬
𤀭
𤀮
𤀯
𤀰
𤀱
𤀲
𤀳
𤀴
𤀵
𤀶
𤀷
𤀸
𤀹
𤀺
𤀻
𤀼
𤀽
𤀾
𤀿
𤁀
𤁁
𤁂
𤁃
𤁄
𤁅
𤁆
𤁇
𤁈
𤁉
𤁊
𤁋
𤁌
𤁍
𤁎
𤁏
𤁐
𤁑
𤁒
𤁓
𤁔
𤁕
𤁖
𤁗
𤁘
𤁙
𤁚
𤁛
𤁜
𤁝
𤁟
𤁠
𤏵
𤏶
𤏷
𤏸
𤏹
𤏺
𤏻
𤏼
𤏽
𤏾
𤏿
𤐀
𤐁
𤐂
𤐃
𤐄
𤐅
𤐆
𤐇
𤐈
𤐉
𤐊
𤐋
𤐌
𤐍
𤐎
𤐏
𤐐
𤐑
𤐒
𤐓
𤐔
𤐕
𤐖
𤐗
𤐘
𤐙
𤐚
𤐛
𤐜
𤐝
𤐞
𤐟
𤐠
𤐡
𤐢
𤐣
𤔲
𤔳
𤔴
𤔵
𤔶
𤔷
𤔸
𤔼
𤖜
𤖝
𤖞
𤖟
𤗺
𤗻
𤗼
𤗽
𤗾
𤛯
𤛰
𤛱
𤛲
𤛳
𤛴
𤛵
𤛶
𤛷
𤛸
𤢦
𤢧
𤢨
𤢩
𤢪
𤢫
𤢬
𤢭
𤢮
𤢯
𤢰
𤢱
𤢲
𤢳
𤩫
𤩬
𤩭
𤩮
𤩯
𤩰
𤩱
𤩲
𤩳
𤩴
𤩵
𤩶
𤩷
𤩸
𤩹
𤩺
𤩻
𤩼
𤩽
𤩾
𤩿
𤪀
𤪁
𤪂
𤪃
𤪄
𤪅
𤪆
𤪇
𤪈
𤪉
𤪊
𤬗
𤮎
𤮏
𤮐
𤮑
𤮒
𤮓
𤮔
𤮕
𤮗
𤯍
𤯷
𤯸
𤯹
𤳒
𤳓
𤳔
𤳕
𤳖
𤳗
𤳘
𤳙
𤳚
𤳛
𤳜
𤳝
𤳞
𤳟
𤳠
𤳡
𤳢
𤳣
𤺃
𤺄
𤺅
𤺆
𤺇
𤺈
𤺉
𤺊
𤺌
𤺍
𤺎
𤺏
𤺐
𤺑
𤺒
𤺓
𤺔
𤺕
𤺖
𤺗
𤺘
𤺙
𤺚
𤺛
𤺜
𤺝
𤺟
𤺠
𤺡
𤺢
𤺣
𤺤
𤺥
𤺦
𤺧
𤺨
𤺩
𤺪
𤺫
𤺬
𤺭
𤺮
𤺯
𤺰
𤺱
𤺲
𤺳
𤺴
𤺵
𤺶
𤺷
𤺸
𤺹
𤾠
𤾡
𤾢
𤾣
𤾤
𤾥
𤾦
𥀟
𥀠
𥀡
𥂥
𥂦
𥂧
𥂨
𥂩
𥂪
𥂫
𥂬
𥂭
𥂮
𥂯
𥂰
𥂱
𥂲
𥂳
𥂴
𥂵
𥂶
𥂷
𥊪
𥊫
𥊬
𥊭
𥊮
𥊯
𥊰
𥊱
𥊲
𥊳
𥊴
𥊵
𥊶
𥊷
𥊸
𥊹
𥊺
𥊻
𥊼
𥊽
𥊾
𥊿
𥋀
𥋁
𥋂
𥋃
𥋄
𥋅
𥋆
𥋇
𥋈
𥋉
𥋊
𥋋
𥋌
𥋍
𥋎
𥋏
𥋐
𥋑
𥋒
𥋓
𥋔
𥋕
𥋗
𥎏
𥎐
𥎑
𥎒
𥐀
𥐁
𥐂
𥐃
𥐄
𥐅
𥐆
𥕰
𥕱
𥕲
𥕳
𥕴
𥕵
𥕶
𥕷
𥕸
𥕹
𥕺
𥕻
𥕼
𥕽
𥕾
𥕿
𥖀
𥖁
𥖂
𥖃
𥖄
𥖅
𥖆
𥖇
𥖈
𥖉
𥖊
𥖋
𥖌
𥖍
𥖎
𥖏
𥖐
𥖑
𥖒
𥖓
𥖔
𥖕
𥖖
𥜃
𥜄
𥜅
𥜆
𥜇
𥜈
𥜉
𥜊
𥜋
𥜌
𥜍
𥜎
𥜏
𥜐
𥜑
𥝈
𥢊
𥢋
𥢌
𥢍
𥢎
𥢏
𥢐
𥢑
𥢒
𥢓
𥢔
𥢕
𥢖
𥢗
𥢘
𥢙
𥢚
𥢛
𥢜
𥢝
𥢞
𥢟
𥢠
𥢡
𥢢
𥢣
𥢤
𥢥
𥢦
𥢧
𥢨
𥢩
𥢪
𥢫
𥢬
𥢭
𥢮
𥢯
𥢰
𥢱
𥢲
𥢳
𥧼
𥨌
𥨍
𥨎
𥨏
𥨐
𥨑
𥨒
𥨓
𥨔
𥨕
𥨖
𥨗
𥨘
𥨙
𥨚
𥨛
𥨜
𥨝
𥨞
𥨟
𥨩
𥪯
𥪲
𥪳
𥪴
𥪵
𥪶
𥪷
𥪸
𥪹
𥪻
𥱵
𥱶
𥱷
𥱸
𥱹
𥱺
𥱻
𥱼
𥱽
𥱾
𥱿
𥲀
𥲁
𥲂
𥲃
𥲄
𥲅
𥲆
𥲇
𥲈
𥲉
𥲊
𥲋
𥲌
𥲍
𥲎
𥲏
𥲐
𥲑
𥲒
𥲓
𥲔
𥲕
𥲖
𥲗
𥲘
𥲙
𥲚
𥲛
𥲜
𥲝
𥲞
𥲟
𥲠
𥲡
𥲢
𥲣
𥲤
𥲥
𥲦
𥲧
𥲨
𥲩
𥲪
𥲫
𥲬
𥲭
𥲮
𥲯
𥲰
𥲱
𥲲
𥲳
𥲴
𥲵
𥲶
𥲷
𥲸
𥲹
𥲺
𥲻
𥲼
𥲽
𥲾
𥲿
𥳀
𥳂
𥳃
𥳄
𥳅
𥴎
𥻿
𥼀
𥼁
𥼂
𥼃
𥼄
𥼅
𥼆
𥼇
𥼈
𥼉
𥼊
𥼋
𥼌
𥼍
𥼎
𥼏
𥼐
𥼑
𥼒
𥼓
𥼔
𥼕
𥼖
𦄂
𦄉
𦄊
𦄋
𦄌
𦄍
𦄎
𦄏
𦄐
𦄑
𦄒
𦄓
𦄔
𦄕
𦄖
𦄗
𦄘
𦄙
𦄚
𦄛
𦄜
𦄝
𦄞
𦄟
𦄠
𦄡
𦄢
𦄣
𦄤
𦄥
𦄦
𦄧
𦄨
𦄩
𦄪
𦄫
𦄬
𦄭
𦄮
𦄯
𦄰
𦄱
𦄲
𦄳
𦄴
𦄵
𦄶
𦄷
𦄸
𦄹
𦄺
𦄻
𦈠
𦈡
𦉏
𦉐
𦉑
𦉒
𦉓
𦉔
𦌒
𦌓
𦌔
𦌕
𦌖
𦌗
𦌘
𦌙
𦌚
𦌛
𦌜
𦌝
𦌞
𦎷
𦎸
𦎹
𦎺
𦎻
𦎼
𦎽
𦎾
𦎿
𦏀
𦏁
𦏂
𦏃
𦏄
𦒃
𦒄
𦒅
𦒆
𦒇
𦒈
𦒉
𦒊
𦒋
𦒌
𦓃
𦓉
𦓟
𦓠
𦓡
𦔓
𦔔
𦔕
𦔖
𦔗
𦔘
𦔙
𦔚
𦗐
𦗑
𦗒
𦗓
𦗔
𦗕
𦗖
𦗗
𦗘
𦗙
𦗚
𦗛
𦗜
𦗝
𦗞
𦘤
𦘥
𦘦
𦠾
𦠿
𦡀
𦡁
𦡂
𦡃
𦡅
𦡆
𦡇
𦡈
𦡉
𦡊
𦡋
𦡌
𦡍
𦡏
𦡐
𦡑
𦡒
𦡓
𦡔
𦡕
𦡖
𦡘
𦡙
𦡚
𦡛
𦡜
𦡝
𦡞
𦡟
𦡠
𦡡
𦡢
𦡣
𦡤
𦡥
𦡦
𦡧
𦡨
𦡩
𦡪
𦡫
𦡬
𦡭
𦡯
𦣰
𦣱
𦤡
𦤢
𦤣
𦤤
𦥎
𦦘
𦦙
𦦛
𦦜
𦦝
𦦞
𦦟
𦦠
𦧱
𦧲
𦧳
𦪆
𦪇
𦪈
𦪉
𦪊
𦪋
𦪍
𦪎
𦪏
𦪐
𦫑
𦻾
𦼨
𦼩
𦼪
𦼫
𦼬
𦼭
𦼮
𦼯
𦼰
𦼱
𦼲
𦼳
𦼴
𦼵
𦼶
𦼷
𦼸
𦼹
𦼺
𦼻
𦼼
𦼽
𦼾
𦼿
𦽀
𦽁
𦽂
𦽃
𦽄
𦽅
𦽆
𦽇
𦽈
𦽉
𦽊
𦽋
𦽌
𦽍
𦽎
𦽏
𦽐
𦽑
𦽒
𦽓
𦽔
𦽕
𦽖
𦽗
𦽘
𦽙
𦽚
𦽛
𦽜
𦽝
𦽞
𦽟
𦽠
𦽡
𦽢
𦽣
𦽤
𦽥
𦽦
𦽧
𦽨
𦽩
𦽪
𦽫
𦽬
𦽮
𦽯
𦽰
𦽱
𦽲
𦽳
𦽴
𦽵
𦽶
𦽷
𦽸
𦽹
𦽺
𦽻
𦽼
𦽽
𦽾
𦽿
𦾀
𦾁
𦾂
𦾃
𦾄
𦾅
𦾆
𦾇
𦾈
𦾉
𦾊
𦾋
𦾌
𦾍
𦾎
𦾏
𦾐
𦾑
𦾒
𦾓
𦾕
𦾖
𦾗
𦾘
𦾙
𦾚
𦾛
𦾜
𦾝
𦾞
𦾟
𦾠
𦾡
𦾢
𦾣
𦾤
𦾥
𦾦
𦾧
𦾨
𦾩
𦿡
𧇱
𧇲
𧇳
𧇴
𧇵
𧇶
𧇷
𧇸
𧇹
𧇺
𧏸
𧏹
𧏺
𧏻
𧏼
𧏽
𧏿
𧐀
𧐁
𧐂
𧐃
𧐄
𧐅
𧐆
𧐇
𧐈
𧐉
𧐊
𧐋
𧐌
𧐍
𧐎
𧐏
𧐑
𧐒
𧐓
𧐔
𧐕
𧐖
𧐗
𧐘
𧐙
𧐚
𧐛
𧐜
𧐝
𧐞
𧐟
𧐠
𧐡
𧐢
𧐣
𧐤
𧐥
𧐦
𧐧
𧐨
𧐩
𧐪
𧐫
𧐬
𧐭
𧐮
𧐯
𧐱
𧐲
𧐳
𧐴
𧐵
𧐶
𧐷
𧐸
𧐹
𧐺
𧐻
𧐼
𧐽
𧐾
𧐿
𧑀
𧑁
𧑂
𧑃
𧗋
𧗌
𧗍
𧗿
𧘀
𧘁
𧜭
𧝂
𧝃
𧝄
𧝅
𧝆
𧝇
𧝈
𧝉
𧝊
𧝋
𧝌
𧝍
𧝎
𧝏
𧝐
𧝑
𧝓
𧝔
𧝕
𧝖
𧝗
𧝘
𧝙
𧝚
𧝛
𧝜
𧝝
𧝞
𧝟
𧝠
𧝡
𧝢
𧝣
𧝤
𧝥
𧝦
𧝧
𧝨
𧝩
𧝪
𧝫
𧝬
𧝭
𧝮
𧝯
𧝰
𧟿
𧡷
𧡸
𧡹
𧡺
𧡻
𧡼
𧡽
𧡾
𧡿
𧢀
𧢁
𧤛
𧤜
𧤝
𧤞
𧤟
𧤠
𧤡
𧤣
𧤤
𧤥
𧤦
𧤧
𧤨
𧤩
𧤪
𧤫
𧤬
𧤭
𧤮
𧪘
𧪙
𧪚
𧪛
𧪜
𧪝
𧪞
𧪟
𧪠
𧪡
𧪢
𧪣
𧪤
𧪥
𧪦
𧪧
𧪨
𧪩
𧪪
𧪫
𧪬
𧪭
𧪮
𧪯
𧪰
𧪱
𧪲
𧪳
𧪴
𧪵
𧪶
𧪷
𧪸
𧪹
𧪺
𧪻
𧪼
𧪽
𧪾
𧪿
𧫀
𧫁
𧫂
𧫃
𧫄
𧫅
𧫆
𧫇
𧫈
𧫉
𧫊
𧫋
𧫌
𧫍
𧫎
𧫏
𧫐
𧫑
𧯆
𧯈
𧯉
𧯼
𧯽
𧯾
𧯿
𧰀
𧰁
𧰂
𧰈
𧱲
𧱳
𧱴
𧱵
𧱶
𧱷
𧱸
𧱹
𧱺
𧳵
𧳶
𧳷
𧳸
𧳹
𧳺
𧳻
𧳼
𧳽
𧳾
𧳿
𧴀
𧷅
𧷌
𧷍
𧷎
𧷏
𧷐
𧷑
𧷒
𧷓
𧷔
𧷕
𧷖
𧷗
𧷘
𧷙
𧷚
𧷛
𧷜
𧷝
𧹲
𧹳
𧹴
𧹵
𧽉
𧽊
𧽋
𧽌
𧽍
𧽎
𧽏
𧽐
𧽑
𧽒
𧽓
𧽔
𧽕
𧽖
𧽗
𧽘
𧽙
𧽚
𧽛
𧽜
𧽝
𨃓
𨃔
𨃕
𨃖
𨃗
𨃘
𨃙
𨃚
𨃛
𨃜
𨃝
𨃞
𨃟
𨃠
𨃡
𨃢
𨃣
𨃤
𨃥
𨃦
𨃧
𨃨
𨃩
𨃪
𨃫
𨃬
𨃭
𨃮
𨃯
𨃰
𨃱
𨃲
𨃳
𨃴
𨃵
𨃶
𨃷
𨃸
𨃹
𨃺
𨃻
𨃼
𨃽
𨃾
𨃿
𨄀
𨄁
𨄂
𨄄
𨉦
𨉮
𨉯
𨉰
𨉱
𨉲
𨉳
𨉴
𨉵
𨉶
𨉸
𨍩
𨍪
𨍫
𨍬
𨍭
𨍮
𨍯
𨍰
𨍱
𨍲
𨍳
𨍴
𨍵
𨍶
𨍷
𨍸
𨍹
𨍺
𨍻
𨍼
𨍽
𨍾
𨍿
𨎀
𨎁
𨎂
𨎃
𨎄
𨎅
𨎆
𨎇
𨎈
𨎉
𨐨
𨐩
𨐪
𨐫
𨐬
𨐭
𨐮
𨐯
𨘇
𨘈
𨘉
𨘊
𨘋
𨘌
𨘍
𨘎
𨘏
𨘐
𨘑
𨘒
𨘓
𨘔
𨘕
𨘖
𨘗
𨘘
𨘙
𨘚
𨘛
𨘜
𨘝
𨘞
𨘟
𨘠
𨞺
𨞻
𨞼
𨞽
𨞾
𨞿
𨟀
𨟁
𨟂
𨟃
𨟄
𨟅
𨟆
𨟇
𨟈
𨟉
𨟊
𨟋
𨟌
𨢅
𨢆
𨢇
𨢈
𨢉
𨢊
𨢋
𨢌
𨢍
𨢎
𨢏
𨢐
𨢑
𨢒
𨢓
𨢔
𨢕
𨢖
𨢗
𨢘
𨢙
𨢚
𨢛
𨢜
𨢝
𨢞
𨢟
𨢠
𨤚
𨤛
𨤜
𨤲
𨤳
𨨯
𨨰
𨨱
𨨲
𨨳
𨨴
𨨵
𨨶
𨨷
𨨸
𨨹
𨨺
𨨻
𨨼
𨨽
𨨾
𨨿
𨩀
𨩁
𨩂
𨩄
𨩅
𨩆
𨩇
𨩈
𨩉
𨩊
𨩋
𨩌
𨩍
𨩎
𨩏
𨩐
𨩑
𨩒
𨩓
𨩔
𨩕
𨩖
𨩗
𨩘
𨩙
𨩚
𨩛
𨩜
𨩝
𨩞
𨩟
𨩠
𨩡
𨩢
𨩣
𨩤
𨩥
𨩦
𨩧
𨩨
𨩩
𨩪
𨩫
𨩬
𨩭
𨩮
𨩯
𨩰
𨩲
𨩳
𨩴
𨩵
𨩶
𨩷
𨩸
𨩹
𨩺
𨩻
𨩼
𨩽
𨩾
𨩿
𨪀
𨪁
𨪂
𨪃
𨪄
𨪅
𨪆
𨱑
𨱓
𨱔
𨲞
𨲟
𨲠
𨲡
𨲢
𨲣
𨲤
𨵥
𨵦
𨵧
𨵨
𨵩
𨵪
𨵫
𨵬
𨵭
𨵮
𨵯
𨵰
𨵲
𨵳
𨵴
𨵵
𨵶
𨵷
𨵸
𨵹
𨵺
𨵻
𨵼
𨵽
𨵾
𨵿
𨸍
𨽍
𨽎
𨽏
𨽐
𨽑
𨽒
𨽓
𨽔
𨽕
𨽿
𨿿
𩀀
𩀁
𩀂
𩀃
𩀄
𩀅
𩀆
𩀇
𩀈
𩀉
𩀊
𩀋
𩀌
𩀍
𩀎
𩀏
𩀐
𩀑
𩀒
𩀓
𩀔
𩀕
𩀖
𩃵
𩃶
𩃷
𩃸
𩃹
𩃺
𩃻
𩃼
𩃽
𩃿
𩄀
𩄁
𩄂
𩄃
𩄄
𩄅
𩄆
𩄇
𩄈
𩄉
𩄊
𩄋
𩄌
𩄍
𩄎
𩄏
𩄐
𩄑
𩄒
𩄓
𩄔
𩄕
𩄖
𩄮
𩇟
𩈫
𩈬
𩈭
𩈮
𩈯
𩈰
𩈱
𩊿
𩋀
𩋁
𩋂
𩋃
𩋄
𩋅
𩋆
𩋇
𩋈
𩋉
𩋊
𩋋
𩋌
𩋍
𩋎
𩋏
𩋐
𩋑
𩋒
𩋓
𩋔
𩋕
𩋖
𩋗
𩋘
𩋙
𩋚
𩋛
𩋜
𩋝
𩋞
𩎸
𩎹
𩎺
𩎻
𩎼
𩎽
𩎾
𩎿
𩏀
𩏁
𩏂
𩏃
𩏄
𩐅
𩐆
𩐇
𩐭
𩐮
𩐯
𩐰
𩓝
𩓞
𩓟
𩓠
𩓡
𩓢
𩓣
𩓤
𩓥
𩓦
𩓧
𩓨
𩓩
𩓪
𩓫
𩓬
𩓭
𩓮
𩓯
𩓰
𩓱
𩓲
𩓳
𩓴
𩓵
𩓶
𩓷
𩓸
𩓹
𩓺
𩓻
𩓼
𩓽
𩓾
𩓿
𩗨
𩗩
𩗪
𩗫
𩗬
𩗭
𩗮
𩗯
𩗰
𩗱
𩗲
𩗳
𩗴
𩗵
𩗶
𩗷
𩗸
𩗹
𩗺
𩗻
𩗼
𩗽
𩗾
𩗿
𩘀
𩘁
𩘂
𩘃
𩘄
𩙰
𩜣
𩜭
𩜮
𩜯
𩜰
𩜱
𩜲
𩜳
𩜴
𩜵
𩜶
𩜷
𩜸
𩜹
𩜺
𩜻
𩜼
𩜽
𩜾
𩜿
𩝀
𩝁
𩝂
𩝃
𩝄
𩝅
𩝆
𩝇
𩝈
𩝉
𩝊
𩝋
𩝌
𩝍
𩝎
𩝏
𩝑
𩝒
𩝓
𩝔
𩝕
𩝖
𩝗
𩝘
𩠨
𩠩
𩡉
𩡊
𩡋
𩡏
𩣖
𩣗
𩣘
𩣙
𩣚
𩣛
𩣜
𩣝
𩣞
𩣟
𩣠
𩣡
𩣢
𩣣
𩣤
𩣥
𩣦
𩣧
𩣨
𩣩
𩣪
𩣫
𩣬
𩤷
𩩗
𩩘
𩩙
𩩚
𩩛
𩩜
𩩝
𩩞
𩩟
𩩠
𩩡
𩩢
𩩣
𩩤
𩩥
𩩦
𩩧
𩩨
𩩩
𩩪
𩩫
𩩬
𩫕
𩫖
𩫗
𩫘
𩫙
𩭇
𩭈
𩭉
𩭊
𩭋
𩭌
𩭍
𩭎
𩭏
𩭐
𩭑
𩭒
𩭓
𩭔
𩭕
𩭖
𩭗
𩭘
𩭙
𩭚
𩭛
𩭜
𩭝
𩰒
𩰹
𩰺
𩰻
𩰼
𩰽
𩳢
𩳣
𩳤
𩳥
𩳦
𩳧
𩳨
𩳩
𩳪
𩳫
𩳬
𩳭
𩳮
𩳯
𩳰
𩳱
𩳲
𩳳
𩳴
𩶡
𩶢
𩶣
𩶤
𩶥
𩶦
𩶧
𩶨
𩶩
𩶪
𩶫
𩶬
𩶭
𩶮
𩶯
𩶰
𩶱
𩶲
𩶳
𩶴
𩶵
𩶶
𩶸
𩶹
𩶺
𩶻
𩶼
𩶽
𩶾
𩶿
𩷀
𩷁
𩷂
𩷃
𩷄
𩷅
𩷆
𩷇
𩷈
𩷉
𩷊
𩷋
𩷌
𩾊
𩾋
𪀒
𪀓
𪀔
𪀕
𪀖
𪀗
𪀘
𪀙
𪀛
𪀜
𪀝
𪀞
𪀟
𪀠
𪀡
𪀢
𪀣
𪀤
𪀥
𪀦
𪀧
𪀨
𪀩
𪀪
𪀫
𪀬
𪀭
𪀮
𪀰
𪀱
𪀲
𪀳
𪀴
𪀵
𪀶
𪀷
𪀸
𪀹
𪀺
𪀻
𪀼
𪀽
𪀾
𪀿
𪁀
𪁁
𪁂
𪁃
𪁄
𪁅
𪁆
𪁇
𪁈
𪁉
𪉢
𪊥
𪊦
𪊧
𪊨
𪊩
𪊪
𪊫
𪊬
𪊭
𪊮
𪊯
𪊰
𪊱
𪊲
𪊳
𪌢
𪌣
𪌤
𪌥
𪌦
𪌧
𪌨
𪌩
𪌪
𪌫
𪌬
𪎠
𪎡
𪎢
𪎻
𪎼
𪎽
𪎾
𪎿
𪏀
𪏁
𪏶
𪏷
𪏸
𪏹
𪏺
𪏻
𪏼
𪏽
𪏾
𪐲
𪐳
𪐴
𪐵
𪐶
𪐸
𪐹
𪐺
𪐻
𪐼
𪐽
𪐾
𪓔
𪓕
𪓖
𪓗
𪓘
𪓙
𪔍
𪔎
𪔏
𪔽
𪔾
𪔿
𪕀
𪕁
𪕂
𪕃
𪕄
𪕅
𪕆
𪕇
𪕈
𪖓
𪖔
𪗆
𪗔
𪗕
𪗖
𪗗
𪝴
𪝵
𪝶
𪟺
𪠚
𪢕
𪢖
𪢗
𪢘
𪤦
𪤧
𪤨
𪤩
𪤪
𪤫
𪦫
𪧂
𪧃
𪧯
𪧾
𪨆
𪨞
𪩛
𪩜
𪩝
𪩨
𪩾
𪪦
𪪧
𪪨
𪪸
𪫃
𪫊
𪫚
𪬷
𪬸
𪬹
𪮸
𪮹
𪮺
𪯚
𪯯
𪱆
𪱍
𪳽
𪳾
𪳿
𪴀
𪴁
𪴂
𪴃
𪴄
𪴅
𪴆
𪴇
𪴈
𪴿
𪵇
𪵑
𪵒
𪷨
𪷩
𪷪
𪷫
𪷬
𪷭
𪷮
𪷯
𪷰
𪷱
𪷲
𪹴
𪹵
𪹶
𪹷
𪹸
𪹹
𪹺
𪹻
𪺘
𪺙
𪻊
𪼡
𪼢
𪼣
𪼤
𪼥
𪼦
𪽢
𪽧
𪽸
𪽹
𪾗
𪾘
𪾼
𪾽
𪾾
𪾿
𪿀
𪿵
𪿶
𪿷
𫀢
𫁆
𫁛
𫁭
𫂘
𫂙
𫂚
𫂛
𫂜
𫂝
𫂞
𫂟
𫃍
𫃎
𫃽
𫃾
𫃿
𫄀
𫄸
𫅚
𫅛
𫅜
𫅯
𫆎
𫆏
𫆹
𫆺
𫆻
𫇞
𫉥
𫉦
𫉧
𫉨
𫉩
𫉪
𫉫
𫉬
𫉭
𫉮
𫉯
𫉰
𫉱
𫉲
𫉳
𫉴
𫊣
𫋖
𫋗
𫋘
𫋙
𫋬
𫌐
𫌑
𫌒
𫌭
𫍆
𫍇
𫍈
𫍿
𫎍
𫎟
𫎠
𫎽
𫏙
𫏚
𫏛
𫏭
𫏮
𫏼
𫏽
𫐘
𫑌
𫑍
𫑎
𫑏
𫑭
𫑺
𫒄
𫒰
𫒱
𫒲
𫒳
𫒴
𫒵
𫒶
𫒷
𫔋
𫔌
𫔍
𫔎
𫔏
𫔨
𫔹
𫕩
𫕪
𫖎
𫖡
𫖹
𫖽
𫗋
𫗌
𫗔
𫗕
𫗖
𫗗
𫗸
𫗾
𫘾
𫘿
𫙌
𫙍
𫙘
𫙙
𫙚
𫙛
𫙜
𫙝
𫙞
𫙟
𫚢
𫚣
𫚤
𫚥
𫚸
𫚹
𫚺
𫚻
𫜃
𫜄
𫜇
𫜍
𫜕
𫜖
𫜟
𫜮
𫝜
𫞑
𫟀
𫟇
𫟙
𫟦
𫠑
𫠚
𫡋
𫢁
𫢂
𫣲
𫣳
𫣴
𫣶
𫣸
𫣾
𫤂
𫤡
𫤢
𫦛
𫦽
𫦾
𫧛
𫧜
𫧩
𫧪
𫧫
𫨣
𫨯
𫨰
𫩍
𫩎
𫫽
𫬇
𫬈
𫬊
𫬌
𫬍
𫬏
𫬐
𫬑
𫮰
𫮱
𫮳
𫮴
𫮵
𫯘
𫰁
𫲅
𫲆
𫲈
𫲉
𫲊
𫲋
𫲌
𫲍
𫲎
𫲏
𫴐
𫴑
𫴓
𫴔
𫴕
𫵨
𫶝
𫶴
𫸃
𫸅
𫸆
𫸢
𫹀
𫹦
𫻍
𫻎
𫻑
𫾌
𫾐
𫾑
𫾒
𫾔
𫾕
𫿘
𫿙
𫿚
𫿸
𬁚
𬁛
𬁬
𬂑
𬂒
𬂓
𬂔
𬄬
𬄮
𬄯
𬄰
𬄳
𬄴
𬄵
𬄶
𬄻
𬄼
𬅅
𬅲
𬆌
𬆍
𬆲
𬆳
𬇇
𬉓
𬉗
𬉘
𬉚
𬉛
𬉞
𬋍
𬋏
𬋐
𬋒
𬋵
𬋶
𬋽
𬍈
𬍊
𬎓
𬎔
𬎖
𬏕
𬏼
𬏽
𬐲
𬐳
𬐴
𬐵
𬑨
𬑩
𬑵
𬒟
𬒠
𬒡
𬒣
𬓘
𬓛
𬓾
𬓿
𬔁
𬔪
𬕩
𬕪
𬕫
𬕬
𬖱
𬖳
𬖴
𬖵
𬖶
𬗳
𬗴
𬗵
𬗶
𬗷
𬗸
𬗹
𬗺
𬙊
𬙧
𬙨
𬙼
𬙽
𬚇
𬚈
𬚣
𬛙
𬛛
𬛩
𬛮
𬛽
𬜍
𬜎
𬜛
𬞯
𬞰
𬞱
𬞲
𬞷
𬞹
𬞺
𬟋
𬠥
𬠦
𬠧
𬠨
𬠩
𬠫
𬠬
𬡟
𬡫
𬡭
𬡮
𬡯
𬢁
𬢺
𬢻
𬢼
𬢽
𬢾
𬣀
𬣁
𬣂
𬣃
𬣄
𬤭
𬤵
𬥄
𬥅
𬥊
𬥣
𬥤
𬥥
𬦘
𬦙
𬦚
𬦛
𬦜
𬧀
𬧄
𬧅
𬧆
𬧇
𬧈
𬧉
𬧬
𬧭
𬧮
𬧹
𬧺
𬨔
𬩛
𬩜
𬩝
𬩠
𬩡
𬩢
𬩣
𬩤
𬩧
𬩩
𬪜
𬪝
𬪲
𬪳
𬪴
𬪵
𬪿
𬫀
𬫭
𬫲
𬫼
𬭳
𬭴
𬭵
𬭶
𬭷
𬭸
𬭹
𬭼
𬮍
𬮎
𬯠
𬯡
𬯱
𬰄
𬰅
𬰆
𬰇
𬰡
𬰦
𬰷
𬱈
𬱉
𬲇
𬲕
𬲖
𬲗
𬲘
𬲙
𬳔
𬳙
𬳝
𬳞
𬳬
𬴖
𬴗
𬴪
𬴶
𬵍
𬵎
𬵏
𬵐
𬶞
𬶟
𬶠
𬶡
𬶢
𬶤
𬶥
𬶦
𬶧
𬶨
𬶪
𬷍
𬷎
𬷏
𬷐
𬷑
𬷒
𬸨
𬸩
𬸪
𬸫
𬸭
𬸮
𬸽
𬸾
𬹂
𬹍
𬹦
𬹧
𬹴
𬺍
𬺙
𬽝
𭀁
𭀂
𭀄
𭀅
𭀌
𭀷
𭀸
𭁂
𭂦
𭃁
𭄘
𭄙
𭄚
𭋞
𭋟
𭋠
𭋢
𭋣
𭋤
𭋧
𭋨
𭋩
𭋪
𭋬
𭋭
𭋮
𭋯
𭋰
𭋼
𭋽
𭍵
𭏽
𭏾
𭏿
𭐀
𭐅
𭐙
𭐯
𭑀
𭑥
𭒦
𭓛
𭔛
𭔜
𭔝
𭔞
𭕶
𭗢
𭗣
𭘹
𭙼
𭚄
𭛊
𭛋
𭜉
𭞿
𭟀
𭟂
𭟄
𭟅
𭟆
𭟉
𭟊
𭟒
𭟖
𭟾
𭢩
𭢱
𭢳
𭢶
𭢸
𭢹
𭢺
𭢻
𭢼
𭢾
𭣞
𭤌
𭤍
𭤚
𭤛
𭤦
𭥆
𭧵
𭧷
𭧸
𭧹
𭧺
𭧼
𭧽
𭧾
𭩊
𭩌
𭩍
𭩎
𭬊
𭬋
𭬌
𭬍
𭬎
𭬏
𭬐
𭬑
𭬗
𭬜
𭬝
𭭵
𭭶
𭮦
𭯦
𭯧
𭯨
𭯩
𭲼
𭲽
𭲾
𭳁
𭳂
𭳃
𭳅
𭳆
𭳇
𭳊
𭳋
𭳌
𭳍
𭳏
𭳚
𭳛
𭶌
𭶐
𭶑
𭶒
𭶓
𭶔
𭶕
𭶖
𭶗
𭶘
𭶙
𭶠
𭶹
𭷇
𭷍
𭸯
𭺀
𭺂
𭺄
𭺅
𭺇
𭺈
𭺊
𭺥
𭺦
𭺶
𭺼
𭻯
𭻰
𭻱
𭼨
𭼩
𭼪
𭼫
𭼭
𭾑
𭿝
𭿞
𭿟
𭿠
𭿡
𭿤
𭿦
𭿨
𮁄
𮁅
𮁇
𮁈
𮁉
𮁊
𮁌
𮂘
𮂙
𮂛
𮂜
𮃬
𮃭
𮃮
𮃯
𮃰
𮃱
𮄖
𮄗
𮄘
𮄙
𮄜
𮄻
𮄼
𮅶
𮅷
𮅸
𮅹
𮅺
𮅼
𮅽
𮅾
𮆁
𮆂
𮆃
𮆄
𮆆
𮆍
𮆑
𮆒
𮇹
𮇺
𮈺
𮈻
𮈼
𮈽
𮈾
𮈿
𮉀
𮉁
𮉂
𮉃
𮉅
𮉇
𮉉
𮉸
𮉺
𮊖
𮊘
𮊚
𮊛
𮋒
𮋓
𮋫
𮋺
𮍀
𮍁
𮍃
𮍅
𮍆
𮎔
𮎚
𮑛
𮑥
𮑶
𮑼
𮑽
𮑾
𮑿
𮒀
𮒁
𮒃
𮒄
𮒅
𮒆
𮒇
𮒈
𮒉
𮒋
𮒌
𮒍
𮒎
𮒏
𮒐
𮒑
𮒒
𮒔
𮒕
𮒖
𮒠
𮒥
𮓬
𮔳
𮔵
𮔶
𮔷
𮔸
𮔹
𮔺
𮖬
𮖭
𮖯
𮖰
𮖱
𮖲
𮖳
𮖴
𮖵
𮗵
𮘫
𮘬
𮘭
𮘮
𮘯
𮙋
𮚚
𮚜
𮚝
𮚟
𮚽
𮚾
𮜀
𮜁
𮜂
𮜃
𮜄
𮜅
𮜆
𮜇
𮜈
𮜌
𮜐
𮝠
𮝡
𮝢
𮝹
𮝿
𮟘
𮟙
𮟚
𮟜
𮠃
𮠅
𮠼
𮡀
𮢙
𮢚
𮢛
𮢜
𮢝
𮢞
𮢟
𮢠
𮢡
𮢢
𮢣
𮢤
𮢥
𮢦
𮢧
𮢭
𮢱
𮤂
𮤗
𮤘
𮤚
𮤞
𮥫
𮥬
𮥭
𮥮
𮥵
𮦀
𮦜
𮦞
𮦟
𮦠
𮦡
𮦢
𮦣
𮦤
𮦥
𮦧
𮧎
𮧞
𮨍
𮨎
𮨏
𮨐
𮨑
𮨒
𮨓
𮨔
𮨭
𮨮
𮨯
𮨽
𮨾
𮩀
𮩁
𮩂
𮩃
𮩅
𮩇
𮩤
𮩩
𮩪
𮪅
𮪆
𮪇
𮪭
𮪮
𮪯
𮪰
𮫆
𮫇
𮫈
𮫠
𮫵
𮫶
𮫷
𮫸
𮫹
𮬡
𮬳
𮬴
𮬵
𮬶
𮬷
𮬸
𮭴
𮮖
𮮗
𮮘
𮮢
𮮬
𮮵
𮮶
𮯃
𮯝
𮯞
𮰯
𮰳
𮱱
𮱲
𮳕
𮳸
𮳹
𮴶
𮵃
𮵼
𮵽
𮶶
𮸡
𮸢
㒞
𩇟
懞
𣀊
瀞
爵
璅
䃣
䊠
𦉇
聰
𣎜
𦼬
䕝
䕡
虧
霣
𩅅
𩈚
䩮
頩
駾
鳽
䳎
𪊑
𰀞
𰁑
𰂾
𰂿
𰃀
𰃁
𰄎
𰄏
𰅅
𰅆
𰅇
𰅿
𰆪
𰆫
𰈷
𰈸
𰈹
𰈺
𰈻
𰈼
𰈽
𰊹
𰊺
𰋘
𰍠
𰍬
𰎻
𰐄
𰒖
𰒗
𰒙
𰔰
𰔳
𰔴
𰔵
𰔷
𰕖
𰕗
𰖯
𰖰
𰖱
𰖲
𰘳
𰘴
𰘵
𰘶
𰘷
𰘸
𰘹
𰘺
𰙙
𰚉
𰚺
𰝙
𰝚
𰝛
𰝜
𰝝
𰝞
𰝟
𰝠
𰝡
𰟣
𰟤
𰟥
𰟦
𰟧
𰟨
𰟩
𰢒
𰢓
𰢔
𰣔
𰣕
𰣖
𰣗
𰣘
𰣙
𰣚
𰤁
𰤂
𰤃
𰤄
𰤝
𰦂
𰦃
𰧡
𰧢
𰧣
𰧤
𰧥
𰧦
𰧧
𰧨
𰨓
𰨸
𰨹
𰨺
𰨻
𰩚
𰩛
𰪔
𰪕
𰪖
𰫋
𰫌
𰫍
𰫎
𰫏
𰫐
𰫱
𰫲
𰬿
𰭅
𰭯
𰯞
𰯟
𰰈
𰱽
𰱾
𰱿
𰲀
𰲁
𰲂
𰲃
𰲄
𰲅
𰲆
𰲇
𰳖
𰳗
𰳘
𰳙
𰳚
𰳩
𰴆
𰴇
𰴈
𰴓
𰴞
𰵃
𰵄
𰶞
𰶮
𰷊
𰷋
𰷌
𰷬
𰷼
𰷽
𰸨
𰸩
𰹆
𰹟
𰹠
𰹡
𰹢
𰺟
𰺠
𰻕
𰻖
𰻗
𰻘
𰻙
𰻚
𰻷
𰻾
𰼏
𰼞
𰼻
𰼼
𰼽
𰼾
𰼿
𰽀
𰽁
𰾳
𰾴
𰾵
𰾶
𰾷
𰾸
𰾹
𰾺
𰾻
𰾼
𰾽
𰿓
𰿣
𰿿
𱀀
𱀻
𱁊
𱁠
𱁡
𱁢
𱁷
𱂋
𱂺
𱃃
𱃄
𱃅
𱃆
𱄈
𱄉
𱄝
𱄞
𱄟
𱄠
𱄡
𱄢
𱆀
𱆁
𱆎
𱆛
𱆬
𱈂
𱈃
𱈄
𱈅
𱈆
𱈇
𱈈
𱈦
𱈧
𱊦
𱊧
𱊨
𱊩
𱊸
𱋦
𱋧
𱋲
𱋶
𱌊
𱌹
𱍩
𱍶
𱎐
𱏛
𱏯
𱑂
𱑔
𱑭
𱕅
𱕆
𱕇
𱕈
𱕉
𱕊
𱕋
𱕌
𱕍
𱕎
𱕏
𱕐
𱕑
𱕒
𱘋
𱘌
𱘍
𱘎
𱘏
𱘐
𱘑
𱘒
𱘡
𱘪
𱘽
𱙯
𱙰
𱚖
𱚗
𱚘
𱚙
𱚚
𱚪
𱚫
𱚮
𱚯
𱜸
𱝗
𱟔
𱟗
𱠾
𱠿
𱡀
𱡁
𱡂
𱡃
𱡸
𱢭
𱢮
𱢯
𱢻
𱤜
𱤝
𱤞
𱤟
𱤠
𱤡
𱤢
𱤣
𱤤
𱤥
𱥈
𱥔
𱥕
𱥘
𱥦
𱥧
𱩠
𱩡
𱩢
𱩣
𱩥
𱩦
𱩧
𱩨
𱩩
𱩪
𱩬
𱩭
𱩮
𱩯
𱬗
𱬘
𱬙
𱬚
𱬛
𱬜
𱭇
𱭰
𱮩
𱯩
𱯪
𱯫
𱯬
𱯮
𱯯
𱯰
𱯲
𱯳
𱰐
𱰢
𱱀
𱱣
𱱤
𱱥
𱱦
𱲘
𱲙
𱳉
𱳤
𱳥
𱳦
𱴱
𱴲
𱴳
𱴴
𱴵
𱴶
𱵩
𱵪
𱵫
𱵮
𱶡
𱶢
𱶣
𱶤
𱶥
𱷭
𱸜
𱸝
𱸞
𱸟
𱸠
𱸡
𱸢
𱸣
𱸤
𱹙
𱹚
𱹛
𱹜
𱹝
𱹿
𱺀
𱺁
𱺂
𱺃
𱺄
𱺅
𱺮
𱻣
𱻵
𱼝
𱼞
𱼟
𱼿
𱽀
𱾕
𱾤
𱾥
𱾦
𱾧
𱾨
𱾩
𱾪
𱾫
𱾭
𱿑
𲀁
𲀂
𲀃
𲀄
𲀅
𲀆
𲀇
𲀿
𲁀
𲁁
𲁂
𲁍
𲁲
𲁳
𲂗
𲂡
𲂴
𲂵
𲃑
𲃻
𲃼
𲃽
𲃾
𲃿
𲄀
𲄩
𲄪
𲄫
𲆀
𲆁
𲆂
𲆃
𲆄
𲆟
𲆠
𲆵
𲆶
𲆷
𲆸
𲆹
𲇒
𲇓
𲈙
𲈚
𲈛
𲈜
𲈮
𲉈
𲉢
𲉮
𲊨
𲊰
𲊱
𲊲
𲋋
𲋜
𲋝
𲋯
𲋰
𲋸
𲋹
𲌜
𲌝
𲌞
𲌩
𲌴
𲍖
𲍗
𲎅
𲎆
𲎝
𲐓
𲑜
𲑝
𲑞
𲑟
𲑠
𲑡
𲒚
𲒽
𲒾
𲒿
𲓌
𲓕
𲓖
𲓗
𲓘
𲓯
𲔀
𲗇
𲗈
𲗉
𲗊
𲗋
𲗌
𲗍
𲗎
𲗏
𲗐
𲗑
𲗒
𲗓
𲗔
𲗕
𲗖
𲘬
𲚕
𲚖
𲚗
𲚘
𲚙
𲚚
𲚛
𲛶
𲜈
𲜛
𲜥
𲜦
𲜱
𲞌
𲞍
𲞎
𲞏
𲞧
𲟏
𲟚
𲟭
𲠬
𲠭
𲠮
𲠱
𲠴
𲠶
𲠷
𲠸
𲠹
𲠺
𲠼
𲡘
𲢷
𲣆
𲣇
𲣈
𲣉
𲣊
𲣋
𲣌
𲣍
𲣎
𲣰
𲤉
𲥂
𲥃
𲥄
𲥅
𲥆
𲥇
𲥥
𲥦
𲥧
𲦻
𲦼
𲦽
𲦾
𲦿
𲧀
𲧁
𲧂
𲧃
𲧄
𲧅
𲧆
𲧯
𲪕
𲪖
𲪗
𲪘
𲪙
𲪚
𲪛
𲪜
𲪝
𲪞
𲪟
𲬎
𲬏
𲬐
𲬑
𲬒
𲬓
𲬔
𲬕
𲬖
𲬗
𲬘
𲬙
𲬚
𲬛
𲬜
𲬝
𲬞
𲭐
𲭩
𲮾
𲮿
𲯁
𲯂
𲯄
𲯅
𲯆
𲯇
𲯈
𲰀
𲰁
𲰂
𲰃
𲰄
𲰅
𲰆
𲰇
𲰘
𲰣
𲱮
𲱯
𲱰
𲱱
𲱲
𲱿
𲲌
𲲯
𲲰
𲳄
𲴃
𲴄
𲴅
𲴆
𲴇
𲴈
𲴉
𲴊
𲴋
𲴌
𲴷
𲴸
𲵓
𲵔
𲵕
𲶋
𲶌
𲶍
𲶎
𲶏
𲶐
𲶑
𲶒
𲶓
𲶔
𲶕
𲶖
𲷗
𲸎
𲸏
𲸐
𲸑
𲸒
𲸓
𲸸
𲸹
𲹁
𲹏
𲹜
𲹶
𲹷
𲹸
𲹹
𲺺
𲺻
𲻅
𲻗
𲻤
𲻥
𲻦
𲻧
𲽃
𲽄
𲽅
𲽆
𲽇
𲽈
𲽉
𲽊
𲽋
𲽌
𲽍
𲽎
𲽏
𲽐
𲾅
𲾆
𲿔
𲿕
𲿖
𲿗
𲿘
𲿙
𲿚
𲿛
𲿜
𲿝
𲿞
𲿟
𲿠
𲿡
𲿢
𲿣
𲿤
𲿥
𲿦
𲿧
𳀣
𳀤
𳁆
𳁇
𳁈
𳁉
𳁊
𳁘
𳁡
𳁢
𳁶
𳁷
𳁿
𳂝
𳂞
𳂟
𳃁
𳃚
𳃛
𳃜
𳃝
𳃿
𳄀
𳄳
𳄴
𳄵
𳅏
𳅚
𳅛
𳅫
𳆍
𳆎
𳆏
𳆐
𳆑
𳆒
𳆓
𳆔
𳆕
𳆖
𳆗
𳆘
𳆙
𳇲
𳈂
𳈃
𳈙
𳈳
𳈴
𳈼
𳈽
𳉛
𳉜
𳊛
𳊟
𳊰
𳊵
𳋅
𳋏
𳋙
𳋞
𳋲
𳋵
𳋶
𳌈
𳌉
𳌊
𳌟
𳌸
𳌹
𳌺
𳍋
𳍌
𳍍
𳍎
𳎝
𳎞
𳎰
𳎱
𳎲
𳎳
𳎴
𳎵
𳎶
𳎷
𳐒
𳐓
𳐔
𳐕
𳐥
𳐦
𳐧
𳐨
𳐩
𳐪
𳑋
𳑌
𳑍
𳑑
𳑕