䂖
䂗
䂘
䂙
䂚
䂛
䂜
䂝
䂞
䂟
䂠
䂡
䂢
䂣
䂤
䂥
䂦
䂧
䂨
䂩
䂪
䂫
䂬
䂭
䂮
䂯
䂰
䂱
䂲
䂳
䂴
䂵
䂶
䂷
䂸
䂹
䂺
䂻
䂼
䂽
䂾
䂿
䃀
䃁
䃂
䃃
䃄
䃅
䃆
䃇
䃈
䃉
䃊
䃋
䃌
䃍
䃎
䃏
䃐
䃑
䃒
䃓
䃔
䃕
䃖
䃗
䃘
䃙
䃚
䃛
䃜
䃝
䃞
䃟
䃠
䃡
䃢
䃣
䃤
䃥
䃦
䃧
䃨
䃩
䃪
䃫
䃬
䃭
䃮
䃯
䃰
䃱
䃲
䃳
䃴
䃵
䃶
䃷
䃸
䃹
䃺
䃻
矵
矶
矷
矸
矹
矺
矽
矾
矿
砀
码
砃
砄
砇
砈
砊
砋
砎
砏
砐
砑
砓
砖
砗
砘
砚
砛
砜
砝
砞
砟
砢
砣
砤
砨
砩
砪
砫
砮
砯
砰
砱
砳
砵
砶
砷
砸
砹
砻
砼
砽
砾
础
硁
硂
硄
硆
硈
硉
硊
硋
硌
硍
硐
硒
硓
硔
硕
硖
硗
硘
硙
硚
硛
硜
硞
硟
硠
硡
硢
硣
硥
硦
硧
硩
硭
硰
硱
硳
硵
硶
硷
硸
硹
硺
硻
硽
硾
硿
碀
碂
碃
碄
碅
碈
碉
碋
碏
碐
碒
碖
碘
碙
碛
碜
碠
碡
碢
碥
碦
碨
碫
碬
碮
碱
碲
碳
碴
碶
碷
碸
碹
碽
碿
磀
磂
磃
磄
磇
磉
磍
磏
磒
磓
磖
磗
磘
磙
磛
磜
磝
磞
磟
磢
磣
磥
磩
磪
磫
磭
磮
磰
磱
磳
磵
磶
磸
磼
磿
礂
礃
礄
礅
礆
礈
礉
礊
礋
礌
礍
礏
礓
礔
礕
礖
礗
礘
礚
礝
礞
礟
礠
礡
礢
礣
礤
礧
礨
礩
礭
礯
礲
礳
礵
礶
礷
礸
礹
鿎
鿬
碌
磊
磻
礪
硫
磌
𡕎
𣞏
𥐕
𥐖
𥐗
𥐘
𥐙
𥐚
𥐛
𥐜
𥐝
𥐞
𥐟
𥐠
𥐡
𥐢
𥐣
𥐤
𥐥
𥐦
𥐧
𥐨
𥐩
𥐪
𥐫
𥐬
𥐭
𥐯
𥐰
𥐱
𥐲
𥐳
𥐴
𥐵
𥐶
𥐷
𥐸
𥐹
𥐺
𥐻
𥐼
𥐽
𥐾
𥐿
𥑀
𥑁
𥑂
𥑃
𥑄
𥑅
𥑆
𥑇
𥑈
𥑉
𥑊
𥑋
𥑌
𥑍
𥑎
𥑏
𥑐
𥑑
𥑒
𥑓
𥑔
𥑕
𥑖
𥑗
𥑘
𥑙
𥑚
𥑛
𥑜
𥑝
𥑞
𥑟
𥑠
𥑡
𥑢
𥑣
𥑤
𥑥
𥑦
𥑧
𥑨
𥑩
𥑪
𥑫
𥑬
𥑭
𥑮
𥑯
𥑰
𥑱
𥑲
𥑳
𥑴
𥑵
𥑶
𥑷
𥑸
𥑹
𥑺
𥑻
𥑼
𥑽
𥑾
𥑿
𥒀
𥒁
𥒂
𥒃
𥒄
𥒅
𥒆
𥒇
𥒈
𥒉
𥒊
𥒋
𥒌
𥒍
𥒏
𥒐
𥒑
𥒒
𥒓
𥒔
𥒕
𥒖
𥒗
𥒘
𥒙
𥒚
𥒛
𥒜
𥒝
𥒞
𥒟
𥒠
𥒡
𥒢
𥒣
𥒤
𥒥
𥒦
𥒧
𥒨
𥒩
𥒪
𥒫
𥒬
𥒭
𥒮
𥒯
𥒰
𥒱
𥒲
𥒳
𥒴
𥒵
𥒶
𥒷
𥒸
𥒹
𥒺
𥒻
𥒼
𥒽
𥒾
𥒿
𥓀
𥓁
𥓂
𥓃
𥓄
𥓅
𥓆
𥓇
𥓈
𥓉
𥓊
𥓋
𥓌
𥓍
𥓎
𥓏
𥓐
𥓑
𥓒
𥓓
𥓔
𥓕
𥓖
𥓗
𥓘
𥓚
𥓛
𥓜
𥓝
𥓞
𥓟
𥓠
𥓡
𥓢
𥓣
𥓤
𥓥
𥓦
𥓧
𥓨
𥓩
𥓪
𥓫
𥓬
𥓭
𥓮
𥓯
𥓰
𥓱
𥓲
𥓳
𥓴
𥓵
𥓶
𥓷
𥓸
𥓹
𥓺
𥓻
𥓼
𥓽
𥓾
𥓿
𥔀
𥔁
𥔂
𥔃
𥔄
𥔅
𥔆
𥔇
𥔈
𥔉
𥔊
𥔋
𥔌
𥔍
𥔏
𥔐
𥔑
𥔒
𥔓
𥔔
𥔕
𥔖
𥔗
𥔘
𥔙
𥔚
𥔛
𥔜
𥔝
𥔞
𥔟
𥔠
𥔡
𥔢
𥔣
𥔤
𥔥
𥔦
𥔧
𥔨
𥔩
𥔪
𥔫
𥔬
𥔭
𥔮
𥔯
𥔰
𥔱
𥔲
𥔳
𥔴
𥔵
𥔶
𥔷
𥔸
𥔹
𥔺
𥔻
𥔼
𥔽
𥔾
𥔿
𥕀
𥕁
𥕂
𥕃
𥕄
𥕅
𥕆
𥕇
𥕈
𥕉
𥕊
𥕋
𥕌
𥕍
𥕎
𥕏
𥕐
𥕑
𥕒
𥕓
𥕔
𥕕
𥕖
𥕗
𥕘
𥕙
𥕚
𥕛
𥕜
𥕝
𥕞
𥕟
𥕠
𥕡
𥕢
𥕣
𥕤
𥕥
𥕦
𥕧
𥕨
𥕩
𥕪
𥕫
𥕬
𥕭
𥕮
𥕯
𥕰
𥕱
𥕲
𥕳
𥕴
𥕵
𥕶
𥕷
𥕸
𥕹
𥕺
𥕻
𥕼
𥕽
𥕾
𥕿
𥖀
𥖁
𥖂
𥖃
𥖄
𥖅
𥖆
𥖇
𥖈
𥖉
𥖊
𥖋
𥖌
𥖍
𥖎
𥖏
𥖐
𥖑
𥖒
𥖓
𥖔
𥖕
𥖖
𥖗
𥖘
𥖙
𥖚
𥖛
𥖜
𥖝
𥖞
𥖟
𥖠
𥖡
𥖢
𥖣
𥖤
𥖥
𥖦
𥖨
𥖩
𥖪
𥖫
𥖬
𥖭
𥖮
𥖯
𥖰
𥖱
𥖲
𥖳
𥖴
𥖵
𥖶
𥖷
𥖸
𥖹
𥖺
𥖻
𥖼
𥖽
𥖾
𥖿
𥗀
𥗁
𥗂
𥗃
𥗄
𥗅
𥗆
𥗇
𥗈
𥗉
𥗊
𥗋
𥗌
𥗍
𥗎
𥗏
𥗐
𥗑
𥗒
𥗓
𥗔
𥗕
𥗖
𥗗
𥗘
𥗙
𥗚
𥗛
𥗜
𥗝
𥗞
𥗟
𥗠
𥗡
𥗢
𥗣
𥗤
𥗥
𥗦
𥗧
𥗨
𥗩
𥗪
𥗫
𥗬
𥗭
𥗮
𥗯
𥗰
𥗱
𥗲
𥗳
𥗴
𥗵
𥗷
𥗸
𥗹
𥗺
𥗻
𥗼
𥗽
𥗾
𥗿
𥘀
𥘁
𥘂
𥘃
𥘄
𪿑
𪿒
𪿓
𪿔
𪿕
𪿖
𪿗
𪿘
𪿙
𪿚
𪿛
𪿜
𪿝
𪿞
𪿟
𪿠
𪿡
𪿢
𪿣
𪿤
𪿥
𪿦
𪿧
𪿨
𪿩
𪿪
𪿫
𪿬
𪿭
𪿮
𪿯
𪿰
𪿱
𪿲
𪿳
𪿴
𪿵
𪿶
𪿷
𪿸
𪿹
𪿺
𪿻
𪿼
𪿽
𪿾
𪿿
𬑹
𬑺
𬑻
𬑼
𬑽
𬑾
𬑿
𬒀
𬒁
𬒂
𬒃
𬒄
𬒅
𬒆
𬒇
𬒈
𬒉
𬒊
𬒋
𬒌
𬒍
𬒎
𬒏
𬒐
𬒑
𬒒
𬒓
𬒔
𬒕
𬒖
𬒗
𬒘
𬒙
𬒚
𬒛
𬒜
𬒝
𬒞
𬒟
𬒠
𬒡
𬒢
𬒣
𬒤
𬒥
𬒦
𬒧
𬒨
𬒩
𬒪
𬒫
𮀋
𮀌
𮀍
𮀎
𮀏
𮀐
𮀑
𮀒
𮀓
𮀔
𮀕
𮀖
𮀗
𮀘
𮀙
𮀚
𮀛
𮀜
𮀝
𮀞
𮀟
𮀠
𮀡
𮀢
𮀣
𮀤
𮀥
𮀦
𮀧
𮀨
𮀩
𮀪
𮀫
𮀬
𮀭
𮀮
𮀯
𮀰
𮀱
𮀲
𮀳
𮀴
𮀵
𮀶
𮀷
𮀸
𮀹
𮀺
𮀻
𮀼
𮀽
𮀾
𮀿
𮁀
𮁁
𮁂
𮁃
𮁄
𮁅
𮁆
𮁇
𮁈
𮁉
𮁊
𮁋
𮁌
𮁍
𮁎
𮁏
𮁐
𮁑
𮁒
𮁓
𮁔
𮁕
𮁖
𮁗
𮁘
𮁙
𮁚
𮁛
𮵉
𮵊
𮵋
𮵌
𮵍
𮵎
𮵏
𮵐
𮵑
𮵒
𮵓
𮵔
𮵕
𮵖
𮵗
䂖
𥐝
硎
碌
磌
䃣
𰦤
𰦥
𰦦
𰦧
𰦨
𰦩
𰦪
𰦫
𰦬
𰦭
𰦮
𰦯
𰦰
𰦱
𰦲
𰦳
𰦴
𰦵
𰦶
𰦷
𰦸
𰦹
𰦺
𰦻
𰦼
𰦽
𰦾
𰦿
𰧀
𰧁
𰧂
𰧃
𰧄
𰧅
𰧆
𰧇
𰧈
𰧉
𰧊
𰧋
𰧌
𰧍
𰧎
𰧏
𰧐
𰧑
𰧒
𰧓
𰧔
𰧕
𰧖
𰧗
𰧘
𰧙
𰧚
𰧛
𰧜
𰧝
𰧞
𰧟
𰧠
𰧡
𰧢
𰧣
𰧤
𰧥
𰧦
𰧧
𰧨
𰧩
𰧪
𰧫
𰧬
𱳨
𱳩
𱳪
𱳫
𱳬
𱳭
𱳮
𱳯
𱳰
𱳱
𱳲
𱳳
𱳴
𱳵
𱳶
𱳷
𱳸
𱳹
𱳺
𱳻
𱳼
𱳽
𱳾
𱳿
𱴀
𱴁
𱴂
𱴃
𱴄
𱴅
𱴆
𱴇
𱴈
𱴉
𱴊
𱴋
𱴌
𱴍
𱴎
𱴏
𱴐
𱴑
𱴒
𱴓
𱴔
𱴕
𱴖
𱴗
𱴘
𱴙
𱴚
𱴛
𱴜
𱴝
𱴞
𱴟
𱴠
𱴡
𱴢
𱴣
𱴤
𱴥
𱴦
𱴧
𱴨
𱴩
𱴪
𱴫
𱴬
𱴭
𱴮
𱴯
𱴰
𱴱
𱴲
𱴳
𱴴
𱴵
𱴶
𱴷
𱴸
𱴹
𱴺
𱴻
𱴼
𱴽
𱴾
𱴿
𱵀
𱵁
𱵂
𱵃
𱵄
𱵅