㓚
㓜
㓝
㓞
㓟
㓠
㓡
㓢
㓣
㓤
㓥
㓦
㓧
㓨
㓩
㓪
㓫
㓬
㓭
㓮
㓯
㓰
㓱
㓲
㓳
㓴
㓵
㓶
㓷
㓸
㓹
㓺
㓻
㓼
㓽
㓾
㓿
㔀
㔁
㔂
㔃
㔄
㔅
㔆
㔇
㔈
㔉
㔊
㔋
㔌
㔍
㔎
㔏
㔐
㔑
㔒
刅
刉
刌
刍
刏
刐
刘
则
刚
创
刜
刞
刟
删
刡
刢
刣
刦
刨
别
刬
刭
刯
刱
刲
刴
刵
刼
刽
刾
刿
剀
剁
剂
剅
剆
剈
剎
剐
剑
剒
剓
剘
剙
剚
剟
剠
剢
剦
剧
剨
剫
剭
剮
剶
剸
剹
剺
剻
剼
剾
劀
劁
劅
劆
劊
劋
劌
劎
劏
劐
劕
劖
劗
劙
劚
荆
列
劉
利
刺
切
𠚣
𠚤
𠚥
𠚦
𠚧
𠚨
𠚩
𠚪
𠚫
𠚬
𠚭
𠚮
𠚯
𠚰
𠚱
𠚲
𠚳
𠚴
𠚵
𠚶
𠚷
𠚸
𠚹
𠚺
𠚻
𠚼
𠚽
𠚾
𠚿
𠛀
𠛁
𠛂
𠛃
𠛄
𠛅
𠛆
𠛇
𠛈
𠛉
𠛊
𠛋
𠛌
𠛍
𠛎
𠛏
𠛐
𠛑
𠛒
𠛓
𠛔
𠛕
𠛖
𠛗
𠛘
𠛙
𠛚
𠛛
𠛜
𠛝
𠛞
𠛟
𠛠
𠛡
𠛢
𠛣
𠛤
𠛥
𠛦
𠛧
𠛨
𠛩
𠛪
𠛫
𠛬
𠛭
𠛮
𠛯
𠛰
𠛱
𠛲
𠛳
𠛴
𠛵
𠛶
𠛷
𠛸
𠛹
𠛺
𠛻
𠛼
𠛽
𠛾
𠛿
𠜀
𠜁
𠜂
𠜃
𠜄
𠜅
𠜆
𠜇
𠜈
𠜉
𠜊
𠜋
𠜌
𠜍
𠜎
𠜏
𠜐
𠜑
𠜒
𠜓
𠜔
𠜕
𠜖
𠜗
𠜘
𠜙
𠜚
𠜛
𠜜
𠜝
𠜞
𠜟
𠜠
𠜡
𠜢
𠜣
𠜤
𠜥
𠜦
𠜧
𠜨
𠜩
𠜪
𠜫
𠜬
𠜭
𠜮
𠜯
𠜰
𠜱
𠜲
𠜳
𠜴
𠜵
𠜶
𠜷
𠜸
𠜹
𠜺
𠜻
𠜼
𠜽
𠜾
𠜿
𠝀
𠝁
𠝂
𠝃
𠝄
𠝅
𠝆
𠝇
𠝈
𠝉
𠝊
𠝋
𠝌
𠝍
𠝎
𠝐
𠝑
𠝒
𠝓
𠝔
𠝕
𠝖
𠝗
𠝘
𠝙
𠝚
𠝛
𠝜
𠝝
𠝞
𠝟
𠝠
𠝡
𠝢
𠝣
𠝤
𠝥
𠝦
𠝧
𠝨
𠝩
𠝪
𠝫
𠝬
𠝭
𠝮
𠝯
𠝰
𠝱
𠝲
𠝳
𠝴
𠝵
𠝶
𠝷
𠝸
𠝹
𠝺
𠝻
𠝼
𠝽
𠝾
𠝿
𠞀
𠞁
𠞂
𠞃
𠞄
𠞅
𠞆
𠞇
𠞈
𠞉
𠞊
𠞋
𠞌
𠞍
𠞎
𠞏
𠞐
𠞑
𠞒
𠞓
𠞔
𠞕
𠞖
𠞗
𠞘
𠞙
𠞚
𠞛
𠞝
𠞞
𠞟
𠞠
𠞡
𠞢
𠞣
𠞤
𠞥
𠞦
𠞧
𠞨
𠞩
𠞪
𠞫
𠞬
𠞭
𠞮
𠞯
𠞰
𠞱
𠞲
𠞳
𠞴
𠞵
𠞶
𠞷
𠞸
𠞹
𠞺
𠞻
𠞼
𠞽
𠞾
𠞿
𠟀
𠟁
𠟂
𠟃
𠟄
𠟅
𠟆
𠟇
𠟈
𠟉
𠟊
𠟋
𠟌
𠟍
𠟎
𠟏
𠟐
𠟑
𠟒
𠟓
𠟔
𠟕
𠟖
𠟗
𠟘
𠟙
𠟚
𠟛
𠟜
𠟝
𠟞
𠟟
𠟠
𠟡
𠟢
𠟣
𠟤
𠟥
𠟦
𠟧
𠟨
𠟩
𠟪
𠟫
𠟬
𠟭
𠟮
𠟯
𠟰
𠟱
𠟲
𠟳
𠟴
𠟵
𠟶
𠟷
𠟸
𠟹
𠟺
𠟻
𠟼
𠟽
𠟾
𠟿
𠠀
𠠁
𠠂
𠠃
𠠄
𠠅
𠠆
𠠈
𠠉
𠠊
𠠌
𠠍
𠠎
𠠏
𠠐
𠠑
𠠒
𠠓
𠠔
𠠕
𠠖
𠠗
𠠘
𠠙
𠠚
𠠛
𠠜
𠠝
𠠞
𠠟
𠠠
𠠡
𠠢
𠠣
𠠤
𠠥
𠠦
𠠧
𠠨
𠠩
𠠪
𠠫
𠠬
𠠭
𠠮
𠠯
𠠰
𠠱
𪞾
𪞿
𪟀
𪟁
𪟂
𪟃
𪟄
𪟅
𪟆
𪟇
𪟈
𪟉
𪟊
𪟋
𪟌
𪟍
𪟎
𪟏
𪟐
𪟑
𪟒
𪟓
𪟔
𪟕
𪟖
𫝐
𫥰
𫥱
𫥲
𫥳
𫥴
𫥵
𫥶
𫥷
𫥸
𫥹
𫥺
𫥻
𫥼
𫥽
𫥾
𫥿
𫦀
𫦁
𫦂
𫦃
𫦄
𫦅
𫦆
𫦇
𫦈
𫦉
𫦊
𫦋
𫦌
𫦍
𫦎
𫦏
𫦐
𫦑
𫦒
𫦓
𫦔
𫦕
𫦖
𫦗
𫦘
𫦙
𫦚
𫦛
𫦜
𫦝
𫦞
𫦟
𫦠
𫦡
𫦢
𫦣
𬺨
𭃂
𭃃
𭃄
𭃅
𭃆
𭃇
𭃈
𭃉
𭃊
𭃋
𭃌
𭃍
𭃎
𭃏
𭃐
𭃑
𭃒
𭃓
𭃔
𭃕
𭃖
𭃗
𭃘
𭃙
𭃚
𭃛
𭃜
𭃝
𭃞
𭃟
𭃠
𭃡
𭃢
𭃣
𭃤
𭃥
𭃦
𭃧
𭃨
𭃩
𭃪
𭃫
𭃬
𭃭
𭃮
𭃯
𭃰
𭃱
𭃲
𭃳
𭃴
𭃵
𭃶
𭃷
𭃸
𭃹
𭃺
𭃻
𭃼
𭃽
𭃾
𭃿
𭄀
𭄁
𭄂
𭄃
𭄄
𭄅
𭄆
𭄇
𭄈
𭄉
𭄊
𭄋
𭄌
𭄍
𭄎
𭄏
𭄐
𭄑
𭄒
𭄓
𭄔
𭄕
𭄖
𭄗
𭄘
𭄙
𭄚
𭄛
𭄜
𭄝
𮰌
刃
㓟
刻
剆
割
剷
切
𠠄
𰄙
𰄚
𰄛
𰄜
𰄝
𰄞
𰄟
𰄠
𰄡
𰄢
𰄣
𰄤
𰄥
𰄦
𰄧
𰄨
𰄩
𰄪
𰄫
𰄬
𰄭
𰄮
𰄯
𰄰
𰄱
𰄲
𰄳
𰄴
𰄵
𰄶
𰄷
𰄸
𰄹
𰄺
𰄻
𰄼
𰄽
𰄾
𰄿
𰅀
𰅁
𰅂
𰅃
𰅄
𰅅
𰅆
𰅇
𰅈
𱐒
𱐓
𱐔
𱐕
𱐖
𱐗
𱐘
𱐙
𱐚
𱐛
𱐜
𱐝
𱐞
𱐟
𱐠
𱐡
𱐢
𱐣
𱐤
𱐥
𱐦
𱐧
𱐨
𲒤
𲒥
𲒦
𲒧
𲒨
𲒩
𲒪
𲒫
𲒬
𲒭
𲒮
𲒯
𲒰
𲒱
𲒲
𲒳
𲒴
𲒵
𲒶
𲒷
𲒸
𲒹
𲒺
𲒻
𲒼
𲒽
𲒾
𲒿
𲓀
𲓁
𲘰
𲫘
𲵥