㐁
㐐
㐑
㐒
㐓
㐔
㐕
㐪
㐫
㐸
㐹
㐺
㐻
㐼
㐽
㐾
㐿
㑀
㒫
㒲
㓆
㓙
㓝
㓞
㔔
㔕
㔖
㔺
㔻
㕂
㕃
㕄
㕜
㕦
㕧
㕨
㘟
㚏
㚐
㚣
㚤
㚥
㚦
㚧
㚨
㜽
㝌
㝍
㝼
㞌
㞨
㞩
㞪
㞫
㞬
㞭
㞮
㞯
㠩
㠴
㠵
㡯
㡰
㡱
㢟
㢨
㢩
㢪
㢫
㣉
㣕
㣻
㣼
㣾
㣿
㧆
㧇
㧈
㪲
㫃
㫐
㫑
㬰
㭁
㱏
㱙
㲌
㲻
㲽
㲿
㶡
㶢
㸨
㺨
㺩
㺪
㺫
䂖
䇂
䏌
䏍
䒒
䒓
䒔
䢴
䦻
䶸
丟
丠
丢
乒
乓
乔
乨
乪
乫
乬
乭
乮
乯
买
亚
产
仯
仳
仴
仸
仹
仼
仾
伂
伄
伅
伆
伇
伈
伌
伒
伓
伔
伕
众
优
伙
伛
伞
伟
传
伡
伢
伣
伤
伥
伦
伧
伨
伩
伪
伫
伬
佢
兲
兴
军
农
凨
凫
凼
刏
刐
刘
则
刚
创
劥
劧
动
匟
匢
卋
华
协
厊
压
厌
厍
厽
厾
叒
叿
吀
吂
吅
吆
吇
吓
吔
吕
吖
吗
囝
囡
团
圪
圫
圬
圮
圱
圲
圵
圶
圹
场
圾
夵
夶
夹
夺
夻
夼
奷
她
奺
奻
奾
奿
妀
妅
妆
妇
妈
孙
宆
寻
导
尗
尘
尥
尧
屸
屻
屽
屾
屿
岀
岁
岂
岃
岋
巟
巪
帇
师
庅
庆
弙
弚
彴
彵
彶
忈
忏
忕
忚
忛
忣
戏
扗
扙
扜
扝
扟
扢
扥
扦
执
扩
扪
扫
扬
攰
旪
旫
旮
旯
朲
朵
朹
朻
朼
朾
杀
杂
权
欢
毕
氒
氖
氘
氼
氽
汆
汊
汋
汌
汏
汑
汒
汓
汔
汘
污
汣
汤
汷
灱
灲
灳
爷
牞
犳
犴
犵
犷
犸
玎
玏
玐
玑
甶
癿
礽
糹
纡
红
纣
纤
纥
约
级
纨
纩
纪
纫
肍
肎
芄
芅
芆
芇
芉
芌
芏
芐
芑
芕
芖
芗
观
讲
讳
讴
讵
讶
讷
许
讹
论
讻
讼
讽
设
访
诀
贞
负
贠
轨
达
迀
迃
过
迈
迉
邞
邟
邠
邤
邥
邧
邩
邬
邷
钆
钇
闫
闬
闭
问
闯
阥
阦
阧
阩
阫
阭
阰
阱
阵
阶
页
饦
饧
驮
驯
驰
齐
龹
老
肋
年
列
劣
吏
宅
行
礼
羽
全
犯
𠀘
𠀙
𠀚
𠀛
𠀜
𠀝
𠀞
𠀟
𠀠
𠀩
𠁦
𠁲
𠂂
𠂣
𠂥
𠂦
𠂧
𠂨
𠂩
𠂪
𠂫
𠂬
𠂭
𠂮
𠃤
𠃥
𠃦
𠃧
𠃨
𠄕
𠄢
𠄣
𠄤
𠄥
𠄦
𠄧
𠅃
𠅄
𠅅
𠅆
𠅇
𠆴
𠆵
𠆶
𠆷
𠆸
𠆹
𠆺
𠆻
𠆼
𠆽
𠆾
𠆿
𠇀
𠇁
𠇂
𠇃
𠇄
𠇅
𠇆
𠇇
𠇈
𠇉
𠇊
𠇋
𠇌
𠇍
𠇎
𠇏
𠇐
𠇑
𠇒
𠇓
𠇔
𠇕
𠑹
𠑺
𠑻
𠑼
𠓠
𠓡
𠓢
𠓣
𠔈
𠕋
𠕌
𠕍
𠕎
𠕏
𠕹
𠕺
𠕻
𠕼
𠕽
𠕾
𠕿
𠖱
𠖲
𠖳
𠖴
𠖵
𠖶
𠘵
𠘶
𠘷
𠘸
𠘹
𠘺
𠘻
𠙾
𠙿
𠚀
𠚁
𠚂
𠚃
𠚄
𠚅
𠚵
𠚷
𠚸
𠚹
𠚺
𠚼
𠚽
𠚾
𠚿
𠛀
𠛁
𠛂
𠛃
𠛄
𠛅
𠛆
𠛇
𠛈
𠛉
𠛊
𠛋
𠛌
𠛍
𠠹
𠠻
𠠼
𠠽
𠠾
𠠿
𠡀
𠡁
𠣑
𠣒
𠣓
𠤮
𠤯
𠤰
𠤱
𠤲
𠥮
𠥯
𠦂
𠦃
𠦄
𠦅
𠦆
𠦇
𠦈
𠦉
𠦊
𠦋
𠦌
𠦍
𠦎
𠦏
𠦐
𠧔
𠧕
𠧖
𠧗
𠧘
𠨒
𠨓
𠨔
𠨕
𠨖
𠨗
𠨴
𠨵
𠨶
𠨷
𠨸
𠨹
𠨺
𠨻
𠨼
𠨽
𠨾
𠨿
𠫞
𠫟
𠫠
𠫡
𠫢
𠫣
𠫤
𠫥
𠬩
𠬪
𠬫
𠬬
𠬭
𠬮
𠬯
𠬰
𠮫
𠮬
𠮭
𠮮
𠮯
𠮰
𠮱
𠮲
𠮳
𠮴
𠮵
𠮶
𠮷
𠮸
𠮹
𠮺
𠮻
𠮼
𠮽
𠮾
𠮿
𠯀
𠯁
𠯂
𠯃
𠯄
𠯅
𠯆
𠯇
𠯈
𠯉
𠯊
𡆧
𡆨
𡆩
𡆪
𡆫
𡆬
𡆭
𡆮
𡆯
𡆰
𡆱
𡆲
𡆳
𡉈
𡉉
𡉊
𡉋
𡉌
𡉍
𡉎
𡉏
𡉐
𡉑
𡉒
𡉓
𡉔
𡉖
𡉗
𡔜
𡕕
𡕖
𡕞
𡕟
𡖇
𡖈
𡖉
𡗝
𡗞
𡗟
𡗠
𡗡
𡗢
𡗣
𡗤
𡚮
𡚯
𡚰
𡚱
𡚲
𡚳
𡚵
𡚶
𡚷
𡚸
𡚹
𡚺
𡚻
𡥃
𡥄
𡥅
𡦽
𡦾
𡦿
𡧀
𡧁
𡧂
𡧄
𡧅
𡧆
𡧇
𡧈
𡧉
𡧊
𡬞
𡭙
𡭚
𡭛
𡭜
𡯋
𡯌
𡯍
𡯎
𡰩
𡰪
𡰫
𡰬
𡰭
𡰮
𡰯
𡰰
𡰱
𡰲
𡰳
𡴀
𡴁
𡴂
𡴃
𡴄
𡴅
𡴾
𡴿
𡵀
𡵁
𡵂
𡵃
𡵄
𡵆
𡵇
𡵈
𡵉
𡵊
𡵋
𡵌
𡵍
𡵎
𡵏
𡵐
𡵑
𡵒
𡿩
𡿪
𡿫
𡿬
𡿭
𢀚
𢀛
𢀵
𢀶
𢁕
𢁖
𢁗
𢁘
𢁙
𢁚
𢁛
𢁜
𢁝
𢁞
𢁟
𢁠
𢁡
𢁢
𢁣
𢁤
𢆶
𢇗
𢇘
𢇙
𢇚
𢇛
𢇜
𢇝
𢇞
𢇟
𢇠
𢇡
𢇢
𢌜
𢌰
𢌱
𢌲
𢍽
𢍾
𢎫
𢎬
𢎮
𢎯
𢎰
𢎱
𢎲
𢎳
𢎴
𢎵
𢎶
𢑏
𢑐
𢑑
𢑒
𢒃
𢒄
𢒅
𢒆
𢓀
𢓁
𢓂
𢓃
𢖲
𢖳
𢖴
𢖵
𢖶
𢖷
𢖸
𢖹
𢖺
𢖻
𢖼
𢖽
𢖾
𢖿
𢗀
𢗁
𢗂
𢗃
𢗄
𢗅
𢗆
𢗇
𢗈
𢦎
𢦐
𢦑
𢨦
𢨧
𢨨
𢨩
𢩭
𢩮
𢩯
𢩰
𢩱
𢩲
𢩳
𢩴
𢩵
𢩶
𢩷
𢩸
𢩹
𢩺
𢩻
𢩼
𢩽
𢩾
𢩿
𢪀
𢪁
𢪂
𢺵
𣁁
𣂒
𣃗
𣄭
𣄾
𣄿
𣅀
𣅁
𣅂
𣅃
𣅅
𣍞
𣎸
𣎹
𣎺
𣎻
𣎼
𣎽
𣎾
𣎿
𣏀
𣢀
𣥅
𣥆
𣦸
𣦹
𣦺
𣦻
𣦼
𣦽
𣦾
𣫭
𣬜
𣬝
𣬞
𣬟
𣬠
𣱕
𣱖
𣲀
𣲁
𣲂
𣲃
𣲄
𣲅
𣲆
𣲇
𣲈
𣲉
𣲊
𣲋
𣲌
𣲍
𤆃
𤆄
𤆅
𤆆
𤆇
𤆈
𤆉
𤆊
𤆋
𤆌
𤕭
𤘕
𤘖
𤘗
𤜡
𤜢
𤜣
𤜤
𤜥
𤜦
𤜧
𤜨
𤜩
𤜪
𤜫
𤜬
𤜭
𤜮
𤣪
𤣫
𤣬
𤯔
𤰃
𤰓
𤰔
𤴕
𤴥
𤼽
𤼾
𥃤
𥃥
𥍝
𥐕
𥐖
𥘇
𥘈
𥘉
𥘊
𥘋
𥘌
𥝍
𥝎
𥝏
𥫗
𦈢
𦉯
𦍋
𦓤
𦘩
𦘪
𦘫
𦘬
𦘭
𦘮
𦘯
𦘰
𦘱
𦘲
𦘳
𦣞
𦣹
𦤳
𦤴
𦥒
𦥓
𦫶
𦫷
𦫸
𦫹
𦫺
𦫻
𦫼
𦫽
𦫾
𦬀
𧥛
𧥜
𧰧
𧰨
𨈑
𨑑
𨑒
𨑓
𨑔
𨑖
𨑗
𨑘
𨑙
𨑚
𨑛
𨑜
𨑝
𨑞
𨑟
𨑠
𨑡
𨙶
𨙷
𨙸
𨙹
𨙺
𨙻
𨙼
𨙽
𨙾
𨙿
𨚀
𨚁
𨚂
𨚃
𨚄
𨚅
𨚆
𨚇
𨚈
𨚉
𨚊
𨚋
𨚌
𨚍
𨚎
𨚏
𨚐
𨚑
𨚒
𨷿
𨸀
𨸁
𨸙
𨸚
𨸛
𨸜
𨸝
𨸞
𨸠
𨸡
𨸢
𨸣
𨸤
𨸥
𨸦
𨸧
𨸨
𨸩
𪛗
𪜌
𪜑
𪜨
𪜩
𪜪
𪜫
𪞈
𪞗
𪞘
𪞙
𪞚
𪞱
𪞾
𪞿
𪟀
𪟩
𪟬
𪠥
𪢳
𪢴
𪢵
𪢶
𪢷
𪤷
𪥃
𪥤
𪥥
𪧷
𪨢
𪨣
𪨤
𪨥
𪩣
𪪊
𪪺
𪫆
𪫞
𪭊
𪭜
𪱙
𪵩
𪵪
𪵫
𪵬
𪻍
𪽆
𫀦
𫇥
𫇦
𫍚
𫍛
𫐟
𫑘
𫑙
𫔬
𫔻
𫗞
𫘛
𫝁
𫝅
𫝘
𫝢
𫝲
𫝳
𫞖
𫟞
𫠤
𫠥
𫡑
𫡒
𫡓
𫡤
𫡱
𫢋
𫢌
𫢍
𫢎
𫢏
𫢐
𫤫
𫤬
𫥁
𫥂
𫥃
𫥞
𫥟
𫥲
𫥳
𫥴
𫦥
𫦧
𫧌
𫧍
𫧎
𫧏
𫧺
𫨳
𫩒
𫩓
𫩔
𫩕
𫩖
𫩗
𫩝
𫭙
𫭚
𫯜
𫰈
𫰉
𫰊
𫲵
𫲶
𫲼
𫵵
𫶵
𫷔
𫷦
𫸖
𫸥
𫸦
𫸧
𫹌
𫹬
𫹭
𫹮
𫻦
𫻧
𫼔
𫼕
𫼖
𫼗
𫾦
𫿭
𬀦
𬁰
𬅶
𬅷
𬇕
𬇖
𬇗
𬌙
𬌫
𬎤
𬏚
𬐃
𬔖
𬘓
𬚉
𬜡
𬜢
𬢇
𬣛
𬣜
𬣝
𬣞
𬣟
𬮙
𬮚
𬮛
𬮺
𬲧
𬲨
𬷻
𬺤
𬺨
𬺩
𬺿
𬻀
𬻁
𬻃
𬻄
𬻅
𬻆
𬻇
𬻈
𬻉
𬻳
𬻻
𬼉
𬼝
𬼞
𬼟
𬼠
𬼡
𬼢
𬼹
𬽄
𬽩
𬽪
𬽫
𬽬
𬽭
𭁅
𭁆
𭁡
𭂭
𭂮
𭂯
𭃈
𭃉
𭃊
𭃋
𭃌
𭅆
𭅐
𭅖
𭅯
𭅰
𭅵
𭆁
𭆙
𭆚
𭆧
𭆨
𭆺
𭆻
𭆼
𭆽
𭆾
𭆿
𭇀
𭇁
𭇂
𭍻
𭍼
𭍽
𭐳
𭐴
𭑃
𭑬
𭑭
𭑮
𭒺
𭒻
𭒼
𭓞
𭔩
𭕅
𭕿
𭖁
𭖂
𭖃
𭖄
𭗻
𭗼
𭘃
𭘄
𭘅
𭘑
𭘒
𭘾
𭙐
𭙑
𭙒
𭚒
𭚓
𭚔
𭚦
𭛜
𭛝
𭜌
𭠐
𭣕
𭣡
𭤨
𭤩
𭤪
𭥌
𭥍
𭥎
𭨘
𭨤
𭨥
𭭄
𭭘
𭭙
𭭚
𭭽
𭯷
𭴀
𭴁
𭴂
𭶺
𭶿
𭷔
𭷹
𭸵
𭺽
𭿶
𮉼
𮎜
𮓰
𮓱
𮕤
𮞁
𮞂
𮞃
𮟪
𮟫
𮤬
𮤭
𮤹
𮦄
𮯸
𮯹
𮰓
𮰚
𮰰
𮰸
𮱞
𮱡
𮱿
𮳃
𮴽
𮵿
𮶛
𮷖
𮹂
𠘺
再
𠕋
㔕
卉
灰
吆
吸
壮
多
𡧈
当
巡
𢌱
扝
次
汎
䂖
芑
芋
芝
衣
豕
邔
𰀋
𰀣
𰀶
𰀷
𰀸
𰀹
𰀺
𰀻
𰀼
𰁗
𰁜
𰁤
𰁥
𰁦
𰁧
𰁨
𰁩
𰁪
𰃖
𰃝
𰃞
𰃟
𰃧
𰃨
𰃶
𰃷
𰃸
𰄞
𰄟
𰄠
𰄡
𰄢
𰅉
𰅪
𰅰
𰅱
𰆌
𰆍
𰆖
𰆗
𰆱
𰆲
𰆳
𰆴
𰆵
𰆶
𰇈
𰇉
𰋚
𰋷
𰋸
𰌜
𰌝
𰌴
𰌵
𰎉
𰏇
𰏒
𰏢
𰏲
𰐇
𰐈
𰐬
𰐻
𰐼
𰐾
𰐿
𰒻
𰒼
𰒽
𰕃
𰕰
𰕱
𰕲
𰗐
𰗑
𰗒
𰙚
𰚷
𰚻
𰛆
𰛇
𰛈
𰛉
𰛊
𰝶
𰠗
𰠦
𰠾
𰡭
𰡮
𰢴
𰤒
𰦍
𰦒
𰮁
𰰜
𰰟
𰴟
𰵍
𰵎
𰵏
𰵐
𰵑
𰵒
𰹰
𰹱
𰻟
𰻠
𰿧
𱃱
𱄼
𱄽
𱄾
𱄿
𱉇
𱍑
𱍬
𱍻
𱎂
𱎃
𱎠
𱎡
𱎢
𱎣
𱎤
𱎥
𱎦
𱎧
𱏳
𱏺
𱏻
𱐀
𱐁
𱐒
𱐓
𱐔
𱐕
𱑜
𱒀
𱒁
𱒂
𱒃
𱒄
𱒅
𱖇
𱖈
𱖉
𱙄
𱙅
𱙆
𱙵
𱚃
𱚱
𱚲
𱛇
𱜡
𱜢
𱝑
𱝫
𱝬
𱝼
𱞀
𱞁
𱟩
𱟪
𱟫
𱟬
𱡹
𱢾
𱤼
𱤽
𱥮
𱥰
𱥱
𱪡
𱪢
𱪣
𱭢
𱰤
𱺒
𱼁
𲂄
𲂅
𲅋
𲆏
𲏀
𲏁
𲏓
𲏔
𲏕
𲏖
𲏗
𲏘
𲏙
𲏚
𲏛
𲐌
𲐘
𲐙
𲒈
𲒉
𲒤
𲓟
𲓠
𲓲
𲓳
𲔎
𲔏
𲘟
𲘱
𲘲
𲘳
𲚰
𲚱
𲜉
𲜊
𲝄
𲞹
𲟘
𲟝
𲟠
𲡙
𲥗
𲥮
𲨄
𲨅
𲨳
𲨵
𲨶
𲨷
𲫍
𲫎
𲭀
𲭁
𲭅
𲭭
𲰶
𲳈
𳅄
𳈛