㑘
㑹
㒑
㒠
㓞
㔞
㕟
㕢
㖑
㗨
㘨
㙕
㙰
㚊
㚍
㛻
㜳
㝏
㞀
㞒
㞧
㟴
㠢
㠹
㡁
㣛
㤥
㥟
㧉
㧔
㧡
㨙
㨟
㨤
㪡
㰡
㰧
㰨
㰩
㱯
㱱
㱼
㱾
㲅
㳦
㳷
㷄
㷇
㹆
㹟
㺔
㻁
㾂
㾏
㾩
㾬
㾯
㿍
䀁
䀭
䁓
䁗
䂕
䂯
䂷
䃈
䃬
䃶
䇈
䇒
䈐
䈛
䈭
䉏
䊽
䋀
䍲
䏗
䏨
䐩
䐴
䒓
䓒
䓙
䓳
䔇
䕇
䕸
䖶
䙎
䙡
䚸
䛛
䛺
䜋
䜕
䝅
䝇
䠩
䠹
䠽
䡡
䡷
䢈
䣙
䤤
䤧
䦏
䦱
䩈
䪥
䪱
䫥
䫦
䫭
䬵
䭝
䭴
䯣
䯤
䯰
䯿
䰺
䱺
䲒
䲸
䳚
䴜
䵋
䵳
䵷
䶐
䶣
𠀅
𠁥
𠁰
𠂯
𠃐
𠆤
𠇗
𠇴
𠈆
𠌰
𠍗
𠎺
𠎿
𠏪
𠐤
𠐦
𠓧
𠚛
𠛕
𠛿
𠜐
𠜨
𠟱
𠢲
𠣏
𠣠
𠣯
𠣱
𠦬
𠧩
𠨴
𠬭
𠭸
𠲯
𠳰
𠷟
𠸴
𠹛
𠿇
𠿎
𠿔
𡁁
𡃩
𡃪
𡇌
𡇸
𡉙
𡌪
𡎯
𡎼
𡏁
𡐠
𡒽
𡓤
𡕗
𡖨
𡖪
𡗒
𡗟
𡗦
𡗼
𡘌
𡙓
𡚅
𡛐
𡟌
𡟲
𡢓
𡢖
𡣢
𡤋
𡥋
𡧣
𡧩
𡯔
𡳂
𡵚
𡸖
𡹎
𡹯
𡼾
𡾝
𢂵
𢄊
𢅤
𢈒
𢊝
𢋝
𢌞
𢌯
𢌵
𢍆
𢍓
𢔡
𢕺
𢗊
𢘦
𢘪
𢙽
𢜾
𢞐
𢞶
𢠟
𢢚
𢢞
𢢣
𢤯
𢤰
𢤳
𢦬
𢦶
𢩸
𢪂
𢬿
𢶒
𢶘
𢷽
𢸬
𢻉
𢻔
𢻜
𢼾
𢽫
𢾆
𢾒
𢿓
𢿡
𣀤
𣁽
𣄲
𣅜
𣋘
𣌭
𣏙
𣐶
𣐷
𣒃
𣒉
𣖻
𣟉
𣢇
𣢑
𣣶
𣥃
𣥈
𣨶
𣩶
𣩹
𣩻
𣫉
𣬫
𣲸
𣲾
𣴯
𣴴
𣴵
𣸂
𣸎
𣻱
𣾀
𤃘
𤆆
𤆜
𤇁
𤈪
𤉫
𤌻
𤐩
𤑪
𤕚
𤘦
𤙕
𤙩
𤛳
𤜂
𤜄
𤜋
𤜡
𤡧
𤡲
𤤨
𤦠
𤩫
𤪿
𤭧
𤱺
𤵇
𤵮
𤵽
𤸁
𤸋
𤸎
𤸱
𤸺
𤻜
𤼒
𤽤
𥀠
𥁐
𥂠
𥂧
𥂹
𥃌
𥃣
𥎆
𥎎
𥏙
𥏪
𥐤
𥑋
𥑰
𥒒
𥔅
𥔐
𥔯
𥚺
𥝒
𥢶
𥦛
𥩤
𥩲
𥪊
𥲖
𥴯
𥷫
𥻄
𦁊
𦂄
𦂆
𦅩
𦇣
𦈰
𦈲
𦎈
𦏘
𦏨
𦐤
𦔦
𦖥
𦗿
𦘄
𦘋
𦘕
𦝨
𦞉
𦞙
𦟡
𦠄
𦡖
𦤦
𦤬
𦫳
𦫻
𦫼
𦬉
𦬔
𦬿
𦭅
𦭹
𦮃
𦮍
𦰵
𦲈
𦳋
𦴘
𦶎
𦷷
𦹣
𧂊
𧅽
𧆗
𧉇
𧊅
𧊏
𧊫
𧍚
𧎁
𧖢
𧘷
𧙪
𧜅
𧜋
𧝛
𧞔
𧞷
𧢦
𧣋
𧥤
𧧾
𧨥
𧨧
𧩤
𧪖
𧬨
𧬭
𧭬
𧭸
𧭾
𧮓
𧮚
𧯺
𧰙
𧱉
𧱱
𧱳
𧱾
𧳊
𧳐
𧳧
𧴚
𧶅
𧷄
𧷧
𧻲
𧽊
𧽖
𧾣
𨀖
𨍹
𨐑
𨒨
𨒭
𨗥
𨘇
𨘲
𨛖
𨛛
𨛤
𨜴
𨝕
𨞡
𨞨
𨡬
𨪷
𨱣
𨳚
𨳜
𨴂
𨴆
𨵑
𨵠
𨵧
𨵹
𨶘
𨷪
𨸛
𨸜
𨺬
𨼬
𩀊
𩂤
𩆁
𩉖
𩊓
𩋔
𩋧
𩌃
𩍝
𩏡
𩐥
𩑔
𩒌
𩒏
𩒳
𩔁
𩔒
𩕭
𩘅
𩘗
𩘥
𩛾
𩜚
𩝨
𩞞
𩟮
𩠚
𩡔
𩡺
𩢱
𩤠
𩦣
𩨦
𩨧
𩩰
𩩲
𩪁
𩪃
𩫀
𩬉
𩬐
𩰬
𩰶
𩲂
𩲔
𩲙
𩲷
𩳁
𩳭
𩶠
𩶦
𩷆
𩹄
𩼄
𩼠
𩽍
𩾴
𪀟
𪀬
𪆰
𪈑
𪊃
𪊉
𪏞
𪏤
𪑀
𪑹
𪒜
𪖕
𪖢
𪖾
𪗢
𪗣
𪙏
𪠘
𫊳
𫫠
𬢖
𬺶
𬽆
𬽇
𬽕
𭅅
𭓩
𭓯
𭘣
𭚘
𭤀
𭬐
𭰁
𭻊
𭾂
𮁌
𮈵
𮑊
𮗨
𮗮
𮘈
𮧮
𮧯
𮧰
𮪬
𮫟
𮯠
𫵗
𩭃
𬜰
𫦤
𫦥
𭬒