㕤
㕥
㕦
㕧
㕨
㕩
㕪
㕫
㕬
㕭
㕯
㕰
㕱
㕲
㕳
㕴
㕵
㕶
㕷
㕸
㕹
㕺
㕻
㕼
㕽
㕾
㕿
㖀
㖁
㖂
㖃
㖄
㖅
㖆
㖇
㖈
㖉
㖊
㖋
㖌
㖍
㖎
㖏
㖐
㖑
㖒
㖓
㖔
㖕
㖖
㖗
㖘
㖙
㖚
㖛
㖜
㖝
㖞
㖟
㖠
㖡
㖢
㖣
㖤
㖥
㖧
㖩
㖪
㖫
㖬
㖭
㖮
㖯
㖰
㖱
㖲
㖳
㖴
㖵
㖶
㖷
㖸
㖹
㖺
㖻
㖼
㖽
㖾
㖿
㗀
㗁
㗂
㗃
㗄
㗆
㗇
㗈
㗉
㗊
㗋
㗌
㗍
㗎
㗏
㗐
㗑
㗒
㗓
㗔
㗕
㗖
㗗
㗘
㗙
㗛
㗜
㗝
㗞
㗟
㗠
㗡
㗢
㗣
㗤
㗥
㗦
㗧
㗨
㗩
㗪
㗫
㗬
㗭
㗮
㗯
㗰
㗱
㗲
㗳
㗵
㗶
㗷
㗸
㗹
㗺
㗻
㗼
㗽
㗾
㗿
㘀
㘁
㘂
㘃
㘄
㘆
㘇
㘈
㘉
㘊
㘋
㘌
㘍
㘎
㘏
㘐
㘑
㘒
㘓
㘔
㘕
㘖
㘗
㘘
㘙
㘚
㘛
㘜
䶷
䶸
兽
卟
另
叧
叹
叻
叼
叽
叾
叿
吀
吂
吅
吆
吇
吓
吔
吕
吖
吗
吘
吙
吚
吜
吡
吢
吣
吥
吪
启
吰
吱
吲
吳
吴
吵
吷
吺
吿
呁
呄
呅
呇
呋
呌
呏
呐
呒
呓
呔
呖
呗
员
呙
呚
呛
呜
呝
呞
呠
呡
呣
呤
呥
呧
呩
呭
呮
呯
呲
呸
呹
呺
呾
咁
咂
咃
咅
咇
咉
咑
咓
咔
咗
咘
咙
咚
咛
咝
咞
咟
咣
咧
咪
咰
咱
咴
咵
咶
咹
咻
哅
哊
哋
哌
响
哎
哏
哐
哑
哒
哓
哔
哕
哖
哗
哙
哚
哛
哜
哝
哞
哟
哠
哣
哤
哧
哪
哫
哰
哴
哵
哶
哷
哸
哹
哻
哼
哾
唂
唃
唅
唈
唊
唋
唌
唍
唑
唒
唓
唕
唗
唘
唙
唚
唛
唜
唝
唞
唟
唠
唡
唢
唣
唤
唥
唦
唧
唨
唩
唪
唬
唭
唰
唲
唴
唶
唷
唺
唻
唽
唿
啂
啃
啈
啉
啋
啍
啎
啑
啒
啔
啕
啘
啙
啚
啛
啟
啢
啥
啦
啧
啨
啩
啪
啫
啬
啭
啮
啯
啰
啱
啲
啳
啴
啵
啶
啷
啸
啹
啺
啿
喅
喌
喍
喏
喐
喒
喓
喔
喕
喖
喗
喛
喠
喡
喢
喣
喤
喥
喦
喯
喱
喲
喳
喴
喵
喷
喸
喹
喺
喻
喼
喽
喾
嗀
嗁
嗂
嗃
嗆
嗈
嗊
嗋
嗍
嗏
嗐
嗓
嗕
嗖
嗗
嗘
嗙
嗛
嗞
嗠
嗡
嗥
嗦
嗧
嗨
嗪
嗫
嗬
嗭
嗮
嗯
嗰
嗱
嗲
嗳
嗴
嗵
嗶
嗸
嗺
嗻
嗼
嗿
嘀
嘁
嘂
嘃
嘄
嘅
嘊
嘋
嘌
嘍
嘏
嘑
嘒
嘓
嘕
嘙
嘚
嘜
嘝
嘞
嘟
嘠
嘡
嘢
嘣
嘤
嘥
嘦
嘧
嘪
嘫
嘬
嘭
嘮
嘳
嘵
嘹
嘺
嘼
嘾
噁
噃
噄
噅
噆
噈
噊
噋
噍
噏
噑
噒
噔
噕
噖
噗
噘
噙
噚
噜
噝
噟
噡
噢
噣
噥
噧
噩
噮
噰
噳
噵
噷
噹
噻
噼
噽
噾
噿
嚁
嚂
嚃
嚄
嚅
嚉
嚋
嚍
嚎
嚐
嚑
嚒
嚓
嚖
嚗
嚘
嚛
嚜
嚟
嚡
嚣
嚤
嚦
嚧
嚪
嚫
嚯
嚰
嚱
嚵
嚷
嚸
嚹
嚺
嚻
嚽
嚾
嚿
囄
囆
囇
囋
囌
囏
囐
囒
囔
囕
囖
夻
虽
靣
駡
鿽
句
喇
呂
咽
吏
吝
嗀
舘
喝
啕
喙
嗢
𠀷
𠀹
𠁷
𠆊
𠈂
𠏓
𠏧
𠙼
𠮙
𠮚
𠮛
𠮜
𠮝
𠮞
𠮠
𠮡
𠮢
𠮣
𠮤
𠮥
𠮦
𠮧
𠮨
𠮩
𠮪
𠮫
𠮬
𠮭
𠮮
𠮯
𠮰
𠮱
𠮲
𠮳
𠮴
𠮵
𠮶
𠮷
𠮸
𠮹
𠮺
𠮻
𠮼
𠮽
𠮾
𠮿
𠯀
𠯁
𠯂
𠯃
𠯄
𠯅
𠯆
𠯇
𠯈
𠯉
𠯊
𠯋
𠯌
𠯍
𠯎
𠯏
𠯐
𠯑
𠯒
𠯓
𠯔
𠯕
𠯖
𠯗
𠯘
𠯙
𠯚
𠯛
𠯜
𠯝
𠯞
𠯟
𠯠
𠯡
𠯢
𠯣
𠯤
𠯥
𠯦
𠯧
𠯨
𠯩
𠯪
𠯫
𠯬
𠯭
𠯮
𠯯
𠯰
𠯱
𠯲
𠯳
𠯴
𠯵
𠯶
𠯷
𠯸
𠯹
𠯺
𠯻
𠯼
𠯽
𠯾
𠯿
𠰀
𠰁
𠰂
𠰃
𠰄
𠰅
𠰆
𠰇
𠰈
𠰉
𠰊
𠰋
𠰌
𠰍
𠰎
𠰏
𠰐
𠰑
𠰒
𠰓
𠰔
𠰕
𠰖
𠰗
𠰘
𠰙
𠰚
𠰛
𠰜
𠰝
𠰞
𠰟
𠰠
𠰡
𠰢
𠰣
𠰤
𠰥
𠰦
𠰧
𠰨
𠰩
𠰪
𠰫
𠰬
𠰭
𠰮
𠰯
𠰰
𠰱
𠰲
𠰳
𠰴
𠰵
𠰶
𠰷
𠰸
𠰹
𠰺
𠰻
𠰼
𠰽
𠰾
𠰿
𠱀
𠱁
𠱂
𠱃
𠱄
𠱅
𠱆
𠱇
𠱈
𠱉
𠱊
𠱋
𠱌
𠱍
𠱎
𠱏
𠱐
𠱑
𠱒
𠱓
𠱔
𠱕
𠱖
𠱗
𠱘
𠱙
𠱚
𠱛
𠱜
𠱝
𠱞
𠱟
𠱠
𠱡
𠱢
𠱣
𠱤
𠱥
𠱦
𠱧
𠱨
𠱩
𠱪
𠱫
𠱬
𠱭
𠱮
𠱯
𠱰
𠱱
𠱲
𠱳
𠱴
𠱵
𠱶
𠱷
𠱸
𠱹
𠱺
𠱻
𠱼
𠱽
𠱾
𠱿
𠲀
𠲁
𠲂
𠲃
𠲄
𠲅
𠲆
𠲇
𠲈
𠲉
𠲊
𠲋
𠲌
𠲍
𠲎
𠲏
𠲐
𠲑
𠲒
𠲓
𠲔
𠲕
𠲖
𠲗
𠲘
𠲙
𠲚
𠲛
𠲜
𠲝
𠲞
𠲟
𠲠
𠲡
𠲢
𠲣
𠲤
𠲥
𠲦
𠲧
𠲨
𠲩
𠲪
𠲫
𠲬
𠲭
𠲮
𠲯
𠲰
𠲱
𠲲
𠲳
𠲴
𠲵
𠲶
𠲷
𠲸
𠲹
𠲺
𠲻
𠲼
𠲽
𠲾
𠲿
𠳀
𠳁
𠳂
𠳃
𠳄
𠳅
𠳆
𠳇
𠳈
𠳉
𠳊
𠳋
𠳌
𠳍
𠳎
𠳏
𠳐
𠳑
𠳒
𠳓
𠳔
𠳕
𠳖
𠳗
𠳘
𠳙
𠳚
𠳛
𠳜
𠳝
𠳞
𠳟
𠳠
𠳡
𠳢
𠳣
𠳤
𠳥
𠳦
𠳧
𠳨
𠳩
𠳪
𠳬
𠳭
𠳮
𠳯
𠳰
𠳱
𠳲
𠳳
𠳴
𠳵
𠳶
𠳷
𠳸
𠳹
𠳺
𠳻
𠳼
𠳽
𠳾
𠳿
𠴀
𠴁
𠴂
𠴃
𠴄
𠴅
𠴆
𠴇
𠴈
𠴉
𠴊
𠴋
𠴌
𠴍
𠴎
𠴏
𠴐
𠴑
𠴒
𠴓
𠴔
𠴕
𠴖
𠴗
𠴘
𠴙
𠴚
𠴛
𠴜
𠴝
𠴞
𠴟
𠴠
𠴡
𠴢
𠴣
𠴤
𠴥
𠴧
𠴨
𠴩
𠴪
𠴫
𠴬
𠴭
𠴮
𠴯
𠴰
𠴱
𠴲
𠴳
𠴴
𠴵
𠴶
𠴷
𠴸
𠴹
𠴺
𠴻
𠴼
𠴽
𠴾
𠴿
𠵀
𠵁
𠵂
𠵃
𠵄
𠵆
𠵇
𠵈
𠵉
𠵊
𠵋
𠵌
𠵍
𠵎
𠵏
𠵐
𠵑
𠵒
𠵓
𠵔
𠵕
𠵖
𠵗
𠵘
𠵙
𠵚
𠵛
𠵜
𠵝
𠵞
𠵟
𠵠
𠵡
𠵢
𠵣
𠵤
𠵥
𠵦
𠵧
𠵨
𠵩
𠵪
𠵫
𠵬
𠵭
𠵮
𠵯
𠵰
𠵱
𠵲
𠵳
𠵴
𠵵
𠵶
𠵷
𠵸
𠵹
𠵺
𠵻
𠵼
𠵽
𠵾
𠵿
𠶀
𠶁
𠶂
𠶃
𠶄
𠶅
𠶆
𠶇
𠶈
𠶉
𠶊
𠶋
𠶌
𠶍
𠶎
𠶏
𠶐
𠶑
𠶒
𠶓
𠶔
𠶕
𠶖
𠶗
𠶘
𠶙
𠶚
𠶛
𠶜
𠶝
𠶞
𠶟
𠶠
𠶡
𠶢
𠶣
𠶤
𠶥
𠶦
𠶧
𠶨
𠶩
𠶪
𠶫
𠶬
𠶭
𠶮
𠶯
𠶰
𠶱
𠶲
𠶳
𠶴
𠶵
𠶶
𠶷
𠶸
𠶹
𠶺
𠶻
𠶼
𠶽
𠶾
𠶿
𠷀
𠷁
𠷂
𠷃
𠷄
𠷅
𠷆
𠷇
𠷈
𠷉
𠷊
𠷋
𠷌
𠷍
𠷎
𠷏
𠷐
𠷑
𠷒
𠷓
𠷔
𠷕
𠷖
𠷗
𠷘
𠷙
𠷚
𠷛
𠷜
𠷝
𠷞
𠷟
𠷠
𠷢
𠷣
𠷤
𠷥
𠷦
𠷧
𠷨
𠷩
𠷪
𠷫
𠷬
𠷭
𠷮
𠷯
𠷰
𠷱
𠷲
𠷳
𠷴
𠷵
𠷶
𠷷
𠷸
𠷹
𠷺
𠷻
𠷼
𠷽
𠷾
𠷿
𠸀
𠸁
𠸂
𠸃
𠸄
𠸅
𠸆
𠸇
𠸈
𠸉
𠸊
𠸋
𠸌
𠸍
𠸎
𠸏
𠸐
𠸑
𠸒
𠸓
𠸔
𠸕
𠸖
𠸗
𠸘
𠸙
𠸚
𠸛
𠸜
𠸝
𠸞
𠸟
𠸠
𠸡
𠸢
𠸣
𠸤
𠸥
𠸦
𠸧
𠸨
𠸩
𠸪
𠸫
𠸬
𠸭
𠸮
𠸯
𠸰
𠸱
𠸲
𠸳
𠸴
𠸵
𠸶
𠸷
𠸸
𠸹
𠸺
𠸻
𠸼
𠸽
𠸾
𠸿
𠹀
𠹁
𠹂
𠹃
𠹄
𠹅
𠹆
𠹇
𠹈
𠹉
𠹊
𠹋
𠹌
𠹍
𠹎
𠹏
𠹐
𠹑
𠹒
𠹓
𠹔
𠹕
𠹖
𠹗
𠹘
𠹙
𠹚
𠹛
𠹜
𠹝
𠹞
𠹟
𠹠
𠹡
𠹢
𠹣
𠹥
𠹦
𠹧
𠹨
𠹩
𠹪
𠹫
𠹬
𠹮
𠹯
𠹰
𠹱
𠹲
𠹳
𠹴
𠹵
𠹶
𠹷
𠹸
𠹹
𠹺
𠹻
𠹼
𠹽
𠹾
𠹿
𠺀
𠺁
𠺂
𠺃
𠺄
𠺅
𠺆
𠺇
𠺈
𠺉
𠺊
𠺋
𠺌
𠺍
𠺎
𠺏
𠺐
𠺑
𠺒
𠺓
𠺔
𠺖
𠺗
𠺘
𠺙
𠺚
𠺛
𠺜
𠺝
𠺞
𠺟
𠺠
𠺡
𠺢
𠺣
𠺤
𠺥
𠺦
𠺧
𠺨
𠺩
𠺪
𠺫
𠺬
𠺭
𠺮
𠺯
𠺰
𠺱
𠺲
𠺳
𠺴
𠺵
𠺶
𠺷
𠺸
𠺹
𠺺
𠺻
𠺼
𠺽
𠺾
𠺿
𠻀
𠻁
𠻂
𠻃
𠻄
𠻅
𠻆
𠻇
𠻈
𠻉
𠻊
𠻋
𠻌
𠻍
𠻎
𠻏
𠻐
𠻑
𠻒
𠻓
𠻔
𠻕
𠻖
𠻗
𠻘
𠻙
𠻚
𠻛
𠻜
𠻝
𠻞
𠻟
𠻠
𠻡
𠻢
𠻣
𠻤
𠻥
𠻦
𠻧
𠻨
𠻩
𠻪
𠻫
𠻬
𠻭
𠻮
𠻯
𠻰
𠻱
𠻲
𠻳
𠻴
𠻵
𠻶
𠻷
𠻸
𠻹
𠻺
𠻻
𠻼
𠻽
𠻾
𠻿
𠼀
𠼁
𠼂
𠼃
𠼄
𠼅
𠼆
𠼇
𠼈
𠼉
𠼊
𠼋
𠼌
𠼍
𠼎
𠼏
𠼐
𠼑
𠼒
𠼓
𠼔
𠼕
𠼖
𠼗
𠼘
𠼙
𠼚
𠼛
𠼜
𠼝
𠼞
𠼟
𠼠
𠼡
𠼢
𠼣
𠼤
𠼥
𠼦
𠼧
𠼨
𠼩
𠼪
𠼫
𠼬
𠼭
𠼮
𠼯
𠼰
𠼱
𠼲
𠼳
𠼴
𠼵
𠼶
𠼷
𠼸
𠼹
𠼺
𠼻
𠼼
𠼽
𠼾
𠼿
𠽀
𠽁
𠽂
𠽃
𠽄
𠽅
𠽆
𠽇
𠽈
𠽉
𠽊
𠽋
𠽌
𠽍
𠽎
𠽏
𠽐
𠽑
𠽒
𠽓
𠽔
𠽕
𠽖
𠽗
𠽘
𠽙
𠽚
𠽛
𠽜
𠽝
𠽞
𠽠
𠽡
𠽢
𠽣
𠽤
𠽥
𠽦
𠽧
𠽨
𠽩
𠽪
𠽫
𠽬
𠽭
𠽮
𠽯
𠽰
𠽱
𠽲
𠽳
𠽴
𠽵
𠽶
𠽷
𠽸
𠽹
𠽺
𠽻
𠽼
𠽽
𠽾
𠽿
𠾀
𠾁
𠾂
𠾃
𠾄
𠾅
𠾆
𠾇
𠾈
𠾉
𠾊
𠾋
𠾌
𠾍
𠾎
𠾏
𠾐
𠾑
𠾒
𠾓
𠾔
𠾕
𠾖
𠾗
𠾘
𠾙
𠾚
𠾛
𠾜
𠾝
𠾞
𠾟
𠾠
𠾡
𠾢
𠾣
𠾤
𠾥
𠾦
𠾨
𠾩
𠾪
𠾫
𠾬
𠾭
𠾮
𠾯
𠾰
𠾱
𠾲
𠾳
𠾴
𠾵
𠾶
𠾷
𠾸
𠾹
𠾺
𠾻
𠾼
𠾽
𠾾
𠾿
𠿀
𠿁
𠿂
𠿃
𠿄
𠿅
𠿆
𠿇
𠿈
𠿉
𠿊
𠿋
𠿌
𠿍
𠿎
𠿏
𠿐
𠿑
𠿒
𠿓
𠿔
𠿕
𠿖
𠿗
𠿘
𠿙
𠿚
𠿛
𠿜
𠿝
𠿞
𠿟
𠿠
𠿡
𠿢
𠿣
𠿤
𠿥
𠿦
𠿧
𠿨
𠿩
𠿪
𠿫
𠿬
𠿭
𠿮
𠿯
𠿰
𠿱
𠿲
𠿳
𠿴
𠿵
𠿶
𠿷
𠿸
𠿹
𠿺
𠿻
𠿼
𠿽
𠿾
𠿿
𡀀
𡀁
𡀂
𡀃
𡀄
𡀅
𡀆
𡀇
𡀈
𡀉
𡀊
𡀋
𡀌
𡀍
𡀎
𡀏
𡀐
𡀑
𡀒
𡀓
𡀔
𡀕
𡀖
𡀗
𡀘
𡀙
𡀚
𡀛
𡀜
𡀝
𡀞
𡀟
𡀠
𡀡
𡀢
𡀣
𡀤
𡀥
𡀦
𡀧
𡀨
𡀩
𡀪
𡀫
𡀬
𡀭
𡀮
𡀯
𡀰
𡀱
𡀲
𡀳
𡀴
𡀵
𡀶
𡀷
𡀸
𡀹
𡀺
𡀻
𡀼
𡀽
𡀾
𡀿
𡁀
𡁁
𡁂
𡁃
𡁄
𡁅
𡁆
𡁇
𡁈
𡁉
𡁊
𡁋
𡁌
𡁍
𡁎
𡁏
𡁐
𡁑
𡁒
𡁓
𡁔
𡁕
𡁖
𡁗
𡁘
𡁙
𡁚
𡁛
𡁜
𡁝
𡁞
𡁟
𡁠
𡁡
𡁢
𡁣
𡁤
𡁥
𡁦
𡁧
𡁨
𡁩
𡁪
𡁫
𡁬
𡁭
𡁮
𡁯
𡁰
𡁱
𡁲
𡁳
𡁴
𡁵
𡁶
𡁷
𡁸
𡁹
𡁺
𡁻
𡁼
𡁽
𡁾
𡁿
𡂀
𡂁
𡂂
𡂃
𡂄
𡂅
𡂆
𡂇
𡂈
𡂉
𡂊
𡂋
𡂌
𡂍
𡂎
𡂏
𡂐
𡂑
𡂒
𡂓
𡂔
𡂕
𡂖
𡂗
𡂘
𡂙
𡂚
𡂛
𡂜
𡂝
𡂞
𡂟
𡂠
𡂡
𡂢
𡂣
𡂤
𡂥
𡂦
𡂧
𡂨
𡂩
𡂪
𡂫
𡂬
𡂭
𡂮
𡂯
𡂰
𡂱
𡂲
𡂳
𡂴
𡂵
𡂶
𡂷
𡂸
𡂹
𡂺
𡂻
𡂼
𡂽
𡂾
𡂿
𡃀
𡃁
𡃂
𡃃
𡃄
𡃅
𡃆
𡃇
𡃈
𡃉
𡃊
𡃋
𡃌
𡃍
𡃎
𡃏
𡃐
𡃑
𡃒
𡃓
𡃔
𡃕
𡃖
𡃗
𡃘
𡃙
𡃚
𡃛
𡃜
𡃝
𡃞
𡃟
𡃠
𡃡
𡃢
𡃣
𡃤
𡃥
𡃦
𡃧
𡃨
𡃩
𡃪
𡃫
𡃬
𡃭
𡃮
𡃯
𡃰
𡃱
𡃲
𡃳
𡃴
𡃵
𡃶
𡃷
𡃸
𡃹
𡃺
𡃻
𡃼
𡃽
𡃾
𡃿
𡄀
𡄁
𡄂
𡄃
𡄄
𡄅
𡄆
𡄇
𡄈
𡄊
𡄋
𡄌
𡄍
𡄎
𡄏
𡄐
𡄑
𡄒
𡄓
𡄔
𡄕
𡄖
𡄗
𡄘
𡄙
𡄚
𡄛
𡄜
𡄝
𡄞
𡄟
𡄠
𡄡
𡄢
𡄣
𡄤
𡄥
𡄦
𡄧
𡄨
𡄩
𡄪
𡄫
𡄬
𡄭
𡄮
𡄯
𡄰
𡄱
𡄲
𡄳
𡄴
𡄵
𡄶
𡄷
𡄸
𡄹
𡄺
𡄻
𡄼
𡄽
𡄾
𡄿
𡅀
𡅁
𡅂
𡅃
𡅄
𡅅
𡅆
𡅇
𡅈
𡅉
𡅊
𡅋
𡅌
𡅍
𡅎
𡅏
𡅐
𡅑
𡅒
𡅓
𡅔
𡅗
𡅘
𡅙
𡅚
𡅛
𡅜
𡅝
𡅞
𡅟
𡅠
𡅡
𡅢
𡅣
𡅤
𡅥
𡅦
𡅧
𡅨
𡅩
𡅪
𡅫
𡅬
𡅭
𡅮
𡅯
𡅰
𡅱
𡅲
𡅳
𡅴
𡅵
𡅶
𡅷
𡅸
𡅹
𡅺
𡅻
𡅼
𡅽
𡅾
𡅿
𡆀
𡆁
𡆂
𡆃
𡆄
𡆅
𡆆
𡆇
𡆈
𡆉
𡆊
𡆋
𡆌
𡆍
𡆎
𡆏
𡆐
𡆑
𡆒
𡆓
𡆔
𡆕
𡆖
𡆗
𡆘
𡆙
𡆚
𡆛
𡆜
𡆝
𡆞
𡆟
𢨐
𧮥
𨗓
𪛗
𪠲
𪠳
𪠴
𪠵
𪠶
𪠷
𪠸
𪠹
𪠺
𪠻
𪠼
𪠽
𪠾
𪠿
𪡀
𪡁
𪡂
𪡃
𪡄
𪡅
𪡆
𪡇
𪡈
𪡉
𪡊
𪡋
𪡌
𪡍
𪡎
𪡏
𪡐
𪡑
𪡒
𪡓
𪡔
𪡕
𪡖
𪡗
𪡘
𪡙
𪡚
𪡛
𪡜
𪡝
𪡞
𪡟
𪡠
𪡡
𪡢
𪡣
𪡤
𪡥
𪡦
𪡧
𪡨
𪡩
𪡪
𪡫
𪡬
𪡭
𪡮
𪡯
𪡰
𪡱
𪡲
𪡳
𪡴
𪡵
𪡶
𪡷
𪡸
𪡹
𪡺
𪡻
𪡼
𪡽
𪡾
𪡿
𪢀
𪢁
𪢂
𪢃
𪢄
𪢅
𪢆
𪢇
𪢈
𪢉
𪢊
𪢋
𪢌
𪢍
𪢎
𪢏
𪢐
𪢑
𪢒
𪢓
𪢔
𪢕
𪢖
𪢗
𪢘
𪢙
𪢚
𪢛
𪢜
𪢝
𪢞
𪢟
𪢠
𪢡
𪢢
𪢣
𪢤
𪢥
𪢦
𪢧
𫜸
𫝘
𫝙
𫝚
𫝛
𫝜
𫝝
𫝞
𫣙
𫣚
𫩏
𫩐
𫩑
𫩒
𫩓
𫩔
𫩕
𫩖
𫩗
𫩘
𫩙
𫩚
𫩛
𫩜
𫩝
𫩞
𫩟
𫩠
𫩡
𫩢
𫩣
𫩤
𫩥
𫩦
𫩧
𫩨
𫩩
𫩪
𫩫
𫩬
𫩭
𫩮
𫩯
𫩰
𫩱
𫩲
𫩳
𫩴
𫩵
𫩶
𫩷
𫩸
𫩹
𫩺
𫩻
𫩼
𫩽
𫩾
𫩿
𫪀
𫪁
𫪂
𫪃
𫪄
𫪅
𫪆
𫪇
𫪈
𫪉
𫪊
𫪋
𫪌
𫪍
𫪎
𫪏
𫪐
𫪑
𫪒
𫪓
𫪔
𫪕
𫪖
𫪗
𫪘
𫪙
𫪚
𫪛
𫪜
𫪝
𫪞
𫪟
𫪠
𫪡
𫪢
𫪣
𫪤
𫪥
𫪦
𫪧
𫪨
𫪩
𫪪
𫪫
𫪬
𫪭
𫪮
𫪯
𫪰
𫪱
𫪲
𫪳
𫪴
𫪵
𫪶
𫪷
𫪸
𫪹
𫪺
𫪻
𫪼
𫪽
𫪾
𫪿
𫫀
𫫁
𫫂
𫫃
𫫄
𫫅
𫫆
𫫇
𫫈
𫫉
𫫊
𫫋
𫫌
𫫍
𫫎
𫫏
𫫐
𫫑
𫫒
𫫓
𫫔
𫫕
𫫖
𫫗
𫫘
𫫙
𫫚
𫫛
𫫜
𫫝
𫫞
𫫟
𫫠
𫫡
𫫢
𫫣
𫫤
𫫥
𫫦
𫫧
𫫨
𫫩
𫫪
𫫫
𫫬
𫫭
𫫮
𫫯
𫫰
𫫱
𫫲
𫫳
𫫴
𫫵
𫫶
𫫷
𫫸
𫫹
𫫺
𫫻
𫫼
𫫽
𫫾
𫫿
𫬀
𫬁
𫬂
𫬃
𫬄
𫬅
𫬆
𫬇
𫬈
𫬉
𫬊
𫬋
𫬌
𫬍
𫬎
𫬏
𫬐
𫬑
𫬒
𫬓
𫬔
𫬕
𫬖
𫬗
𫬘
𫬙
𫬚
𫬛
𫬜
𫬝
𫬞
𫬟
𫬠
𫬡
𫬢
𫬣
𫬤
𫬥
𫬦
𫬧
𫬨
𫬩
𫬪
𫬫
𫬬
𫬭
𫬮
𫬯
𫬰
𫬱
𫬲
𫬳
𫬴
𫬵
𫬶
𫬷
𫬸
𫬹
𫬺
𫬻
𫬼
𫬽
𫬾
𫬿
𫭀
𫭁
𬺣
𭆸
𭆹
𭆺
𭆻
𭆼
𭆽
𭆾
𭆿
𭇀
𭇁
𭇂
𭇃
𭇄
𭇅
𭇆
𭇇
𭇈
𭇉
𭇊
𭇋
𭇌
𭇍
𭇎
𭇏
𭇐
𭇑
𭇒
𭇓
𭇔
𭇕
𭇖
𭇗
𭇘
𭇙
𭇚
𭇛
𭇜
𭇝
𭇞
𭇟
𭇠
𭇡
𭇢
𭇣
𭇤
𭇥
𭇦
𭇧
𭇨
𭇩
𭇪
𭇫
𭇬
𭇭
𭇮
𭇯
𭇰
𭇱
𭇲
𭇳
𭇴
𭇵
𭇶
𭇷
𭇸
𭇹
𭇺
𭇻
𭇼
𭇽
𭇾
𭇿
𭈀
𭈁
𭈂
𭈃
𭈄
𭈅
𭈆
𭈇
𭈈
𭈉
𭈊
𭈋
𭈌
𭈍
𭈎
𭈏
𭈐
𭈑
𭈒
𭈓
𭈔
𭈕
𭈖
𭈗
𭈘
𭈙
𭈚
𭈛
𭈜
𭈝
𭈞
𭈟
𭈠
𭈡
𭈢
𭈣
𭈤
𭈥
𭈦
𭈧
𭈨
𭈩
𭈪
𭈫
𭈬
𭈭
𭈮
𭈯
𭈰
𭈱
𭈲
𭈳
𭈴
𭈵
𭈶
𭈷
𭈸
𭈹
𭈺
𭈻
𭈼
𭈽
𭈾
𭈿
𭉀
𭉁
𭉂
𭉃
𭉄
𭉅
𭉆
𭉇
𭉈
𭉉
𭉊
𭉋
𭉌
𭉍
𭉎
𭉏
𭉐
𭉑
𭉒
𭉓
𭉔
𭉕
𭉖
𭉗
𭉘
𭉙
𭉚
𭉛
𭉜
𭉝
𭉞
𭉟
𭉠
𭉡
𭉢
𭉣
𭉤
𭉥
𭉦
𭉧
𭉨
𭉩
𭉪
𭉫
𭉬
𭉭
𭉮
𭉯
𭉰
𭉱
𭉲
𭉳
𭉴
𭉵
𭉶
𭉷
𭉸
𭉹
𭉺
𭉻
𭉼
𭉽
𭉾
𭉿
𭊀
𭊁
𭊂
𭊃
𭊄
𭊅
𭊆
𭊇
𭊈
𭊉
𭊊
𭊋
𭊌
𭊍
𭊎
𭊏
𭊐
𭊑
𭊒
𭊓
𭊔
𭊕
𭊖
𭊗
𭊘
𭊙
𭊚
𭊛
𭊜
𭊝
𭊞
𭊟
𭊠
𭊡
𭊢
𭊣
𭊤
𭊥
𭊦
𭊧
𭊨
𭊩
𭊪
𭊫
𭊬
𭊭
𭊮
𭊯
𭊰
𭊱
𭊲
𭊳
𭊴
𭊵
𭊶
𭊷
𭊸
𭊹
𭊺
𭊻
𭊼
𭊽
𭊾
𭊿
𭋀
𭋁
𭋂
𭋃
𭋄
𭋅
𭋆
𭋇
𭋈
𭋉
𭋊
𭋋
𭋌
𭋍
𭋎
𭋏
𭋐
𭋑
𭋒
𭋓
𭋔
𭋕
𭋖
𭋗
𭋘
𭋙
𭋚
𭋛
𭋜
𭋝
𭋞
𭋟
𭋠
𭋡
𭋢
𭋣
𭋤
𭋥
𭋦
𭋧
𭋨
𭋩
𭋪
𭋫
𭋬
𭋭
𭋮
𭋯
𭋰
𭋱
𭋲
𭋳
𭋴
𭋵
𭋶
𭋷
𭋸
𭋹
𭋺
𭋻
𭋼
𭋽
𭋾
𭋿
𭌀
𭌁
𭌂
𭌃
𭌄
𭌅
𭌆
𭌇
𭌈
𭌉
𭌊
𭌋
𭌌
𭌍
𭌎
𭌏
𭌐
𭌑
𭌒
𭌓
𭌔
𭌕
𭌖
𭌗
𭌘
𭌙
𭌚
𭌛
𭌜
𭌝
𭌞
𭌟
𭌠
𭌡
𭌢
𭌣
𭌤
𭌥
𭌦
𭌧
𭌨
𭌩
𭌪
𭌫
𭌬
𭌭
𭌮
𭌯
𭌰
𭌱
𭌲
𭌳
𭌴
𭌵
𭌶
𭌷
𭌸
𭌹
𭌺
𭌻
𭌼
𭌽
𭌾
𭌿
𭍀
𭍁
𭍂
𭍃
𭍄
𭍅
𭍆
𭍇
𭍈
𭍉
𭍊
𭍋
𭍌
𭍍
𭍎
𭍏
𭍐
𭍑
𭍒
𭍓
𭍔
𭍕
𭍖
𭍗
𭍘
𭍙
𮰔
𮰕
𮰖
𮰗
叫
叱
吆
咞
吸
呈
周
咢
哶
唐
啓
啣
善
善
喙
喫
喳
嗂
嘆
噑
噴
𰇇
𰇈
𰇉
𰇊
𰇋
𰇌
𰇍
𰇎
𰇏
𰇐
𰇑
𰇒
𰇓
𰇔
𰇕
𰇖
𰇗
𰇘
𰇙
𰇚
𰇛
𰇜
𰇝
𰇞
𰇟
𰇠
𰇡
𰇢
𰇣
𰇤
𰇥
𰇦
𰇧
𰇨
𰇩
𰇪
𰇫
𰇬
𰇭
𰇮
𰇯
𰇰
𰇱
𰇲
𰇳
𰇴
𰇵
𰇶
𰇷
𰇸
𰇹
𰇺
𰇻
𰇼
𰇽
𰇾
𰇿
𰈀
𰈁
𰈂
𰈃
𰈄
𰈅
𰈆
𰈇
𰈈
𰈉
𰈊
𰈋
𰈌
𰈍
𰈎
𰈏
𰈐
𰈑
𰈒
𰈓
𰈔
𰈕
𰈖
𰈗
𰈘
𰈙
𰈚
𰈛
𰈜
𰈝
𰈞
𰈟
𰈠
𰈡
𰈢
𰈣
𰈤
𰈥
𰈦
𰈧
𰈨
𰈩
𰈪
𰈫
𰈬
𰈭
𰈮
𰈯
𰈰
𰈱
𰈲
𰈳
𰈴
𰈵
𰈶
𰈷
𰈸
𰈹
𰈺
𰈻
𰈼
𰈽
𰈾
𰈿
𰉀
𰉁
𰉂
𰉃
𰉄
𰉅
𰉆
𰉇
𰉈
𰉉
𰉊
𰉋
𰉌
𱑿
𱒀
𱒁
𱒂
𱒃
𱒄
𱒅
𱒆
𱒇
𱒈
𱒉
𱒊
𱒋
𱒌
𱒍
𱒎
𱒏
𱒐
𱒑
𱒒
𱒓
𱒔
𱒕
𱒖
𱒗
𱒘
𱒙
𱒚
𱒛
𱒜
𱒝
𱒞
𱒟
𱒠
𱒡
𱒢
𱒣
𱒤
𱒥
𱒦
𱒧
𱒨
𱒩
𱒪
𱒫
𱒬
𱒭
𱒮
𱒯
𱒰
𱒱
𱒲
𱒳
𱒴
𱒵
𱒶
𱒷
𱒸
𱒹
𱒺
𱒻
𱒼
𱒽
𱒾
𱒿
𱓀
𱓁
𱓂
𱓃
𱓄
𱓅
𱓆
𱓇
𱓈
𱓉
𱓊
𱓋
𱓌
𱓍
𱓎
𱓏
𱓐
𱓑
𱓒
𱓓
𱓔
𱓕
𱓖
𱓗
𱓘
𱓙
𱓚
𱓛
𱓜
𱓝
𱓞
𱓟
𱓠
𱓡
𱓢
𱓣
𱓤
𱓥
𱓦
𱓧
𱓨
𱓩
𱓪
𱓫
𱓬
𱓭
𱓮
𱓯
𱓰
𱓱
𱓲
𱓳
𱓴
𱓵
𱓶
𱓷
𱓸
𱓹
𱓺
𱓻
𱓼
𱓽
𱓾
𱓿
𱔀
𱔁
𱔂
𱔃
𱔄
𱔅
𱔆
𱔇
𱔈
𱔉
𱔊
𱔋
𱔌
𱔍
𱔎
𱔏
𱔐
𱔑
𱔒
𱔓
𱔔
𱔕
𱔖
𱔗
𱔘
𱔙
𱔚
𱔛
𱔜
𱔝
𱔞
𱔟
𱔠
𱔡
𱔢
𱔣
𱔤
𱔥
𱔦
𱔧
𱔨
𱔩
𱔪
𱔫
𱔬
𱔭
𱔮
𱔯
𱔰
𱔱
𱔲
𱔳
𱔴
𱔵
𱔶
𱔷
𱔸
𱔹
𱔺
𱔻
𱔼
𱔽
𱔾
𱔿
𱕀
𱕁
𱕂
𱕃
𱕄
𱕅
𱕆
𱕇
𱕈
𱕉
𱕊
𱕋
𱕌
𱕍
𱕎
𱕏
𱕐
𱕑
𱕒
𱕓
𱕔
𱕕
𱕖
𱕗
𱕘
𱕙
𱕚
𱕛
𱕜
𱕝
𱕞
𱕟
𱕠
𱕡
𱕢
𱕣
𱕤
𱕥
𱕦
𱕧
𱕨
𱕩
𱕪
𱕫
𱕬
𱕭
𱕮
𱕯
𱕰
𱕱
𱕲
𱕳
𱕴
𱕵
𱕶
𱕷
𲎵
𲒯
𲔍
𲔎
𲔏
𲔐
𲔑
𲔒
𲔓
𲔔
𲔕
𲔖
𲔗
𲔘
𲔙
𲔚
𲔛
𲔜
𲔝
𲔞
𲔟
𲔠
𲔡
𲔢
𲔣
𲔤
𲔥
𲔦
𲔧
𲔨
𲔩
𲔪
𲔫
𲔬
𲔭
𲔮
𲔯
𲔰
𲔱
𲔲
𲔳
𲔴
𲔵
𲔶
𲔷
𲔸
𲔹
𲔺
𲔻
𲔼
𲔽
𲔾
𲔿
𲕀
𲕁
𲕂
𲕃
𲕄
𲕅
𲕆
𲕇
𲕈
𲕉
𲕊
𲕋
𲕌
𲕍
𲕎
𲕏
𲕐
𲕑
𲕒
𲕓
𲕔
𲕕
𲕖
𲕗
𲕘
𲕙
𲕚
𲕛
𲕜
𲕝
𲕞
𲕟
𲕠
𲕡
𲕢
𲕣
𲕤
𲕥
𲕦
𲕧
𲕨
𲕩
𲕪
𲕫
𲕬
𲕭
𲕮
𲕯
𲕰
𲕱
𲕲
𲕳
𲕴
𲕵
𲕶
𲕷
𲕸
𲕹
𲕺
𲕻
𲕼
𲕽
𲕾
𲕿
𲖀
𲖁
𲖂
𲖃
𲖄
𲖅
𲖆
𲖇
𲖈
𲖉
𲖊
𲖋
𲖌
𲖍
𲖎
𲖏
𲖐
𲖑
𲖒
𲖓
𲖔
𲖕
𲖖
𲖗
𲖘
𲖙
𲖚
𲖛
𲖜
𲖝
𲖞
𲖟
𲖠
𲖡
𲖢
𲖣
𲖤
𲖥
𲖦
𲖧
𲖨
𲖩
𲖪
𲖫
𲖬
𲖭
𲖮
𲖯
𲖰
𲖱
𲖲
𲖳
𲖴
𲖵
𲖶
𲖷
𲖸
𲖹
𲖺
𲖻
𲖼
𲖽
𲖾
𲖿
𲗀
𲗁
𲗂
𲗃
𲗄
𲗅
𲗆
𲗇
𲗈
𲗉
𲗊
𲗋
𲗌
𲗍
𲗎
𲗏
𲗐
𲗑
𲗒
𲗓
𲗔
𲗕
𲗖
𲗗
𲗘
𲗙
𲗚
𲗛
𲗜
𲗝
𲗞
𲗟
𲗠
𲗡
𲗢
𲗣
𲗤
𲗥
𲗦
𲗧
𲗨
𲗩
𲗪
𲗫
𲗬
𲗭
𲗮
𲗯
𲗰
𲗱
𲗲
𲗳
𲗴
𲗵
𲗶
𲗷
𲗸
𲗹
𲗺
𲗻
𲗼
𲗽
𲗾
𲗿
𲘀
𲘁
𲘂
𲘃
𲘄
𲘅
𲘆
𲘇
𲘈
𲘉
𲘊
𲘋
𲘌
𲘍
𲘎
𲘏
𲘐
𲘑
𲘒
𲘓
𲘔
𲘕
𲘖
𲘗
𲘘
𲘙
𲘚
𲘛
𲘜
𲘝
𲣽
𲺲
𳏏