䃼
䃽
䃾
䃿
䄀
䄁
䄂
䄃
䄄
䄆
䄇
䄈
䄉
䄊
䄋
䄌
䄍
䄎
䄏
䄐
䄑
䄒
䄓
䄔
䄕
䄖
䄗
䄘
䄙
䄚
䄛
䄜
䄝
䄞
䄟
䄠
䄡
䄢
䄣
䄤
䄥
礽
礿
祂
祃
祄
祋
祌
祍
祎
祏
祑
祒
祔
祙
祡
祣
祤
祦
祩
祪
祫
祬
祮
祯
祰
祱
祳
祴
祵
祶
祸
祻
祼
祽
祾
禂
禃
禆
禇
禈
禉
禋
禌
禐
禑
禒
禓
禗
禙
禚
禜
禞
禟
禠
禢
禣
禤
禥
禨
禫
禬
禭
禯
禲
禵
禶
禷
视
鿅
鿆
祿
禮
礼
視
𠖟
𢿆
𣂫
𥘅
𥘆
𥘇
𥘈
𥘉
𥘊
𥘋
𥘌
𥘍
𥘎
𥘏
𥘐
𥘑
𥘒
𥘓
𥘔
𥘕
𥘖
𥘗
𥘘
𥘙
𥘚
𥘛
𥘜
𥘝
𥘞
𥘟
𥘠
𥘡
𥘢
𥘣
𥘤
𥘥
𥘦
𥘧
𥘨
𥘩
𥘪
𥘫
𥘬
𥘭
𥘮
𥘯
𥘰
𥘱
𥘲
𥘳
𥘴
𥘵
𥘶
𥘷
𥘸
𥘹
𥘺
𥘻
𥘼
𥘽
𥘾
𥘿
𥙀
𥙁
𥙂
𥙃
𥙄
𥙅
𥙆
𥙇
𥙈
𥙉
𥙊
𥙋
𥙌
𥙍
𥙎
𥙏
𥙐
𥙑
𥙒
𥙓
𥙔
𥙕
𥙖
𥙗
𥙘
𥙙
𥙚
𥙛
𥙜
𥙝
𥙞
𥙟
𥙠
𥙡
𥙢
𥙣
𥙤
𥙥
𥙦
𥙧
𥙨
𥙩
𥙪
𥙫
𥙬
𥙭
𥙮
𥙯
𥙰
𥙱
𥙲
𥙳
𥙴
𥙵
𥙶
𥙷
𥙸
𥙹
𥙺
𥙻
𥙼
𥙽
𥙾
𥙿
𥚀
𥚁
𥚂
𥚃
𥚄
𥚅
𥚆
𥚇
𥚈
𥚉
𥚊
𥚋
𥚌
𥚍
𥚎
𥚏
𥚐
𥚑
𥚒
𥚓
𥚔
𥚕
𥚖
𥚗
𥚘
𥚙
𥚚
𥚛
𥚜
𥚝
𥚞
𥚟
𥚠
𥚡
𥚢
𥚣
𥚤
𥚥
𥚦
𥚧
𥚨
𥚩
𥚪
𥚫
𥚬
𥚭
𥚮
𥚯
𥚰
𥚱
𥚲
𥚳
𥚴
𥚵
𥚶
𥚷
𥚸
𥚹
𥚺
𥚻
𥚼
𥚽
𥚾
𥚿
𥛀
𥛁
𥛂
𥛃
𥛄
𥛅
𥛆
𥛇
𥛈
𥛉
𥛊
𥛋
𥛌
𥛍
𥛎
𥛏
𥛐
𥛑
𥛒
𥛓
𥛔
𥛕
𥛖
𥛗
𥛘
𥛙
𥛚
𥛛
𥛜
𥛝
𥛞
𥛟
𥛠
𥛡
𥛢
𥛣
𥛤
𥛥
𥛦
𥛧
𥛨
𥛩
𥛪
𥛫
𥛬
𥛭
𥛮
𥛯
𥛰
𥛱
𥛲
𥛳
𥛴
𥛵
𥛶
𥛷
𥛸
𥛹
𥛺
𥛻
𥛼
𥛽
𥛾
𥛿
𥜀
𥜁
𥜂
𥜃
𥜄
𥜅
𥜆
𥜇
𥜈
𥜉
𥜊
𥜋
𥜌
𥜍
𥜎
𥜏
𥜐
𥜑
𥜒
𥜓
𥜔
𥜕
𥜖
𥜗
𥜘
𥜙
𥜚
𥜛
𥜜
𥜝
𥜞
𥜟
𥜠
𥜡
𥜢
𥜣
𥜤
𥜥
𥜦
𥜧
𥜨
𥜩
𥜪
𥜫
𥜬
𥜭
𥜮
𥜯
𥜰
𥜱
𥜲
𥜳
𥜴
𥜵
𥜶
𥜷
𥜸
𥜹
𥜺
𧆆
𫀀
𫀁
𫀂
𫀃
𫀄
𫀅
𫀆
𫀇
𫀈
𫀉
𫀊
𫀋
𫀌
𫀍
𫀎
𫀏
𫀐
𫀑
𫀒
𫀓
𫀔
𫀕
𫀖
𫀗
𫀘
𫀙
𫀚
𫀛
𫀜
𫀝
𫀞
𫀟
𫀠
𫀡
𫀢
𫀣
𫀤
𫞴
𫞵
𫞶
𬒬
𬒭
𬒮
𬒯
𬒰
𬒱
𬒲
𬒳
𬒴
𬒵
𬒶
𬒷
𬒸
𬒹
𬒺
𬒻
𬒼
𬒽
𬒾
𬒿
𬓀
𬓁
𬓂
𬓃
𬓄
𬓅
𬓆
𬓇
𬓈
𬓉
𬓊
𬓋
𬓌
𬓍
𬓎
𬓏
𬓐
𬓑
𬓒
𬓓
𬓔
𬓕
𬓖
𬓗
𬓘
𬓙
𬓚
𬓛
𬓜
𬓝
𮁜
𮁝
𮁞
𮁟
𮁠
𮁡
𮁢
𮁣
𮁤
𮁥
𮁦
𮁧
𮁨
𮁩
𮁪
𮁫
𮁬
𮁭
𮁮
𮁯
𮁰
𮁱
𮁲
𮁳
𮁴
𮁵
𮁶
𮁷
𮁸
𮁹
𮁺
𮁻
𮁼
𮁽
𮁾
𮁿
𮂀
𮂁
𮂂
𮂃
𮂄
𮂅
𮂆
𮂇
𮂈
𮂉
𮂊
𮂋
𮂌
𮂍
𮂎
𮂏
𮂐
𮂑
𮂒
𮂓
𮂔
𮂕
𮂖
𮂗
𮂘
𮂙
𮂚
𮂛
𮂜
𮂝
𮂞
𮂟
𮂠
𮂡
𮂢
𮂣
𮂤
𮂥
𮂦
𮂧
𮂨
𮂩
𮂪
𮂫
𮵘
𮵙
𮵚
𮵛
𮵜
𮵝
𮵞
𮵟
𥘦
祖
𥚚
𥛅
福
𰧭
𰧮
𰧯
𰧰
𰧱
𰧲
𰧳
𰧴
𰧵
𰧶
𰧷
𰧸
𰧹
𰧺
𰧻
𰧼
𰧽
𰧾
𰧿
𰨀
𰨁
𰨂
𰨃
𰨄
𰨅
𰨆
𰨇
𰨈
𰨉
𰨊
𰨋
𰨌
𰨍
𰨎
𰨏
𰨐
𰨑
𰨒
𰨓
𰨔
𰨕
𰨖
𰨗
𰨘
𰨙
𱍐
𱵆
𱵇
𱵈
𱵉
𱵊
𱵋
𱵌
𱵍
𱵎
𱵏
𱵐
𱵑
𱵒
𱵓
𱵔
𱵕
𱵖
𱵗
𱵘
𱵙
𱵚
𱵛
𱵜
𱵝
𱵞
𱵟
𱵠
𱵡
𱵢
𱵣
𱵤
𱵥
𱵦
𱵧
𱵨
𱵩
𱵪
𱵫
𱵬
𱵭
𱵮
𱵯
𱵰
𱵱
𱵲
𱵳
𱵴
𱵵
𱵶
𱵷
𱵸
𲰮
𲴣
𲴤
𲴥
𲴦
𲴧
𲴨
𲴩
𲴪
𲴫
𲴬
𲴭
𲴮
𲴯
𲴰
𲴱
𲴲
𲴳
𲴴
𲴵
𲴶
𲴷
𲴸
𲴹
𲴺
𲴻
𲴼
𲴽
𲴾
𲴿
𲵀
𲵁
𲵂