㲸
㲹
㲺
㲻
㲼
㲽
㲾
㲿
㳀
㳁
㳂
㳃
㳄
㳅
㳆
㳇
㳈
㳉
㳊
㳋
㳌
㳍
㳎
㳏
㳐
㳑
㳒
㳓
㳔
㳕
㳖
㳗
㳘
㳙
㳚
㳛
㳜
㳝
㳞
㳟
㳠
㳡
㳢
㳣
㳤
㳥
㳦
㳧
㳨
㳩
㳪
㳫
㳬
㳭
㳮
㳯
㳰
㳱
㳲
㳳
㳴
㳵
㳶
㳷
㳸
㳹
㳺
㳻
㳼
㳽
㳾
㳿
㴀
㴁
㴂
㴃
㴄
㴅
㴆
㴇
㴈
㴉
㴊
㴋
㴌
㴍
㴎
㴏
㴐
㴑
㴒
㴓
㴔
㴕
㴖
㴗
㴘
㴙
㴚
㴛
㴜
㴝
㴞
㴟
㴠
㴡
㴢
㴣
㴤
㴥
㴦
㴧
㴨
㴩
㴪
㴫
㴬
㴭
㴮
㴯
㴰
㴱
㴲
㴳
㴴
㴵
㴶
㴷
㴸
㴹
㴺
㴻
㴼
㴽
㴾
㴿
㵀
㵁
㵂
㵃
㵄
㵅
㵆
㵇
㵈
㵉
㵊
㵋
㵌
㵍
㵎
㵏
㵐
㵑
㵒
㵓
㵔
㵕
㵖
㵗
㵘
㵙
㵚
㵛
㵜
㵝
㵞
㵟
㵠
㵡
㵢
㵣
㵤
㵥
㵦
㵧
㵨
㵩
㵪
㵫
㵬
㵭
㵮
㵯
㵰
㵱
㵲
㵳
㵴
㵵
㵶
㵷
㵸
㵹
㵺
㵻
㵼
㵽
㵾
㵿
㶀
㶁
㶂
㶃
㶄
㶅
㶆
㶇
㶈
㶉
㶊
㶋
㶌
㶍
㶎
㶏
㶐
㶑
㶒
㶓
㶔
㶕
㶖
㶗
㶘
㶙
㶚
㶛
㶜
㶝
㶞
㶟
㶠
凼
氵
氶
氹
氺
氻
氼
氽
氿
汃
汄
汅
汆
汇
汈
汉
汊
汋
汌
汍
汏
汑
汒
汓
汔
汖
汘
汙
汛
汜
污
汣
汤
汥
汦
汧
汩
汫
汬
汭
汮
汯
汱
汴
汵
汶
汷
汸
汹
汻
汼
汿
沀
沄
沅
沆
沇
沉
沊
沋
沎
沏
沑
沔
沕
沗
沘
沜
沝
沞
沟
沠
沣
沤
沥
沦
沧
沨
沩
沪
沬
沭
沯
沰
沲
沴
沵
沶
沷
泀
泂
泃
泆
泇
泈
泋
泍
泎
泏
泐
泑
泒
泔
泖
泘
泚
泜
泞
泟
泠
泤
泦
泧
泩
泫
泬
泭
泮
泲
泴
泵
泶
泷
泸
泹
泺
泻
泼
泽
泾
泿
洀
洁
洂
洃
洄
洅
洆
洇
洈
洉
洊
洍
洎
洏
洐
洑
洓
洔
洕
洖
洘
洚
洜
洝
洠
洡
洢
洣
洤
洦
洧
洨
洬
洭
洮
洯
洰
洱
洴
洷
洹
洺
洼
洿
浀
浂
浃
浆
浇
浈
浉
浊
测
浌
浍
济
浏
浐
浑
浒
浓
浔
浕
浖
浗
浘
浛
浝
浞
浟
浠
浡
浢
浥
浧
浨
浫
浭
浯
浰
浱
浲
浳
浵
浶
浺
浻
浼
浽
浾
浿
涀
涁
涂
涃
涄
涆
涇
涉
涊
涋
涍
涏
涐
涑
涒
涔
涖
涗
涘
涚
涝
涞
涟
涠
涡
涢
涣
涤
涥
润
涧
涨
涩
涪
涫
涬
涭
涮
涰
涱
涳
涴
涶
涷
涹
涺
涻
涽
涾
涿
淁
淂
淃
淄
淈
淉
淊
淍
淎
淏
淐
淓
淔
淖
淗
淚
淛
淜
淝
淟
淠
淢
淣
淥
淧
淩
淭
淯
淰
淲
淴
淶
淸
淼
淽
淾
淿
渀
渁
渂
渃
渄
渆
渌
渍
渎
渏
渐
渑
渒
渔
渖
渗
渘
渜
渞
渢
渧
渨
渪
渰
渱
渲
渳
渴
渵
渶
渷
渹
渻
渼
渽
渿
湀
湁
湂
湄
湅
湆
湇
湈
湉
湋
湌
湏
湐
湑
湒
湓
湔
湕
湗
湙
湚
湜
湝
湞
湠
湡
湢
湣
湤
湥
湦
湨
湩
湪
湬
湭
湰
湱
湳
湴
湵
湷
湸
湹
湺
湻
湼
湽
溁
溃
溄
溅
溆
溇
溈
溉
溊
溋
溍
溎
溑
溒
溓
溔
溕
溗
溙
溚
溛
溞
溠
溡
溣
溤
溦
溧
溨
溩
溫
溬
溭
溮
溰
溱
溳
溴
溵
溸
溹
溻
溼
溾
溿
滀
滁
滃
滆
滇
滈
滊
滍
滎
滏
滐
滒
滖
滗
滘
滙
滚
滛
滜
滟
滠
满
滢
滣
滤
滥
滦
滧
滨
滩
滪
滫
滭
滮
滰
滱
滳
滵
滶
滹
滺
滻
滼
滽
漀
漃
漄
漅
漇
漈
漊
漋
漌
漍
漎
漐
漒
漖
漗
漘
漙
漚
漛
漜
漝
漞
漟
漡
漤
漥
漦
漧
漨
漩
漪
漭
漮
漯
漰
漳
漴
漵
漶
漷
漹
漺
漻
漼
漽
潀
潂
潃
潄
潆
潇
潈
潉
潊
潋
潌
潍
潎
潏
潐
潑
潒
潓
潕
潖
潗
潙
潚
潝
潞
潠
潡
潢
潣
潥
潧
潨
潩
潪
潫
潬
潱
潲
潳
潵
潶
潷
潹
潻
潽
潾
潿
澃
澅
澇
澈
澉
澊
澋
澌
澍
澏
澐
澒
澓
澔
澕
澖
澘
澙
澚
澛
澜
澝
澞
澟
澠
澢
澥
澦
澧
澨
澩
澫
澬
澭
澮
澯
澰
澲
澴
澵
澶
澷
澸
澺
澻
澼
澽
澾
澿
濄
濅
濇
濈
濉
濊
濋
濌
濍
濎
濏
濐
濑
濒
濓
濖
濗
濙
濚
濜
濝
濞
濢
濣
濥
濦
濧
濨
濩
濪
濭
濰
濲
濴
濵
濷
濸
濹
濻
濼
濽
濿
瀀
瀂
瀃
瀄
瀅
瀆
瀇
瀈
瀊
瀌
瀍
瀎
瀐
瀒
瀓
瀔
瀖
瀗
瀙
瀜
瀠
瀡
瀢
瀣
瀤
瀥
瀨
瀩
瀪
瀫
瀭
瀮
瀯
瀱
瀳
瀴
瀵
瀶
瀷
瀸
瀹
瀺
瀻
瀼
瀽
瀿
灀
灁
灂
灃
灄
灅
灆
灇
灈
灉
灊
灋
灍
灎
灏
灐
灒
灓
灔
灕
灖
灗
灙
灚
灛
灜
灝
灞
灟
灠
灡
灢
灤
灥
灦
灧
灨
灩
灪
畓
荥
鿌
鿰
鿿
滑
洛
濫
浪
淚
漏
泌
沈
濾
漣
流
溜
淪
泥
溺
淋
洞
海
渚
漢
流
滛
滋
漢
瀞
𢌇
𣱱
𣱲
𣱳
𣱴
𣱵
𣱶
𣱷
𣱸
𣱹
𣱺
𣱻
𣱼
𣱽
𣱾
𣱿
𣲀
𣲁
𣲂
𣲃
𣲄
𣲅
𣲆
𣲇
𣲈
𣲉
𣲊
𣲋
𣲌
𣲍
𣲎
𣲏
𣲐
𣲑
𣲒
𣲓
𣲔
𣲕
𣲖
𣲗
𣲘
𣲙
𣲚
𣲛
𣲜
𣲝
𣲞
𣲟
𣲠
𣲡
𣲢
𣲣
𣲤
𣲥
𣲦
𣲧
𣲨
𣲩
𣲪
𣲫
𣲬
𣲭
𣲮
𣲯
𣲰
𣲱
𣲲
𣲳
𣲴
𣲵
𣲶
𣲷
𣲸
𣲹
𣲺
𣲻
𣲼
𣲽
𣲾
𣲿
𣳀
𣳁
𣳂
𣳃
𣳄
𣳅
𣳆
𣳇
𣳈
𣳉
𣳊
𣳋
𣳌
𣳍
𣳎
𣳏
𣳐
𣳑
𣳒
𣳓
𣳔
𣳕
𣳖
𣳗
𣳘
𣳙
𣳚
𣳛
𣳜
𣳝
𣳞
𣳟
𣳠
𣳡
𣳢
𣳣
𣳤
𣳥
𣳦
𣳧
𣳨
𣳩
𣳪
𣳫
𣳬
𣳭
𣳮
𣳯
𣳰
𣳱
𣳲
𣳳
𣳴
𣳵
𣳶
𣳷
𣳸
𣳹
𣳺
𣳻
𣳼
𣳽
𣳾
𣳿
𣴀
𣴁
𣴂
𣴃
𣴄
𣴅
𣴆
𣴇
𣴈
𣴉
𣴊
𣴋
𣴌
𣴍
𣴎
𣴏
𣴐
𣴑
𣴒
𣴓
𣴔
𣴕
𣴖
𣴗
𣴘
𣴙
𣴚
𣴛
𣴜
𣴝
𣴞
𣴟
𣴠
𣴡
𣴢
𣴣
𣴤
𣴥
𣴦
𣴧
𣴨
𣴩
𣴪
𣴫
𣴬
𣴭
𣴮
𣴯
𣴰
𣴱
𣴲
𣴳
𣴴
𣴵
𣴶
𣴷
𣴸
𣴹
𣴺
𣴻
𣴼
𣴽
𣴾
𣴿
𣵀
𣵁
𣵂
𣵃
𣵄
𣵅
𣵆
𣵇
𣵈
𣵉
𣵊
𣵋
𣵌
𣵍
𣵎
𣵏
𣵐
𣵑
𣵒
𣵓
𣵔
𣵕
𣵖
𣵗
𣵘
𣵙
𣵚
𣵛
𣵜
𣵝
𣵞
𣵟
𣵠
𣵡
𣵢
𣵣
𣵤
𣵥
𣵦
𣵧
𣵨
𣵩
𣵪
𣵫
𣵬
𣵭
𣵮
𣵯
𣵰
𣵱
𣵲
𣵳
𣵴
𣵵
𣵶
𣵷
𣵸
𣵹
𣵺
𣵻
𣵼
𣵽
𣵾
𣵿
𣶀
𣶁
𣶂
𣶃
𣶄
𣶅
𣶆
𣶇
𣶈
𣶉
𣶊
𣶋
𣶌
𣶍
𣶎
𣶏
𣶐
𣶑
𣶒
𣶓
𣶔
𣶕
𣶖
𣶗
𣶘
𣶙
𣶚
𣶛
𣶜
𣶝
𣶞
𣶟
𣶠
𣶡
𣶢
𣶣
𣶤
𣶥
𣶦
𣶧
𣶨
𣶩
𣶪
𣶫
𣶬
𣶭
𣶮
𣶯
𣶰
𣶱
𣶲
𣶳
𣶴
𣶵
𣶶
𣶷
𣶸
𣶹
𣶺
𣶻
𣶼
𣶽
𣶾
𣶿
𣷀
𣷁
𣷂
𣷃
𣷄
𣷅
𣷆
𣷇
𣷈
𣷉
𣷊
𣷋
𣷌
𣷍
𣷎
𣷏
𣷐
𣷑
𣷒
𣷓
𣷔
𣷕
𣷖
𣷗
𣷘
𣷙
𣷚
𣷛
𣷜
𣷝
𣷞
𣷟
𣷠
𣷡
𣷢
𣷣
𣷤
𣷥
𣷦
𣷧
𣷨
𣷩
𣷪
𣷫
𣷬
𣷭
𣷮
𣷯
𣷰
𣷱
𣷲
𣷳
𣷴
𣷵
𣷶
𣷷
𣷸
𣷹
𣷺
𣷻
𣷼
𣷽
𣷾
𣷿
𣸀
𣸁
𣸂
𣸃
𣸄
𣸅
𣸆
𣸇
𣸈
𣸉
𣸊
𣸋
𣸌
𣸍
𣸎
𣸏
𣸐
𣸑
𣸒
𣸓
𣸔
𣸕
𣸖
𣸗
𣸘
𣸙
𣸚
𣸛
𣸜
𣸝
𣸞
𣸟
𣸠
𣸡
𣸢
𣸣
𣸤
𣸥
𣸦
𣸧
𣸨
𣸩
𣸪
𣸫
𣸬
𣸭
𣸮
𣸯
𣸰
𣸱
𣸲
𣸳
𣸴
𣸵
𣸶
𣸷
𣸸
𣸹
𣸺
𣸻
𣸼
𣸽
𣸾
𣸿
𣹀
𣹁
𣹂
𣹃
𣹄
𣹅
𣹆
𣹇
𣹈
𣹉
𣹊
𣹋
𣹌
𣹍
𣹎
𣹏
𣹐
𣹑
𣹒
𣹓
𣹔
𣹕
𣹖
𣹗
𣹘
𣹙
𣹚
𣹛
𣹜
𣹝
𣹞
𣹟
𣹠
𣹡
𣹢
𣹣
𣹤
𣹥
𣹦
𣹧
𣹨
𣹩
𣹪
𣹫
𣹬
𣹭
𣹮
𣹯
𣹰
𣹱
𣹲
𣹳
𣹴
𣹵
𣹶
𣹷
𣹸
𣹹
𣹺
𣹻
𣹼
𣹽
𣹾
𣹿
𣺀
𣺁
𣺂
𣺃
𣺄
𣺅
𣺆
𣺇
𣺈
𣺉
𣺊
𣺋
𣺌
𣺍
𣺎
𣺏
𣺐
𣺑
𣺒
𣺓
𣺔
𣺕
𣺖
𣺗
𣺘
𣺙
𣺚
𣺛
𣺜
𣺝
𣺞
𣺟
𣺠
𣺡
𣺢
𣺣
𣺤
𣺥
𣺦
𣺧
𣺨
𣺩
𣺪
𣺫
𣺬
𣺭
𣺮
𣺯
𣺰
𣺱
𣺲
𣺳
𣺴
𣺵
𣺶
𣺷
𣺸
𣺹
𣺺
𣺻
𣺼
𣺽
𣺾
𣺿
𣻀
𣻁
𣻂
𣻃
𣻄
𣻅
𣻆
𣻇
𣻈
𣻉
𣻊
𣻋
𣻌
𣻍
𣻎
𣻏
𣻐
𣻑
𣻒
𣻓
𣻔
𣻕
𣻖
𣻗
𣻘
𣻙
𣻚
𣻛
𣻜
𣻝
𣻞
𣻟
𣻠
𣻡
𣻢
𣻣
𣻤
𣻥
𣻦
𣻧
𣻨
𣻩
𣻪
𣻫
𣻬
𣻭
𣻮
𣻯
𣻰
𣻱
𣻲
𣻳
𣻴
𣻵
𣻶
𣻷
𣻸
𣻹
𣻺
𣻻
𣻼
𣻽
𣻾
𣻿
𣼀
𣼁
𣼂
𣼃
𣼄
𣼅
𣼆
𣼇
𣼈
𣼉
𣼊
𣼋
𣼌
𣼍
𣼎
𣼏
𣼐
𣼑
𣼒
𣼓
𣼔
𣼕
𣼖
𣼗
𣼘
𣼚
𣼛
𣼜
𣼝
𣼞
𣼟
𣼠
𣼡
𣼢
𣼣
𣼤
𣼥
𣼦
𣼧
𣼨
𣼩
𣼪
𣼫
𣼬
𣼭
𣼮
𣼯
𣼰
𣼱
𣼲
𣼳
𣼴
𣼵
𣼶
𣼷
𣼸
𣼹
𣼺
𣼻
𣼼
𣼽
𣼾
𣼿
𣽀
𣽁
𣽂
𣽃
𣽄
𣽅
𣽆
𣽇
𣽈
𣽉
𣽊
𣽋
𣽌
𣽍
𣽎
𣽏
𣽐
𣽑
𣽒
𣽓
𣽔
𣽕
𣽖
𣽗
𣽘
𣽙
𣽚
𣽛
𣽜
𣽝
𣽞
𣽟
𣽠
𣽡
𣽢
𣽣
𣽤
𣽥
𣽦
𣽧
𣽨
𣽩
𣽪
𣽫
𣽬
𣽭
𣽮
𣽯
𣽰
𣽱
𣽲
𣽳
𣽴
𣽵
𣽶
𣽷
𣽸
𣽹
𣽺
𣽻
𣽼
𣽽
𣽾
𣽿
𣾀
𣾁
𣾂
𣾃
𣾄
𣾅
𣾆
𣾇
𣾈
𣾉
𣾊
𣾋
𣾌
𣾍
𣾎
𣾏
𣾐
𣾑
𣾒
𣾓
𣾔
𣾕
𣾖
𣾗
𣾘
𣾙
𣾚
𣾛
𣾜
𣾝
𣾞
𣾟
𣾠
𣾡
𣾢
𣾣
𣾤
𣾥
𣾦
𣾧
𣾨
𣾩
𣾪
𣾫
𣾬
𣾭
𣾮
𣾯
𣾰
𣾱
𣾲
𣾳
𣾴
𣾵
𣾶
𣾷
𣾸
𣾹
𣾺
𣾻
𣾼
𣾽
𣾾
𣾿
𣿀
𣿁
𣿂
𣿃
𣿄
𣿅
𣿆
𣿇
𣿈
𣿉
𣿊
𣿋
𣿌
𣿍
𣿎
𣿏
𣿐
𣿑
𣿒
𣿓
𣿔
𣿕
𣿖
𣿗
𣿘
𣿙
𣿚
𣿛
𣿜
𣿝
𣿞
𣿟
𣿠
𣿡
𣿢
𣿣
𣿤
𣿥
𣿦
𣿧
𣿨
𣿩
𣿪
𣿫
𣿬
𣿭
𣿮
𣿯
𣿰
𣿱
𣿲
𣿳
𣿴
𣿵
𣿶
𣿷
𣿸
𣿹
𣿺
𣿻
𣿼
𣿽
𣿾
𣿿
𤀀
𤀁
𤀂
𤀃
𤀄
𤀅
𤀆
𤀇
𤀈
𤀉
𤀊
𤀋
𤀌
𤀍
𤀎
𤀏
𤀐
𤀑
𤀒
𤀓
𤀔
𤀕
𤀖
𤀗
𤀘
𤀙
𤀚
𤀛
𤀜
𤀝
𤀞
𤀟
𤀠
𤀡
𤀣
𤀤
𤀥
𤀦
𤀧
𤀨
𤀩
𤀪
𤀫
𤀬
𤀭
𤀮
𤀯
𤀰
𤀱
𤀲
𤀳
𤀴
𤀵
𤀶
𤀷
𤀸
𤀹
𤀺
𤀻
𤀼
𤀽
𤀾
𤀿
𤁀
𤁁
𤁂
𤁃
𤁄
𤁅
𤁆
𤁇
𤁈
𤁉
𤁊
𤁋
𤁌
𤁍
𤁎
𤁏
𤁐
𤁑
𤁒
𤁓
𤁔
𤁕
𤁖
𤁗
𤁘
𤁙
𤁚
𤁛
𤁜
𤁝
𤁞
𤁟
𤁠
𤁡
𤁢
𤁣
𤁤
𤁥
𤁦
𤁧
𤁨
𤁩
𤁪
𤁫
𤁬
𤁭
𤁮
𤁯
𤁰
𤁱
𤁲
𤁳
𤁴
𤁵
𤁶
𤁷
𤁸
𤁹
𤁺
𤁻
𤁼
𤁽
𤁾
𤁿
𤂀
𤂁
𤂂
𤂃
𤂄
𤂅
𤂆
𤂇
𤂈
𤂉
𤂊
𤂋
𤂌
𤂍
𤂎
𤂏
𤂐
𤂑
𤂒
𤂓
𤂔
𤂕
𤂖
𤂗
𤂘
𤂙
𤂚
𤂛
𤂜
𤂝
𤂞
𤂟
𤂠
𤂡
𤂢
𤂣
𤂤
𤂥
𤂦
𤂧
𤂨
𤂩
𤂪
𤂫
𤂬
𤂭
𤂮
𤂯
𤂰
𤂱
𤂲
𤂳
𤂴
𤂵
𤂶
𤂷
𤂸
𤂹
𤂺
𤂻
𤂼
𤂽
𤂾
𤂿
𤃀
𤃁
𤃂
𤃃
𤃄
𤃅
𤃆
𤃇
𤃈
𤃉
𤃊
𤃋
𤃌
𤃍
𤃎
𤃏
𤃐
𤃑
𤃒
𤃓
𤃔
𤃕
𤃖
𤃗
𤃘
𤃙
𤃚
𤃛
𤃜
𤃝
𤃞
𤃟
𤃠
𤃡
𤃢
𤃣
𤃤
𤃥
𤃦
𤃧
𤃨
𤃩
𤃪
𤃫
𤃬
𤃭
𤃮
𤃯
𤃰
𤃱
𤃲
𤃳
𤃴
𤃵
𤃶
𤃷
𤃸
𤃹
𤃺
𤃻
𤃼
𤃽
𤃾
𤃿
𤄀
𤄁
𤄂
𤄃
𤄄
𤄅
𤄆
𤄇
𤄈
𤄉
𤄊
𤄋
𤄌
𤄍
𤄎
𤄏
𤄐
𤄑
𤄒
𤄓
𤄔
𤄕
𤄖
𤄗
𤄘
𤄙
𤄚
𤄛
𤄜
𤄝
𤄞
𤄟
𤄠
𤄡
𤄢
𤄣
𤄤
𤄥
𤄦
𤄧
𤄨
𤄩
𤄪
𤄫
𤄬
𤄭
𤄮
𤄯
𤄰
𤄱
𤄲
𤄳
𤄴
𤄵
𤄶
𤄷
𤄸
𤄹
𤄺
𤄻
𤄼
𤄽
𤄾
𤄿
𤅀
𤅁
𤅂
𤅃
𤅄
𤅅
𤅆
𤅇
𤅈
𤅉
𤅊
𤅋
𤅌
𤅍
𤅎
𤅏
𤅐
𤅑
𤅒
𤅓
𤅔
𤅕
𤅖
𤅗
𤅘
𤅙
𤅚
𤅛
𤅜
𤅝
𤅞
𤅟
𤅠
𤅡
𤅢
𤅣
𤅤
𤅥
𤅦
𤅧
𤅨
𤅩
𤅪
𤅫
𤅬
𤅭
𤅮
𤅯
𤅰
𤅱
𤅲
𤅳
𤅴
𤅵
𤅶
𤅷
𤅸
𤅹
𤅺
𤅻
𤅼
𤅽
𤅾
𤅿
𤆀
𤆁
𦴶
𪵨
𪵩
𪵪
𪵫
𪵬
𪵭
𪵮
𪵯
𪵰
𪵱
𪵲
𪵳
𪵴
𪵵
𪵶
𪵷
𪵸
𪵹
𪵺
𪵻
𪵼
𪵽
𪵾
𪵿
𪶀
𪶁
𪶂
𪶃
𪶄
𪶅
𪶆
𪶇
𪶈
𪶉
𪶊
𪶋
𪶌
𪶍
𪶎
𪶏
𪶐
𪶑
𪶒
𪶓
𪶔
𪶕
𪶖
𪶗
𪶘
𪶙
𪶚
𪶛
𪶜
𪶝
𪶞
𪶟
𪶠
𪶡
𪶢
𪶣
𪶤
𪶥
𪶦
𪶧
𪶨
𪶩
𪶪
𪶫
𪶬
𪶭
𪶮
𪶯
𪶰
𪶱
𪶲
𪶳
𪶴
𪶵
𪶶
𪶷
𪶸
𪶹
𪶺
𪶻
𪶼
𪶽
𪶾
𪶿
𪷀
𪷁
𪷂
𪷃
𪷄
𪷅
𪷆
𪷇
𪷈
𪷉
𪷊
𪷋
𪷌
𪷍
𪷎
𪷏
𪷐
𪷑
𪷒
𪷓
𪷔
𪷕
𪷖
𪷗
𪷘
𪷙
𪷚
𪷛
𪷜
𪷝
𪷞
𪷟
𪷠
𪷡
𪷢
𪷣
𪷤
𪷥
𪷦
𪷧
𪷨
𪷩
𪷪
𪷫
𪷬
𪷭
𪷮
𪷯
𪷰
𪷱
𪷲
𪷳
𪷴
𪷵
𪷶
𪷷
𪷸
𪷹
𪷺
𪷻
𪷼
𪷽
𪷾
𪷿
𪸀
𪸁
𪸂
𪸃
𪸄
𪸅
𪸆
𪸇
𪸈
𪸉
𪸊
𪸋
𪸌
𫞗
𫞘
𫞙
𫞚
𫞛
𫞜
𫞝
𫞞
𬇔
𬇕
𬇖
𬇗
𬇘
𬇙
𬇚
𬇛
𬇜
𬇝
𬇞
𬇟
𬇠
𬇡
𬇢
𬇣
𬇤
𬇥
𬇦
𬇧
𬇨
𬇩
𬇪
𬇫
𬇬
𬇭
𬇮
𬇯
𬇰
𬇱
𬇲
𬇳
𬇴
𬇵
𬇶
𬇷
𬇸
𬇹
𬇺
𬇻
𬇼
𬇽
𬇾
𬇿
𬈀
𬈁
𬈂
𬈃
𬈄
𬈅
𬈆
𬈇
𬈈
𬈉
𬈊
𬈋
𬈌
𬈍
𬈎
𬈏
𬈐
𬈑
𬈒
𬈓
𬈔
𬈕
𬈖
𬈗
𬈘
𬈙
𬈚
𬈛
𬈜
𬈝
𬈞
𬈟
𬈠
𬈡
𬈢
𬈣
𬈤
𬈥
𬈦
𬈧
𬈨
𬈩
𬈪
𬈫
𬈬
𬈭
𬈮
𬈯
𬈰
𬈱
𬈲
𬈳
𬈴
𬈵
𬈶
𬈷
𬈸
𬈹
𬈺
𬈻
𬈼
𬈽
𬈾
𬈿
𬉀
𬉁
𬉂
𬉃
𬉄
𬉅
𬉆
𬉇
𬉈
𬉉
𬉊
𬉋
𬉌
𬉍
𬉎
𬉏
𬉐
𬉑
𬉒
𬉓
𬉔
𬉕
𬉖
𬉗
𬉘
𬉙
𬉚
𬉛
𬉜
𬉝
𬉞
𬉟
𬉠
𬉡
𬉢
𬉣
𬉤
𬉥
𬉦
𬉧
𬉨
𬉩
𬉪
𬉫
𬉬
𬉭
𬉮
𬉯
𬉰
𬉱
𬉲
𬉳
𭯶
𭯷
𭯸
𭯹
𭯺
𭯻
𭯼
𭯽
𭯾
𭯿
𭰀
𭰁
𭰂
𭰃
𭰄
𭰅
𭰆
𭰇
𭰈
𭰉
𭰊
𭰋
𭰌
𭰍
𭰎
𭰏
𭰐
𭰑
𭰒
𭰓
𭰔
𭰕
𭰖
𭰗
𭰘
𭰙
𭰚
𭰛
𭰜
𭰝
𭰞
𭰟
𭰠
𭰡
𭰢
𭰣
𭰤
𭰥
𭰦
𭰧
𭰨
𭰩
𭰪
𭰫
𭰬
𭰭
𭰮
𭰯
𭰰
𭰱
𭰲
𭰳
𭰴
𭰵
𭰶
𭰷
𭰸
𭰹
𭰺
𭰻
𭰼
𭰽
𭰾
𭰿
𭱀
𭱁
𭱂
𭱃
𭱄
𭱅
𭱆
𭱇
𭱈
𭱉
𭱊
𭱋
𭱌
𭱍
𭱎
𭱏
𭱐
𭱑
𭱒
𭱓
𭱔
𭱕
𭱖
𭱗
𭱘
𭱙
𭱚
𭱛
𭱜
𭱝
𭱞
𭱟
𭱠
𭱡
𭱢
𭱣
𭱤
𭱥
𭱦
𭱧
𭱨
𭱩
𭱪
𭱫
𭱬
𭱭
𭱮
𭱯
𭱰
𭱱
𭱲
𭱳
𭱴
𭱵
𭱶
𭱷
𭱸
𭱹
𭱺
𭱻
𭱼
𭱽
𭱾
𭱿
𭲀
𭲁
𭲂
𭲃
𭲄
𭲅
𭲆
𭲇
𭲈
𭲉
𭲊
𭲋
𭲌
𭲍
𭲎
𭲏
𭲐
𭲑
𭲒
𭲓
𭲔
𭲕
𭲖
𭲗
𭲘
𭲙
𭲚
𭲛
𭲜
𭲝
𭲞
𭲟
𭲠
𭲡
𭲢
𭲣
𭲤
𭲥
𭲦
𭲧
𭲨
𭲩
𭲪
𭲫
𭲬
𭲭
𭲮
𭲯
𭲰
𭲱
𭲲
𭲳
𭲴
𭲵
𭲶
𭲷
𭲸
𭲹
𭲺
𭲻
𭲼
𭲽
𭲾
𭲿
𭳀
𭳁
𭳂
𭳃
𭳄
𭳅
𭳆
𭳇
𭳈
𭳉
𭳊
𭳋
𭳌
𭳍
𭳎
𭳏
𭳐
𭳑
𭳒
𭳓
𭳔
𭳕
𭳖
𭳗
𭳘
𭳙
𭳚
𭳛
𭳜
𭳝
𭳞
𭳟
𭳠
𭳡
𭳢
𭳣
𭳤
𭳥
𭳦
𭳧
𭳨
𭳩
𭳪
𭳫
𭳬
𭳭
𭳮
𭳯
𭳰
𭳱
𭳲
𭳳
𭳴
𭳵
𭳶
𭳷
𭳸
𭳹
𭳺
𭳻
𭳼
𭳽
𭳾
𮳃
𮳄
𮳅
𮳆
𮳇
𮳈
𮳉
𮳊
𮳋
𮳌
𮳍
𮳎
𮳏
𮳐
𮳑
𮳒
𮳓
𮳔
𮳕
𮳖
𮳗
𮳘
𮳙
汎
𣲼
沿
泍
汧
洖
派
海
流
浩
浸
涅
𣴞
洴
港
湮
㴳
滋
滇
𣻑
淹
潮
𣽞
𣾎
濆
瀹
瀞
瀛
㶖
灊
𰛄
𰛅
𰛆
𰛇
𰛈
𰛉
𰛊
𰛋
𰛌
𰛍
𰛎
𰛏
𰛐
𰛑
𰛒
𰛓
𰛔
𰛕
𰛖
𰛗
𰛘
𰛙
𰛚
𰛛
𰛜
𰛝
𰛞
𰛟
𰛠
𰛡
𰛢
𰛣
𰛤
𰛥
𰛦
𰛧
𰛨
𰛩
𰛪
𰛫
𰛬
𰛭
𰛮
𰛯
𰛰
𰛱
𰛲
𰛳
𰛴
𰛵
𰛶
𰛷
𰛸
𰛹
𰛺
𰛻
𰛼
𰛽
𰛾
𰛿
𰜀
𰜁
𰜂
𰜃
𰜄
𰜅
𰜆
𰜇
𰜈
𰜉
𰜊
𰜋
𰜌
𰜍
𰜎
𰜏
𰜐
𰜑
𰜒
𰜓
𰜔
𰜕
𰜖
𰜗
𰜘
𰜙
𰜚
𰜛
𰜜
𰜝
𰜞
𰜟
𰜠
𰜡
𰜢
𰜣
𰜤
𰜥
𰜦
𰜧
𰜨
𰜩
𰜪
𰜫
𰜬
𰜭
𰜮
𰜯
𰜰
𰜱
𰜲
𰜳
𰜴
𰜵
𰜶
𰜷
𰜸
𰜹
𰜺
𰜻
𰜼
𰜽
𰜾
𰜿
𰝀
𰝁
𰝂
𰝃
𰝄
𰝅
𰝆
𰝇
𰝈
𰝉
𰝊
𰝋
𰝌
𰝍
𰝎
𰝏
𰝐
𰝑
𰝒
𰝓
𰝔
𰝕
𰝖
𰝗
𰝘
𰝙
𰝚
𰝛
𰝜
𰝝
𰝞
𰝟
𰝠
𰝡
𰝢
𰝣
𰝤
𰝥
𰝦
𰝧
𰝨
𰝩
𰝪
𰝫
𰝬
𰝭
𰝮
𰝯
𰝰
𰝱
𰝲
𰝳
𰝴
𰝵
𱥮
𱥯
𱥰
𱥱
𱥲
𱥳
𱥴
𱥵
𱥶
𱥷
𱥸
𱥹
𱥺
𱥻
𱥼
𱥽
𱥾
𱥿
𱦀
𱦁
𱦂
𱦃
𱦄
𱦅
𱦆
𱦇
𱦈
𱦉
𱦊
𱦋
𱦌
𱦍
𱦎
𱦏
𱦐
𱦑
𱦒
𱦓
𱦔
𱦕
𱦖
𱦗
𱦘
𱦙
𱦚
𱦛
𱦜
𱦝
𱦞
𱦟
𱦠
𱦡
𱦢
𱦣
𱦤
𱦥
𱦦
𱦧
𱦨
𱦩
𱦪
𱦫
𱦬
𱦭
𱦮
𱦯
𱦰
𱦱
𱦲
𱦳
𱦴
𱦵
𱦶
𱦷
𱦸
𱦹
𱦺
𱦻
𱦼
𱦽
𱦾
𱦿
𱧀
𱧁
𱧂
𱧃
𱧄
𱧅
𱧆
𱧇
𱧈
𱧉
𱧊
𱧋
𱧌
𱧍
𱧎
𱧏
𱧐
𱧑
𱧒
𱧓
𱧔
𱧕
𱧖
𱧗
𱧘
𱧙
𱧚
𱧛
𱧜
𱧝
𱧞
𱧟
𱧠
𱧡
𱧢
𱧣
𱧤
𱧥
𱧦
𱧧
𱧨
𱧩
𱧪
𱧫
𱧬
𱧭
𱧮
𱧯
𱧰
𱧱
𱧲
𱧳
𱧴
𱧵
𱧶
𱧷
𱧸
𱧹
𱧺
𱧻
𱧼
𱧽
𱧾
𱧿
𱨀
𱨁
𱨂
𱨃
𱨄
𱨅
𱨆
𱨇
𱨈
𱨉
𱨊
𱨋
𱨌
𱨍
𱨎
𱨏
𱨐
𱨑
𱨒
𱨓
𱨔
𱨕
𱨖
𱨗
𱨘
𱨙
𱨚
𱨛
𱨜
𱨝
𱨞
𱨟
𱨠
𱨡
𱨢
𱨣
𱨤
𱨥
𱨦
𱨧
𱨨
𱨩
𱨪
𱨫
𱨬
𱨭
𱨮
𱨯
𱨰
𱨱
𱨲
𱨳
𱨴
𱨵
𱨶
𱨷
𱨸
𱨹
𱨺
𱨻
𱨼
𱨽
𱨾
𱨿
𱩀
𱩁
𱩂
𱩃
𱩄
𱩅
𱩆
𱩇
𱩈
𱩉
𱩊
𱩋
𱩌
𱩍
𱩎
𱩏
𱩐
𱩑
𱩒
𱩓
𱩔
𱩕
𱩖
𱩗
𱩘
𱩙
𱩚
𱩛
𱩜
𱩝
𱩞
𱩟
𱩠
𱩡
𱩢
𱩣
𱩤
𱩥
𱩦
𱩧
𱩨
𱩩
𱩪
𱩫
𱩬
𱩭
𱩮
𱩯
𱩰
𱩱
𱩲
𱩳
𱩴
𱩵
𱩶
𱩷
𱩸
𱩹
𱩺
𱩻
𱩼
𱩽
𱩾
𱩿
𱪀
𱪁
𱪂
𱪃
𱪄
𱪅
𱪆
𱪇
𱪈
𱪉
𱪊
𱪋
𱪌
𱪍
𱪎
𱪏
𱪐
𱪑
𱪒
𱪓
𱪔
𱪕
𱪖
𱪗
𱪘
𱪙
𱪚
𱪛
𱪜
𱪝
𱪞
𱪟
𱪠
𱶿