㽕
㽖
㽗
㽘
㽙
㽚
㽛
㽜
㽝
㽞
㽟
㽠
㽡
㽢
㽣
㽤
㽥
㽦
㽧
㽨
㽩
㽪
㽫
㽬
㽭
㽮
㽯
曱
榃
毗
甴
电
甶
甹
甽
甾
甿
畀
畁
畂
畃
畅
畇
畈
畎
畐
畒
畓
畕
畖
畗
畘
畞
畟
畡
畣
畨
畬
畮
畯
畱
畲
畵
畹
畺
畻
畼
畽
畾
疀
疁
疃
疄
疅
疈
異
略
留
画
𠃫
𡇍
𢑖
𤰒
𤰓
𤰔
𤰕
𤰖
𤰗
𤰘
𤰙
𤰚
𤰛
𤰜
𤰝
𤰞
𤰟
𤰠
𤰡
𤰢
𤰣
𤰤
𤰥
𤰦
𤰧
𤰨
𤰩
𤰪
𤰫
𤰬
𤰭
𤰮
𤰯
𤰰
𤰱
𤰲
𤰳
𤰴
𤰵
𤰶
𤰷
𤰸
𤰹
𤰺
𤰻
𤰼
𤰽
𤰾
𤰿
𤱀
𤱁
𤱂
𤱃
𤱄
𤱅
𤱆
𤱇
𤱈
𤱉
𤱊
𤱋
𤱌
𤱍
𤱎
𤱏
𤱐
𤱑
𤱒
𤱓
𤱔
𤱕
𤱖
𤱗
𤱘
𤱙
𤱚
𤱛
𤱜
𤱝
𤱞
𤱟
𤱠
𤱢
𤱣
𤱤
𤱥
𤱦
𤱧
𤱨
𤱩
𤱪
𤱫
𤱬
𤱭
𤱮
𤱯
𤱰
𤱱
𤱲
𤱳
𤱴
𤱵
𤱶
𤱷
𤱸
𤱹
𤱺
𤱻
𤱼
𤱽
𤱾
𤱿
𤲀
𤲁
𤲂
𤲃
𤲄
𤲅
𤲆
𤲇
𤲈
𤲉
𤲊
𤲋
𤲌
𤲍
𤲎
𤲏
𤲐
𤲑
𤲒
𤲓
𤲔
𤲕
𤲖
𤲗
𤲘
𤲙
𤲚
𤲛
𤲜
𤲝
𤲞
𤲟
𤲠
𤲡
𤲢
𤲣
𤲤
𤲥
𤲦
𤲧
𤲨
𤲩
𤲪
𤲫
𤲬
𤲭
𤲮
𤲯
𤲰
𤲱
𤲲
𤲳
𤲴
𤲵
𤲶
𤲷
𤲸
𤲹
𤲺
𤲻
𤲼
𤲽
𤲾
𤲿
𤳀
𤳁
𤳂
𤳃
𤳄
𤳅
𤳆
𤳇
𤳈
𤳉
𤳊
𤳋
𤳌
𤳍
𤳎
𤳐
𤳑
𤳒
𤳓
𤳔
𤳕
𤳖
𤳗
𤳘
𤳙
𤳚
𤳜
𤳝
𤳞
𤳟
𤳠
𤳡
𤳢
𤳣
𤳤
𤳥
𤳦
𤳧
𤳨
𤳩
𤳪
𤳫
𤳬
𤳭
𤳮
𤳯
𤳰
𤳱
𤳲
𤳳
𤳴
𤳵
𤳶
𤳷
𤳸
𤳹
𤳺
𤳻
𤳼
𤳽
𤳾
𤳿
𤴀
𤴁
𤴂
𤴃
𤴄
𤴅
𤴆
𤴇
𤴈
𤴉
𤴊
𤴋
𤴌
𤴍
𤴎
𤴏
𤴐
𤴑
𤴒
𨐴
𪽇
𪽈
𪽉
𪽊
𪽋
𪽌
𪽍
𪽎
𪽏
𪽐
𪽑
𪽒
𪽓
𪽔
𪽕
𪽖
𪽗
𪽘
𪽙
𪽚
𪽛
𪽜
𪽝
𪽞
𪽟
𪽠
𪽡
𪽢
𪽣
𪽤
𪽥
𪽦
𫞫
𬎿
𬏀
𬏁
𬏂
𬏃
𬏄
𬏅
𬏆
𬏇
𬏈
𬏉
𬏊
𬏋
𬏌
𬏍
𬏎
𬏏
𬏐
𬏑
𬏒
𬏓
𬏔
𬏕
𬏖
𬏗
𬏘
𭺽
𭺾
𭺿
𭻀
𭻁
𭻂
𭻃
𭻄
𭻅
𭻆
𭻇
𭻈
𭻉
𭻊
𭻋
𭻌
𭻍
𭻎
𭻏
𭻐
𭻑
𭻒
𭻓
𭻔
𭻕
𭻖
𭻗
𭻘
𭻙
𭻚
𭻛
𭻜
𭻝
𭻞
𭻟
𭻠
𭻡
𭻢
𭻣
𭻤
𭻥
𭻦
𭻧
𭻨
𭻩
𭻪
𭻫
𭻬
𭻭
𭻮
𭻯
𭻰
𭻱
𭻲
𭻳
𭻴
𭻵
𭻶
𭻷
𭻸
𭻹
𭻺
𭻻
𭻼
𭻽
𮴽
𮴾
𮴿
𮵀
𮵁
𮵂
𮵃
𤰶
甾
𤲒
異
𰢴
𰢵
𰢶
𰢷
𰢸
𰢹
𰢺
𰢻
𰢼
𰢽
𰢾
𰢿
𰣀
𰣁
𰣂
𰣃
𰣄
𰣅
𰣆
𰣇
𰣈
𰣉
𰣊
𰣋
𰣌
𰣍
𰣎
𰣏
𰣐
𰣑
𰣒
𰣓
𰣔
𰣕
𰣖
𰣗
𰣘
𰣙
𰣚
𰣛
𰣜
𰣝
𰣞
𰣟
𱰤
𱰥
𱰦
𱰧
𱰨
𱰩
𱰪
𱰫
𱰬
𱰭
𱰮
𱰯
𱰰
𱰱
𱰲
𱰳
𱰴
𱰵
𱰶
𱰷
𱰸
𱰹
𱰺
𱰻
𱰼
𱰽
𱰾
𱰿
𱱀
𱱁
𱱂
𱱃
𱱄
𱱅
𱱆