㚢
㚣
㚤
㚥
㚦
㚧
㚨
㚩
㚪
㚫
㚬
㚭
㚮
㚯
㚰
㚱
㚲
㚳
㚴
㚵
㚶
㚷
㚸
㚹
㚺
㚻
㚼
㚽
㚾
㚿
㛀
㛁
㛂
㛃
㛄
㛅
㛆
㛇
㛈
㛉
㛊
㛋
㛌
㛍
㛎
㛏
㛐
㛑
㛒
㛓
㛔
㛕
㛖
㛗
㛘
㛙
㛚
㛛
㛜
㛝
㛞
㛟
㛠
㛡
㛢
㛣
㛤
㛥
㛦
㛧
㛨
㛩
㛪
㛫
㛬
㛭
㛮
㛯
㛰
㛱
㛲
㛳
㛴
㛵
㛶
㛷
㛸
㛹
㛺
㛻
㛼
㛽
㛾
㛿
㜀
㜁
㜂
㜃
㜄
㜅
㜆
㜇
㜈
㜉
㜊
㜋
㜌
㜍
㜎
㜏
㜐
㜑
㜒
㜓
㜔
㜕
㜖
㜗
㜘
㜙
㜚
㜛
㜜
㜝
㜞
㜟
㜠
㜡
㜢
㜣
㜤
㜥
㜦
㜧
㜨
㜩
㜪
㜫
㜬
㜭
㜮
㜯
㜰
㜱
㜲
㜳
㜴
㜵
㜶
㜷
㜸
㜹
㜺
㜻
㜼
奵
奶
奷
她
奺
奻
奼
奾
奿
妀
妅
妆
妇
妈
妉
妋
妌
妎
妏
妐
妑
妒
妔
妕
妗
妘
妚
妜
妞
妟
妠
妡
妢
妤
妦
妧
妩
妪
妫
妭
妮
妯
妰
妱
妳
妴
妵
妶
妷
妸
妺
妼
妽
妿
姀
姁
姂
姃
姄
姅
姇
姈
姊
姌
姍
姎
姏
姒
姕
姖
姗
姘
姛
姝
姞
姟
姠
姡
姢
姣
姤
姧
姩
姬
姭
姮
姯
姰
姱
姲
姳
姴
姵
姷
姸
姹
姺
姼
姽
姾
娀
娂
娄
娅
娆
娇
娈
娊
娋
娌
娍
娎
娏
娐
娒
娓
娔
娕
娖
娗
娙
娛
娝
娞
娡
娢
娣
娤
娦
娧
娨
娪
娫
娬
娭
娮
娰
娱
娲
娳
娴
娷
娸
娹
娺
娻
娽
娾
娿
婂
婃
婄
婅
婇
婈
婊
婋
婌
婍
婎
婏
婐
婑
婒
婓
婔
婕
婖
婗
婘
婙
婛
婜
婝
婞
婟
婠
婡
婣
婤
婥
婧
婨
婩
婫
婭
婮
婯
婰
婱
婲
婳
婴
婵
婶
婷
婸
婹
婺
婻
婼
婽
婾
媀
媁
媂
媃
媄
媅
媆
媇
媈
媉
媊
媋
媌
媍
媎
媏
媐
媑
媓
媔
媕
媖
媗
媘
媙
媜
媝
媞
媟
媠
媡
媢
媣
媤
媥
媦
媧
媨
媩
媪
媫
媬
媭
媮
媯
媰
媱
媲
媳
媴
媵
媶
媷
媸
媹
媺
媻
媿
嫀
嫃
嫄
嫅
嫆
嫇
嫈
嫊
嫍
嫎
嫏
嫑
嫒
嫓
嫔
嫕
嫘
嫙
嫚
嫛
嫜
嫝
嫞
嫟
嫠
嫢
嫤
嫥
嫧
嫨
嫪
嫫
嫬
嫭
嫮
嫯
嫰
嫱
嫲
嫳
嫴
嫵
嫶
嫷
嫸
嫹
嫼
嫽
嫾
嫿
嬀
嬁
嬂
嬃
嬄
嬅
嬆
嬇
嬈
嬊
嬍
嬎
嬏
嬐
嬑
嬒
嬓
嬔
嬕
嬗
嬘
嬙
嬚
嬛
嬜
嬝
嬞
嬟
嬠
嬡
嬣
嬤
嬥
嬦
嬧
嬨
嬩
嬫
嬭
嬮
嬯
嬱
嬳
嬴
嬵
嬷
嬸
嬹
嬺
嬻
嬼
嬽
嬿
孁
孂
孄
孆
孇
孈
孉
孊
孋
孌
孍
孎
孏
女
婢
嬨
𡚦
𡚧
𡚨
𡚩
𡚪
𡚫
𡚬
𡚭
𡚮
𡚯
𡚰
𡚱
𡚲
𡚳
𡚴
𡚵
𡚶
𡚷
𡚸
𡚹
𡚺
𡚻
𡚼
𡚽
𡚾
𡚿
𡛀
𡛁
𡛂
𡛃
𡛄
𡛅
𡛆
𡛇
𡛈
𡛉
𡛊
𡛋
𡛌
𡛍
𡛎
𡛏
𡛐
𡛑
𡛒
𡛓
𡛔
𡛕
𡛖
𡛗
𡛘
𡛙
𡛚
𡛛
𡛜
𡛝
𡛞
𡛟
𡛠
𡛡
𡛢
𡛣
𡛤
𡛥
𡛦
𡛧
𡛨
𡛩
𡛪
𡛫
𡛬
𡛭
𡛮
𡛯
𡛰
𡛱
𡛲
𡛳
𡛴
𡛵
𡛶
𡛷
𡛸
𡛹
𡛺
𡛻
𡛼
𡛽
𡛾
𡛿
𡜀
𡜁
𡜂
𡜃
𡜄
𡜅
𡜆
𡜇
𡜈
𡜉
𡜊
𡜋
𡜌
𡜍
𡜎
𡜏
𡜐
𡜑
𡜒
𡜓
𡜔
𡜕
𡜖
𡜗
𡜘
𡜙
𡜚
𡜛
𡜜
𡜝
𡜞
𡜟
𡜠
𡜡
𡜢
𡜣
𡜤
𡜥
𡜦
𡜧
𡜨
𡜩
𡜪
𡜫
𡜬
𡜭
𡜮
𡜯
𡜰
𡜱
𡜲
𡜳
𡜴
𡜵
𡜶
𡜷
𡜸
𡜹
𡜺
𡜻
𡜼
𡜽
𡜾
𡜿
𡝀
𡝁
𡝂
𡝃
𡝄
𡝅
𡝆
𡝇
𡝈
𡝉
𡝊
𡝋
𡝌
𡝍
𡝎
𡝏
𡝐
𡝑
𡝒
𡝓
𡝔
𡝕
𡝖
𡝗
𡝘
𡝙
𡝚
𡝛
𡝜
𡝝
𡝞
𡝟
𡝠
𡝡
𡝢
𡝣
𡝤
𡝥
𡝦
𡝧
𡝨
𡝩
𡝪
𡝫
𡝬
𡝭
𡝮
𡝯
𡝰
𡝱
𡝲
𡝳
𡝴
𡝵
𡝶
𡝷
𡝸
𡝹
𡝺
𡝻
𡝼
𡝽
𡝾
𡝿
𡞀
𡞁
𡞂
𡞃
𡞄
𡞅
𡞆
𡞇
𡞈
𡞉
𡞊
𡞋
𡞌
𡞍
𡞎
𡞏
𡞐
𡞑
𡞒
𡞓
𡞔
𡞕
𡞖
𡞗
𡞘
𡞙
𡞚
𡞛
𡞜
𡞝
𡞞
𡞟
𡞠
𡞡
𡞢
𡞣
𡞤
𡞥
𡞦
𡞧
𡞨
𡞩
𡞪
𡞫
𡞬
𡞭
𡞮
𡞯
𡞰
𡞱
𡞲
𡞳
𡞴
𡞵
𡞶
𡞷
𡞸
𡞹
𡞺
𡞻
𡞼
𡞽
𡞾
𡞿
𡟀
𡟁
𡟂
𡟃
𡟄
𡟅
𡟆
𡟇
𡟈
𡟉
𡟊
𡟋
𡟌
𡟍
𡟎
𡟏
𡟐
𡟑
𡟒
𡟓
𡟔
𡟕
𡟖
𡟗
𡟘
𡟙
𡟚
𡟛
𡟜
𡟝
𡟞
𡟟
𡟠
𡟡
𡟢
𡟣
𡟤
𡟥
𡟦
𡟧
𡟨
𡟩
𡟪
𡟫
𡟬
𡟭
𡟮
𡟯
𡟰
𡟱
𡟲
𡟳
𡟴
𡟵
𡟶
𡟷
𡟸
𡟹
𡟺
𡟻
𡟼
𡟽
𡟾
𡟿
𡠀
𡠁
𡠂
𡠃
𡠄
𡠅
𡠆
𡠇
𡠈
𡠉
𡠊
𡠋
𡠌
𡠍
𡠎
𡠏
𡠐
𡠑
𡠒
𡠓
𡠔
𡠕
𡠖
𡠗
𡠘
𡠙
𡠚
𡠛
𡠜
𡠝
𡠞
𡠟
𡠠
𡠡
𡠢
𡠣
𡠤
𡠥
𡠦
𡠧
𡠨
𡠩
𡠪
𡠫
𡠬
𡠭
𡠮
𡠯
𡠰
𡠱
𡠲
𡠳
𡠴
𡠵
𡠶
𡠷
𡠸
𡠹
𡠺
𡠻
𡠼
𡠽
𡠾
𡠿
𡡀
𡡁
𡡂
𡡃
𡡄
𡡅
𡡆
𡡇
𡡈
𡡉
𡡊
𡡋
𡡌
𡡍
𡡎
𡡏
𡡐
𡡑
𡡒
𡡓
𡡔
𡡕
𡡖
𡡗
𡡘
𡡙
𡡚
𡡛
𡡜
𡡝
𡡞
𡡟
𡡠
𡡡
𡡢
𡡣
𡡤
𡡥
𡡦
𡡧
𡡨
𡡩
𡡪
𡡫
𡡬
𡡭
𡡮
𡡯
𡡰
𡡱
𡡲
𡡳
𡡴
𡡵
𡡶
𡡷
𡡸
𡡹
𡡺
𡡻
𡡼
𡡽
𡡾
𡡿
𡢀
𡢁
𡢂
𡢃
𡢄
𡢅
𡢆
𡢇
𡢈
𡢉
𡢊
𡢋
𡢌
𡢍
𡢎
𡢐
𡢑
𡢒
𡢓
𡢔
𡢕
𡢖
𡢗
𡢘
𡢙
𡢚
𡢛
𡢜
𡢝
𡢞
𡢟
𡢠
𡢡
𡢢
𡢣
𡢤
𡢥
𡢦
𡢧
𡢨
𡢩
𡢪
𡢫
𡢬
𡢭
𡢮
𡢯
𡢰
𡢱
𡢲
𡢳
𡢴
𡢵
𡢶
𡢷
𡢸
𡢹
𡢺
𡢻
𡢼
𡢽
𡢾
𡢿
𡣀
𡣁
𡣂
𡣃
𡣄
𡣅
𡣆
𡣇
𡣈
𡣉
𡣊
𡣋
𡣌
𡣍
𡣎
𡣏
𡣐
𡣑
𡣒
𡣓
𡣔
𡣕
𡣖
𡣗
𡣘
𡣙
𡣚
𡣛
𡣜
𡣝
𡣞
𡣟
𡣠
𡣡
𡣣
𡣤
𡣥
𡣦
𡣧
𡣨
𡣩
𡣪
𡣫
𡣬
𡣭
𡣮
𡣯
𡣰
𡣱
𡣲
𡣳
𡣴
𡣵
𡣶
𡣷
𡣸
𡣹
𡣺
𡣻
𡣼
𡣽
𡣾
𡣿
𡤀
𡤁
𡤂
𡤃
𡤄
𡤅
𡤆
𡤇
𡤈
𡤉
𡤊
𡤋
𡤌
𡤍
𡤎
𡤏
𡤐
𡤑
𡤒
𡤓
𡤔
𡤕
𡤖
𡤗
𡤘
𡤙
𡤚
𡤛
𡤜
𡤝
𡤞
𡤟
𡤠
𡤡
𡤢
𡤣
𡤤
𡤥
𡤦
𡤧
𡤨
𡤩
𡤪
𡤫
𡤬
𡤭
𡤮
𡤯
𡤰
𡤱
𡤲
𡤳
𡤴
𡤵
𡤶
𡤷
𡤸
𡤹
𡤺
𡤻
𪥤
𪥥
𪥦
𪥧
𪥨
𪥩
𪥪
𪥫
𪥬
𪥭
𪥮
𪥯
𪥰
𪥱
𪥲
𪥳
𪥴
𪥵
𪥶
𪥷
𪥸
𪥹
𪥺
𪥻
𪥼
𪥽
𪥾
𪥿
𪦀
𪦁
𪦂
𪦃
𪦄
𪦅
𪦆
𪦇
𪦈
𪦉
𪦊
𪦋
𪦌
𪦍
𪦎
𪦏
𪦐
𪦑
𪦒
𪦓
𪦔
𪦕
𪦖
𪦗
𪦘
𪦙
𪦚
𪦛
𪦜
𪦝
𪦞
𪦟
𪦠
𪦡
𪦢
𪦣
𪦤
𪦥
𪦦
𪦧
𪦨
𪦩
𪦪
𪦫
𪦬
𪦭
𪦮
𪦯
𪦰
𪦱
𪦲
𪦳
𪦴
𪦵
𫝦
𫝧
𫝨
𫝩
𫝪
𫝫
𫝬
𫝭
𫝮
𫰆
𫰇
𫰈
𫰉
𫰊
𫰋
𫰌
𫰍
𫰎
𫰏
𫰐
𫰑
𫰒
𫰓
𫰔
𫰕
𫰖
𫰗
𫰘
𫰙
𫰚
𫰛
𫰜
𫰝
𫰞
𫰟
𫰠
𫰡
𫰢
𫰣
𫰤
𫰥
𫰦
𫰧
𫰨
𫰩
𫰪
𫰫
𫰬
𫰭
𫰮
𫰯
𫰰
𫰱
𫰲
𫰳
𫰴
𫰵
𫰶
𫰷
𫰸
𫰹
𫰺
𫰻
𫰼
𫰽
𫰾
𫰿
𫱀
𫱁
𫱂
𫱃
𫱄
𫱅
𫱆
𫱇
𫱈
𫱉
𫱊
𫱋
𫱌
𫱍
𫱎
𫱏
𫱐
𫱑
𫱒
𫱓
𫱔
𫱕
𫱖
𫱗
𫱘
𫱙
𫱚
𫱛
𫱜
𫱝
𫱞
𫱟
𫱠
𫱡
𫱢
𫱣
𫱤
𫱥
𫱦
𫱧
𫱨
𫱩
𫱪
𫱫
𫱬
𫱭
𫱮
𫱯
𫱰
𫱱
𫱲
𫱳
𫱴
𫱵
𫱶
𫱷
𫱸
𫱹
𫱺
𫱻
𫱼
𫱽
𫱾
𫱿
𫲀
𫲁
𫲂
𫲃
𫲄
𫲅
𫲆
𫲇
𫲈
𫲉
𫲊
𫲋
𫲌
𫲍
𫲎
𫲏
𫲐
𫲑
𫲒
𫲓
𫲔
𫲕
𫲖
𫲗
𫲘
𫲙
𫲚
𫲛
𫲜
𫲝
𫲞
𫲟
𫲠
𭑧
𭑨
𭑩
𭑪
𭑫
𭑬
𭑭
𭑮
𭑯
𭑰
𭑱
𭑲
𭑳
𭑴
𭑵
𭑶
𭑷
𭑸
𭑹
𭑺
𭑻
𭑼
𭑽
𭑾
𭑿
𭒀
𭒁
𭒂
𭒃
𭒄
𭒅
𭒆
𭒇
𭒈
𭒉
𭒊
𭒋
𭒌
𭒍
𭒎
𭒏
𭒐
𭒑
𭒒
𭒓
𭒔
𭒕
𭒖
𭒗
𭒘
𭒙
𭒚
𭒛
𭒜
𭒝
𭒞
𭒟
𭒠
𭒡
𭒢
𭒣
𭒤
𭒥
𭒦
𭒧
𭒨
𭒩
𭒪
𭒫
𭒬
𭒭
𭒮
𭒯
𭒰
𭒱
𭒲
𭒳
𭒴
𭒵
𮰷
𮰸
𮰹
𮰺
𮰻
𮰼
𮰽
𮰾
𮰿
𮱀
𮱁
𮱂
𮱃
𮱄
𮱅
𮱆
𮱇
𮱈
𮱉
𮱊
𮱋
𮱌
𮱍
𮱎
𮱏
𮱐
𮱑
𮱒
𮱓
𮱔
𮱕
𮱖
𮱗
𮱘
𮱙
𮱚
𮱛
𡚨
𡛪
姬
娛
娧
姘
婦
㛮
㛼
嬈
嬾
嬾
媵
𰋵
𰋶
𰋷
𰋸
𰋹
𰋺
𰋻
𰋼
𰋽
𰋾
𰋿
𰌀
𰌁
𰌂
𰌃
𰌄
𰌅
𰌆
𰌇
𰌈
𰌉
𰌊
𰌋
𰌌
𰌍
𰌎
𰌏
𰌐
𰌑
𰌒
𰌓
𰌔
𰌕
𰌖
𰌗
𰌘
𰌙
𰌚
𰌛
𱙁
𱙂
𱙃
𱙄
𱙅
𱙆
𱙇
𱙈
𱙉
𱙊
𱙋
𱙌
𱙍
𱙎
𱙏
𱙐
𱙑
𱙒
𱙓
𱙔
𱙕
𱙖
𱙗
𱙘
𱙙
𱙚
𱙛
𱙜
𱙝
𱙞
𱙟
𱙠
𱙡
𱙢
𱙣
𱙤
𱙥
𱙦
𱙧
𱙨
𱙩
𱙪
𱙫
𱙬
𱙭
𱙮
𱙯
𱙰
𱙱
𱙲
𱙳
𱙴