䩐
䩑
䩒
䩓
䩔
䩕
䩖
䩗
䩘
䩙
䩚
䩛
䩜
䩝
䩞
䩟
䩠
䩡
䩢
䩣
䩤
䩥
䩦
䩧
䩨
䩩
䩪
䩫
䩬
䩭
䩮
䩯
䩰
䩱
䩲
䩳
䩴
䩵
䩶
䩷
䩸
䩹
䩺
䩻
䩼
䩽
䩾
䩿
䪀
䪁
䪂
䪃
䪄
䪅
䪆
䪇
䪈
䪉
䪊
䪋
䪌
䪍
䪎
靬
靯
靰
靲
靵
靶
靷
靸
靻
靽
靾
靿
鞀
鞂
鞃
鞇
鞈
鞉
鞊
鞌
鞎
鞑
鞒
鞓
鞔
鞗
鞙
鞛
鞝
鞟
鞡
鞤
鞥
鞧
鞩
鞪
鞬
鞯
鞰
鞵
鞶
鞷
鞸
鞹
鞻
鞼
鞽
鞿
韀
韂
韄
韅
韇
韊
𥌕
𩉛
𩉜
𩉝
𩉞
𩉟
𩉠
𩉡
𩉢
𩉣
𩉤
𩉥
𩉦
𩉧
𩉨
𩉩
𩉪
𩉫
𩉬
𩉭
𩉮
𩉯
𩉰
𩉱
𩉲
𩉳
𩉴
𩉵
𩉶
𩉷
𩉸
𩉹
𩉺
𩉻
𩉼
𩉽
𩉾
𩉿
𩊀
𩊁
𩊂
𩊃
𩊄
𩊅
𩊆
𩊇
𩊈
𩊉
𩊊
𩊋
𩊌
𩊍
𩊎
𩊏
𩊐
𩊑
𩊒
𩊓
𩊔
𩊕
𩊖
𩊗
𩊘
𩊙
𩊚
𩊛
𩊜
𩊝
𩊞
𩊟
𩊡
𩊢
𩊣
𩊤
𩊥
𩊦
𩊧
𩊨
𩊩
𩊪
𩊫
𩊬
𩊭
𩊮
𩊯
𩊰
𩊲
𩊳
𩊴
𩊵
𩊶
𩊷
𩊸
𩊹
𩊺
𩊻
𩊼
𩊽
𩊾
𩊿
𩋀
𩋁
𩋂
𩋃
𩋄
𩋅
𩋆
𩋇
𩋈
𩋉
𩋊
𩋋
𩋌
𩋍
𩋎
𩋏
𩋐
𩋑
𩋒
𩋓
𩋔
𩋕
𩋖
𩋗
𩋘
𩋙
𩋚
𩋛
𩋜
𩋝
𩋞
𩋟
𩋠
𩋡
𩋢
𩋣
𩋤
𩋥
𩋦
𩋧
𩋨
𩋩
𩋪
𩋫
𩋬
𩋭
𩋮
𩋯
𩋰
𩋱
𩋲
𩋳
𩋴
𩋵
𩋶
𩋷
𩋸
𩋹
𩋺
𩋻
𩋼
𩋽
𩋾
𩋿
𩌀
𩌁
𩌂
𩌃
𩌄
𩌅
𩌆
𩌇
𩌈
𩌉
𩌊
𩌋
𩌌
𩌍
𩌎
𩌏
𩌐
𩌑
𩌒
𩌓
𩌔
𩌕
𩌖
𩌗
𩌘
𩌙
𩌚
𩌛
𩌜
𩌝
𩌞
𩌟
𩌠
𩌡
𩌢
𩌣
𩌤
𩌥
𩌦
𩌧
𩌨
𩌩
𩌪
𩌫
𩌬
𩌭
𩌮
𩌯
𩌰
𩌱
𩌲
𩌳
𩌴
𩌵
𩌶
𩌷
𩌸
𩌹
𩌺
𩌻
𩌼
𩌽
𩌾
𩌿
𩍀
𩍁
𩍂
𩍃
𩍄
𩍅
𩍆
𩍇
𩍈
𩍉
𩍊
𩍋
𩍌
𩍍
𩍎
𩍏
𩍐
𩍑
𩍒
𩍓
𩍔
𩍕
𩍖
𩍗
𩍘
𩍙
𩍚
𩍛
𩍜
𩍝
𩍞
𩍟
𩍠
𩍡
𩍢
𩍣
𩍤
𩍥
𩍦
𩍧
𩍨
𩍩
𩍪
𩍫
𩍬
𩍭
𩍮
𩍯
𩍰
𩍱
𩍲
𩍳
𩍴
𩍵
𩍶
𩍷
𩍸
𩍹
𩍺
𩍼
𩍽
𩍾
𩍿
𩎀
𩎁
𩎂
𩎃
𩎄
𩎅
𩎆
𩎇
𩎈
𩎉
𩎊
𩎋
𩎌
𩎍
𩎎
𩎏
𩎐
𩎑
𫖅
𫖆
𫖇
𫖈
𫖉
𫖊
𫖋
𬰤
𬰥
𬰦
𬰧
𬰨
𬰩
𮧓
𮧔
𮧕
𮧖
𮧗
𮧘
𮧙
𮧚
𮧛
𮧜
𮧝
𮧞
𮧟
𮧠
𮧡
𮧢
𮧣
𮧤
𮧥
𮧦
𮧧
𮧨
𮧩
𮧪
𮧫
𮧬
𮧭
𮸮
䩮
䩶
𱁱
𱁲
𱁳
𱁴
𱁵
𱁶
𱁷
𱁸
𱁹
𱁺
𱁻
𱁼
𱁽
𱁾
𲊛
𲊜
𲊝
𲊞
𲊟
𲊠
𲊡
𳊜
𳊝
𳊞
𳊟
𳊠
𳊡
𳊢
𳊣
𳊤
𳊥
𳊦
𳊧
𳊨
𳊩
𳋆