䘚
䘛
䘜
䘝
䘞
䘟
䘠
䘡
䘢
䘣
䘤
䘥
䘦
䘧
䘨
䘩
䘪
䘫
䘬
䘭
䘮
䘯
䘰
䘱
䘲
䘳
䘴
䘵
䘶
䘷
䘸
䘹
䘺
䘻
䘼
䘽
䘾
䘿
䙀
䙂
䙃
䙄
䙅
䙆
䙇
䙈
䙉
䙊
䙋
䙌
䙍
䙎
䙏
䙐
䙑
䙒
䙓
䙔
䙕
䙖
䙗
䙘
䙙
䙚
䙛
䙜
䙝
䙞
䙟
䙠
䙡
䙢
䙣
䙤
䙦
䙧
䙨
䙩
䙪
䙫
䙬
䙭
䙮
䙯
䙰
䙱
亵
补
衦
衧
衪
衬
衭
衮
衱
衳
衴
衶
衸
衹
衺
衻
衼
袀
袃
袄
袅
袆
袇
袉
袊
袌
袎
袏
袐
袑
袓
袔
袕
袚
袛
袜
袝
袟
袡
袣
袥
袦
袧
袨
袩
袬
袭
袯
袲
袳
袶
袸
袹
袺
袻
裆
裇
裈
裉
裋
裌
裍
裐
裖
裗
裚
裞
裠
裢
裣
裤
裥
裦
裧
裩
裪
裫
裬
裭
裮
裯
裶
裷
裺
裻
裿
褀
褃
褅
褆
褈
褉
褋
褍
褎
褏
褑
褔
褕
褖
褗
褛
褟
褠
褡
褢
褣
褤
褦
褨
褩
褬
褭
褮
褯
褱
褳
褴
褵
褺
褼
褽
褾
褿
襆
襇
襈
襊
襋
襎
襏
襐
襑
襒
襓
襔
襕
襗
襘
襙
襚
襛
襜
襝
襡
襣
襥
襧
襨
襩
襫
襬
襮
襰
襱
襳
襵
襶
襸
襹
襺
襻
襼
襽
鿋
裸
襤
裂
裏
裡
襁
𧘇
𧘈
𧘉
𧘊
𧘋
𧘌
𧘍
𧘎
𧘏
𧘐
𧘑
𧘒
𧘓
𧘖
𧘗
𧘘
𧘙
𧘚
𧘛
𧘜
𧘝
𧘞
𧘟
𧘠
𧘡
𧘢
𧘣
𧘤
𧘥
𧘦
𧘧
𧘨
𧘩
𧘪
𧘫
𧘬
𧘭
𧘮
𧘯
𧘰
𧘲
𧘳
𧘴
𧘵
𧘶
𧘷
𧘸
𧘹
𧘺
𧘻
𧘼
𧘽
𧘾
𧘿
𧙀
𧙁
𧙂
𧙃
𧙄
𧙅
𧙆
𧙇
𧙈
𧙉
𧙊
𧙋
𧙌
𧙍
𧙎
𧙏
𧙐
𧙑
𧙒
𧙓
𧙔
𧙕
𧙖
𧙗
𧙘
𧙙
𧙚
𧙛
𧙜
𧙝
𧙞
𧙟
𧙠
𧙡
𧙢
𧙣
𧙤
𧙥
𧙦
𧙧
𧙨
𧙩
𧙪
𧙫
𧙬
𧙭
𧙮
𧙯
𧙰
𧙱
𧙲
𧙳
𧙴
𧙵
𧙶
𧙷
𧙸
𧙹
𧙺
𧙻
𧙼
𧙽
𧙾
𧙿
𧚀
𧚁
𧚂
𧚃
𧚅
𧚆
𧚇
𧚈
𧚉
𧚊
𧚋
𧚌
𧚍
𧚎
𧚏
𧚐
𧚑
𧚒
𧚔
𧚕
𧚖
𧚗
𧚘
𧚙
𧚚
𧚛
𧚜
𧚝
𧚞
𧚟
𧚠
𧚡
𧚢
𧚣
𧚤
𧚥
𧚦
𧚧
𧚨
𧚩
𧚪
𧚫
𧚬
𧚭
𧚮
𧚯
𧚰
𧚱
𧚲
𧚳
𧚴
𧚵
𧚶
𧚷
𧚸
𧚹
𧚺
𧚻
𧚼
𧚽
𧚾
𧚿
𧛀
𧛁
𧛂
𧛃
𧛄
𧛅
𧛆
𧛇
𧛈
𧛉
𧛊
𧛋
𧛌
𧛍
𧛎
𧛏
𧛐
𧛑
𧛒
𧛓
𧛔
𧛕
𧛖
𧛗
𧛘
𧛙
𧛚
𧛛
𧛜
𧛝
𧛞
𧛟
𧛠
𧛡
𧛢
𧛣
𧛤
𧛥
𧛦
𧛧
𧛨
𧛩
𧛪
𧛫
𧛬
𧛭
𧛮
𧛯
𧛰
𧛱
𧛲
𧛳
𧛴
𧛵
𧛶
𧛷
𧛸
𧛹
𧛺
𧛻
𧛼
𧛽
𧛾
𧛿
𧜀
𧜁
𧜂
𧜃
𧜄
𧜅
𧜆
𧜇
𧜈
𧜉
𧜊
𧜋
𧜌
𧜍
𧜏
𧜐
𧜑
𧜒
𧜓
𧜔
𧜕
𧜖
𧜗
𧜘
𧜙
𧜚
𧜛
𧜜
𧜝
𧜞
𧜟
𧜠
𧜡
𧜢
𧜤
𧜥
𧜦
𧜧
𧜨
𧜩
𧜪
𧜫
𧜬
𧜭
𧜮
𧜯
𧜰
𧜱
𧜲
𧜳
𧜴
𧜵
𧜶
𧜷
𧜸
𧜹
𧜺
𧜻
𧜼
𧜽
𧜾
𧜿
𧝀
𧝁
𧝂
𧝃
𧝄
𧝅
𧝆
𧝇
𧝈
𧝉
𧝊
𧝋
𧝌
𧝍
𧝎
𧝏
𧝐
𧝑
𧝓
𧝔
𧝕
𧝖
𧝗
𧝘
𧝙
𧝚
𧝛
𧝜
𧝝
𧝞
𧝟
𧝠
𧝡
𧝢
𧝣
𧝤
𧝥
𧝦
𧝧
𧝨
𧝩
𧝪
𧝫
𧝬
𧝭
𧝮
𧝯
𧝰
𧝱
𧝲
𧝳
𧝴
𧝵
𧝶
𧝷
𧝸
𧝹
𧝺
𧝻
𧝼
𧝽
𧝾
𧝿
𧞀
𧞁
𧞂
𧞃
𧞄
𧞅
𧞆
𧞇
𧞈
𧞉
𧞊
𧞋
𧞌
𧞍
𧞎
𧞏
𧞐
𧞑
𧞒
𧞓
𧞔
𧞕
𧞖
𧞗
𧞘
𧞙
𧞚
𧞛
𧞜
𧞝
𧞞
𧞟
𧞠
𧞡
𧞢
𧞣
𧞤
𧞥
𧞦
𧞧
𧞨
𧞩
𧞪
𧞫
𧞬
𧞭
𧞮
𧞯
𧞰
𧞱
𧞲
𧞳
𧞴
𧞵
𧞶
𧞷
𧞸
𧞹
𧞺
𧞻
𧞼
𧞽
𧞾
𧞿
𧟀
𧟁
𧟂
𧟃
𧟄
𧟅
𧟆
𧟇
𧟈
𧟉
𧟊
𧟋
𧟌
𧟍
𧟎
𧟏
𧟐
𧟑
𧟒
𧟓
𧟔
𧟕
𧟖
𧟗
𧟘
𧟙
𧟚
𧟛
𧟜
𧟝
𧟞
𧟟
𫋲
𫋳
𫋴
𫋵
𫋶
𫋷
𫋸
𫋹
𫋺
𫋻
𫋼
𫋽
𫋾
𫋿
𫌀
𫌁
𫌂
𫌃
𫌄
𫌅
𫌆
𫌇
𫌈
𫌉
𫌊
𫌋
𫌌
𫌍
𫌎
𫌏
𫌐
𫌑
𫌒
𫌓
𫌔
𫌕
𫌖
𫌗
𫌘
𫌙
𫟚
𬡂
𬡃
𬡄
𬡅
𬡆
𬡇
𬡈
𬡉
𬡊
𬡋
𬡌
𬡍
𬡎
𬡏
𬡐
𬡑
𬡒
𬡓
𬡔
𬡕
𬡖
𬡗
𬡘
𬡙
𬡚
𬡛
𬡜
𬡝
𬡞
𬡟
𬡠
𬡡
𬡢
𬡣
𬡤
𬡥
𬡦
𬡧
𬡨
𬡩
𬡪
𬡫
𬡬
𬡭
𬡮
𬡯
𬡰
𬡱
𬡲
𬡳
𬡴
𬡵
𬡶
𬡷
𮕤
𮕥
𮕦
𮕧
𮕨
𮕩
𮕪
𮕫
𮕬
𮕭
𮕮
𮕯
𮕰
𮕱
𮕲
𮕳
𮕴
𮕵
𮕶
𮕷
𮕸
𮕹
𮕺
𮕻
𮕼
𮕽
𮕾
𮕿
𮖀
𮖁
𮖂
𮖃
𮖄
𮖅
𮖆
𮖇
𮖈
𮖉
𮖊
𮖋
𮖌
𮖍
𮖎
𮖏
𮖐
𮖑
𮖒
𮖓
𮖔
𮖕
𮖖
𮖗
𮖘
𮖙
𮖚
𮖛
𮖜
𮖝
𮖞
𮖟
𮖠
𮖡
𮖢
𮖣
𮖤
𮖥
𮖦
𮖧
𮖨
𮖩
𮖪
𮖫
𮖬
𮖭
𮖮
𮖯
𮖰
𮖱
𮖲
𮖳
𮖴
𮖵
𮖶
𮖷
𮖸
𮖹
𮖺
𮖻
𮖼
𮖽
𮖾
𮶿
𮷀
𮷁
𮷂
𮷃
衣
𧙧
裗
裞
䘵
裺
𰳰
𰳱
𰳲
𰳳
𰳴
𰳵
𰳶
𰳷
𰳸
𰳹
𰳺
𰳻
𰳼
𰳽
𰳾
𰳿
𰴀
𰴁
𰴂
𰴃
𰴄
𰴅
𰴆
𰴇
𰴈
𰴉
𰴊
𲀤
𲀥
𲀦
𲀧
𲀨
𲀩
𲀪
𲀫
𲀬
𲀭
𲀮
𲀯
𲀰
𲀱
𲀲
𲀳
𲀴
𲀵
𲀶
𲀷
𲀸
𲀹
𲀺
𲀻
𲀼
𲀽
𲀾
𲀿
𲁀
𲁁
𲁂
𲁃
𲁄
𲁅
𲁆
𲁇
𲁈