﨧
﨨
㐬
㒶
㓂
㓚
㓛
㓣
㔚
㔰
㔶
㕅
㕉
㕎
㕬
㕲
㕼
㖃
㖓
㗊
㗋
㗐
㗕
㗢
㗽
㘊
㘡
㘪
㙝
㙱
㚔
㚖
㚚
㚣
㚪
㚼
㚽
㛨
㜌
㝀
㝅
㝓
㝤
㝩
㞍
㞻
㟟
㟠
㟵
㟸
㠙
㠩
㠵
㠷
㡃
㡆
㡊
㡚
㡛
㢜
㢬
㣉
㣜
㤊
㤍
㤒
㤚
㤧
㤨
㤮
㤺
㥺
㧁
㧦
㧶
㩉
㩝
㩭
㪅
㪉
㪣
㪧
㪺
㫕
㫗
㫛
㫴
㬋
㬔
㬛
㬤
㬴
㬵
㬶
㬻
㭃
㭘
㭱
㭿
㮁
㮓
㯯
㰏
㰠
㰢
㰯
㰰
㰻
㱂
㱋
㲁
㲸
㳾
㴔
㵁
㵆
㶅
㶇
㶹
㸜
㸸
㹔
㹲
㹴
㹹
㺃
㺅
㺉
㺒
㼚
㼛
㼥
㼬
㼹
㽘
㽛
㽠
㽱
㽺
㾀
㾘
㾣
㾤
㾮
㾸
㿓
㿝
䀊
䀧
䀪
䀫
䀮
䀴
䀶
䀷
䀹
䁍
䁜
䁯
䁰
䁱
䂉
䂚
䂪
䂫
䂭
䃂
䃓
䃔
䃘
䃝
䄓
䅝
䅣
䅨
䆁
䆖
䆟
䆪
䆲
䇨
䉰
䉺
䊗
䊣
䊯
䋁
䋂
䋌
䋷
䌄
䌉
䌙
䌦
䍊
䍍
䍔
䍿
䎋
䎕
䎴
䏜
䏠
䏮
䐟
䐠
䐦
䐧
䐵
䑟
䑦
䒝
䒰
䒵
䓘
䓷
䔈
䔌
䕛
䕟
䕧
䖎
䖖
䖮
䖱
䗔
䗘
䗧
䗵
䘕
䘥
䘨
䙈
䚗
䚘
䚽
䛅
䛭
䜫
䜰
䜶
䝥
䝭
䞀
䞑
䞧
䞩
䞹
䟘
䡈
䡉
䡌
䡏
䡖
䡠
䡩
䡰
䢒
䢔
䢚
䢽
䣈
䦎
䦭
䦳
䧆
䧊
䧚
䧫
䧻
䨐
䩑
䩡
䪄
䪦
䪫
䪷
䪺
䪽
䫛
䫦
䫹
䫺
䬕
䬖
䬘
䬝
䬲
䮲
䯌
䯑
䯒
䯥
䯨
䯪
䯫
䰢
䰸
䱋
䱍
䱎
䱭
䲨
䲲
䲳
䲾
䳧
䴚
䵃
䵶
䶀
䶋
䶎
䶝
䶠
𠂷
𠂸
𠃋
𠃤
𠄣
𠄨
𠄭
𠅖
𠆪
𠆼
𠇙
𠇚
𠇝
𠈑
𠊱
𠋫
𠏤
𠐋
𠐿
𠔆
𠔲
𠕔
𠕖
𠕣
𠕧
𠕵
𠖵
𠖹
𠗉
𠘌
𠙵
𠚃
𠚸
𠛎
𠜛
𠜝
𠜼
𠝑
𠝘
𠝾
𠞏
𠞪
𠟊
𠠎
𠠷
𠠺
𠡮
𠢕
𠢩
𠥚
𠦡
𠧲
𠧽
𠧿
𠨶
𠩂
𠩏
𠩖
𠩘
𠩞
𠩧
𠩰
𠪈
𠪋
𠪒
𠪟
𠪦
𠪷
𠫔
𠫖
𠫳
𠬟
𠬳
𠭂
𠭍
𠭳
𠮚
𠯚
𠯜
𠰘
𠰛
𠱛
𠲓
𠲵
𠳃
𠳯
𠴣
𠴳
𠴹
𠵃
𠵹
𠶪
𠶲
𠶺
𠷄
𠷋
𠷜
𠸀
𠸮
𠹒
𠹓
𠹡
𠻞
𡃳
𡇞
𡇪
𡇬
𡇶
𡊦
𡊬
𡌕
𡌖
𡌜
𡎩
𡎪
𡎴
𡑛
𡒋
𡔕
𡔵
𡕛
𡕧
𡕬
𡖑
𡗁
𡘢
𡘻
𡙉
𡙎
𡙏
𡚑
𡚽
𡜋
𡜲
𡞚
𡟑
𡟣
𡟫
𡠖
𡤿
𡥃
𡥆
𡥈
𡥉
𡥍
𡦝
𡦩
𡦭
𡦱
𡧕
𡧦
𡧬
𡨥
𡩃
𡪼
𡬋
𡭳
𡯷
𡰼
𡱧
𡲛
𡲣
𡴌
𡴍
𡴘
𡵓
𡵔
𡵺
𡶩
𡶬
𡷇
𡷍
𡷥
𡷸
𡸡
𡹏
𡹵
𡹷
𡺝
𡺭
𡻘
𡻚
𡼔
𡼗
𡽐
𡽝
𡾇
𡿫
𡿬
𡿰
𢁹
𢂁
𢂔
𢂙
𢂩
𢂪
𢂷
𢂾
𢂿
𢃐
𢃨
𢃫
𢄇
𢄍
𢄠
𢆎
𢇟
𢈈
𢈊
𢈙
𢈤
𢈵
𢉘
𢊪
𢍎
𢑌
𢑒
𢒄
𢔏
𢔵
𢖍
𢖷
𢗕
𢘆
𢘉
𢘌
𢘸
𢙅
𢙼
𢙾
𢚫
𢛑
𢛖
𢛘
𢛢
𢜴
𢜵
𢝁
𢞚
𢞟
𢞡
𢟭
𢠷
𢡁
𢡋
𢤀
𢦅
𢩅
𢩋
𢩏
𢩘
𢩨
𢫩
𢫮
𢬀
𢭈
𢭎
𢯬
𢯴
𢰎
𢰨
𢱫
𢴦
𢷙
𢹖
𢹳
𢻇
𢼃
𢼑
𢼦
𢼬
𢼽
𢽉
𢽦
𢾩
𣁴
𣂝
𣂬
𣂻
𣃚
𣄐
𣄙
𣆉
𣆖
𣆧
𣆳
𣈶
𣉓
𣊀
𣊥
𣋷
𣍜
𣎄
𣏠
𣏺
𣐊
𣐾
𣑥
𣓌
𣓡
𣔷
𣔹
𣕉
𣕌
𣕲
𣖀
𣖁
𣘇
𣘫
𣘭
𣘯
𣘰
𣘺
𣙜
𣙱
𣚣
𣚧
𣛖
𣜽
𣝃
𣝏
𣟇
𣢐
𣢗
𣢴
𣣠
𣣡
𣣥
𣣲
𣣹
𣥙
𣥤
𣦉
𣦐
𣧀
𣧏
𣨉
𣨳
𣨻
𣩄
𣩅
𣩱
𣩾
𣪸
𣫁
𣫌
𣫒
𣫝
𣫳
𣭖
𣭝
𣭹
𣱓
𣳞
𣴕
𣶂
𣹆
𣹟
𣹩
𣹱
𣺬
𣺳
𣻎
𣽎
𣽝
𣽣
𣾩
𣿑
𣿟
𣿣
𤀰
𤂖
𤂲
𤃫
𤄏
𤅆
𤅐
𤅡
𤆴
𤇛
𤈢
𤉧
𤉭
𤉺
𤉻
𤊚
𤋀
𤌁
𤌗
𤌼
𤎦
𤎫
𤐥
𤐳
𤒼
𤓐
𤕢
𤖖
𤖮
𤖵
𤗇
𤗶
𤘘
𤘽
𤙇
𤙖
𤙽
𤚝
𤚲
𤚼
𤛥
𤝐
𤝷
𤞀
𤟄
𤟋
𤟞
𤟡
𤟼
𤠖
𤠛
𤡇
𤢔
𤢨
𤣊
𤤲
𤩬
𤩭
𤫧
𤫱
𤫷
𤬈
𤬪
𤭕
𤭛
𤭬
𤭺
𤮊
𤮏
𤯌
𤯷
𤰀
𤰅
𤰟
𤰢
𤱟
𤱦
𤱳
𤲍
𤲽
𤳭
𤴀
𤴼
𤵻
𤶀
𤷤
𤸙
𤸱
𤼍
𤼿
𤽙
𤽚
𤽢
𤽧
𤾑
𥀃
𥀄
𥀱
𥁋
𥂊
𥂔
𥂨
𥃃
𥃕
𥃙
𥃪
𥄧
𥅏
𥅟
𥅠
𥅨
𥆅
𥆈
𥆔
𥆰
𥇌
𥇟
𥇫
𥈑
𥈿
𥉁
𥉂
𥉇
𥉔
𥉰
𥉸
𥉽
𥉾
𥊉
𥊧
𥊾
𥌁
𥍣
𥍶
𥎆
𥎦
𥎸
𥐪
𥐫
𥑐
𥒁
𥒩
𥒱
𥒳
𥓌
𥓖
𥓰
𥔀
𥔂
𥔇
𥕎
𥕗
𥗞
𥗵
𥚦
𥝥
𥞙
𥞜
𥞧
𥠸
𥠾
𥢐
𥢑
𥥡
𥥩
𥥳
𥥺
𥦆
𥦞
𥦢
𥦨
𥦿
𥧒
𥨐
𥫔
𥫖
𥫲
𥫼
𥬉
𥬮
𥬯
𥮑
𥮕
𥯿
𥰲
𥰹
𥱏
𥲙
𥲯
𥳴
𥴴
𥵡
𥹜
𥹺
𥾤
𥾥
𥾼
𥿧
𥿸
𥿺
𦀣
𦁈
𦁷
𦂐
𦂴
𦃑
𦄜
𦈵
𦊆
𦊒
𦊤
𦊪
𦊫
𦊭
𦋳
𦍑
𦍚
𦍱
𦍵
𦎟
𦎯
𦎴
𦎼
𦏠
𦏦
𦏺
𦏼
𦐄
𦐌
𦐥
𦐳
𦑚
𦑟
𦑠
𦑤
𦒃
𦒢
𦒱
𦓮
𦔏
𦔸
𦕠
𦕷
𦕹
𦕺
𦘫
𦘬
𦘿
𦙡
𦙩
𦙷
𦚞
𦚹
𦛟
𦛩
𦜂
𦜚
𦞕
𦞗
𦡹
𦡽
𦢋
𦢎
𦣍
𦤃
𦤍
𦤐
𦤗
𦥷
𦦕
𦦗
𦦛
𦨁
𦨃
𦨄
𦨛
𦨵
𦨼
𦨾
𦩷
𦩼
𦪄
𦪗
𦫶
𦫷
𦬅
𦬘
𦬺
𦮋
𦮎
𦱇
𦱌
𦱐
𦱣
𦳁
𦳌
𦳟
𦳬
𦴆
𦴎
𦴳
𦵢
𦵷
𦵸
𦵽
𦶓
𦺆
𦺏
𦺔
𦺣
𦼸
𦽋
𦽛
𦽨
𦾏
𦾼
𦿣
𧀘
𧀙
𧂎
𧃛
𧃨
𧆐
𧆥
𧆬
𧇞
𧇲
𧇼
𧈫
𧈬
𧈽
𧊛
𧊧
𧊽
𧋑
𧋓
𧋔
𧌆
𧌫
𧍂
𧍕
𧍺
𧎸
𧐬
𧓛
𧕸
𧖬
𧖭
𧗣
𧘃
𧘅
𧘍
𧘤
𧙎
𧙸
𧙺
𧚡
𧚧
𧚬
𧛥
𧛩
𧛾
𧜉
𧜡
𧝒
𧝯
𧞞
𧟜
𧟴
𧠬
𧠼
𧢌
𧢸
𧣦
𧤮
𧤵
𧥌
𧥣
𧥻
𧦑
𧦝
𧧙
𧧞
𧧢
𧨆
𧨫
𧨵
𧩊
𧩐
𧩨
𧩩
𧪞
𧪿
𧬁
𧬈
𧬰
𧮯
𧮴
𧮵
𧮶
𧯁
𧯂
𧯌
𧯔
𧰑
𧰨
𧱐
𧱡
𧲿
𧵈
𧶩
𧷻
𧸊
𧹉
𧻺
𧻿
𧼡
𧼵
𧽝
𧿦
𧿵
𨀕
𨀫
𨁈
𨂟
𨃤
𨄗
𨇁
𨈢
𨉲
𨊧
𨋌
𨋔
𨋝
𨋪
𨋮
𨋷
𨌆
𨌳
𨌶
𨍑
𨍧
𨍰
𨎁
𨎇
𨎍
𨎗
𨎦
𨎩
𨏆
𨏎
𨏿
𨐹
𨒇
𨒥
𨓩
𨘴
𨙐
𨙫
𨙵
𨚂
𨚙
𨚨
𨚮
𨚳
𨛜
𨛞
𨛴
𨜋
𨜔
𨜕
𨜦
𨜨
𨜰
𨜱
𨜴
𨜸
𨝎
𨝫
𨝲
𨝴
𨞔
𨞠
𨞨
𨞾
𨟼
𨟿
𨠈
𨠦
𨠬
𨢀
𨢣
𨣑
𨤡
𨥑
𨥥
𨦮
𨨭
𨪋
𨪒
𨪽
𨫕
𨬛
𨰌
𨳛
𨴑
𨴛
𨵵
𨶰
𨷄
𨸑
𨸖
𨹁
𨹂
𨹓
𨹽
𨻷
𨼍
𨾊
𨾒
𨾡
𨾢
𨿶
𩀹
𩂘
𩂼
𩃙
𩃺
𩄢
𩅯
𩉉
𩉜
𩉤
𩉦
𩉳
𩉾
𩊔
𩋸
𩋹
𩋺
𩌌
𩌍
𩎔
𩎦
𩎬
𩏎
𩏤
𩏻
𩐔
𩐠
𩐣
𩐮
𩐺
𩑇
𩑈
𩑓
𩒓
𩒴
𩒼
𩓅
𩓢
𩔋
𩕉
𩕍
𩖇
𩖎
𩖢
𩖸
𩗄
𩗇
𩗢
𩘇
𩘋
𩘎
𩘲
𩙁
𩙓
𩙛
𩚘
𩚲
𩛩
𩛫
𩜣
𩝝
𩞩
𩠼
𩠾
𩡌
𩡐
𩡠
𩡢
𩢓
𩢯
𩢼
𩣐
𩣴
𩣼
𩥒
𩧉
𩧕
𩨟
𩨹
𩨺
𩩉
𩩝
𩩵
𩩹
𩩽
𩩾
𩫂
𩫎
𩫕
𩫚
𩫞
𩬹
𩮘
𩰓
𩱁
𩱋
𩱞
𩱧
𩲊
𩲋
𩲣
𩲳
𩴑
𩵢
𩶞
𩹐
𩺻
𩾱
𩾾
𩿕
𩿸
𪀞
𪀤
𪁉
𪁍
𪁸
𪂷
𪂺
𪃶
𪃺
𪄌
𪄗
𪄺
𪄽
𪅯
𪅲
𪅺
𪆉
𪆪
𪇂
𪇄
𪇵
𪈘
𪈞
𪉛
𪉝
𪉡
𪊷
𪍿
𪎞
𪎵
𪎸
𪎹
𪏍
𪏑
𪏒
𪏓
𪏙
𪏠
𪏢
𪏥
𪏪
𪏬
𪏰
𪏽
𪐦
𪑻
𪓞
𪓟
𪔘
𪔣
𪔮
𪕇
𪕓
𪕗
𪖄
𪖗
𪖨
𪗜
𪘁
𪘘
𪚭
𪚵
𪛀
𪪺
𪰧
𫃜
𫋐
𫝍
𫝗
𫝲
𫞹
𫟎
𫰟
𫹨
𬅊
𬺶
𬻁
𬻻
𬼾
𬽉
𬽊
𬽶
𬽷
𬾗
𭀨
𭁩
𭁪
𭁫
𭁯
𭂯
𭅅
𭅟
𭅼
𭇗
𭎎
𭓗
𭓾
𭚴
𭚸
𭚹
𭚼
𭜡
𭝡
𭟄
𭠉
𭤩
𭤽
𭥦
𭦚
𭩡
𭮶
𭲄
𭻨
𭻩
𭻯
𭻴
𭾂
𭾦
𮁌
𮂏
𮅰
𮇋
𮈣
𮋁
𮋊
𮌔
𮍍
𮎰
𮎻
𮏇
𮏞
𮔁
𮗖
𮗷
𮚸
𮞷
𮢚
𮥃
𮪈
𮫵
𮯄
㸿
𬷫
𮥶
𮥹
𮥿
𡵳
𫎇