㫐
㫑
㫒
㫓
㫔
㫕
㫘
㫙
㫚
㫛
㫜
㫝
㫞
㫟
㫠
㫡
㫢
㫣
㫤
㫥
㫦
㫧
㫨
㫩
㫫
㫬
㫭
㫮
㫯
㫰
㫱
㫲
㫳
㫴
㫵
㫶
㫷
㫸
㫹
㫺
㫻
㫼
㫽
㫾
㫿
㬀
㬁
㬂
㬃
㬄
㬅
㬆
㬇
㬈
㬉
㬊
㬋
㬌
㬍
㬏
㬐
㬑
㬒
㬓
㬔
㬕
㬖
㬗
㬘
㬙
㬛
㬝
㬞
㬟
㬠
㬡
㬣
㬤
㬥
㬦
㬧
㬨
㬩
㬪
㬫
㬬
㬭
㬮
㬯
䁀
旪
旫
旮
旯
旰
旳
旴
旵
时
旷
旸
旽
旾
旿
昁
昅
昋
昍
昐
昑
昒
昖
昗
昘
昙
昚
昛
昝
昣
昦
昩
昬
昮
昲
昷
昸
昹
昻
昽
显
晀
晆
晇
晊
晍
晐
晓
晔
晕
晖
晘
晜
晠
晱
晲
晵
晹
晼
晽
晾
晿
暂
暅
暆
暊
暋
暌
暏
暓
暔
暕
暚
暛
暜
暞
暟
暡
暣
暤
暥
暧
暨
暩
暪
暬
暯
暰
暳
暶
暷
暺
暽
曀
曂
曃
曅
曊
曋
曌
曍
曎
曏
曐
曑
曒
曓
曔
曕
曗
曘
曞
曟
曡
曢
曣
曤
曥
曧
曪
曫
曭
曮
曯
龧
曆
暈
易
暴
晴
晴
𠁞
𠆛
𣄻
𣄼
𣄽
𣄾
𣄿
𣅀
𣅁
𣅂
𣅃
𣅄
𣅅
𣅆
𣅇
𣅈
𣅉
𣅊
𣅋
𣅌
𣅍
𣅎
𣅏
𣅐
𣅑
𣅒
𣅓
𣅔
𣅕
𣅖
𣅗
𣅘
𣅙
𣅚
𣅛
𣅜
𣅝
𣅞
𣅟
𣅠
𣅡
𣅢
𣅣
𣅤
𣅥
𣅦
𣅧
𣅨
𣅩
𣅪
𣅫
𣅬
𣅭
𣅮
𣅯
𣅰
𣅱
𣅲
𣅳
𣅴
𣅵
𣅶
𣅷
𣅸
𣅹
𣅺
𣅻
𣅼
𣅽
𣅾
𣅿
𣆀
𣆁
𣆂
𣆃
𣆄
𣆅
𣆆
𣆇
𣆈
𣆊
𣆋
𣆌
𣆍
𣆎
𣆏
𣆐
𣆑
𣆒
𣆓
𣆔
𣆕
𣆖
𣆗
𣆘
𣆙
𣆚
𣆛
𣆜
𣆝
𣆞
𣆟
𣆠
𣆡
𣆢
𣆣
𣆤
𣆥
𣆦
𣆧
𣆨
𣆩
𣆪
𣆫
𣆬
𣆭
𣆮
𣆯
𣆰
𣆱
𣆲
𣆳
𣆴
𣆵
𣆷
𣆸
𣆹
𣆺
𣆻
𣆼
𣆽
𣆾
𣆿
𣇀
𣇁
𣇂
𣇅
𣇆
𣇇
𣇈
𣇉
𣇊
𣇋
𣇌
𣇍
𣇎
𣇏
𣇐
𣇑
𣇒
𣇓
𣇔
𣇕
𣇖
𣇗
𣇘
𣇙
𣇚
𣇛
𣇜
𣇝
𣇞
𣇟
𣇠
𣇡
𣇢
𣇣
𣇤
𣇥
𣇦
𣇧
𣇨
𣇩
𣇪
𣇫
𣇬
𣇭
𣇮
𣇯
𣇰
𣇱
𣇲
𣇳
𣇴
𣇶
𣇷
𣇸
𣇹
𣇺
𣇻
𣇼
𣇽
𣇾
𣇿
𣈀
𣈁
𣈂
𣈃
𣈄
𣈅
𣈆
𣈇
𣈈
𣈉
𣈊
𣈋
𣈌
𣈍
𣈎
𣈏
𣈐
𣈑
𣈒
𣈓
𣈔
𣈕
𣈖
𣈗
𣈘
𣈙
𣈚
𣈛
𣈜
𣈝
𣈞
𣈟
𣈠
𣈡
𣈢
𣈣
𣈤
𣈥
𣈦
𣈧
𣈨
𣈩
𣈪
𣈫
𣈬
𣈭
𣈮
𣈯
𣈰
𣈱
𣈲
𣈳
𣈴
𣈵
𣈶
𣈷
𣈸
𣈹
𣈺
𣈻
𣈼
𣈽
𣈾
𣈿
𣉀
𣉁
𣉂
𣉃
𣉄
𣉅
𣉆
𣉇
𣉈
𣉉
𣉊
𣉋
𣉌
𣉍
𣉎
𣉏
𣉐
𣉑
𣉒
𣉓
𣉔
𣉕
𣉖
𣉗
𣉘
𣉙
𣉚
𣉛
𣉜
𣉝
𣉞
𣉟
𣉠
𣉢
𣉣
𣉤
𣉥
𣉦
𣉧
𣉨
𣉩
𣉪
𣉫
𣉬
𣉭
𣉮
𣉯
𣉰
𣉱
𣉲
𣉳
𣉴
𣉵
𣉶
𣉷
𣉸
𣉹
𣉺
𣉻
𣉼
𣉽
𣉾
𣉿
𣊀
𣊁
𣊂
𣊃
𣊄
𣊅
𣊆
𣊇
𣊈
𣊉
𣊊
𣊋
𣊌
𣊍
𣊎
𣊏
𣊐
𣊑
𣊓
𣊔
𣊕
𣊖
𣊗
𣊘
𣊙
𣊚
𣊛
𣊜
𣊝
𣊞
𣊟
𣊠
𣊡
𣊢
𣊣
𣊤
𣊥
𣊦
𣊧
𣊨
𣊩
𣊪
𣊫
𣊬
𣊭
𣊮
𣊯
𣊰
𣊱
𣊲
𣊳
𣊴
𣊵
𣊶
𣊷
𣊸
𣊹
𣊺
𣊻
𣊼
𣊽
𣊾
𣊿
𣋀
𣋁
𣋂
𣋃
𣋄
𣋅
𣋆
𣋇
𣋈
𣋉
𣋊
𣋋
𣋌
𣋍
𣋎
𣋏
𣋐
𣋑
𣋒
𣋓
𣋔
𣋕
𣋖
𣋗
𣋘
𣋙
𣋚
𣋛
𣋜
𣋝
𣋞
𣋟
𣋠
𣋡
𣋢
𣋣
𣋤
𣋥
𣋦
𣋧
𣋨
𣋩
𣋪
𣋫
𣋬
𣋭
𣋮
𣋯
𣋱
𣋲
𣋳
𣋴
𣋵
𣋶
𣋷
𣋸
𣋹
𣋺
𣋻
𣋼
𣋽
𣋾
𣋿
𣌀
𣌁
𣌂
𣌃
𣌄
𣌅
𣌆
𣌇
𣌈
𣌉
𣌊
𣌋
𣌌
𣌍
𣌎
𣌏
𣌐
𣌑
𣌒
𣌓
𣌔
𣌕
𣌖
𣌗
𣌘
𣌙
𣌛
𣌜
𣌝
𣌟
𣌠
𥫂
𪰆
𪰇
𪰈
𪰉
𪰊
𪰋
𪰌
𪰍
𪰎
𪰏
𪰐
𪰑
𪰒
𪰓
𪰔
𪰕
𪰖
𪰗
𪰘
𪰙
𪰚
𪰛
𪰜
𪰝
𪰞
𪰟
𪰠
𪰡
𪰢
𪰣
𪰤
𪰥
𪰦
𪰧
𪰨
𪰩
𪰪
𪰫
𪰬
𪰭
𪰮
𪰯
𪰰
𪰱
𪰲
𪰳
𪰴
𪰵
𪰶
𪰷
𪰸
𪰹
𪰺
𪰻
𪰼
𪰽
𪰾
𪰿
𪱀
𪱁
𪱂
𪱃
𪱄
𪱅
𪱆
𪱇
𪱈
𪱉
𪱊
𪱋
𪱌
𪱍
𪱎
𪱏
𪱐
𪱑
𪱒
𪱓
𪱔
𫞂
𫞃
𫞄
𬀦
𬀧
𬀨
𬀩
𬀪
𬀫
𬀬
𬀭
𬀮
𬀯
𬀰
𬀱
𬀲
𬀳
𬀴
𬀵
𬀶
𬀷
𬀸
𬀹
𬀺
𬀻
𬀼
𬀽
𬀾
𬀿
𬁀
𬁁
𬁂
𬁃
𬁄
𬁅
𬁆
𬁇
𬁈
𬁉
𬁊
𬁋
𬁌
𬁍
𬁎
𬁏
𬁐
𬁑
𬁒
𬁓
𬁔
𬁕
𬁖
𬁗
𬁘
𬁙
𬁚
𬁛
𬁜
𬁝
𬁞
𬺩
𭥋
𭥌
𭥍
𭥎
𭥏
𭥐
𭥑
𭥒
𭥓
𭥔
𭥕
𭥖
𭥗
𭥘
𭥙
𭥚
𭥛
𭥜
𭥝
𭥞
𭥟
𭥠
𭥡
𭥢
𭥣
𭥤
𭥥
𭥦
𭥧
𭥨
𭥩
𭥪
𭥫
𭥬
𭥭
𭥮
𭥯
𭥰
𭥱
𭥲
𭥳
𭥴
𭥵
𭥶
𭥷
𭥸
𭥹
𭥺
𭥻
𭥼
𭥽
𭥾
𭥿
𭦀
𭦁
𭦂
𭦃
𭦄
𭦅
𭦆
𭦇
𭦈
𭦉
𭦊
𭦋
𭦌
𭦍
𭦎
𭦏
𭦐
𭦑
𭦒
𭦓
𭦔
𭦕
𭦖
𭦗
𭦘
𭦙
𭦚
𭦛
𭦜
𭦝
𭦞
𭦟
𭦠
𭦡
𭦢
𭦣
𭦤
𭦥
𭦦
𭦧
𭦨
𭦩
𭦪
𭦫
𭦬
𭦭
𭦮
𭦯
𭦰
𭦱
𭦲
𭦳
𭦴
𭦵
𭦶
𭦷
𭦸
𭦹
𭦺
𭦻
𭦼
𭦽
𭦾
𭦿
𭧀
𭧁
𭧂
𭧃
𭧄
𭧅
𭧆
𭧇
𭧈
𭧉
𭧊
𭧋
𭧌
𭧍
𭧎
𭧏
𭧐
𭧑
𭧒
𭧓
𭧔
𭧕
𭧖
𭧗
𭧘
𭧙
𭧚
𭧛
𭧜
𭧝
𭧞
𭧟
𭧠
𭧡
𭧢
𭧣
𭧤
𭧥
𭧦
𭧧
𭧨
𭧩
𭧪
𭧫
𭧬
𭧭
𭧮
𭧯
𭧰
𭧱
𭧲
𭧳
𭧴
𭧵
𭧶
𭧷
𭧸
𭧹
𭧺
𭧻
𭧼
𭧽
𭧾
𭧿
𭨀
𭨁
𭨂
𭨃
𭨄
𭨅
𭨆
𭨇
𭨈
𭨉
𭨊
𭨋
𭨌
𭨍
𭨎
𭨏
𭨐
𭨑
𭨒
𭨓
𭨔
𭨕
𭨖
𭨗
𮲚
𮲛
𮲜
𮲝
𮲞
𮲟
𮲠
𮲡
𮲢
𮲣
𮲤
𮲥
𮲦
𮲧
𮲨
𮲩
𣊸
晉
㬙
暑
㬈
㫤
暜
𰕱
𰕲
𰕳
𰕴
𰕵
𰕶
𰕷
𰕸
𰕹
𰕺
𰕻
𰕼
𰕽
𰕾
𰕿
𰖀
𰖁
𰖂
𰖃
𰖄
𰖅
𰖆
𰖇
𰖈
𰖉
𰖊
𰖋
𰖌
𰖍
𰖎
𰖏
𰖐
𰖑
𰖒
𰖓
𰖔
𰖕
𰖖
𰖗
𰖘
𰖙
𰖚
𰖛
𰖜
𰖝
𰖞
𰖟
𰖠
𰖡
𰖢
𰖣
𰖤
𰖥
𰖦
𰖧
𰖨
𰖩
𰖪
𰖫
𰖬
𰖭
𰖮
𰖯
𰖰
𰖱
𰖲
𰖳
𰖴
𰖵
𰖶
𰖷
𰖸
𰖹
𰖺
𰖻
𰖼
𰖽
𰖾
𱡹
𱡺
𱡻
𱡼
𱡽
𱡾
𱡿
𱢀
𱢁
𱢂
𱢃
𱢄
𱢅
𱢆
𱢇
𱢈
𱢉
𱢊
𱢋
𱢌
𱢍
𱢎
𱢏
𱢐
𱢑
𱢒
𱢓
𱢔
𱢕
𱢖
𱢗
𱢘
𱢙
𱢚
𱢛
𱢜
𱢝
𱢞
𱢟
𱢠
𱢡
𱢢
𱢣
𱢤
𱢥
𱢦
𱢧
𱢨
𱢩
𱢪
𱢫
𱢬
𱢭
𱢮
𱢯
𱢰
𱢱
𱢲
𱢳
𱢴
𲤏
𲤐
𲤑
𲤒
𲤓
𲤔
𲤕
𲤖
𲤗
𲤘
𲤙
𲤚
𲤛
𲤜
𲤝
𲤞
𲤟
𲤠
𲤡
𲤢
𲤣
𲤤
𲤥
𲤦
𲤧
𲤨
𲤩
𲤪
𲤫
𲤬
𲤭
𲤮
𲤯
𲤰
𲤱
𲤲
𲤳
𲤴
𲤵
𲤶
𲤷
𲤸
𲤹
𲤺
𲤻
𲤼
𲤽
𲤾
𲤿
𲥀
𲥁
𲥂
𲥃
𲥄
𲥅
𲥆
𲥇
𲥈
𲥉
𲥊
𲥋
𲥌
𲥍
𲥎
𲥏
𲥐
𳐟