㧃
㧄
㧅
㧆
㧇
㧈
㧉
㧊
㧋
㧌
㧍
㧎
㧏
㧐
㧑
㧒
㧓
㧔
㧕
㧖
㧗
㧘
㧙
㧚
㧛
㧜
㧝
㧞
㧟
㧠
㧡
㧢
㧣
㧤
㧥
㧦
㧧
㧨
㧩
㧪
㧫
㧬
㧭
㧮
㧯
㧰
㧱
㧲
㧳
㧴
㧵
㧶
㧷
㧸
㧹
㧺
㧻
㧼
㧽
㧾
㧿
㨀
㨁
㨂
㨃
㨄
㨅
㨆
㨇
㨈
㨉
㨊
㨋
㨌
㨍
㨎
㨏
㨐
㨑
㨒
㨓
㨔
㨕
㨖
㨗
㨘
㨙
㨚
㨛
㨜
㨝
㨞
㨟
㨠
㨡
㨢
㨣
㨤
㨥
㨦
㨧
㨨
㨩
㨪
㨫
㨬
㨭
㨮
㨯
㨰
㨱
㨲
㨳
㨴
㨵
㨶
㨷
㨸
㨹
㨺
㨻
㨼
㨽
㨾
㨿
㩀
㩁
㩂
㩃
㩄
㩅
㩆
㩇
㩈
㩉
㩊
㩋
㩌
㩍
㩎
㩏
㩐
㩑
㩒
㩓
㩔
㩕
㩖
㩗
㩘
㩙
㩚
㩛
㩜
㩝
㩞
㩟
㩠
㩡
㩢
㩣
㩤
㩥
㩦
㩧
㩨
㩩
㩪
㩫
㩬
㩭
㩮
㩯
㩰
㩱
㩲
㩳
㩴
㩵
㩶
㩷
㩸
㩹
扌
扏
扐
扑
扒
扔
扖
扗
扙
扚
扜
扝
扟
扡
扢
扤
扥
扦
执
扩
扪
扫
扬
扭
扯
扰
扲
扳
扴
扵
扷
扸
扺
扻
扽
抁
抅
抆
抇
抈
抋
抌
抍
抎
抏
抐
抙
抚
抝
抟
抠
抡
抢
抣
护
报
抦
抧
抨
抩
抪
抭
抮
抯
抰
抲
抳
抴
抶
抷
抸
抺
抾
抿
拀
拁
拃
拄
拋
拎
拕
拖
拚
拞
拟
拢
拣
拤
拥
拦
拧
拨
择
拪
拫
拰
拲
拴
拸
拹
拺
拻
拼
拽
挀
挃
挄
挅
挆
挊
挋
挍
挎
挏
挐
挒
挓
挔
挕
挖
挗
挘
挚
挛
挜
挝
挞
挠
挡
挢
挣
挤
挥
挦
挩
挪
挬
挭
挮
挰
挱
挲
挳
挴
挵
挶
挷
挸
挹
挻
挼
捀
捁
捂
捃
捄
捅
捆
捇
捈
捊
捋
捎
捑
捒
捓
捔
捖
捘
捙
捚
捛
捝
捞
损
捠
捡
换
捣
捤
捥
捦
捪
捬
捭
捯
捰
捱
捳
捴
捵
捸
捹
捼
捽
捾
捿
掁
掂
掄
掅
掆
掇
掊
掋
掍
掐
掑
掓
掔
掕
掗
掙
掚
掜
掝
掞
掤
掦
掭
掮
掯
掰
掱
掳
掶
掷
掸
掹
掺
掼
掽
掿
揁
揂
揅
揇
揈
揊
揋
揌
揍
揎
揑
揓
揔
揕
揗
揘
揙
揜
揝
揞
揟
揠
揢
揤
揥
揦
揧
揨
揪
揫
揬
揭
揯
揰
揱
揲
揳
揵
揷
揸
揹
揻
揼
揽
揾
揿
搀
搁
搂
搃
搄
搅
搇
搈
搉
搊
搋
搌
搎
搐
搑
搒
搔
搕
搘
搙
搚
搛
搝
搞
搟
搠
搡
搢
搣
搤
搥
搧
搩
搪
搫
搮
搯
搰
搱
搲
搳
搵
搷
搸
搹
搻
搼
搽
搿
摀
摁
摃
摄
摅
摆
摇
摈
摉
摊
摋
摌
摍
摏
摐
摑
摒
摓
摔
摕
摖
摗
摙
摚
摛
摜
摝
摞
摟
摠
摡
摢
摣
摤
摥
摦
摨
摪
摫
摬
摭
摮
摰
摱
摲
摳
摴
摵
摷
摹
摻
摼
摽
摾
摿
撀
撁
撂
撄
撅
撆
撇
撉
撊
撋
撌
撍
撎
撏
撐
撑
撔
撖
撗
撘
撙
撛
撜
撝
撟
撠
撡
撢
撣
撦
撧
撨
撪
撬
撯
撱
撳
撴
撵
撶
撷
撸
撺
撽
撾
撿
擀
擃
擄
擆
擈
擉
擊
擋
擌
擎
擏
擐
擑
擓
擕
擖
擗
擙
擛
擜
擝
擞
擟
擤
擥
擨
擩
擪
擫
擭
擮
擰
擳
擵
擷
擸
擹
擻
擼
擿
攁
攂
攃
攄
攆
攇
攈
攉
攊
攋
攌
攍
攎
攏
攐
攑
攒
攓
攔
攕
攖
攗
攙
攚
攛
攞
攟
攠
攡
攢
攥
攦
攧
攨
攩
攭
攮
龵
鿜
拉
擄
拏
拾
掠
撚
捻
拓
揄
搜
摒
𢩥
𢩦
𢩧
𢩨
𢩩
𢩪
𢩫
𢩬
𢩭
𢩮
𢩯
𢩰
𢩱
𢩲
𢩳
𢩴
𢩵
𢩶
𢩷
𢩸
𢩹
𢩺
𢩻
𢩼
𢩽
𢩾
𢩿
𢪀
𢪁
𢪂
𢪃
𢪄
𢪅
𢪆
𢪇
𢪈
𢪉
𢪊
𢪋
𢪌
𢪍
𢪎
𢪏
𢪐
𢪑
𢪒
𢪓
𢪔
𢪕
𢪖
𢪗
𢪘
𢪙
𢪚
𢪛
𢪜
𢪝
𢪞
𢪟
𢪠
𢪡
𢪢
𢪣
𢪤
𢪥
𢪦
𢪧
𢪨
𢪩
𢪪
𢪫
𢪬
𢪭
𢪮
𢪯
𢪰
𢪱
𢪲
𢪳
𢪴
𢪵
𢪶
𢪷
𢪸
𢪹
𢪺
𢪻
𢪼
𢪽
𢪾
𢪿
𢫀
𢫁
𢫂
𢫃
𢫄
𢫅
𢫆
𢫇
𢫈
𢫉
𢫊
𢫋
𢫌
𢫍
𢫎
𢫏
𢫐
𢫑
𢫒
𢫓
𢫔
𢫕
𢫖
𢫗
𢫘
𢫙
𢫚
𢫛
𢫜
𢫝
𢫞
𢫟
𢫠
𢫡
𢫢
𢫣
𢫤
𢫥
𢫦
𢫧
𢫨
𢫩
𢫪
𢫫
𢫬
𢫭
𢫮
𢫯
𢫰
𢫱
𢫲
𢫳
𢫴
𢫵
𢫶
𢫷
𢫸
𢫹
𢫺
𢫻
𢫼
𢫽
𢫾
𢫿
𢬀
𢬁
𢬂
𢬃
𢬄
𢬅
𢬆
𢬇
𢬈
𢬉
𢬊
𢬋
𢬌
𢬍
𢬎
𢬏
𢬐
𢬑
𢬒
𢬓
𢬔
𢬕
𢬖
𢬗
𢬘
𢬙
𢬚
𢬛
𢬜
𢬝
𢬞
𢬟
𢬠
𢬡
𢬢
𢬣
𢬤
𢬥
𢬦
𢬧
𢬨
𢬩
𢬪
𢬫
𢬬
𢬭
𢬮
𢬯
𢬰
𢬱
𢬲
𢬳
𢬴
𢬵
𢬶
𢬷
𢬸
𢬹
𢬺
𢬻
𢬼
𢬽
𢬾
𢬿
𢭀
𢭁
𢭂
𢭃
𢭄
𢭅
𢭆
𢭇
𢭈
𢭉
𢭊
𢭋
𢭌
𢭍
𢭎
𢭏
𢭐
𢭑
𢭒
𢭓
𢭔
𢭕
𢭖
𢭗
𢭘
𢭙
𢭚
𢭛
𢭜
𢭝
𢭞
𢭟
𢭠
𢭡
𢭢
𢭣
𢭤
𢭥
𢭦
𢭧
𢭨
𢭩
𢭪
𢭫
𢭬
𢭭
𢭮
𢭯
𢭰
𢭱
𢭲
𢭳
𢭴
𢭵
𢭶
𢭷
𢭸
𢭹
𢭺
𢭻
𢭼
𢭽
𢭾
𢭿
𢮀
𢮁
𢮂
𢮃
𢮄
𢮅
𢮆
𢮇
𢮈
𢮉
𢮊
𢮋
𢮌
𢮍
𢮎
𢮏
𢮐
𢮑
𢮒
𢮓
𢮔
𢮕
𢮖
𢮗
𢮘
𢮙
𢮚
𢮛
𢮜
𢮝
𢮞
𢮟
𢮠
𢮡
𢮢
𢮣
𢮤
𢮥
𢮦
𢮧
𢮨
𢮩
𢮪
𢮫
𢮬
𢮭
𢮮
𢮯
𢮰
𢮱
𢮲
𢮳
𢮴
𢮵
𢮶
𢮷
𢮸
𢮹
𢮺
𢮻
𢮼
𢮽
𢮾
𢮿
𢯀
𢯁
𢯂
𢯃
𢯄
𢯅
𢯆
𢯇
𢯈
𢯉
𢯊
𢯋
𢯌
𢯍
𢯎
𢯏
𢯐
𢯑
𢯒
𢯓
𢯔
𢯕
𢯖
𢯗
𢯘
𢯙
𢯚
𢯛
𢯜
𢯝
𢯞
𢯟
𢯠
𢯡
𢯢
𢯣
𢯤
𢯥
𢯦
𢯧
𢯨
𢯩
𢯪
𢯫
𢯬
𢯭
𢯮
𢯯
𢯰
𢯱
𢯲
𢯳
𢯴
𢯵
𢯶
𢯷
𢯸
𢯹
𢯺
𢯻
𢯼
𢯽
𢯾
𢯿
𢰀
𢰁
𢰂
𢰃
𢰄
𢰅
𢰆
𢰇
𢰈
𢰉
𢰊
𢰋
𢰌
𢰍
𢰎
𢰏
𢰐
𢰑
𢰒
𢰓
𢰔
𢰕
𢰖
𢰗
𢰘
𢰙
𢰚
𢰛
𢰜
𢰝
𢰞
𢰟
𢰠
𢰡
𢰢
𢰣
𢰤
𢰥
𢰦
𢰧
𢰨
𢰩
𢰪
𢰫
𢰬
𢰭
𢰮
𢰯
𢰰
𢰱
𢰲
𢰳
𢰴
𢰵
𢰶
𢰷
𢰸
𢰹
𢰺
𢰻
𢰼
𢰽
𢰾
𢱀
𢱁
𢱂
𢱃
𢱄
𢱅
𢱆
𢱇
𢱈
𢱉
𢱊
𢱋
𢱌
𢱍
𢱎
𢱏
𢱐
𢱑
𢱒
𢱓
𢱔
𢱕
𢱖
𢱗
𢱘
𢱙
𢱚
𢱛
𢱜
𢱝
𢱞
𢱟
𢱠
𢱡
𢱢
𢱣
𢱤
𢱥
𢱦
𢱧
𢱨
𢱩
𢱪
𢱫
𢱬
𢱭
𢱮
𢱯
𢱰
𢱱
𢱲
𢱳
𢱴
𢱵
𢱶
𢱷
𢱸
𢱹
𢱺
𢱻
𢱼
𢱽
𢱾
𢱿
𢲀
𢲁
𢲂
𢲃
𢲄
𢲅
𢲆
𢲇
𢲈
𢲉
𢲊
𢲋
𢲌
𢲍
𢲎
𢲏
𢲐
𢲑
𢲒
𢲓
𢲔
𢲕
𢲖
𢲗
𢲘
𢲙
𢲚
𢲛
𢲜
𢲝
𢲞
𢲟
𢲠
𢲡
𢲢
𢲣
𢲤
𢲥
𢲦
𢲧
𢲨
𢲩
𢲪
𢲫
𢲬
𢲭
𢲮
𢲯
𢲰
𢲱
𢲲
𢲳
𢲴
𢲵
𢲶
𢲷
𢲸
𢲹
𢲺
𢲻
𢲼
𢲽
𢲾
𢲿
𢳀
𢳁
𢳂
𢳃
𢳄
𢳅
𢳆
𢳇
𢳈
𢳉
𢳊
𢳋
𢳌
𢳍
𢳎
𢳏
𢳐
𢳑
𢳒
𢳓
𢳔
𢳕
𢳖
𢳗
𢳘
𢳙
𢳚
𢳛
𢳜
𢳝
𢳞
𢳟
𢳠
𢳡
𢳢
𢳣
𢳤
𢳥
𢳦
𢳧
𢳨
𢳩
𢳪
𢳫
𢳬
𢳭
𢳮
𢳯
𢳰
𢳱
𢳲
𢳳
𢳴
𢳵
𢳶
𢳷
𢳸
𢳹
𢳺
𢳻
𢳼
𢳽
𢳾
𢳿
𢴀
𢴁
𢴂
𢴃
𢴄
𢴅
𢴆
𢴇
𢴈
𢴉
𢴊
𢴋
𢴌
𢴍
𢴎
𢴏
𢴐
𢴑
𢴒
𢴓
𢴔
𢴕
𢴖
𢴗
𢴘
𢴙
𢴚
𢴛
𢴜
𢴝
𢴞
𢴟
𢴠
𢴡
𢴢
𢴣
𢴤
𢴥
𢴦
𢴧
𢴨
𢴩
𢴪
𢴫
𢴬
𢴭
𢴮
𢴯
𢴰
𢴱
𢴲
𢴳
𢴴
𢴵
𢴶
𢴷
𢴸
𢴹
𢴺
𢴻
𢴼
𢴽
𢴾
𢴿
𢵀
𢵁
𢵂
𢵃
𢵄
𢵅
𢵆
𢵇
𢵈
𢵉
𢵊
𢵋
𢵌
𢵍
𢵎
𢵏
𢵐
𢵑
𢵒
𢵓
𢵔
𢵕
𢵖
𢵗
𢵘
𢵙
𢵚
𢵛
𢵜
𢵝
𢵞
𢵟
𢵠
𢵡
𢵢
𢵣
𢵤
𢵥
𢵦
𢵧
𢵨
𢵩
𢵪
𢵫
𢵬
𢵭
𢵮
𢵯
𢵰
𢵱
𢵲
𢵳
𢵴
𢵵
𢵶
𢵷
𢵸
𢵹
𢵺
𢵻
𢵼
𢵽
𢵾
𢵿
𢶀
𢶁
𢶂
𢶃
𢶄
𢶅
𢶆
𢶇
𢶈
𢶉
𢶊
𢶋
𢶌
𢶍
𢶎
𢶏
𢶐
𢶑
𢶒
𢶓
𢶔
𢶕
𢶖
𢶗
𢶘
𢶙
𢶚
𢶛
𢶜
𢶝
𢶞
𢶟
𢶠
𢶡
𢶢
𢶣
𢶤
𢶥
𢶦
𢶧
𢶨
𢶩
𢶪
𢶫
𢶬
𢶭
𢶮
𢶯
𢶰
𢶱
𢶲
𢶳
𢶴
𢶵
𢶶
𢶷
𢶸
𢶹
𢶺
𢶻
𢶼
𢶽
𢶾
𢶿
𢷀
𢷁
𢷂
𢷃
𢷄
𢷅
𢷆
𢷇
𢷈
𢷉
𢷊
𢷋
𢷌
𢷍
𢷎
𢷏
𢷐
𢷑
𢷒
𢷓
𢷔
𢷕
𢷖
𢷗
𢷘
𢷙
𢷚
𢷛
𢷜
𢷝
𢷞
𢷟
𢷠
𢷡
𢷢
𢷣
𢷤
𢷥
𢷦
𢷧
𢷨
𢷩
𢷪
𢷫
𢷬
𢷭
𢷮
𢷯
𢷰
𢷱
𢷲
𢷳
𢷴
𢷵
𢷶
𢷷
𢷸
𢷹
𢷺
𢷻
𢷼
𢷽
𢷾
𢷿
𢸀
𢸁
𢸂
𢸃
𢸄
𢸅
𢸆
𢸇
𢸈
𢸉
𢸊
𢸋
𢸌
𢸍
𢸎
𢸏
𢸐
𢸑
𢸒
𢸓
𢸔
𢸕
𢸖
𢸗
𢸘
𢸙
𢸚
𢸛
𢸜
𢸝
𢸞
𢸟
𢸠
𢸡
𢸢
𢸣
𢸤
𢸥
𢸦
𢸧
𢸨
𢸩
𢸪
𢸫
𢸬
𢸭
𢸮
𢸯
𢸰
𢸱
𢸲
𢸳
𢸴
𢸵
𢸶
𢸷
𢸸
𢸹
𢸺
𢸻
𢸼
𢸽
𢸾
𢸿
𢹀
𢹁
𢹂
𢹃
𢹄
𢹅
𢹆
𢹇
𢹈
𢹉
𢹊
𢹋
𢹌
𢹍
𢹎
𢹏
𢹐
𢹑
𢹒
𢹓
𢹔
𢹕
𢹖
𢹗
𢹘
𢹙
𢹚
𢹛
𢹜
𢹝
𢹞
𢹟
𢹠
𢹡
𢹢
𢹣
𢹤
𢹥
𢹦
𢹧
𢹨
𢹩
𢹪
𢹫
𢹬
𢹭
𢹮
𢹯
𢹰
𢹱
𢹲
𢹳
𢹴
𢹵
𢹶
𢹷
𢹸
𢹹
𢹺
𢹻
𢹼
𢹽
𢹾
𢹿
𢺀
𢺁
𢺂
𢺃
𢺄
𢺅
𢺆
𢺇
𢺈
𢺉
𢺊
𢺋
𢺌
𢺍
𢺎
𢺏
𢺐
𢺑
𢺒
𢺓
𢺔
𢺕
𢺖
𢺗
𢺘
𢺙
𢺚
𢺛
𢺜
𢺝
𢺞
𢺟
𢺠
𢺡
𢺢
𢺣
𢺤
𢺥
𢺦
𢺧
𢺨
𢺩
𢺪
𢺫
𢺬
𢺭
𢺮
𢺯
𢺰
𢺱
𢺲
𢺳
𢺴
𪭜
𪭝
𪭞
𪭟
𪭠
𪭡
𪭢
𪭣
𪭤
𪭥
𪭦
𪭧
𪭨
𪭩
𪭪
𪭫
𪭬
𪭭
𪭮
𪭯
𪭰
𪭱
𪭲
𪭳
𪭴
𪭵
𪭶
𪭷
𪭸
𪭹
𪭺
𪭻
𪭼
𪭽
𪭾
𪭿
𪮀
𪮁
𪮂
𪮃
𪮄
𪮅
𪮆
𪮇
𪮈
𪮉
𪮊
𪮋
𪮌
𪮍
𪮎
𪮏
𪮐
𪮑
𪮒
𪮓
𪮔
𪮕
𪮖
𪮗
𪮘
𪮙
𪮚
𪮛
𪮜
𪮝
𪮞
𪮟
𪮠
𪮡
𪮢
𪮣
𪮤
𪮥
𪮦
𪮧
𪮨
𪮩
𪮪
𪮫
𪮬
𪮭
𪮮
𪮯
𪮰
𪮱
𪮲
𪮳
𪮴
𪮵
𪮶
𪮷
𪮸
𪮹
𪮺
𪮻
𪮼
𪮽
𪮾
𪮿
𪯀
𪯁
𪯂
𪯃
𪯄
𫝺
𫝻
𫝼
𫝽
𫝾
𫝿
𫼓
𫼔
𫼕
𫼖
𫼗
𫼘
𫼙
𫼚
𫼛
𫼜
𫼝
𫼞
𫼟
𫼠
𫼡
𫼢
𫼣
𫼤
𫼥
𫼦
𫼧
𫼨
𫼩
𫼪
𫼫
𫼬
𫼭
𫼮
𫼯
𫼰
𫼱
𫼲
𫼳
𫼴
𫼵
𫼶
𫼷
𫼸
𫼹
𫼺
𫼻
𫼼
𫼽
𫼾
𫼿
𫽀
𫽁
𫽂
𫽃
𫽄
𫽅
𫽆
𫽇
𫽈
𫽉
𫽊
𫽋
𫽌
𫽍
𫽎
𫽏
𫽐
𫽑
𫽒
𫽓
𫽔
𫽕
𫽖
𫽗
𫽘
𫽙
𫽚
𫽛
𫽜
𫽝
𫽞
𫽟
𫽠
𫽡
𫽢
𫽣
𫽤
𫽥
𫽦
𫽧
𫽨
𫽩
𫽪
𫽫
𫽬
𫽭
𫽮
𫽯
𫽰
𫽱
𫽲
𫽳
𫽴
𫽵
𫽶
𫽷
𫽸
𫽹
𫽺
𫽻
𫽼
𫽽
𫽾
𫽿
𫾀
𫾁
𫾂
𫾃
𫾄
𫾅
𫾆
𫾇
𫾈
𫾉
𫾊
𫾋
𫾌
𫾍
𫾎
𫾏
𫾐
𫾑
𫾒
𫾓
𫾔
𫾕
𫾖
𫾗
𫾘
𫾙
𫾚
𫾛
𫾜
𫾝
𫾞
𫾟
𫾠
𫾡
𫾢
𭠍
𭠎
𭠏
𭠐
𭠑
𭠒
𭠓
𭠔
𭠕
𭠖
𭠗
𭠘
𭠙
𭠚
𭠛
𭠜
𭠝
𭠞
𭠟
𭠠
𭠡
𭠢
𭠣
𭠤
𭠥
𭠦
𭠧
𭠨
𭠩
𭠪
𭠫
𭠬
𭠭
𭠮
𭠯
𭠰
𭠱
𭠲
𭠳
𭠴
𭠵
𭠶
𭠷
𭠸
𭠹
𭠺
𭠻
𭠼
𭠽
𭠾
𭠿
𭡀
𭡁
𭡂
𭡃
𭡄
𭡅
𭡆
𭡇
𭡈
𭡉
𭡊
𭡋
𭡌
𭡍
𭡎
𭡏
𭡐
𭡑
𭡒
𭡓
𭡔
𭡕
𭡖
𭡗
𭡘
𭡙
𭡚
𭡛
𭡜
𭡝
𭡞
𭡟
𭡠
𭡡
𭡢
𭡣
𭡤
𭡥
𭡦
𭡧
𭡨
𭡩
𭡪
𭡫
𭡬
𭡭
𭡮
𭡯
𭡰
𭡱
𭡲
𭡳
𭡴
𭡵
𭡶
𭡷
𭡸
𭡹
𭡺
𭡻
𭡼
𭡽
𭡾
𭡿
𭢀
𭢁
𭢂
𭢃
𭢄
𭢅
𭢆
𭢇
𭢈
𭢉
𭢊
𭢋
𭢌
𭢍
𭢎
𭢏
𭢐
𭢑
𭢒
𭢓
𭢔
𭢕
𭢖
𭢗
𭢘
𭢙
𭢚
𭢛
𭢜
𭢝
𭢞
𭢟
𭢠
𭢡
𭢢
𭢣
𭢤
𭢥
𭢦
𭢧
𭢨
𭢩
𭢪
𭢫
𭢬
𭢭
𭢮
𭢯
𭢰
𭢱
𭢲
𭢳
𭢴
𭢵
𭢶
𭢷
𭢸
𭢹
𭢺
𭢻
𭢼
𭢽
𭢾
𭢿
𭣀
𭣁
𭣂
𭣃
𭣄
𭣅
𭣆
𭣇
𭣈
𭣉
𭣊
𭣋
𭣌
𭣍
𭣎
𭣏
𭣐
𭣑
𭣒
𭣓
𮲏
𮲐
𮲑
𮲒
扝
抱
拔
捐
𢬌
挽
拼
捨
掃
揤
𢯱
搢
揅
掩
㨮
摩
摾
撝
摷
㩬
𰒷
𰒸
𰒹
𰒺
𰒻
𰒼
𰒽
𰒾
𰒿
𰓀
𰓁
𰓂
𰓃
𰓄
𰓅
𰓆
𰓇
𰓈
𰓉
𰓊
𰓋
𰓌
𰓍
𰓎
𰓏
𰓐
𰓑
𰓒
𰓓
𰓔
𰓕
𰓖
𰓗
𰓘
𰓙
𰓚
𰓛
𰓜
𰓝
𰓞
𰓟
𰓠
𰓡
𰓢
𰓣
𰓤
𰓥
𰓦
𰓧
𰓨
𰓩
𰓪
𰓫
𰓬
𰓭
𰓮
𰓯
𰓰
𰓱
𰓲
𰓳
𰓴
𰓵
𰓶
𰓷
𰓸
𰓹
𰓺
𰓻
𰓼
𰓽
𰓾
𰓿
𰔀
𰔁
𰔂
𰔃
𰔄
𰔅
𰔆
𰔇
𰔈
𰔉
𰔊
𰔋
𰔌
𰔍
𰔎
𰔏
𰔐
𰔑
𰔒
𰔓
𰔔
𰔕
𰔖
𰔗
𰔘
𰔙
𰔚
𰔛
𰔜
𰔝
𰔞
𰔟
𰔠
𰔡
𰔢
𰔣
𰔤
𰔥
𰔦
𰔧
𰔨
𰔩
𰔪
𰔫
𰔬
𰔭
𰔮
𰔯
𰔰
𰔱
𰔲
𰔳
𰔴
𰔵
𰔶
𰔷
𰔸
𰔹
𰔺
𰔻
𰔼
𰔽
𰔾
𰔿
𱟩
𱟪
𱟫
𱟬
𱟭
𱟮
𱟯
𱟰
𱟱
𱟲
𱟳
𱟴
𱟵
𱟶
𱟷
𱟸
𱟹
𱟺
𱟻
𱟼
𱟽
𱟾
𱟿
𱠀
𱠁
𱠂
𱠃
𱠄
𱠅
𱠆
𱠇
𱠈
𱠉
𱠊
𱠋
𱠌
𱠍
𱠎
𱠏
𱠐
𱠑
𱠒
𱠓
𱠔
𱠕
𱠖
𱠗
𱠘
𱠙
𱠚
𱠛
𱠜
𱠝
𱠞
𱠟
𱠠
𱠡
𱠢
𱠣
𱠤
𱠥
𱠦
𱠧
𱠨
𱠩
𱠪
𱠫
𱠬
𱠭
𱠮
𱠯
𱠰
𱠱
𱠲
𱠳
𱠴
𱠵
𱠶
𱠷
𱠸
𱠹
𱠺
𱠻
𱠼
𱠽
𱠾
𱠿
𱡀
𱡁
𱡂
𱡃
𱡄
𱡅
𱡆
𱡇
𱡈
𱡉
𱡊
𱡋
𱡌
𱡍
𱡎
𱡏
𱡐
𱡑
𱡒
𱡓
𱡔
𱡕
𱡖