㑂
㑟
㔙
㕩
㕫
㕻
㗊
㘐
㙃
㙅
㚿
㛁
㛔
㜂
㝟
㠮
㡝
㤃
㤣
㥊
㥬
㦀
㧍
㧸
㨍
㨐
㩧
㬥
㭋
㮊
㯡
㯱
㰴
㱶
㲏
㲒
㳒
㵗
㶻
㷭
㷯
㸼
㻄
㻚
㼞
㿶
䀱
䂜
䄘
䄱
䅭
䋽
䍌
䍖
䍬
䎂
䎧
䏽
䏾
䑫
䒍
䒠
䔊
䖫
䗒
䗦
䗬
䗱
䙀
䙖
䙜
䛌
䞳
䟪
䠙
䡫
䢍
䢶
䣙
䤖
䥋
䦕
䧛
䧨
䨜
䨦
䨻
䩝
䩬
䩷
䩼
䫽
䬏
䭋
䭰
䮾
䯽
䰃
䰷
䲱
䳈
䳝
䳞
䳰
䴐
䴶
䴺
䵄
䶂
䶌
𠂜
𠅖
𠅬
𠈃
𠉏
𠊧
𠊻
𠋾
𠌀
𠓟
𠗵
𠘁
𠜳
𠝒
𠞌
𠡮
𠣒
𠣺
𠤈
𠤏
𠤬
𠥓
𠦀
𠨵
𠩝
𠬻
𠭦
𠲑
𠳫
𠹕
𠿙
𡀒
𡂘
𡂟
𡅜
𡉘
𡉚
𡊋
𡊤
𡊽
𡋠
𡎈
𡎾
𡐐
𡕖
𡘋
𡘣
𡙈
𡚔
𡜊
𡡈
𡥀
𡧖
𡧙
𡧰
𡨛
𡩧
𡪓
𡫷
𡯈
𡯌
𡯚
𡴀
𡵞
𡶄
𡶶
𡷅
𡷌
𡹔
𡼜
𡽲
𡾌
𡾛
𢁏
𢄎
𢅉
𢆸
𢇫
𢉁
𢉣
𢋜
𢌇
𢏳
𢐊
𢐒
𢐴
𢒷
𢓱
𢔚
𢕝
𢗒
𢛛
𢜗
𢩱
𢪋
𢮏
𢮔
𢯿
𢱵
𢱹
𢼌
𢼩
𢽩
𢾳
𢿏
𣁺
𣁼
𣂆
𣂤
𣄅
𣍈
𣕅
𣖔
𣘙
𣚇
𣝘
𣟏
𣥄
𣧶
𣨥
𣬢
𣭀
𣮃
𣮡
𣮧
𣯂
𣯊
𣯓
𣯟
𣯽
𣳴
𣶐
𣶢
𤈖
𤑊
𤒁
𤔉
𤔍
𤔣
𤖀
𤖳
𤘾
𤙀
𤙗
𤞥
𤡭
𤣹
𤤓
𤥖
𤧭
𤫬
𤰫
𤱵
𤲊
𤵸
𤼜
𤿔
𥀂
𥄞
𥄹
𥍮
𥎌
𥎰
𥒙
𥔰
𥕱
𥕽
𥚧
𥛝
𥛱
𥛻
𥦜
𥫳
𥭗
𥰵
𥴣
𥶔
𥻭
𦂌
𦅈
𦆫
𦊠
𦐙
𦐸
𦔗
𦔩
𦜁
𦜍
𦜟
𦝐
𦝷
𦠖
𦢭
𦣂
𦦝
𦧁
𦪎
𦪤
𦪪
𦫗
𦫣
𦫱
𦬣
𦬽
𦭋
𦭼
𦰥
𦴏
𦵿
𦷛
𦹩
𦺎
𦺑
𦽻
𦾭
𦿪
𧇑
𧇒
𧇭
𧉳
𧊩
𧌇
𧎞
𧏑
𧑑
𧒒
𧓶
𧕄
𧕑
𧘑
𧙌
𧙘
𧚋
𧚭
𧚱
𧚸
𧛙
𧛜
𧜯
𧝘
𧝾
𧞯
𧤞
𧥹
𧧽
𧩱
𧪃
𧫮
𧭤
𧮔
𧯮
𧱶
𧴂
𧴟
𧵢
𧸾
𧻓
𧼲
𧽴
𧾳
𧿆
𨁳
𨂃
𨅘
𨆊
𨇅
𨋛
𨌥
𨍩
𨎧
𨎳
𨏕
𨏰
𨑎
𨓁
𨔧
𨕧
𨖪
𨗙
𨚔
𨚚
𨛁
𨛟
𨜃
𨜤
𨜷
𨠖
𨠟
𨡋
𨢐
𨢶
𨣙
𨥹
𨦟
𨩥
𨰦
𨰻
𨲫
𨲰
𨳵
𨹹
𨺀
𨻱
𨾑
𨾔
𨾙
𨿦
𩂞
𩂦
𩄷
𩅅
𩆘
𩇴
𩈈
𩈚
𩉧
𩊅
𩊋
𩊩
𩋮
𩋲
𩌏
𩍂
𩍗
𩍿
𩎘
𩎾
𩐛
𩐜
𩐨
𩑚
𩓄
𩔻
𩖛
𩖜
𩗥
𩗴
𩚭
𩛁
𩛊
𩛒
𩛞
𩜕
𩜿
𩝩
𩝰
𩡕
𩡰
𩡵
𩢈
𩤐
𩦳
𩨣
𩪌
𩬝
𩬽
𩭚
𩭸
𩭼
𩮗
𩱋
𩲌
𩶁
𩷙
𩷸
𩸀
𩹁
𩾡
𪀀
𪁢
𪁣
𪃁
𪆍
𪇰
𪈚
𪈵
𪊳
𪏶
𪐃
𪐿
𪔑
𪔔
𪔳
𪔷
𪕃
𪕺
𭁳
𭐕
𭔟
𭔵
𭖒
𭤧
𭧂
𭶊
𮖥
𮙘
𮬬
𮬰
𮭟
𮭴
𮮆
𬻥