㺨
㺩
㺪
㺫
㺬
㺭
㺮
㺯
㺰
㺱
㺲
㺳
㺴
㺵
㺶
㺷
㺸
㺹
㺺
㺻
㺼
㺽
㺾
㺿
㻀
㻁
㻂
㻃
㻄
㻅
㻆
㻇
㻈
㻉
㻊
㻋
㻌
㻍
㻎
㻏
㻐
㻑
㻒
㻓
㻔
㻕
㻖
㻗
㻘
㻙
㻚
㻛
㻜
㻝
㻞
㻟
㻠
㻡
㻢
㻣
㻤
㻥
㻦
㻧
㻨
㻩
㻪
㻫
㻬
㻭
㻮
㻯
㻰
㻱
㻲
㻳
㻴
㻵
㻶
㻷
㻸
㻹
㻺
㻻
㻼
㻽
㻾
㻿
㼀
㼁
㼂
㼃
㼄
㼅
㼆
㼇
㼈
玌
玍
玎
玏
玐
玑
玒
玓
玗
玙
玚
玛
玝
玡
玣
玤
玧
玪
玬
玭
玮
环
现
玱
玴
玶
玸
玺
玽
玾
珁
珃
珄
珆
珇
珌
珐
珑
珒
珓
珔
珕
珗
珘
珚
珛
珜
珝
珟
珢
珤
珦
珨
珫
珬
珯
珰
珲
珳
珴
珵
珶
珷
珻
珼
珽
珿
琀
琂
琄
琈
琋
琌
琍
琎
琏
琐
琑
琒
琔
琕
琖
琗
琘
琙
琜
琝
琞
琟
琠
琡
琣
琧
琩
琭
琷
琸
琻
琼
琽
琾
瑂
瑅
瑈
瑉
瑊
瑌
瑎
瑏
瑐
瑑
瑔
瑖
瑘
瑡
瑥
瑦
瑧
瑨
瑬
瑮
瑲
瑴
瑵
瑷
瑸
瑹
瑺
瑻
瑼
瑽
瑿
璀
璂
璄
璊
璌
璍
璎
璏
璑
璓
璔
璕
璖
璚
璛
璝
璤
璬
璭
璮
璯
璱
璲
璳
璴
璶
璷
璸
璼
璾
瓀
瓁
瓂
瓃
瓄
瓅
瓆
瓇
瓋
瓌
瓍
瓎
瓐
瓑
瓒
瓓
瓕
瓗
瓙
瓛
鿱
珞
璉
玲
瑩
琉
理
璘
瑱
𠴦
𤣩
𤣪
𤣫
𤣬
𤣭
𤣮
𤣯
𤣰
𤣱
𤣲
𤣳
𤣴
𤣵
𤣶
𤣷
𤣸
𤣹
𤣺
𤣻
𤣼
𤣽
𤣾
𤣿
𤤀
𤤁
𤤂
𤤃
𤤄
𤤅
𤤆
𤤇
𤤈
𤤉
𤤊
𤤋
𤤌
𤤍
𤤎
𤤏
𤤐
𤤑
𤤒
𤤓
𤤔
𤤕
𤤖
𤤗
𤤘
𤤙
𤤚
𤤛
𤤜
𤤝
𤤞
𤤟
𤤠
𤤡
𤤢
𤤣
𤤤
𤤥
𤤦
𤤧
𤤨
𤤩
𤤪
𤤫
𤤬
𤤭
𤤮
𤤯
𤤰
𤤱
𤤲
𤤳
𤤴
𤤵
𤤶
𤤷
𤤸
𤤹
𤤺
𤤻
𤤼
𤤽
𤤾
𤤿
𤥀
𤥁
𤥂
𤥃
𤥄
𤥅
𤥆
𤥇
𤥈
𤥉
𤥊
𤥋
𤥌
𤥍
𤥎
𤥏
𤥐
𤥑
𤥒
𤥓
𤥔
𤥕
𤥖
𤥗
𤥘
𤥙
𤥚
𤥛
𤥜
𤥝
𤥞
𤥟
𤥠
𤥡
𤥢
𤥣
𤥤
𤥥
𤥦
𤥧
𤥨
𤥩
𤥪
𤥫
𤥬
𤥭
𤥮
𤥯
𤥰
𤥱
𤥲
𤥳
𤥴
𤥵
𤥶
𤥷
𤥸
𤥹
𤥺
𤥻
𤥼
𤥽
𤥾
𤥿
𤦀
𤦁
𤦂
𤦃
𤦄
𤦅
𤦆
𤦇
𤦈
𤦉
𤦊
𤦋
𤦌
𤦍
𤦎
𤦏
𤦐
𤦑
𤦒
𤦓
𤦔
𤦕
𤦖
𤦗
𤦘
𤦙
𤦚
𤦛
𤦜
𤦝
𤦞
𤦟
𤦠
𤦡
𤦢
𤦣
𤦤
𤦥
𤦦
𤦧
𤦨
𤦩
𤦪
𤦫
𤦬
𤦭
𤦮
𤦯
𤦰
𤦱
𤦲
𤦳
𤦴
𤦵
𤦶
𤦷
𤦸
𤦹
𤦺
𤦻
𤦼
𤦽
𤦾
𤦿
𤧀
𤧁
𤧂
𤧃
𤧄
𤧅
𤧆
𤧇
𤧈
𤧉
𤧊
𤧋
𤧌
𤧍
𤧎
𤧏
𤧐
𤧑
𤧒
𤧓
𤧔
𤧕
𤧖
𤧗
𤧘
𤧙
𤧚
𤧛
𤧜
𤧝
𤧞
𤧟
𤧠
𤧡
𤧢
𤧣
𤧤
𤧥
𤧦
𤧧
𤧨
𤧩
𤧪
𤧫
𤧬
𤧭
𤧮
𤧯
𤧰
𤧱
𤧲
𤧳
𤧴
𤧵
𤧶
𤧷
𤧸
𤧹
𤧺
𤧻
𤧼
𤧽
𤧾
𤧿
𤨀
𤨁
𤨂
𤨃
𤨄
𤨅
𤨆
𤨇
𤨈
𤨉
𤨊
𤨋
𤨌
𤨍
𤨎
𤨏
𤨐
𤨑
𤨒
𤨓
𤨔
𤨕
𤨖
𤨗
𤨘
𤨙
𤨚
𤨛
𤨜
𤨝
𤨞
𤨟
𤨠
𤨡
𤨢
𤨣
𤨤
𤨥
𤨦
𤨧
𤨨
𤨩
𤨪
𤨫
𤨬
𤨭
𤨮
𤨯
𤨰
𤨱
𤨲
𤨳
𤨴
𤨵
𤨶
𤨷
𤨸
𤨹
𤨺
𤨻
𤨼
𤨽
𤨾
𤨿
𤩀
𤩁
𤩂
𤩃
𤩄
𤩅
𤩆
𤩇
𤩈
𤩉
𤩊
𤩋
𤩌
𤩎
𤩏
𤩐
𤩑
𤩒
𤩓
𤩔
𤩕
𤩖
𤩗
𤩘
𤩙
𤩚
𤩛
𤩜
𤩝
𤩞
𤩟
𤩠
𤩡
𤩢
𤩣
𤩤
𤩥
𤩦
𤩧
𤩨
𤩩
𤩪
𤩫
𤩬
𤩭
𤩮
𤩯
𤩰
𤩱
𤩲
𤩳
𤩴
𤩵
𤩶
𤩷
𤩸
𤩹
𤩺
𤩻
𤩼
𤩽
𤩾
𤩿
𤪀
𤪁
𤪂
𤪃
𤪄
𤪅
𤪆
𤪇
𤪈
𤪉
𤪊
𤪋
𤪌
𤪍
𤪎
𤪏
𤪐
𤪑
𤪒
𤪓
𤪔
𤪕
𤪖
𤪗
𤪘
𤪙
𤪚
𤪛
𤪜
𤪝
𤪞
𤪟
𤪠
𤪡
𤪢
𤪣
𤪤
𤪥
𤪦
𤪧
𤪨
𤪩
𤪪
𤪫
𤪬
𤪭
𤪮
𤪯
𤪰
𤪱
𤪲
𤪳
𤪴
𤪵
𤪶
𤪷
𤪸
𤪹
𤪺
𤪻
𤪼
𤪽
𤪾
𤪿
𤫀
𤫁
𤫂
𤫃
𤫄
𤫅
𤫆
𤫇
𤫈
𤫉
𤫊
𤫋
𤫌
𤫍
𤫎
𤫏
𤫐
𤫑
𤫒
𤫓
𤫔
𤫕
𤫖
𤫗
𤫘
𤫙
𤫚
𤫛
𤫜
𤫝
𤫞
𤫟
𤫠
𤫢
𤫣
𤫤
𤫥
𤫦
𤫧
𤫨
𤫩
𪛞
𪻍
𪻎
𪻏
𪻐
𪻑
𪻒
𪻓
𪻔
𪻕
𪻖
𪻗
𪻘
𪻙
𪻚
𪻛
𪻜
𪻝
𪻞
𪻟
𪻠
𪻡
𪻢
𪻣
𪻤
𪻥
𪻦
𪻧
𪻨
𪻩
𪻪
𪻫
𪻬
𪻭
𪻮
𪻯
𪻰
𪻱
𪻲
𪻳
𪻴
𪻵
𪻶
𪻷
𪻸
𪻹
𪻺
𪻻
𪻼
𪻽
𪻾
𪻿
𪼀
𪼁
𪼂
𪼃
𪼄
𪼅
𪼆
𪼇
𪼈
𪼉
𪼊
𪼋
𪼌
𪼍
𪼎
𪼏
𪼐
𪼑
𪼒
𪼓
𪼔
𪼕
𪼖
𪼗
𪼘
𪼙
𪼚
𪼛
𪼜
𪼝
𪼞
𪼟
𪼠
𪼡
𪼢
𪼣
𪼤
𪼥
𪼦
𪼧
𪼨
𪼩
𪼪
𪼫
𪼬
𪼭
𪼮
𪼯
𪼰
𪼱
𪼲
𫞥
𫞦
𫞧
𫞨
𫞩
𬍐
𬍑
𬍒
𬍓
𬍔
𬍕
𬍖
𬍗
𬍘
𬍙
𬍚
𬍛
𬍜
𬍝
𬍞
𬍟
𬍠
𬍡
𬍢
𬍣
𬍤
𬍥
𬍦
𬍧
𬍨
𬍩
𬍪
𬍫
𬍬
𬍭
𬍮
𬍯
𬍰
𬍱
𬍲
𬍳
𬍴
𬍵
𬍶
𬍷
𬍸
𬍹
𬍺
𬍻
𬍼
𬍽
𬍾
𬍿
𬎀
𬎁
𬎂
𬎃
𬎄
𬎅
𬎆
𬎇
𬎈
𬎉
𬎊
𬎋
𬎌
𬎍
𬎎
𬎏
𬎐
𬎑
𬎒
𬎓
𬎔
𬎕
𬎖
𬎗
𬎘
𬎙
𬎚
𬎛
𬎜
𬎝
𬎞
𬎟
𬎠
𬎡
𭸵
𭸶
𭸷
𭸸
𭸹
𭸺
𭸻
𭸼
𭸽
𭸾
𭸿
𭹀
𭹁
𭹂
𭹃
𭹄
𭹅
𭹆
𭹇
𭹈
𭹉
𭹊
𭹋
𭹌
𭹍
𭹎
𭹏
𭹐
𭹑
𭹒
𭹓
𭹔
𭹕
𭹖
𭹗
𭹘
𭹙
𭹚
𭹛
𭹜
𭹝
𭹞
𭹟
𭹠
𭹡
𭹢
𭹣
𭹤
𭹥
𭹦
𭹧
𭹨
𭹩
𭹪
𭹫
𭹬
𭹭
𭹮
𭹯
𭹰
𭹱
𭹲
𭹳
𭹴
𭹵
𭹶
𭹷
𭹸
𭹹
𭹺
𭹻
𭹼
𭹽
𭹾
𭹿
𭺀
𭺁
𭺂
𭺃
𭺄
𭺅
𭺆
𭺇
𭺈
𭺉
𭺊
𭺋
𭺌
𭺍
𭺎
𭺏
𭺐
𭺑
𭺒
𭺓
𭺔
𭺕
𭺖
𮴀
𮴁
𮴂
𮴃
𮴄
𮴅
𮴆
𮴇
𮴈
𮴉
𮴊
𮴋
𮴌
𮴍
𮴎
𮴏
𮴐
𮴑
𮴒
𮴓
𮴔
𮴕
𮴖
𮴗
𮴘
𮴙
𮴚
𮴛
𮴜
𮴝
𮴞
𮴟
𮴠
𮴡
𮴢
𮴣
𮴤
𮴥
𮴦
𮴧
𮴨
𮴩
𮴪
𮴫
𮴬
𮴭
𮴮
𮴯
𮴰
𮴱
𮴲
𮴳
𮴴
𮴵
𮴶
𮴷
𮴸
𮴹
𮴺
王
㺬
玥
㺸
㺸
瑇
瑜
瑱
璅
瓊
𰡭
𰡮
𰡯
𰡰
𰡱
𰡲
𰡳
𰡴
𰡵
𰡶
𰡷
𰡸
𰡹
𰡺
𰡻
𰡼
𰡽
𰡾
𰡿
𰢀
𰢁
𰢂
𰢃
𰢄
𰢅
𰢆
𰢇
𰢈
𰢉
𰢊
𰢋
𰢌
𰢍
𰢎
𰢏
𰢐
𰢑
𰢒
𰢓
𰢔
𰢕
𰢖
𰢗
𰢘
𰢙
𰢚
𱮳
𱮴
𱮵
𱮶
𱮷
𱮸
𱮹
𱮺
𱮻
𱮼
𱮽
𱮾
𱮿
𱯀
𱯁
𱯂
𱯃
𱯄
𱯅
𱯆
𱯇
𱯈
𱯉
𱯊
𱯋
𱯌
𱯍
𱯎
𱯏
𱯐
𱯑
𱯒
𱯓
𱯔
𱯕
𱯖
𱯗
𱯘
𱯙
𱯚
𱯛
𱯜
𱯝
𱯞
𱯟
𱯠
𱯡
𱯢
𱯣
𱯤
𱯥
𱯦
𱯧
𱯨
𱯩
𱯪
𱯫
𱯬
𱯭
𱯮
𱯯
𱯰
𱯱
𱯲
𱯳
𱯴
𱯵
𱯶
𱯷
𱯸
𱯹
𱯺
𱯻
𱯼
𱯽
𱯾
𱯿
𱰀
𱰁
𱰂
𱰃
𱰄