㐸
㒽
㓩
㓺
㔓
㕋
㗔
㘋
㘣
㝁
㡉
㢧
㢺
㢾
㥶
㦓
㦥
㦿
㧄
㧋
㧦
㨜
㨴
㨷
㩃
㩮
㩲
㪁
㪻
㫫
㬎
㭈
㭹
㯠
㯻
㰸
㰹
㱍
㳙
㵎
㷿
㸝
㸧
㸫
㹂
㹇
㹡
㺌
㻆
㻹
㽐
㽦
㾾
㿌
䀏
䁔
䁵
䂅
䄅
䄐
䄯
䅌
䅐
䅚
䅾
䆭
䇂
䇜
䇟
䈤
䈴
䉍
䉯
䉵
䊎
䊕
䊴
䋌
䋗
䋮
䌑
䌠
䌯
䍗
䏹
䑏
䑳
䖍
䖭
䗗
䗾
䘆
䙭
䙹
䚈
䚊
䚙
䚭
䚯
䜢
䜭
䝨
䝮
䞿
䟒
䠝
䠰
䡓
䡣
䡩
䢖
䣺
䥪
䦲
䧋
䧮
䨳
䩙
䩵
䪈
䫀
䭈
䭑
䭠
䭤
䭴
䮄
䮿
䯡
䱤
䲻
䳌
䳏
䳦
䴉
䵌
䵖
䵛
䵡
䵤
䶬
𠄄
𠄊
𠄋
𠆺
𠈏
𠉮
𠋵
𠍚
𠍴
𠎱
𠎾
𠏇
𠏯
𠐛
𠐨
𠐻
𠓌
𠔉
𠔥
𠗻
𠚆
𠛑
𠝂
𠝏
𠠁
𠠅
𠠆
𠡶
𠢅
𠢏
𠢚
𠢺
𠣖
𠤕
𠧘
𠧺
𠨟
𠳋
𠹟
𠽱
𡄓
𡅶
𡈉
𡈕
𡒌
𡗏
𡘍
𡘸
𡙅
𡚇
𡞦
𡢸
𡣱
𡤡
𡨊
𡫂
𡬵
𡭭
𡰲
𡱎
𡱑
𡴔
𡸴
𡺟
𡺹
𡼌
𡾥
𡾰
𡿨
𡿯
𢁗
𢁮
𢂄
𢃘
𢃥
𢆛
𢆞
𢆬
𢇣
𢈋
𢋔
𢌍
𢍊
𢍏
𢍒
𢍫
𢎙
𢎠
𢏔
𢏧
𢐆
𢐐
𢑆
𢔑
𢖘
𢙂
𢛆
𢛗
𢜚
𢜩
𢝐
𢝓
𢝮
𢞩
𢡊
𢧥
𢧦
𢨿
𢩀
𢫀
𢮂
𢮙
𢮦
𢳚
𢴡
𢵈
𢵧
𢶊
𢷑
𢷘
𢹕
𢺃
𢺦
𣆕
𣇥
𣈶
𣉖
𣊡
𣑹
𣓅
𣓖
𣕎
𣗷
𣘖
𣙂
𣚓
𣜨
𣞘
𣟋
𣟯
𣠷
𣣓
𣬏
𣳲
𣴒
𤄒
𤚳
𤜵
𤜼
𤟜
𤠿
𤡎
𤬠
𤬯
𤬰
𤮔
𤰕
𤰝
𤲨
𤵢
𤷄
𤼂
𥀹
𥁠
𥁸
𥃡
𥅬
𥆗
𥆞
𥇥
𥊇
𥌭
𥍹
𥓨
𥛁
𥜲
𥜴
𥟕
𥡝
𥢇
𥤊
𥥾
𥦃
𥧬
𥮠
𥯦
𥱽
𥲋
𥲢
𥳐
𥳑
𥴤
𥴥
𥹳
𥻖
𥻧
𥽊
𦁲
𦂇
𦃜
𦅋
𦅐
𦅘
𦇂
𦇏
𦇞
𦇶
𦋰
𦌚
𦌣
𦌮
𦌶
𦌾
𦍃
𦍅
𦍆
𦎵
𦏣
𦏮
𦐽
𦑰
𦒜
𦒬
𦖎
𦘷
𦙪
𦚑
𦞬
𦢈
𦣨
𦥳
𦦽
𦧐
𦩵
𦬾
𦮌
𦮻
𦯥
𦱁
𦳽
𦴑
𦶘
𦸃
𦽇
𧀇
𧂆
𧃑
𧃕
𧅆
𧅇
𧆇
𧈾
𧉎
𧑩
𧔈
𧔘
𧔤
𧖙
𧗭
𧗳
𧗺
𧙧
𧙯
𧛓
𧝱
𧞙
𧞼
𧟉
𧟐
𧟑
𧟤
𧟥
𧟨
𧠒
𧡩
𧢞
𧣑
𧣰
𧤎
𧤻
𧤽
𧥛
𧥪
𧦐
𧩇
𧪤
𧪯
𧫨
𧬯
𧭦
𧭴
𧮈
𧮎
𧮥
𧮽
𧯑
𧯘
𧯦
𧰌
𧱚
𧱨
𧲀
𧲨
𧳷
𧷠
𧺻
𧻒
𧼏
𧼚
𧽐
𧾎
𧾣
𧾨
𨆈
𨇥
𨊼
𨌉
𨌫
𨍓
𨎫
𨐩
𨓲
𨔃
𨖱
𨘇
𨘙
𨘞
𨜻
𨞉
𨣇
𨤑
𨤓
𨤖
𨤗
𨤙
𨥞
𨥩
𨦄
𨪅
𨭙
𨰓
𨵭
𨵿
𨷱
𨸫
𨹆
𨹵
𨺩
𨺫
𨼭
𨿔
𨿱
𩀈
𩁫
𩃚
𩉥
𩋆
𩋢
𩋫
𩋱
𩌯
𩌹
𩌺
𩍎
𩍹
𩎀
𩎅
𩎌
𩎍
𩎨
𩎳
𩎸
𩏅
𩏆
𩏗
𩏩
𩏰
𩏹
𩑳
𩑹
𩒯
𩓫
𩔰
𩕪
𩖆
𩙼
𩙽
𩛧
𩜇
𩝡
𩡧
𩢺
𩤦
𩪼
𩬚
𩭠
𩭨
𩰎
𩱃
𩱆
𩱡
𩱤
𩻘
𩻥
𩽜
𪃋
𪃗
𪆿
𪈻
𪊑
𪊧
𪌭
𪍁
𪐂
𪐻
𪑼
𪒫
𪔃
𪘦
𪙖
𪙨
𪙩
𪚒
𪚜
𪚟
𪬃
𫖢
𫞐
𫟜
𬗚
𬮦
𬻵
𬾹
𭁐
𭂅
𭄿
𭅃
𭅑
𭆢
𭆶
𭐬
𭒡
𭞌
𭬳
𭵄
𭵈
𭷣
𭸣
𭸮
𮀶
𮀸
𮉈
𮌐
𮍍
𮏄
𮓚
𮘙
𮘭
𮘹
𮚄
𮚇
𮚕
𮚚
𮞭
𮤚
𮫹
𮭠
𮯈