㒅
㒌
㓏
㓑
㓞
㓷
㔒
㕃
㚝
㚾
㛷
㜎
㞓
㡗
㡭
㢣
㤯
㥟
㥣
㨒
㨙
㨹
㩗
㩦
㩨
㩩
㪈
㫓
㬌
㬩
㭢
㮷
㯋
㯏
㯳
㰥
㰪
㰿
㲅
㷀
㷡
㷫
㼇
㼛
㼤
㼬
㽯
㿽
䀘
䁄
䁈
䁚
䁝
䂔
䂩
䅅
䅽
䈕
䋜
䋯
䎚
䏐
䏿
䐼
䒊
䔔
䔛
䔾
䖯
䗗
䙆
䙎
䙵
䚉
䚷
䛊
䜁
䜘
䟷
䠑
䡔
䢛
䣆
䣏
䤈
䤯
䤰
䦇
䦏
䧥
䫆
䫔
䫣
䫴
䭨
䭫
䭬
䮐
䮹
䯓
䯧
䲔
䳏
䳙
䳶
䵞
𠀦
𠅚
𠆻
𠊫
𠌜
𠎽
𠔃
𠕕
𠖷
𠗊
𠗝
𠚙
𠛬
𠜚
𠜾
𠝥
𠡍
𠡕
𠡽
𠦋
𠨍
𠨞
𠪑
𠫈
𠭎
𠲮
𠳸
𠶳
𠷐
𠷓
𠽡
𠿉
𡁪
𡄇
𡄈
𡄔
𡆾
𡇇
𡌁
𡌤
𡌲
𡏛
𡐠
𡐲
𡐹
𡔝
𡖖
𡗞
𡗤
𡗳
𡘐
𡙄
𡜇
𡝧
𡞦
𡟡
𡢖
𡦃
𡬨
𡬱
𡰋
𡰡
𡲀
𡳅
𡶭
𡷨
𡸔
𡹘
𡹫
𡻎
𡿙
𡿱
𢀊
𢁴
𢂋
𢂶
𢄗
𢇺
𢈴
𢍆
𢍠
𢍸
𢏗
𢏘
𢐧
𢒈
𢓄
𢓽
𢔉
𢗋
𢗴
𢙎
𢙼
𢜎
𢝑
𢝼
𢞛
𢞢
𢞨
𢞯
𢠞
𢠾
𢡘
𢢖
𢢞
𢤙
𢤮
𢥁
𢥘
𢧊
𢭁
𢯉
𢴥
𢹘
𢻻
𢾠
𢾥
𢿌
𢿩
𣀖
𣄱
𣅷
𣅻
𣊄
𣐒
𣔲
𣕄
𣕆
𣘑
𣜧
𣢍
𣢓
𣢝
𣤢
𣦌
𣧎
𣩃
𣫦
𣫨
𣫴
𣬙
𣯅
𣯦
𣱮
𣷟
𣸖
𣸝
𣽄
𤄨
𤆿
𤋅
𤋭
𤌷
𤍔
𤔊
𤔕
𤜂
𤜰
𤠓
𤡱
𤣑
𤦤
𤦱
𤫝
𤬉
𤬐
𤬿
𤭓
𤭝
𤭩
𤮅
𤮯
𤮰
𤰮
𤰳
𤱾
𤲉
𤲺
𤳤
𤳬
𤶲
𤷦
𤺗
𤺚
𤼮
𥃟
𥃴
𥅝
𥅳
𥅸
𥇚
𥉁
𥉐
𥌍
𥍋
𥏔
𥏢
𥑎
𥒐
𥓕
𥝌
𥞞
𥡞
𥡳
𥡴
𥥻
𥩊
𥪦
𥪰
𥭮
𥯙
𥰥
𥵲
𥶖
𥷙
𥺵
𦀝
𦁚
𦂑
𦂜
𦂠
𦃉
𦃝
𦃟
𦄊
𦆈
𦆡
𦆢
𦇓
𦇧
𦈦
𦈨
𦋅
𦋋
𦋴
𦌓
𦌞
𦑐
𦒄
𦒎
𦓯
𦙨
𦙾
𦜑
𦜹
𦝜
𦣽
𦣿
𦥍
𦧰
𦩣
𦩶
𦫦
𦫬
𦬺
𦮐
𦮓
𦳖
𦳲
𦷲
𦺶
𦺺
𦻇
𦽁
𦽓
𦾵
𧁰
𧇜
𧊞
𧋉
𧌚
𧍮
𧏧
𧑊
𧒼
𧓌
𧓓
𧓬
𧓾
𧕉
𧖧
𧖪
𧗦
𧙴
𧙾
𧚃
𧚤
𧟃
𧡯
𧣽
𧤀
𧤚
𧤢
𧥁
𧧹
𧨘
𧨝
𧨞
𧫘
𧫙
𧫟
𧮣
𧮾
𧯗
𧵣
𧺓
𧻛
𧻝
𧽸
𧾽
𧿝
𨁎
𨂈
𨆪
𨇙
𨊻
𨌋
𨌷
𨍶
𨏳
𨐼
𨓷
𨜒
𨜣
𨜮
𨟎
𨣓
𨤅
𨦿
𨧿
𨨵
𨪄
𨫍
𨮫
𨲡
𨳚
𨳻
𨳿
𨴀
𨵆
𨶳
𨷘
𨹢
𨺄
𨻺
𨾴
𨿋
𨿸
𩀶
𩅖
𩇖
𩇻
𩈡
𩊈
𩎥
𩒤
𩒵
𩓺
𩔥
𩚱
𩛯
𩠜
𩠥
𩠦
𩤻
𩧊
𩧎
𩩋
𩰳
𩰹
𩱗
𩳝
𩷏
𩸥
𩹢
𩺫
𩼃
𩽌
𩽡
𩽨
𩿛
𩿭
𪂍
𪃤
𪇈
𪈥
𪊂
𪊑
𪋔
𪋠
𪌍
𪏅
𪐕
𪓷
𪔃
𪕍
𪛂
𫞬
𬚽
𬻥
𬿦
𭃌
𭃚
𭆶
𭇪
𭈝
𭋆
𭐬
𭑑
𭑕
𭗻
𭚘
𭛩
𭪛
𭮶
𭮻
𭮼
𭾪
𭾱
𮃛
𮃢
𮈑
𮈛
𮈵
𮑊
𮓣
𮛪
𮝇
𮞉
𮩦
𮷠
𭨗