㐖
㐗
㐘
㑁
㑂
㑃
㑄
㑅
㑆
㑇
㑈
㒳
㒴
㒶
㒷
㓈
㓟
㓠
㔗
㔘
㔯
㔰
㔷
㕀
㕅
㕆
㕇
㕩
㕪
㕫
㕬
㕭
㕯
㕰
㕱
㕲
㕳
㕴
㕵
㕶
㘧
㘨
㘩
㘪
㘫
㘬
㘭
㘮
㘯
㘰
㚒
㚓
㚩
㚪
㚫
㚬
㚭
㚮
㚯
㛠
㜾
㜿
㝎
㝏
㝐
㝑
㝴
㝽
㞎
㞣
㞰
㞱
㞲
㞳
㞴
㞵
㞶
㞷
㞸
㠷
㠸
㠹
㠺
㠻
㠼
㡲
㡳
㢤
㢬
㢭
㣊
㣖
㣗
㣽
㤀
㤃
㤄
㤆
㤇
㤈
㤉
㤊
㤋
㦮
㦯
㦾
㧉
㧊
㧋
㧌
㧍
㧎
㧏
㧐
㧑
㩿
㪀
㪯
㫒
㫓
㫔
㫕
㭂
㭃
㭄
㭅
㭆
㰝
㰞
㱐
㱑
㱼
㲾
㳀
㳁
㳂
㳄
㳅
㳆
㳇
㳈
㳉
㳊
㶣
㶤
㶥
㸩
㸪
㹝
㹞
㹟
㺬
㺭
㺮
㺯
㼗
㽕
㽖
㽱
㿝
䀎
䀏
䂗
䃼
䄦
䄧
䆑
䎲
䏎
䏏
䒕
䒖
䒗
䒘
䒙
䢊
䢋
䢶
䢷
䦼
䦽
䦿
䧀
丣
两
严
丽
乲
亩
亪
伭
伮
伱
伲
伳
伵
伹
伻
伿
佀
佁
佂
佄
佅
佊
佋
佒
佡
佣
佥
佦
佧
佨
兏
兑
冸
冹
冺
冻
凬
刜
刞
刟
删
刡
刢
刣
刦
刨
别
刬
刭
劮
劰
劲
劳
匉
匥
卤
卲
厎
厏
厐
厑
县
叓
吘
吙
吚
吜
吡
吢
吣
吥
吪
启
吰
吱
吲
吳
吴
吵
吷
吺
吿
呁
呄
呅
呇
呋
呌
呏
呐
呒
呓
呔
呖
呗
员
呙
呚
呛
呜
咓
咞
囤
囥
囦
囧
囩
囪
囫
囬
园
囯
囱
围
囵
圼
圽
圿
坁
坃
坄
坈
坉
坋
坒
坓
坔
坕
坖
块
坘
坙
坚
坛
坜
坝
坞
坟
坠
夿
奀
奁
奂
妉
妌
妎
妏
妐
妑
妔
妕
妗
妘
妚
妜
妞
妠
妡
妢
妦
妧
妩
妪
妫
姂
姊
姖
孞
宊
宎
宐
宑
宒
尦
尪
尬
层
屃
岄
岅
岆
岇
岉
岍
岎
岒
岓
岕
岖
岗
岘
岙
岚
岛
岜
帉
帊
帍
帎
帏
帐
庈
庉
庋
庌
庍
庎
庐
庑
庒
库
应
弅
张
弡
彸
彺
彻
忎
忐
忑
忟
忦
忧
忨
忪
忬
忭
忲
忴
忶
忷
忹
忺
忾
怀
怃
怄
怅
怆
怇
戓
戺
戼
扰
扲
扴
扵
扷
扸
扺
扽
抁
抆
抇
抈
抋
抌
抍
抎
抏
抐
抚
抝
抟
抠
抡
抢
抣
护
报
抸
拟
攺
攼
斘
旰
旳
旴
旵
时
旷
旸
昅
杄
杅
杊
杋
杒
杕
杗
杘
杚
杛
杧
杨
杩
欤
歼
毐
毜
毝
氙
氚
汖
汥
汦
汩
汫
汮
汯
汱
汵
汸
汹
汻
汼
汿
沇
沋
沎
沏
沑
沞
沟
沠
沣
沤
沥
沦
沧
沨
沩
泤
泲
洰
灴
灷
灹
灺
灻
灿
炀
牠
牤
犺
犻
犼
犽
犿
狅
狇
狈
玒
玓
玗
玙
玚
玛
瓨
甹
疓
疕
疖
疗
皂
盀
盁
盯
矵
矶
礿
祂
祃
秃
穷
纬
纭
纮
纯
纰
纱
纲
纳
纴
纵
纶
纷
纸
纹
纺
纻
纼
纽
纾
耴
肐
肑
肒
肔
肕
肗
肞
肟
肠
臫
芈
芘
芚
芛
芜
芞
芠
芢
芪
芰
芵
芶
苀
苁
苂
苃
苄
苇
苈
苉
苊
苋
苌
苍
苎
苏
茾
补
觃
訁
证
诂
诃
评
诅
识
诇
诈
诉
诊
诋
诌
词
诎
诏
诐
译
诒
贡
财
轩
轪
轫
迋
迌
迏
运
迒
迖
迗
还
这
进
远
违
连
迟
邭
邮
邲
邴
邹
邺
邻
针
钉
钊
钋
钌
闰
闱
闲
闳
间
闵
闶
闷
阷
阸
阹
阺
阽
阾
陃
际
陆
陇
陈
陉
韧
飏
饨
饩
饪
饫
饬
饭
饮
驱
驲
驳
驴
鸠
鸡
龟
鿈
鿉
鿑
鿖
更
車
串
卵
冷
弄
牢
辰
沈
良
呂
尿
阮
利
李
里
吝
見
况
𠀡
𠀢
𠀣
𠀤
𠀥
𠀦
𠀧
𠀨
𠀪
𠀫
𠁧
𠁨
𠂯
𠂰
𠂱
𠃩
𠃪
𠃫
𠃬
𠄖
𠄗
𠄘
𠄨
𠄩
𠄪
𠅈
𠅉
𠅊
𠅋
𠇖
𠇗
𠇘
𠇙
𠇚
𠇛
𠇜
𠇝
𠇞
𠇟
𠇠
𠇡
𠇢
𠇣
𠇤
𠇥
𠇦
𠇧
𠇨
𠇩
𠇪
𠇫
𠇬
𠇭
𠇮
𠇯
𠇰
𠇱
𠇲
𠇳
𠇴
𠇵
𠇶
𠇷
𠇸
𠇹
𠇺
𠇻
𠇼
𠇽
𠇾
𠇿
𠈀
𠈁
𠈂
𠑽
𠑾
𠑿
𠒀
𠒁
𠒂
𠓤
𠓥
𠓦
𠓧
𠓨
𠔊
𠔋
𠔌
𠔍
𠔎
𠔏
𠕐
𠕑
𠕒
𠕓
𠕔
𠕕
𠖀
𠖁
𠖂
𠖃
𠖷
𠖸
𠖹
𠖺
𠖻
𠖼
𠖽
𠖾
𠖿
𠗁
𠘼
𠘽
𠘾
𠘿
𠙀
𠙁
𠙂
𠙃
𠙄
𠙅
𠚆
𠚇
𠚈
𠚉
𠚊
𠛎
𠛏
𠛐
𠛑
𠛒
𠛓
𠛔
𠛕
𠛖
𠛗
𠛘
𠛙
𠛚
𠛛
𠛜
𠛝
𠛞
𠛟
𠛠
𠛡
𠛢
𠛣
𠛤
𠛥
𠛦
𠡂
𠡃
𠡄
𠡅
𠡆
𠡇
𠡈
𠡉
𠡊
𠡋
𠡌
𠡍
𠡎
𠡏
𠡐
𠣔
𠣕
𠣖
𠣗
𠤑
𠤒
𠤓
𠤔
𠤕
𠤳
𠤴
𠤵
𠤶
𠤷
𠥰
𠥱
𠥲
𠦑
𠦒
𠦓
𠦔
𠦕
𠦖
𠦗
𠧙
𠧚
𠧛
𠧜
𠧝
𠨘
𠩀
𠩁
𠩂
𠩃
𠩄
𠩅
𠩆
𠩇
𠩈
𠩉
𠫦
𠫧
𠫨
𠬱
𠬲
𠬳
𠬴
𠬵
𠬶
𠬷
𠬸
𠯋
𠯌
𠯍
𠯎
𠯏
𠯐
𠯑
𠯒
𠯓
𠯔
𠯕
𠯖
𠯗
𠯘
𠯙
𠯚
𠯛
𠯜
𠯝
𠯞
𠯟
𠯠
𠯡
𠯢
𠯣
𠯤
𠯥
𠯦
𠯧
𠯨
𠯩
𠯪
𠯫
𠯬
𠯭
𠯮
𠯯
𠯰
𠯱
𠯲
𠯳
𠯴
𠯵
𠯶
𠯷
𠯸
𠯹
𠯺
𠯻
𠯼
𠯽
𠯾
𠯿
𠰀
𠰁
𠰂
𠰃
𠰄
𠰅
𠰆
𠰇
𡆴
𡆵
𡆶
𡆷
𡆸
𡆹
𡆺
𡆻
𡆼
𡆽
𡆾
𡆿
𡇀
𡇁
𡇂
𡇃
𡇄
𡇅
𡇆
𡇇
𡉘
𡉙
𡉚
𡉛
𡉜
𡉝
𡉞
𡉟
𡉠
𡉡
𡉢
𡉣
𡉤
𡉥
𡉦
𡉧
𡉨
𡉩
𡉪
𡉫
𡉬
𡉭
𡉮
𡉯
𡉰
𡉱
𡉲
𡉳
𡉵
𡉶
𡉷
𡉸
𡉹
𡉺
𡉼
𡉽
𡉾
𡉿
𡊀
𡊁
𡊂
𡊃
𡔝
𡔞
𡕗
𡕘
𡕙
𡕠
𡕡
𡖊
𡖋
𡖌
𡗥
𡗦
𡗧
𡗨
𡗩
𡗪
𡗫
𡗬
𡗭
𡗮
𡗯
𡗰
𡗱
𡗲
𡗳
𡗴
𡗵
𡗶
𡚼
𡚽
𡚾
𡚿
𡛀
𡛁
𡛂
𡛃
𡛄
𡛅
𡛆
𡛇
𡛈
𡛉
𡛊
𡛋
𡛌
𡛍
𡛎
𡛏
𡛐
𡛑
𡛒
𡛓
𡛔
𡛕
𡛖
𡛗
𡛘
𡥆
𡥇
𡥈
𡥉
𡥊
𡥋
𡥌
𡥍
𡧋
𡧌
𡧍
𡧎
𡧏
𡧐
𡧑
𡧒
𡧓
𡧔
𡧕
𡭝
𡭞
𡭟
𡭠
𡭡
𡭢
𡭣
𡭤
𡯏
𡯐
𡯑
𡯒
𡯓
𡯔
𡯕
𡯖
𡯗
𡯘
𡯙
𡰵
𡰶
𡰷
𡰸
𡰹
𡰺
𡰻
𡰼
𡰽
𡴆
𡴇
𡴈
𡴉
𡴊
𡵓
𡵔
𡵕
𡵖
𡵗
𡵘
𡵙
𡵚
𡵛
𡵜
𡵝
𡵞
𡵟
𡵠
𡵡
𡵣
𡵤
𡵥
𡵦
𡵧
𡵨
𡵩
𡵪
𡵫
𡵬
𡵭
𡵮
𡵯
𡵰
𡵱
𡵲
𡵳
𡵴
𡵵
𡵶
𡵷
𡵹
𡵺
𡵻
𡵼
𡵽
𡵾
𡵿
𡶀
𡶁
𡶂
𡿮
𡿯
𡿰
𢀜
𢀝
𢀞
𢁥
𢁦
𢁧
𢁨
𢁩
𢁪
𢁫
𢁬
𢁭
𢁮
𢁯
𢁰
𢁱
𢁲
𢁳
𢁴
𢁵
𢁶
𢁷
𢁸
𢁹
𢁺
𢆊
𢆋
𢆌
𢆷
𢆸
𢆹
𢆺
𢇣
𢇤
𢇥
𢇦
𢇧
𢇨
𢇩
𢇪
𢇫
𢇬
𢇭
𢇮
𢇯
𢇰
𢇱
𢌛
𢌝
𢌳
𢌵
𢌶
𢌷
𢌸
𢌹
𢌺
𢍿
𢎀
𢎁
𢎂
𢎃
𢎷
𢎸
𢎹
𢎺
𢎻
𢎼
𢎽
𢎾
𢎿
𢏀
𢏁
𢏂
𢏃
𢏄
𢏅
𢑓
𢒇
𢒈
𢓄
𢓅
𢓆
𢓇
𢓈
𢓉
𢓊
𢓋
𢓌
𢓍
𢓎
𢓏
𢓐
𢓑
𢗉
𢗊
𢗋
𢗌
𢗍
𢗎
𢗏
𢗐
𢗑
𢗒
𢗓
𢗔
𢗕
𢗖
𢗗
𢗘
𢗙
𢗚
𢗛
𢗜
𢗝
𢗞
𢗟
𢗠
𢗡
𢗢
𢗣
𢗤
𢗥
𢗦
𢗧
𢗨
𢗩
𢗪
𢗫
𢗬
𢗭
𢗮
𢗯
𢗰
𢗱
𢗲
𢗳
𢗴
𢗵
𢗶
𢗷
𢗸
𢗹
𢗺
𢗻
𢗼
𢗽
𢗾
𢦒
𢦓
𢦔
𢦕
𢦖
𢦗
𢦘
𢦙
𢨪
𢨫
𢨬
𢨭
𢨮
𢪃
𢪄
𢪅
𢪆
𢪇
𢪈
𢪉
𢪊
𢪋
𢪌
𢪍
𢪎
𢪏
𢪐
𢪑
𢪒
𢪓
𢪔
𢪕
𢪖
𢪗
𢪘
𢪙
𢪚
𢪛
𢪜
𢪝
𢪞
𢪟
𢪠
𢪡
𢪢
𢪣
𢪤
𢪥
𢪦
𢪧
𢪨
𢪩
𢪪
𢪫
𢪬
𢪭
𢪮
𢪯
𢪰
𢪱
𢪲
𢪳
𢺶
𢻫
𢻬
𢻭
𢻮
𢻯
𢻰
𢻱
𢻲
𣁂
𣁭
𣂓
𣃘
𣃙
𣄮
𣄯
𣅄
𣅆
𣅇
𣅈
𣅉
𣅊
𣅋
𣅌
𣅍
𣅎
𣅏
𣅐
𣅑
𣅒
𣅓
𣅔
𣅕
𣅖
𣅗
𣅘
𣅙
𣌡
𣌢
𣍟
𣍠
𣍡
𣍢
𣍣
𣏁
𣏂
𣏃
𣏄
𣏅
𣏆
𣏇
𣏈
𣏉
𣏊
𣏋
𣏌
𣏍
𣏎
𣏏
𣏑
𣢁
𣢂
𣢃
𣢄
𣢅
𣢆
𣢇
𣢈
𣥇
𣥈
𣥊
𣥋
𣥌
𣦿
𣧀
𣧁
𣧂
𣧃
𣧄
𣧅
𣧆
𣧇
𣧈
𣫮
𣬂
𣬃
𣬡
𣬢
𣬣
𣬤
𣬥
𣬦
𣬧
𣬨
𣱗
𣱘
𣲎
𣲏
𣲐
𣲑
𣲒
𣲓
𣲔
𣲕
𣲖
𣲗
𣲘
𣲙
𣲚
𣲛
𣲜
𣲝
𣲞
𣲟
𣲠
𣲡
𣲢
𣲣
𣲤
𣲥
𣲦
𣲧
𣲨
𣲩
𣲪
𣲫
𣲬
𣲭
𣲮
𣲯
𣲰
𣲱
𤆍
𤆎
𤆏
𤆐
𤆑
𤆒
𤆓
𤆔
𤆕
𤆖
𤆗
𤆘
𤆙
𤆚
𤆛
𤆜
𤓲
𤓳
𤓴
𤓵
𤕎
𤕏
𤕮
𤖩
𤖪
𤖫
𤘅
𤘘
𤘙
𤘚
𤘛
𤜯
𤜰
𤜱
𤜲
𤜳
𤜴
𤜵
𤜶
𤜷
𤜸
𤜹
𤜺
𤜻
𤜼
𤜽
𤜾
𤜿
𤝀
𤝁
𤝂
𤝃
𤝄
𤝅
𤝆
𤝇
𤝈
𤝉
𤝊
𤝋
𤝌
𤝍
𤝎
𤝮
𤣭
𤣮
𤣯
𤣰
𤣱
𤣲
𤣳
𤣴
𤣵
𤣶
𤣷
𤣸
𤬦
𤬧
𤰄
𤰕
𤰗
𤰘
𤰙
𤰚
𤰛
𤰜
𤴦
𤴧
𤴨
𤴩
𤴪
𤴫
𤴬
𤴭
𤴮
𤼥
𤼦
𤼿
𤽀
𤽁
𤿆
𤿇
𥀿
𥁀
𥃦
𥃧
𥃨
𥃩
𥃪
𥃫
𥃬
𥃭
𥃮
𥃯
𥃰
𥃱
𥎦
𥎧
𥐗
𥐘
𥐙
𥐚
𥐛
𥐜
𥘍
𥘎
𥘏
𥘐
𥘑
𥘒
𥘓
𥘔
𥝐
𥝑
𥝒
𥝓
𥤣
𥤤
𥤥
𥤦
𥩕
𥩖
𥫘
𥸥
𥸦
𦉬
𦉮
𦉱
𦉲
𦉳
𦉴
𦉵
𦉶
𦏳
𦒱
𦒲
𦔮
𦘴
𦘵
𦘶
𦘷
𦘸
𦘹
𦘺
𦘻
𦘼
𦘽
𦘾
𦣺
𦣻
𦣼
𦥔
𦧆
𦨇
𦬁
𦬂
𦬃
𦬄
𦬅
𦬆
𦬇
𦬈
𦬉
𦬊
𦬋
𦬌
𦬍
𦬎
𦬏
𦬐
𦬑
𦬒
𧈝
𧈞
𧘈
𧘉
𧘊
𧘋
𧘌
𧟠
𧟡
𧟢
𧢲
𧮪
𧮫
𧺆
𨈏
𨐋
𨑃
𨑄
𨑢
𨑣
𨑤
𨑥
𨑦
𨑧
𨑨
𨑩
𨑪
𨑫
𨑬
𨑭
𨑮
𨑯
𨑰
𨑱
𨑲
𨑳
𨑴
𨑵
𨑶
𨑷
𨑸
𨑹
𨑺
𨑻
𨑼
𨑽
𨑾
𨑿
𨒀
𨒁
𨙨
𨚓
𨚔
𨚕
𨚖
𨚗
𨚘
𨚙
𨚚
𨚛
𨚜
𨚝
𨚞
𨚟
𨚠
𨚡
𨚢
𨚣
𨚤
𨚥
𨚦
𨚧
𨚨
𨚩
𨚪
𨚫
𨚬
𨚭
𨚮
𨱗
𨱘
𨸂
𨸃
𨸪
𨸫
𨸬
𨸭
𨸮
𨸯
𨸰
𨸱
𨸲
𨸳
𨸴
𨸵
𨸷
𨸸
𨸹
𨸺
𨸻
𨸼
𨸽
𨸾
𨸿
𨹀
𩟾
𩟿
𩠀
𩧦
𪜒
𪜓
𪜜
𪜢
𪜬
𪜭
𪜮
𪜯
𪜰
𪜱
𪜲
𪜳
𪜴
𪞎
𪞏
𪞐
𪞛
𪞜
𪞝
𪞲
𪟁
𪟂
𪟗
𪟘
𪟙
𪟭
𪟮
𪟳
𪟾
𪠄
𪠦
𪠳
𪠴
𪠵
𪢨
𪢸
𪢹
𪢺
𪢻
𪢼
𪢽
𪢾
𪢿
𪣀
𪣁
𪣂
𪥄
𪥅
𪥆
𪥦
𪥧
𪥨
𪥩
𪥪
𪥫
𪥬
𪦶
𪦷
𪦸
𪦹
𪧅
𪧆
𪧇
𪧿
𪨉
𪨊
𪨋
𪨦
𪨧
𪨨
𪩡
𪩬
𪪁
𪪌
𪪍
𪪭
𪪮
𪪳
𪫋
𪫟
𪫠
𪫡
𪫢
𪫣
𪫤
𪫥
𪭝
𪭞
𪭟
𪭠
𪭡
𪭢
𪯠
𪰆
𪰇
𪱚
𪱱
𪱲
𪱳
𪱴
𪱵
𪵭
𪵮
𪵯
𪵰
𪸎
𪸏
𪸐
𪺍
𪺩
𪺷
𪽁
𪽇
𫀀
𫀁
𫄚
𫄛
𫄜
𫄝
𫇧
𫇨
𫍜
𫍝
𫍞
𫍟
𫍠
𫍡
𫐄
𫐅
𫐆
𫐠
𫐡
𫑚
𫑛
𫓥
𫔭
𫔮
𫔯
𫔼
𫔽
𫗟
𫗠
𫘜
𫘝
𫝂
𫝒
𫝕
𫝣
𫝦
𫝹
𫞹
𫞻
𫟟
𫟫
𫟲
𫠉
𫠦
𫠧
𫠨
𫠩
𫠪
𫡆
𫡔
𫡥
𫡦
𫡧
𫡲
𫡺
𫢑
𫢒
𫢓
𫢔
𫢕
𫢖
𫢗
𫢘
𫤗
𫤸
𫥀
𫥄
𫥅
𫥆
𫥇
𫥈
𫥵
𫥶
𫥷
𫥸
𫥹
𫥺
𫥻
𫦦
𫧐
𫧞
𫨃
𫨄
𫨧
𫨴
𫨵
𫨶
𫨷
𫨸
𫩘
𫩙
𫩚
𫩛
𫩜
𫩞
𫭃
𫭄
𫭛
𫭜
𫭝
𫭞
𫭟
𫭠
𫭡
𫭢
𫭣
𫭤
𫯝
𫯞
𫯟
𫰋
𫰌
𫰍
𫰎
𫰏
𫰐
𫰑
𫰒
𫰓
𫰔
𫰕
𫰖
𫲷
𫲸
𫲹
𫲺
𫲻
𫲽
𫴸
𫴹
𫵏
𫵓
𫵔
𫵕
𫵶
𫵷
𫶫
𫶿
𫷀
𫷁
𫷂
𫷕
𫷖
𫷧
𫸨
𫸩
𫸪
𫹍
𫹎
𫹏
𫹐
𫹯
𫹰
𫹱
𫹴
𫹶
𫹷
𫻨
𫼘
𫼚
𫼛
𫾧
𬀧
𬀨
𬁟
𬁠
𬁱
𬁲
𬁳
𬂝
𬂞
𬂟
𬅝
𬅞
𬅸
𬆞
𬆼
𬇉
𬇔
𬇘
𬇙
𬇚
𬉴
𬉵
𬉶
𬉷
𬉸
𬉹
𬉺
𬋻
𬌚
𬌪
𬍐
𬍑
𬎥
𬎿
𬑹
𬓠
𬔅
𬖋
𬘔
𬘕
𬘖
𬘗
𬘘
𬙕
𬙗
𬚯
𬜣
𬜤
𬜥
𬠽
𬡂
𬣠
𬣡
𬣢
𬣣
𬣤
𬣥
𬣦
𬣧
𬨝
𬨞
𬨟
𬨠
𬩵
𬩶
𬮜
𬮝
𬮞
𬮟
𬮻
𬮼
𬮽
𬰱
𬲩
𬲪
𬳳
𬷼
𬷽
𬻊
𬻋
𬻌
𬻍
𬻎
𬻏
𬻐
𬻑
𬻒
𬼊
𬼣
𬼤
𬽅
𬽆
𬽇
𬽮
𬽯
𬽰
𬽱
𬽲
𬽳
𬽴
𬽵
𬽶
𬽷
𬽸
𬽹
𬽺
𬾁
𭀞
𭀟
𭀠
𭀼
𭀽
𭀾
𭁇
𭁢
𭁩
𭂉
𭂊
𭂰
𭂻
𭃍
𭃎
𭃏
𭃐
𭃑
𭃒
𭃓
𭃔
𭃡
𭅇
𭅈
𭅗
𭅘
𭆂
𭆃
𭇃
𭇄
𭇅
𭇆
𭇇
𭇈
𭇉
𭇊
𭇋
𭇌
𭇍
𭍛
𭍜
𭍾
𭍿
𭎀
𭎁
𭎂
𭎃
𭎄
𭐵
𭑄
𭑅
𭑯
𭓟
𭓠
𭓡
𭔪
𭕆
𭕇
𭕍
𭖅
𭖆
𭖇
𭖈
𭖉
𭖊
𭖋
𭖎
𭗽
𭗾
𭘊
𭘓
𭘔
𭙋
𭙓
𭙔
𭙕
𭙖
𭙗
𭚕
𭚧
𭚨
𭛞
𭛦
𭜋
𭜍
𭜎
𭜏
𭜐
𭜒
𭜔
𭜕
𭜖
𭜗
𭜘
𭟯
𭠀
𭠏
𭠑
𭠒
𭣖
𭣢
𭣣
𭤔
𭥏
𭥐
𭥑
𭥝
𭨦
𭨧
𭩙
𭩚
𭩛
𭭾
𭭿
𭮀
𭮁
𭯇
𭯶
𭯸
𭯹
𭯺
𭯻
𭯽
𭴃
𭴄
𭴅
𭴆
𭴇
𭶻
𭶾
𭷀
𭷺
𭷻
𭷼
𭷽
𭷾
𭻾
𭽆
𭾗
𭾘
𭾙
𭿽
𮁜
𮁝
𮂯
𮉾
𮌁
𮌈
𮍍
𮎟
𮎠
𮎡
𮎢
𮎣
𮎤
𮓗
𮕜
𮕥
𮕧
𮞄
𮞅
𮟬
𮟭
𮟮
𮤮
𮤯
𮤰
𮤺
𮤻
𮫖
𮯺
𮯻
𮰄
𮰉
𮰔
𮰛
𮰜
𮰴
𮰹
𮰺
𮰻
𮰼
𮱟
𮱤
𮱥
𮱦
𮱳
𮱴
𮲀
𮲁
𮲂
𮲏
𮲚
𮲛
𮳄
𮳚
𮳛
𮳜
𮳺
𮴀
𮴁
𮴂
𮴃
𮶇
𮶜
𮶝
𮶞
𮷅
𮷆
𮷇
𮷨
𮷩
𮹃
𮹄
𠄢
你
免
况
㓟
叟
咞
呈
売
夆
寿
𢌱
忍
志
忹
成
杞
杓
𣏃
𣲼
㺬
𣍟
花
芽
𰀌
𰀽
𰀾
𰀿
𰁀
𰁫
𰁬
𰁭
𰁮
𰁯
𰁰
𰃋
𰃯
𰃰
𰃹
𰃺
𰄑
𰄣
𰄤
𰄥
𰄦
𰅊
𰅋
𰅌
𰅤
𰅫
𰅲
𰅳
𰅴
𰆎
𰆘
𰆷
𰆸
𰆹
𰆺
𰇊
𰇋
𰇌
𰇍
𰉍
𰉎
𰉘
𰉙
𰉚
𰉛
𰉜
𰉝
𰉞
𰋈
𰋛
𰋜
𰋹
𰋺
𰋻
𰌞
𰌟
𰌠
𰌡
𰌢
𰌶
𰌷
𰌸
𰍪
𰍱
𰍲
𰎊
𰎋
𰎌
𰎍
𰏈
𰏉
𰏊
𰏓
𰏔
𰏣
𰐉
𰐦
𰐽
𰑀
𰑁
𰑂
𰑃
𰑄
𰑅
𰒾
𰒿
𰓀
𰓄
𰓆
𰓊
𰓋
𰕀
𰕳
𰗓
𰙛
𰙜
𰙼
𰚍
𰛋
𰛌
𰛍
𰛎
𰛏
𰛑
𰝷
𰝸
𰝹
𰝺
𰝻
𰝼
𰠠
𰠧
𰠨
𰠽
𰠿
𰡁
𰢵
𰢶
𰢷
𰤞
𰤲
𰤳
𰤴
𰥋
𰦓
𰨛
𰫽
𰫾
𰫿
𰬀
𰬁
𰭝
𰭨
𰭼
𰭾
𰮃
𰮅
𰰠
𰰡
𰰢
𰰣
𰰦
𰵓
𰵔
𰵕
𰵖
𰵗
𰵘
𰵙
𰵚
𰵛
𰵜
𰵝
𰵞
𰵟
𰵠
𰵡
𰷞
𰷟
𰷠
𰹲
𰹳
𰹴
𰹵
𰺯
𰺰
𰺱
𰺲
𰺳
𰻡
𰻢
𰻤
𰻥
𰻦
𰽕
𰽖
𰿨
𰿩
𰿪
𰿫
𱀃
𱀄
𱃔
𱃲
𱃳
𱃴
𱅀
𱅁
𱅂
𱉈
𱉉
𱍒
𱍼
𱎄
𱎅
𱎨
𱎩
𱎪
𱐂
𱐖
𱐗
𱐫
𱐬
𱐭
𱐮
𱐯
𱑲
𱑳
𱒆
𱒇
𱒈
𱒉
𱒊
𱒋
𱒌
𱒍
𱒎
𱕸
𱖊
𱖋
𱖌
𱖍
𱖎
𱖏
𱖐
𱘭
𱘮
𱙇
𱙈
𱙉
𱙊
𱙶
𱙷
𱙸
𱚄
𱚝
𱚣
𱚳
𱚴
𱛈
𱛉
𱛊
𱛋
𱛌
𱛍
𱛎
𱛏
𱛐
𱛑
𱛒
𱝙
𱝚
𱝛
𱝭
𱝮
𱝾
𱝿
𱞅
𱞇
𱡢
𱢿
𱤾
𱥋
𱥯
𱥲
𱥳
𱥴
𱥵
𱥶
𱥸
𱥹
𱥺
𱥻
𱪤
𱪥
𱪦
𱪧
𱪨
𱬵
𱬶
𱭙
𱭳
𱭴
𱮲
𱰥
𱱴
𱱺
𱱿
𱲣
𱲤
𱹪
𱺓
𱼂
𱼩
𱽋
𲂆
𲂇
𲂺
𲅌
𲅎
𲅏
𲈤
𲈵
𲈶
𲈷
𲈸
𲉉
𲉊
𲋢