䞖
䞗
䞘
䞙
䞚
䞛
䞜
䞝
䞞
䞟
䞠
䞡
䞢
䞣
䞤
䞥
䞦
䞧
䞨
䞩
䞪
䞫
䞬
䞭
䞮
䞯
䞰
䞱
䞲
䞳
䞴
䞵
䞶
䞷
䞸
䞹
䞺
䞻
䞼
䞽
䞾
䞿
䟀
䟁
䟂
䟃
䟄
䟅
䟆
䟇
䟈
䟉
䟊
䟋
䟌
䟍
䟎
䟏
䟐
䟑
䟒
赲
赵
赶
赸
赹
赺
赻
赼
赽
赾
赿
趀
趂
趃
趆
趇
趈
趉
趋
趌
趍
趎
趏
趐
趑
趒
趓
趔
趖
趗
趘
趚
趛
趜
趝
趞
趟
趠
趡
趢
趤
趥
趧
趩
趪
趫
趬
趭
趮
趰
趱
趲
龪
﨣
𧻓
𧺆
𧺇
𧺈
𧺉
𧺊
𧺋
𧺌
𧺍
𧺎
𧺏
𧺐
𧺑
𧺒
𧺓
𧺔
𧺕
𧺖
𧺗
𧺘
𧺙
𧺚
𧺛
𧺜
𧺝
𧺞
𧺟
𧺠
𧺡
𧺢
𧺣
𧺤
𧺥
𧺦
𧺧
𧺨
𧺩
𧺪
𧺫
𧺬
𧺭
𧺮
𧺯
𧺰
𧺱
𧺲
𧺳
𧺴
𧺵
𧺶
𧺷
𧺸
𧺹
𧺺
𧺻
𧺼
𧺽
𧺾
𧺿
𧻀
𧻁
𧻂
𧻃
𧻄
𧻅
𧻆
𧻇
𧻈
𧻉
𧻊
𧻋
𧻌
𧻍
𧻎
𧻏
𧻐
𧻑
𧻒
𧻓
𧻔
𧻕
𧻖
𧻗
𧻘
𧻙
𧻚
𧻛
𧻜
𧻝
𧻞
𧻟
𧻠
𧻡
𧻢
𧻣
𧻤
𧻥
𧻦
𧻧
𧻨
𧻩
𧻪
𧻫
𧻬
𧻭
𧻮
𧻯
𧻰
𧻱
𧻲
𧻳
𧻴
𧻵
𧻶
𧻷
𧻸
𧻹
𧻺
𧻻
𧻼
𧻽
𧻾
𧻿
𧼀
𧼁
𧼂
𧼃
𧼄
𧼅
𧼆
𧼇
𧼈
𧼉
𧼊
𧼋
𧼌
𧼍
𧼎
𧼏
𧼐
𧼑
𧼒
𧼓
𧼔
𧼕
𧼖
𧼗
𧼘
𧼙
𧼚
𧼛
𧼜
𧼝
𧼞
𧼟
𧼠
𧼡
𧼢
𧼣
𧼤
𧼥
𧼦
𧼧
𧼨
𧼩
𧼪
𧼫
𧼬
𧼭
𧼮
𧼯
𧼰
𧼱
𧼲
𧼳
𧼴
𧼵
𧼶
𧼷
𧼸
𧼹
𧼺
𧼻
𧼼
𧼽
𧼾
𧼿
𧽀
𧽁
𧽂
𧽃
𧽄
𧽅
𧽆
𧽇
𧽈
𧽉
𧽊
𧽋
𧽌
𧽍
𧽎
𧽏
𧽐
𧽑
𧽒
𧽓
𧽔
𧽕
𧽖
𧽗
𧽘
𧽙
𧽚
𧽛
𧽜
𧽝
𧽞
𧽟
𧽠
𧽡
𧽢
𧽣
𧽤
𧽥
𧽦
𧽧
𧽨
𧽩
𧽪
𧽫
𧽬
𧽭
𧽮
𧽯
𧽰
𧽱
𧽲
𧽳
𧽴
𧽵
𧽶
𧽷
𧽸
𧽹
𧽺
𧽻
𧽼
𧽽
𧽾
𧽿
𧾀
𧾁
𧾂
𧾃
𧾄
𧾅
𧾆
𧾇
𧾈
𧾉
𧾊
𧾋
𧾌
𧾍
𧾎
𧾏
𧾐
𧾑
𧾒
𧾓
𧾔
𧾕
𧾖
𧾗
𧾘
𧾙
𧾚
𧾛
𧾜
𧾝
𧾞
𧾟
𧾠
𧾡
𧾢
𧾣
𧾤
𧾥
𧾦
𧾧
𧾨
𧾩
𧾪
𧾫
𧾬
𧾭
𧾮
𧾯
𧾰
𧾱
𧾲
𧾳
𧾴
𧾵
𧾶
𫎱
𫎲
𫎳
𫎴
𫎵
𫎶
𫎷
𫎸
𫎹
𫎺
𫎻
𫎼
𫎽
𫎾
𫎿
𬦅
𬦆
𬦇
𬦈
𬦉
𬦊
𬦋
𬦌
𬦍
𬦎
𬦏
𬦐
𬦑
𬦒
𬦓
𬦔
𬦕
𬦖
𬦗
𬦘
𬦙
𬦚
𬦛
𬦜
𬦝
𬦞
𬦟
𮚲
𮚳
𮚴
𮚵
𮚶
𮚷
𮚸
𮚹
𮚺
𮚻
𮚼
𮚽
𮚾
𮚿
𮛀
起
𧼯
𰷱
𰷲
𰷳
𰷴
𰷵
𰷶
𰷷
𰷸
𰷹
𰷺
𰷻
𰷼
𰷽
𰷾
𰷿
𰸀
𲃉
𲃊
𲃋
𲃌
𲃍
𲃎
𲃏
𲃐
𲃑
𲃒
𲃓