䒒
䒓
䒔
䒕
䒖
䒗
䒘
䒙
䒚
䒛
䒜
䒝
䒞
䒟
䒠
䒡
䒢
䒣
䒤
䒥
䒦
䒧
䒨
䒩
䒪
䒫
䒬
䒭
䒮
䒯
䒰
䒱
䒲
䒴
䒵
䒶
䒷
䒸
䒹
䒺
䒻
䒼
䒽
䒿
䓀
䓁
䓂
䓃
䓄
䓅
䓆
䓇
䓈
䓉
䓊
䓋
䓌
䓍
䓎
䓏
䓐
䓑
䓒
䓓
䓕
䓖
䓗
䓘
䓙
䓚
䓛
䓜
䓝
䓞
䓟
䓠
䓡
䓢
䓣
䓤
䓥
䓦
䓧
䓨
䓩
䓪
䓫
䓬
䓭
䓮
䓯
䓰
䓱
䓲
䓳
䓴
䓵
䓶
䓷
䓸
䓹
䓺
䓻
䓼
䓽
䓾
䓿
䔀
䔁
䔂
䔃
䔄
䔅
䔆
䔇
䔉
䔊
䔋
䔌
䔎
䔏
䔐
䔑
䔒
䔓
䔔
䔕
䔖
䔗
䔘
䔙
䔚
䔛
䔜
䔝
䔞
䔟
䔠
䔡
䔢
䔣
䔤
䔦
䔧
䔨
䔩
䔪
䔫
䔬
䔭
䔮
䔯
䔰
䔱
䔲
䔳
䔴
䔵
䔶
䔷
䔸
䔹
䔺
䔻
䔼
䔽
䔾
䔿
䕀
䕁
䕂
䕄
䕅
䕆
䕇
䕈
䕉
䕊
䕋
䕌
䕍
䕎
䕏
䕐
䕑
䕒
䕓
䕔
䕕
䕖
䕗
䕘
䕙
䕚
䕛
䕜
䕝
䕞
䕟
䕠
䕡
䕢
䕣
䕤
䕥
䕦
䕧
䕨
䕩
䕪
䕫
䕬
䕭
䕮
䕯
䕰
䕱
䕲
䕳
䕴
䕵
䕶
䕷
䕸
䕹
䕺
䕻
䕼
䕽
䕾
䕿
䖀
䖁
䖂
䖃
䖄
䖅
䖆
䖇
艺
艻
艼
芀
芁
节
芄
芅
芆
芇
芈
芉
芌
芏
芐
芑
芔
芕
芖
芗
芘
芚
芛
芜
芞
芠
芢
芪
芰
芵
芶
苀
苁
苂
苃
苄
苇
苈
苉
苊
苋
苌
苍
苎
苏
苐
苖
苘
苚
苝
苠
苤
苩
苪
苬
苭
苮
苯
苰
苲
苵
苶
苸
苼
苿
茊
茋
茍
茏
茐
茑
茒
茓
茔
茕
茙
茚
茞
茟
茠
茡
茤
茥
茦
茧
茩
茪
茬
茮
茳
茷
茻
茽
茾
茿
荁
荂
荆
荈
荋
荌
荍
荎
荓
荖
荙
荚
荛
荜
荝
荞
荟
荠
荡
荤
荥
荦
荧
荨
荩
荪
荫
荬
荭
荮
药
荰
荱
荲
荴
荶
荸
荹
荺
荾
莀
莁
莂
莃
莄
莈
莋
莌
莏
莐
莑
莗
莙
莜
莡
莣
莤
莥
莦
莬
莭
莮
莯
莰
莲
莳
莴
莶
获
莸
莹
莺
莻
莼
莾
菂
菃
菄
菆
菈
菋
菍
菒
菕
菗
菙
菚
菛
菞
菢
菣
菤
菦
菧
菨
菬
菭
菮
菳
菵
菶
菸
菺
菼
菾
菿
萀
萂
萅
萈
萉
萐
萒
萔
萖
萘
萙
萚
萛
萜
萝
萞
萟
萡
萣
萤
营
萦
萧
萨
萫
萭
萮
萯
萰
萲
萳
萴
萶
萷
萺
萻
萾
萿
葀
葁
葂
葃
葄
葅
葇
葋
葌
葍
葐
葓
葔
葕
葖
葘
葝
葞
葠
葤
葧
葨
葪
葲
葴
葻
葽
葾
葿
蒀
蒃
蒆
蒇
蒈
蒉
蒊
蒌
蒍
蒎
蒏
蒑
蒒
蒓
蒕
蒖
蒘
蒚
蒛
蒝
蒠
蒢
蒣
蒤
蒥
蒧
蒨
蒩
蒪
蒫
蒬
蒮
蒰
蒱
蒳
蒵
蒶
蒷
蒽
蓃
蓅
蓇
蓈
蓌
蓒
蓔
蓕
蓗
蓘
蓛
蓝
蓞
蓟
蓠
蓡
蓢
蓣
蓤
蓥
蓦
蓨
蓩
蓫
蓭
蓲
蓳
蓵
蓶
蓷
蓸
蓹
蓻
蓾
蔁
蔂
蔃
蔄
蔅
蔇
蔈
蔉
蔊
蔋
蔍
蔎
蔏
蔐
蔒
蔖
蔙
蔜
蔝
蔠
蔢
蔧
蔨
蔩
蔪
蔮
蔰
蔱
蔳
蔶
蔷
蔸
蔹
蔺
蔻
蔼
蔿
蕂
蕄
蕅
蕆
蕇
蕌
蕍
蕐
蕒
蕔
蕖
蕛
蕜
蕝
蕟
蕠
蕥
蕦
蕧
蕫
蕬
蕮
蕰
蕱
蕲
蕳
蕴
蕵
蕶
蕸
蕹
蕼
薂
薃
薅
薉
薋
薍
薎
薒
薕
薖
薘
薚
薞
薠
薡
薣
薥
薧
薱
薲
薳
薴
薵
薶
薸
薻
薽
薾
薿
藀
藂
藃
藄
藅
藆
藈
藌
藑
藒
藓
藔
藖
藗
藚
藛
藞
藠
藢
藣
藧
藨
藫
藬
藮
藯
藰
藱
藲
藳
藴
藵
藸
藼
藽
蘁
蘃
蘈
蘉
蘌
蘍
蘎
蘏
蘔
蘕
蘙
蘛
蘜
蘝
蘟
蘠
蘣
蘥
蘦
蘨
蘪
蘫
蘬
蘮
蘱
蘲
蘳
蘴
蘵
蘶
蘷
蘺
蘻
蘽
蘾
虂
虃
虄
虅
虆
虇
虈
虉
虊
虋
虌
龩
龷
龿
鿀
鿊
鿒
鿓
鿦
蘿
落
蘭
藍
蘆
菉
菱
葉
若
蓮
蓼
藺
茶
荒
華
𤎀
𦫳
𦫴
𦫵
𦫶
𦫷
𦫸
𦫹
𦫺
𦫻
𦫼
𦫽
𦫾
𦬀
𦬁
𦬂
𦬃
𦬄
𦬅
𦬆
𦬇
𦬈
𦬉
𦬊
𦬋
𦬌
𦬍
𦬎
𦬏
𦬐
𦬑
𦬒
𦬓
𦬔
𦬕
𦬖
𦬗
𦬘
𦬙
𦬚
𦬛
𦬜
𦬝
𦬞
𦬟
𦬠
𦬡
𦬢
𦬣
𦬤
𦬥
𦬦
𦬧
𦬨
𦬩
𦬪
𦬫
𦬬
𦬭
𦬮
𦬯
𦬰
𦬱
𦬲
𦬳
𦬴
𦬵
𦬶
𦬷
𦬸
𦬹
𦬺
𦬻
𦬼
𦬽
𦬾
𦬿
𦭀
𦭁
𦭂
𦭃
𦭄
𦭅
𦭆
𦭇
𦭈
𦭉
𦭊
𦭋
𦭌
𦭍
𦭎
𦭏
𦭐
𦭑
𦭒
𦭓
𦭔
𦭕
𦭖
𦭗
𦭘
𦭙
𦭚
𦭛
𦭜
𦭝
𦭞
𦭟
𦭠
𦭡
𦭢
𦭣
𦭤
𦭥
𦭦
𦭧
𦭨
𦭩
𦭪
𦭫
𦭬
𦭭
𦭮
𦭯
𦭰
𦭱
𦭲
𦭳
𦭴
𦭵
𦭶
𦭷
𦭸
𦭹
𦭺
𦭻
𦭼
𦭽
𦭾
𦭿
𦮀
𦮁
𦮂
𦮃
𦮄
𦮅
𦮆
𦮇
𦮈
𦮉
𦮊
𦮋
𦮌
𦮍
𦮎
𦮏
𦮐
𦮑
𦮒
𦮓
𦮔
𦮕
𦮖
𦮗
𦮘
𦮙
𦮚
𦮛
𦮜
𦮝
𦮞
𦮟
𦮠
𦮡
𦮢
𦮣
𦮤
𦮥
𦮦
𦮧
𦮨
𦮩
𦮪
𦮫
𦮬
𦮭
𦮮
𦮯
𦮰
𦮱
𦮲
𦮳
𦮴
𦮵
𦮶
𦮷
𦮸
𦮹
𦮺
𦮻
𦮼
𦮽
𦮾
𦮿
𦯀
𦯁
𦯂
𦯃
𦯄
𦯅
𦯆
𦯇
𦯈
𦯉
𦯊
𦯋
𦯌
𦯍
𦯎
𦯏
𦯐
𦯑
𦯒
𦯓
𦯔
𦯕
𦯖
𦯗
𦯘
𦯙
𦯚
𦯛
𦯜
𦯝
𦯞
𦯟
𦯠
𦯡
𦯢
𦯣
𦯤
𦯥
𦯦
𦯧
𦯨
𦯩
𦯪
𦯫
𦯬
𦯭
𦯮
𦯯
𦯰
𦯱
𦯲
𦯳
𦯴
𦯵
𦯶
𦯷
𦯸
𦯹
𦯺
𦯻
𦯼
𦯽
𦯾
𦯿
𦰀
𦰁
𦰂
𦰃
𦰄
𦰅
𦰆
𦰇
𦰈
𦰉
𦰊
𦰋
𦰌
𦰍
𦰎
𦰏
𦰐
𦰑
𦰒
𦰓
𦰔
𦰕
𦰖
𦰗
𦰘
𦰙
𦰚
𦰛
𦰜
𦰝
𦰞
𦰟
𦰠
𦰡
𦰢
𦰣
𦰤
𦰥
𦰦
𦰧
𦰨
𦰪
𦰫
𦰬
𦰭
𦰮
𦰯
𦰰
𦰱
𦰲
𦰳
𦰴
𦰵
𦰶
𦰷
𦰸
𦰹
𦰺
𦰻
𦰼
𦰽
𦰾
𦰿
𦱀
𦱁
𦱂
𦱃
𦱄
𦱅
𦱆
𦱇
𦱈
𦱉
𦱊
𦱋
𦱌
𦱍
𦱎
𦱏
𦱐
𦱑
𦱒
𦱓
𦱔
𦱕
𦱖
𦱗
𦱘
𦱙
𦱚
𦱛
𦱜
𦱝
𦱞
𦱟
𦱠
𦱡
𦱢
𦱣
𦱤
𦱥
𦱦
𦱧
𦱨
𦱩
𦱪
𦱫
𦱬
𦱭
𦱮
𦱯
𦱰
𦱱
𦱲
𦱴
𦱵
𦱶
𦱷
𦱸
𦱹
𦱺
𦱻
𦱼
𦱽
𦱾
𦱿
𦲀
𦲁
𦲂
𦲃
𦲄
𦲅
𦲆
𦲇
𦲈
𦲉
𦲊
𦲋
𦲌
𦲍
𦲎
𦲏
𦲐
𦲑
𦲒
𦲓
𦲔
𦲕
𦲖
𦲗
𦲘
𦲙
𦲚
𦲛
𦲜
𦲝
𦲞
𦲟
𦲠
𦲡
𦲢
𦲣
𦲤
𦲥
𦲦
𦲧
𦲨
𦲩
𦲪
𦲫
𦲬
𦲭
𦲮
𦲯
𦲰
𦲱
𦲲
𦲳
𦲴
𦲵
𦲶
𦲷
𦲸
𦲹
𦲺
𦲻
𦲼
𦲽
𦲾
𦲿
𦳀
𦳁
𦳂
𦳃
𦳄
𦳅
𦳆
𦳇
𦳈
𦳉
𦳊
𦳋
𦳌
𦳍
𦳎
𦳏
𦳐
𦳑
𦳒
𦳓
𦳔
𦳕
𦳖
𦳗
𦳘
𦳙
𦳚
𦳛
𦳜
𦳞
𦳟
𦳠
𦳡
𦳢
𦳣
𦳤
𦳥
𦳦
𦳧
𦳨
𦳩
𦳪
𦳫
𦳬
𦳭
𦳮
𦳯
𦳰
𦳱
𦳲
𦳳
𦳴
𦳵
𦳶
𦳷
𦳸
𦳹
𦳺
𦳻
𦳼
𦳽
𦳾
𦳿
𦴀
𦴁
𦴂
𦴃
𦴄
𦴅
𦴆
𦴇
𦴈
𦴉
𦴊
𦴋
𦴌
𦴍
𦴎
𦴏
𦴐
𦴑
𦴒
𦴓
𦴔
𦴕
𦴖
𦴗
𦴘
𦴙
𦴚
𦴛
𦴜
𦴝
𦴞
𦴟
𦴠
𦴡
𦴢
𦴣
𦴤
𦴥
𦴦
𦴧
𦴨
𦴩
𦴪
𦴫
𦴬
𦴭
𦴮
𦴯
𦴰
𦴱
𦴲
𦴳
𦴴
𦴵
𦴷
𦴸
𦴹
𦴺
𦴻
𦴼
𦴽
𦴾
𦴿
𦵀
𦵁
𦵂
𦵃
𦵄
𦵅
𦵆
𦵇
𦵈
𦵉
𦵊
𦵋
𦵌
𦵍
𦵎
𦵏
𦵐
𦵑
𦵒
𦵓
𦵔
𦵕
𦵖
𦵗
𦵘
𦵙
𦵚
𦵛
𦵜
𦵝
𦵞
𦵟
𦵠
𦵡
𦵢
𦵣
𦵤
𦵥
𦵦
𦵧
𦵨
𦵩
𦵪
𦵫
𦵬
𦵭
𦵮
𦵯
𦵰
𦵱
𦵲
𦵳
𦵴
𦵵
𦵶
𦵷
𦵸
𦵹
𦵺
𦵻
𦵼
𦵽
𦵾
𦵿
𦶀
𦶁
𦶂
𦶃
𦶄
𦶅
𦶆
𦶇
𦶈
𦶉
𦶊
𦶋
𦶌
𦶍
𦶎
𦶏
𦶐
𦶑
𦶒
𦶓
𦶔
𦶕
𦶖
𦶗
𦶘
𦶙
𦶚
𦶛
𦶜
𦶝
𦶞
𦶟
𦶠
𦶡
𦶢
𦶣
𦶤
𦶥
𦶦
𦶧
𦶨
𦶩
𦶪
𦶫
𦶬
𦶭
𦶮
𦶯
𦶰
𦶱
𦶲
𦶳
𦶴
𦶵
𦶶
𦶷
𦶸
𦶹
𦶺
𦶻
𦶼
𦶽
𦶾
𦶿
𦷀
𦷁
𦷂
𦷃
𦷄
𦷅
𦷆
𦷇
𦷈
𦷉
𦷊
𦷋
𦷌
𦷍
𦷎
𦷏
𦷐
𦷑
𦷒
𦷓
𦷔
𦷕
𦷖
𦷗
𦷘
𦷙
𦷚
𦷛
𦷜
𦷝
𦷞
𦷟
𦷠
𦷡
𦷢
𦷣
𦷤
𦷥
𦷦
𦷧
𦷨
𦷩
𦷪
𦷫
𦷬
𦷭
𦷮
𦷯
𦷰
𦷱
𦷲
𦷳
𦷴
𦷵
𦷶
𦷷
𦷸
𦷹
𦷺
𦷻
𦷼
𦷽
𦷾
𦷿
𦸀
𦸁
𦸂
𦸃
𦸄
𦸅
𦸆
𦸇
𦸈
𦸉
𦸊
𦸋
𦸌
𦸍
𦸎
𦸏
𦸐
𦸑
𦸒
𦸓
𦸔
𦸕
𦸖
𦸗
𦸘
𦸙
𦸚
𦸛
𦸜
𦸝
𦸞
𦸟
𦸠
𦸡
𦸢
𦸣
𦸤
𦸥
𦸦
𦸧
𦸨
𦸩
𦸪
𦸫
𦸬
𦸭
𦸮
𦸯
𦸰
𦸱
𦸲
𦸳
𦸴
𦸵
𦸶
𦸷
𦸸
𦸹
𦸺
𦸻
𦸼
𦸽
𦸾
𦸿
𦹁
𦹂
𦹃
𦹄
𦹅
𦹆
𦹇
𦹈
𦹉
𦹊
𦹋
𦹌
𦹍
𦹎
𦹏
𦹐
𦹑
𦹒
𦹓
𦹔
𦹕
𦹖
𦹗
𦹘
𦹙
𦹚
𦹛
𦹜
𦹝
𦹞
𦹟
𦹠
𦹡
𦹢
𦹣
𦹤
𦹦
𦹧
𦹨
𦹩
𦹪
𦹫
𦹬
𦹭
𦹮
𦹯
𦹰
𦹱
𦹲
𦹳
𦹴
𦹵
𦹶
𦹷
𦹸
𦹹
𦹺
𦹻
𦹼
𦹽
𦹾
𦹿
𦺀
𦺁
𦺂
𦺃
𦺄
𦺅
𦺆
𦺇
𦺈
𦺉
𦺊
𦺋
𦺌
𦺍
𦺎
𦺏
𦺐
𦺑
𦺒
𦺓
𦺔
𦺕
𦺖
𦺗
𦺘
𦺙
𦺚
𦺛
𦺜
𦺝
𦺞
𦺟
𦺠
𦺡
𦺢
𦺣
𦺤
𦺥
𦺦
𦺧
𦺨
𦺩
𦺪
𦺫
𦺬
𦺭
𦺮
𦺯
𦺰
𦺱
𦺲
𦺳
𦺴
𦺵
𦺶
𦺷
𦺸
𦺹
𦺺
𦺻
𦺼
𦺽
𦺾
𦺿
𦻀
𦻁
𦻂
𦻃
𦻄
𦻅
𦻆
𦻇
𦻈
𦻉
𦻊
𦻋
𦻌
𦻍
𦻎
𦻏
𦻐
𦻑
𦻒
𦻓
𦻔
𦻕
𦻖
𦻗
𦻘
𦻙
𦻚
𦻛
𦻜
𦻝
𦻞
𦻟
𦻠
𦻡
𦻢
𦻣
𦻤
𦻥
𦻦
𦻧
𦻨
𦻩
𦻪
𦻫
𦻬
𦻭
𦻮
𦻯
𦻰
𦻱
𦻲
𦻳
𦻴
𦻵
𦻶
𦻷
𦻸
𦻹
𦻺
𦻻
𦻼
𦻽
𦻾
𦻿
𦼀
𦼁
𦼂
𦼃
𦼄
𦼅
𦼆
𦼇
𦼈
𦼉
𦼊
𦼋
𦼌
𦼍
𦼎
𦼏
𦼐
𦼑
𦼒
𦼓
𦼔
𦼕
𦼖
𦼗
𦼘
𦼙
𦼚
𦼛
𦼜
𦼝
𦼞
𦼟
𦼠
𦼡
𦼢
𦼣
𦼤
𦼥
𦼦
𦼧
𦼨
𦼩
𦼪
𦼫
𦼬
𦼭
𦼮
𦼯
𦼰
𦼱
𦼲
𦼳
𦼴
𦼵
𦼶
𦼷
𦼸
𦼹
𦼺
𦼻
𦼼
𦼽
𦼾
𦼿
𦽀
𦽁
𦽂
𦽃
𦽄
𦽅
𦽆
𦽇
𦽈
𦽉
𦽊
𦽋
𦽌
𦽍
𦽎
𦽏
𦽐
𦽑
𦽒
𦽓
𦽔
𦽕
𦽖
𦽗
𦽘
𦽙
𦽚
𦽛
𦽜
𦽝
𦽞
𦽟
𦽠
𦽡
𦽢
𦽣
𦽤
𦽥
𦽦
𦽧
𦽨
𦽩
𦽪
𦽫
𦽬
𦽭
𦽮
𦽯
𦽰
𦽱
𦽲
𦽳
𦽴
𦽵
𦽶
𦽷
𦽸
𦽹
𦽺
𦽻
𦽼
𦽽
𦽾
𦽿
𦾀
𦾁
𦾂
𦾃
𦾄
𦾅
𦾆
𦾇
𦾈
𦾉
𦾊
𦾋
𦾌
𦾍
𦾎
𦾏
𦾐
𦾑
𦾒
𦾓
𦾕
𦾖
𦾗
𦾘
𦾙
𦾚
𦾛
𦾜
𦾝
𦾞
𦾟
𦾠
𦾡
𦾢
𦾣
𦾤
𦾥
𦾦
𦾧
𦾨
𦾩
𦾪
𦾫
𦾬
𦾭
𦾮
𦾯
𦾰
𦾱
𦾲
𦾳
𦾴
𦾵
𦾶
𦾷
𦾸
𦾹
𦾺
𦾻
𦾼
𦾽
𦾾
𦾿
𦿀
𦿁
𦿂
𦿃
𦿄
𦿅
𦿆
𦿇
𦿈
𦿉
𦿊
𦿋
𦿌
𦿍
𦿎
𦿏
𦿐
𦿑
𦿒
𦿓
𦿔
𦿕
𦿖
𦿗
𦿘
𦿙
𦿚
𦿛
𦿜
𦿝
𦿞
𦿟
𦿠
𦿡
𦿢
𦿣
𦿤
𦿥
𦿦
𦿧
𦿨
𦿩
𦿪
𦿫
𦿬
𦿭
𦿮
𦿯
𦿰
𦿱
𦿲
𦿳
𦿴
𦿵
𦿹
𦿺
𦿻
𦿼
𦿽
𦿾
𦿿
𧀀
𧀁
𧀂
𧀃
𧀄
𧀅
𧀆
𧀇
𧀈
𧀉
𧀊
𧀋
𧀌
𧀍
𧀎
𧀏
𧀐
𧀑
𧀒
𧀓
𧀔
𧀕
𧀖
𧀗
𧀘
𧀙
𧀚
𧀛
𧀜
𧀝
𧀞
𧀟
𧀠
𧀡
𧀢
𧀣
𧀤
𧀥
𧀦
𧀧
𧀨
𧀩
𧀪
𧀫
𧀬
𧀭
𧀮
𧀯
𧀰
𧀱
𧀲
𧀳
𧀴
𧀵
𧀶
𧀷
𧀸
𧀹
𧀺
𧀻
𧀼
𧀽
𧀾
𧀿
𧁀
𧁁
𧁂
𧁃
𧁄
𧁅
𧁆
𧁇
𧁈
𧁉
𧁊
𧁋
𧁌
𧁍
𧁎
𧁏
𧁐
𧁑
𧁒
𧁓
𧁔
𧁕
𧁖
𧁗
𧁘
𧁙
𧁚
𧁛
𧁜
𧁝
𧁞
𧁟
𧁠
𧁡
𧁢
𧁣
𧁤
𧁥
𧁦
𧁧
𧁨
𧁩
𧁪
𧁫
𧁬
𧁭
𧁮
𧁯
𧁰
𧁱
𧁲
𧁳
𧁴
𧁵
𧁶
𧁷
𧁸
𧁹
𧁺
𧁻
𧁼
𧁽
𧁾
𧁿
𧂀
𧂁
𧂂
𧂃
𧂄
𧂅
𧂆
𧂇
𧂈
𧂉
𧂊
𧂋
𧂌
𧂍
𧂎
𧂏
𧂐
𧂑
𧂒
𧂓
𧂔
𧂕
𧂖
𧂗
𧂘
𧂙
𧂚
𧂛
𧂜
𧂝
𧂞
𧂟
𧂠
𧂡
𧂢
𧂣
𧂤
𧂥
𧂦
𧂧
𧂨
𧂩
𧂪
𧂫
𧂬
𧂭
𧂮
𧂯
𧂰
𧂱
𧂲
𧂳
𧂴
𧂵
𧂶
𧂷
𧂸
𧂹
𧂺
𧂻
𧂼
𧂽
𧂾
𧂿
𧃀
𧃁
𧃂
𧃃
𧃄
𧃅
𧃆
𧃇
𧃈
𧃉
𧃊
𧃋
𧃌
𧃍
𧃎
𧃏
𧃐
𧃑
𧃒
𧃓
𧃔
𧃕
𧃖
𧃗
𧃘
𧃙
𧃚
𧃛
𧃜
𧃝
𧃞
𧃟
𧃠
𧃡
𧃢
𧃣
𧃤
𧃥
𧃦
𧃧
𧃨
𧃩
𧃪
𧃫
𧃬
𧃭
𧃮
𧃯
𧃰
𧃱
𧃲
𧃳
𧃵
𧃶
𧃷
𧃸
𧃹
𧃺
𧃻
𧃼
𧃽
𧃾
𧃿
𧄀
𧄁
𧄂
𧄃
𧄄
𧄅
𧄆
𧄇
𧄈
𧄉
𧄊
𧄋
𧄌
𧄎
𧄏
𧄐
𧄑
𧄒
𧄓
𧄔
𧄕
𧄖
𧄗
𧄘
𧄙
𧄚
𧄛
𧄜
𧄝
𧄞
𧄟
𧄠
𧄡
𧄢
𧄣
𧄤
𧄥
𧄦
𧄧
𧄨
𧄩
𧄪
𧄫
𧄬
𧄭
𧄮
𧄯
𧄰
𧄱
𧄲
𧄳
𧄴
𧄵
𧄶
𧄷
𧄸
𧄺
𧄻
𧄼
𧄽
𧄾
𧄿
𧅀
𧅁
𧅂
𧅃
𧅄
𧅅
𧅆
𧅇
𧅈
𧅉
𧅊
𧅋
𧅌
𧅍
𧅎
𧅏
𧅐
𧅑
𧅒
𧅓
𧅔
𧅕
𧅖
𧅗
𧅘
𧅙
𧅚
𧅛
𧅜
𧅝
𧅞
𧅟
𧅠
𧅡
𧅢
𧅣
𧅤
𧅥
𧅦
𧅧
𧅨
𧅩
𧅪
𧅫
𧅬
𧅭
𧅮
𧅯
𧅰
𧅱
𧅲
𧅳
𧅴
𧅵
𧅶
𧅷
𧅸
𧅹
𧅺
𧅻
𧅼
𧅽
𧅾
𧅿
𧆀
𧆁
𧆂
𧆃
𧆄
𧆅
𧆇
𧆈
𧆉
𧆊
𧆋
𧆌
𧆍
𧆎
𧆏
𧆐
𧆑
𧆒
𧆓
𧆔
𧆕
𧆖
𧆗
𧆘
𧆙
𧆚
𫇥
𫇦
𫇧
𫇨
𫇩
𫇪
𫇫
𫇬
𫇭
𫇮
𫇯
𫇰
𫇱
𫇲
𫇳
𫇴
𫇵
𫇶
𫇷
𫇸
𫇹
𫇺
𫇻
𫇼
𫇽
𫇾
𫇿
𫈀
𫈁
𫈂
𫈃
𫈄
𫈅
𫈆
𫈇
𫈈
𫈉
𫈊
𫈋
𫈌
𫈍
𫈎
𫈏
𫈐
𫈑
𫈒
𫈓
𫈔
𫈕
𫈖
𫈗
𫈘
𫈙
𫈚
𫈛
𫈜
𫈝
𫈞
𫈟
𫈠
𫈡
𫈢
𫈣
𫈤
𫈥
𫈦
𫈧
𫈨
𫈩
𫈪
𫈫
𫈬
𫈭
𫈮
𫈯
𫈰
𫈱
𫈲
𫈳
𫈴
𫈵
𫈶
𫈷
𫈸
𫈹
𫈺
𫈻
𫈼
𫈽
𫈾
𫈿
𫉀
𫉁
𫉂
𫉃
𫉄
𫉅
𫉆
𫉇
𫉈
𫉉
𫉊
𫉋
𫉌
𫉍
𫉎
𫉏
𫉐
𫉑
𫉒
𫉓
𫉔
𫉕
𫉖
𫉗
𫉘
𫉙
𫉚
𫉛
𫉜
𫉝
𫉞
𫉟
𫉠
𫉡
𫉢
𫉣
𫉤
𫉥
𫉦
𫉧
𫉨
𫉩
𫉪
𫉫
𫉬
𫉭
𫉮
𫉯
𫉰
𫉱
𫉲
𫉳
𫉴
𫉵
𫉶
𫉷
𫉸
𫉹
𫉺
𫉻
𫉼
𫉽
𫉾
𫉿
𫊀
𫊁
𫊂
𫊃
𫊄
𫊅
𫊆
𫊇
𫊈
𫊉
𫊊
𫊋
𫊌
𫊍
𫊎
𫊏
𫊐
𫊑
𫊒
𫊓
𫊔
𫊕
𫊖
𫊗
𫊘
𫊙
𫊚
𫊛
𫊜
𫟌
𫟍
𫟎
𫟏
𫟐
𫟑
𫟒
𫟓
𫟔
𫟕
𫟖
𬜠
𬜡
𬜢
𬜣
𬜤
𬜥
𬜦
𬜧
𬜨
𬜩
𬜪
𬜫
𬜬
𬜭
𬜮
𬜯
𬜰
𬜱
𬜲
𬜳
𬜴
𬜵
𬜶
𬜷
𬜸
𬜹
𬜺
𬜻
𬜼
𬜽
𬜾
𬜿
𬝀
𬝁
𬝂
𬝃
𬝄
𬝅
𬝆
𬝇
𬝈
𬝉
𬝊
𬝋
𬝌
𬝍
𬝎
𬝏
𬝐
𬝑
𬝒
𬝓
𬝔
𬝕
𬝖
𬝗
𬝘
𬝙
𬝚
𬝛
𬝜
𬝝
𬝞
𬝟
𬝠
𬝡
𬝢
𬝣
𬝤
𬝥
𬝦
𬝧
𬝨
𬝩
𬝪
𬝫
𬝬
𬝭
𬝮
𬝯
𬝰
𬝱
𬝲
𬝳
𬝴
𬝵
𬝶
𬝷
𬝸
𬝹
𬝺
𬝻
𬝼
𬝽
𬝾
𬝿
𬞀
𬞁
𬞂
𬞃
𬞄
𬞅
𬞆
𬞇
𬞈
𬞉
𬞊
𬞋
𬞌
𬞍
𬞎
𬞏
𬞐
𬞑
𬞒
𬞓
𬞔
𬞕
𬞖
𬞗
𬞘
𬞙
𬞚
𬞛
𬞜
𬞝
𬞞
𬞟
𬞠
𬞡
𬞢
𬞣
𬞤
𬞥
𬞦
𬞧
𬞨
𬞩
𬞪
𬞫
𬞬
𬞭
𬞮
𬞯
𬞰
𬞱
𬞲
𬞳
𬞴
𬞵
𬞶
𬞷
𬞸
𬞹
𬞺
𬞻
𬞼
𬞽
𬞾
𬞿
𬟀
𬟁
𬟂
𬟃
𬟄
𬟅
𬟆
𬟇
𬟈
𬟉
𬟊
𬟋
𬟌
𬟍
𬟎
𬟏
𬟐
𬟑
𬟒
𬟓
𬟔
𬟕
𬟖
𬟗
𬟘
𬟙
𬟚
𬟛
𬟜
𬟝
𬟞
𬟟
𬟠
𬟡
𬟢
𬟣
𬟤
𬟥
𬟦
𮎟
𮎠
𮎡
𮎢
𮎣
𮎤
𮎥
𮎦
𮎧
𮎨
𮎩
𮎪
𮎫
𮎬
𮎭
𮎮
𮎯
𮎰
𮎱
𮎲
𮎳
𮎴
𮎵
𮎶
𮎷
𮎸
𮎹
𮎺
𮎻
𮎼
𮎽
𮎾
𮎿
𮏀
𮏁
𮏂
𮏃
𮏄
𮏅
𮏆
𮏇
𮏈
𮏉
𮏊
𮏋
𮏌
𮏍
𮏎
𮏏
𮏐
𮏑
𮏒
𮏓
𮏔
𮏕
𮏖
𮏗
𮏘
𮏙
𮏚
𮏛
𮏜
𮏝
𮏞
𮏟
𮏠
𮏡
𮏢
𮏣
𮏤
𮏥
𮏦
𮏧
𮏨
𮏩
𮏪
𮏫
𮏬
𮏭
𮏮
𮏯
𮏰
𮏱
𮏲
𮏳
𮏴
𮏵
𮏶
𮏷
𮏸
𮏹
𮏺
𮏻
𮏼
𮏽
𮏾
𮏿
𮐀
𮐁
𮐂
𮐃
𮐄
𮐅
𮐆
𮐇
𮐈
𮐉
𮐊
𮐋
𮐌
𮐍
𮐎
𮐏
𮐐
𮐑
𮐒
𮐓
𮐔
𮐕
𮐖
𮐗
𮐘
𮐙
𮐚
𮐛
𮐜
𮐝
𮐞
𮐟
𮐠
𮐡
𮐢
𮐣
𮐤
𮐥
𮐦
𮐧
𮐨
𮐩
𮐪
𮐫
𮐬
𮐭
𮐮
𮐯
𮐰
𮐱
𮐲
𮐳
𮐴
𮐵
𮐶
𮐷
𮐸
𮐹
𮐺
𮐻
𮐼
𮐽
𮐾
𮐿
𮑀
𮑁
𮑂
𮑃
𮑄
𮑅
𮑆
𮑇
𮑈
𮑉
𮑊
𮑋
𮑌
𮑍
𮑎
𮑏
𮑐
𮑑
𮑒
𮑓
𮑔
𮑕
𮑖
𮑗
𮑘
𮑙
𮑚
𮑛
𮑜
𮑝
𮑞
𮑟
𮑠
𮑡
𮑢
𮑣
𮑤
𮑥
𮑦
𮑧
𮑨
𮑩
𮑪
𮑫
𮑬
𮑭
𮑮
𮑯
𮑰
𮑱
𮑲
𮑳
𮑴
𮑵
𮑶
𮑷
𮑸
𮑹
𮑺
𮑻
𮑼
𮑽
𮑾
𮑿
𮒀
𮒁
𮒂
𮒃
𮒄
𮒅
𮒆
𮒇
𮒈
𮒉
𮒊
𮒋
𮒌
𮒍
𮒎
𮒏
𮒐
𮒑
𮒒
𮒓
𮒔
𮒕
𮒖
𮒗
𮒘
𮒙
𮒚
𮒛
𮒜
𮒝
𮒞
𮒟
𮒠
𮒡
𮒢
𮒣
𮒤
𮒥
𮒦
𮒧
𮒨
𮒩
𮒪
𮒫
𮒬
𮒭
𮒮
𮒯
𮒰
𮒱
𮒲
𮒳
𮒴
𮒵
𮒶
𮒷
𮒸
𮒹
𮒺
𮒻
𮒼
𮒽
𮒾
𮒿
𮓀
𮓁
𮓂
𮓃
𮓄
𮓅
𮓆
𮓇
𮓈
𮓉
𮓊
𮓋
𮓌
𮓍
𮓎
𮓏
𮓐
𮓑
𮓒
𮓓
𮓔
𮓕
𮓖
𮶛
𮶜
𮶝
𮶞
𮶟
𮶠
𮶡
𮶢
𮶣
𮶤
𮶥
𮶦
𮶧
𮶨
𮶩
𮶪
𮶫
𮶬
𮶭
𮶮
𮶯
𮶰
𮶱
𮶲
𮶳
𮶴
𮶵
𮶶
𮶷
𮶸
𮶹
芑
芋
芝
花
芳
芽
苦
𦬼
若
茝
荣
莭
茣
莽
菧
著
荓
菊
菌
菜
𦰶
𦵫
𦳕
䔫
蓱
蓳
蔖
蕤
𦼬
䕝
䕡
𦾱
𧃒
䕫
𰰜
𰰝
𰰞
𰰟
𰰠
𰰡
𰰢
𰰣
𰰤
𰰥
𰰦
𰰧
𰰨
𰰩
𰰪
𰰫
𰰬
𰰭
𰰮
𰰯
𰰰
𰰱
𰰲
𰰳
𰰴
𰰵
𰰶
𰰷
𰰸
𰰹
𰰺
𰰻
𰰼
𰰽
𰰾
𰰿
𰱀
𰱁
𰱂
𰱃
𰱄
𰱅
𰱆
𰱇
𰱈
𰱉
𰱊
𰱋
𰱌
𰱍
𰱎
𰱏
𰱐
𰱑
𰱒
𰱓
𰱔
𰱕
𰱖
𰱗
𰱘
𰱙
𰱚
𰱛
𰱜
𰱝
𰱞
𰱟
𰱠
𰱡
𰱢
𰱣
𰱤
𰱥
𰱦
𰱧
𰱨
𰱩
𰱪
𰱫
𰱬
𰱭
𰱮
𰱯
𰱰
𰱱
𰱲
𰱳
𰱴
𰱵
𰱶
𰱷
𰱸
𰱹
𰱺
𰱻
𰱼
𰱽
𰱾
𰱿
𰲀
𰲁
𰲂
𰲃
𰲄
𰲅
𰲆
𰲇
𰲈
𰲉
𰲊
𰲋
𰲌
𰲍
𰲎
𰲏
𰲐
𰲑
𰲒
𰲓
𰲔
𰲕
𰲖
𰲗
𱽋
𱽌
𱽍
𱽎
𱽏
𱽐
𱽑
𱽒
𱽓
𱽔
𱽕
𱽖
𱽗
𱽘
𱽙
𱽚
𱽛
𱽜
𱽝
𱽞
𱽟
𱽠
𱽡
𱽢
𱽣
𱽤
𱽥
𱽦
𱽧
𱽨
𱽩
𱽪
𱽫
𱽬
𱽭
𱽮
𱽯
𱽰
𱽱
𱽲
𱽳
𱽴
𱽵
𱽶
𱽷
𱽸
𱽹
𱽺
𱽻
𱽼
𱽽
𱽾
𱽿
𱾀
𱾁
𱾂
𱾃
𱾄
𱾅
𱾆
𱾇
𱾈
𱾉
𱾊
𱾋
𱾌
𱾍
𱾎
𱾏
𱾐
𱾑
𱾒
𱾓
𱾔
𱾕
𱾖
𱾗
𱾘
𱾙
𱾚
𱾛
𱾜
𱾝
𱾞
𱾟
𱾠
𱾡
𱾢
𱾣
𱾤
𱾥
𱾦
𱾧
𱾨
𱾩
𱾪
𱾫
𱾬
𱾭
𱾮
𱾯
𱾰
𱾱
𱾲
𱾳
𱾴
𱾵
𱾶
𱾷
𱾸
𱾹
𱾺
𱾻
𱾼
𱾽
𱾾
𱾿
𱿀
𱿁
𱿂
𱿃
𱿄
𱿅
𱿆
𱿇
𱿈
𱿉
𱿊
𱿋
𱿌
𱿍