﨑
㐂
㑧
㑶
㒫
㔳
㕟
㕧
㙓
㙨
㙺
㚀
㚡
㚦
㚻
㛓
㜯
㞆
㞒
㞓
㞛
㞦
㞯
㞿
㟓
㟚
㠌
㠱
㠻
㡬
㥍
㥓
㧘
㧡
㧪
㨳
㩓
㩣
㩬
㩻
㩽
㩾
㫅
㫎
㫷
㯦
㰕
㰟
㰨
㰻
㱆
㱕
㱦
㲹
㳵
㶼
㷐
㸍
㸵
㹆
㹷
㺔
㺣
㺿
㻑
㼄
㾙
㾨
㿲
䀈
䁈
䁉
䁛
䁤
䂀
䂓
䃣
䃽
䄎
䄫
䅩
䅲
䇧
䇫
䉻
䊠
䋟
䌆
䍯
䐀
䐅
䐖
䑴
䒻
䓅
䓽
䔇
䕚
䕤
䕫
䖒
䖷
䗁
䙡
䚙
䚿
䛋
䛥
䛴
䛼
䜐
䝘
䝸
䝿
䞈
䞚
䞨
䟇
䟚
䟸
䠏
䠑
䡄
䡋
䢋
䢎
䢜
䢳
䣀
䤆
䤒
䤥
䥓
䦰
䧦
䧶
䨳
䩓
䩭
䫏
䫥
䬣
䬽
䭨
䭶
䭼
䮎
䮝
䯣
䰇
䰎
䰙
䱈
䲅
䲊
䲪
䲬
䳅
䳏
䳢
䳫
䵱
䶏
䶞
䶯
𠀃
𠀐
𠀠
𠀮
𠁭
𠁴
𠃳
𠃾
𠆉
𠇞
𠈮
𠊾
𠋳
𠍃
𠐽
𠐾
𠑶
𠓪
𠔋
𠔐
𠔚
𠔛
𠔝
𠔶
𠔸
𠕨
𠘸
𠘻
𠚽
𠥊
𠥎
𠥩
𠦄
𠦪
𠨕
𠨚
𠩸
𠩺
𠬇
𠬚
𠬯
𠬹
𠮯
𠰝
𠱓
𠱥
𠲹
𠴩
𠶨
𠶮
𠶵
𠷏
𠷛
𠷝
𠿥
𡃢
𡃨
𡄘
𡄛
𡆡
𡇟
𡉊
𡉙
𡉝
𡋵
𡍳
𡏲
𡒂
𡓰
𡔯
𡕿
𡖾
𡘡
𡜦
𡜱
𡞑
𡟮
𡠓
𡢕
𡢝
𡦊
𡦎
𡦑
𡦠
𡧌
𡧫
𡧭
𡪵
𡪽
𡬂
𡬄
𡭙
𡭛
𡮧
𡯥
𡯵
𡯾
𡲏
𡴲
𡴸
𡴻
𡴾
𡵁
𡵱
𡷞
𡷺
𡸩
𡹓
𡹩
𡺓
𡺸
𡻎
𡻧
𡼋
𡽼
𡿢
𡿸
𢀒
𢀡
𢁂
𢁒
𢁫
𢂉
𢃛
𢃯
𢄊
𢅦
𢅨
𢆻
𢆼
𢇼
𢈌
𢊄
𢋌
𢋼
𢌳
𢍁
𢍇
𢍑
𢍞
𢐭
𢕗
𢖄
𢗂
𢗏
𢗹
𢚁
𢜽
𢞉
𢟪
𢟾
𢠿
𢡴
𢢞
𢤵
𢥘
𢨛
𢨟
𢩡
𢪑
𢪕
𢭄
𢮜
𢯷
𢰄
𢰤
𢱳
𢲕
𢴰
𢶐
𢶙
𢸤
𢹍
𢺵
𢺷
𢺼
𢻂
𢻋
𢻏
𢻗
𢻚
𢻪
𢼀
𢼤
𢼨
𢼷
𢾁
𢾌
𢾦
𢾰
𣀚
𣂦
𣄈
𣄓
𣄜
𣄨
𣄯
𣅆
𣅠
𣆠
𣇳
𣌽
𣍠
𣍡
𣍣
𣏌
𣓪
𣔔
𣔽
𣗳
𣚏
𣚘
𣟨
𣟵
𣡕
𣡽
𣢁
𣢂
𣢆
𣢇
𣢊
𣢍
𣢎
𣢑
𣢪
𣣐
𣤴
𣥖
𣥮
𣦞
𣦦
𣦨
𣧼
𣪣
𣪷
𣫖
𣫚
𣫱
𣬡
𣮢
𣯆
𣱕
𣱖
𣱚
𣱛
𣱞
𣲵
𣲼
𣷾
𣸀
𣺍
𣽍
𣽞
𣾤
𤂴
𤃪
𤃽
𤆂
𤇴
𤈦
𤋮
𤌋
𤎶
𤏁
𤏜
𤏴
𤐕
𤑱
𤓚
𤕣
𤘌
𤘧
𤜝
𤟤
𤟴
𤡬
𤢀
𤢑
𤤋
𤩒
𤪌
𤪫
𤫝
𤬘
𤮆
𤮙
𤱲
𤳥
𤳳
𤳹
𤴄
𤵀
𤵑
𤷍
𤸁
𤼅
𤼩
𤽍
𤾈
𤾤
𤿡
𤿯
𥁇
𥁬
𥄥
𥅹
𥇚
𥇳
𥈸
𥈻
𥌶
𥍁
𥍋
𥍨
𥎃
𥎛
𥎾
𥘕
𥜏
𥝪
𥝬
𥟝
𥡏
𥢗
𥥠
𥦣
𥨖
𥨾
𥪫
𥪼
𥫚
𥫟
𥫠
𥫶
𥭌
𥭜
𥭱
𥯫
𥳏
𥵓
𥶵
𥷇
𥸃
𥸋
𥸳
𥼘
𥼹
𥽂
𥾊
𥾎
𥾦
𥾻
𥿓
𦁰
𦁳
𦆠
𦈯
𦋊
𦌭
𦌱
𦍈
𦍊
𦑩
𦒿
𦓀
𦔌
𦖊
𦘃
𦜕
𦝘
𦝢
𦞝
𦠄
𦢍
𦤇
𦤌
𦧉
𦨘
𦪆
𦫡
𦬊
𦬟
𦭲
𦮙
𦮼
𦯡
𦯸
𦳛
𦷡
𦸀
𦸆
𦺕
𦺬
𦻆
𦼽
𦽐
𦾲
𧁻
𧂟
𧂠
𧃞
𧃰
𧄑
𧅄
𧇾
𧈰
𧉁
𧉇
𧉜
𧊄
𧌴
𧍜
𧎵
𧎶
𧏨
𧏩
𧐆
𧑋
𧑴
𧓑
𧔠
𧕆
𧗇
𧗒
𧗝
𧗼
𧘧
𧚈
𧝷
𧠄
𧡦
𧡫
𧡺
𧢦
𧢫
𧢾
𧣐
𧣩
𧤟
𧥤
𧥽
𧦁
𧦭
𧧃
𧧟
𧪄
𧪡
𧪢
𧪵
𧫏
𧫜
𧫠
𧬗
𧯯
𧰙
𧱲
𧱾
𧲘
𧳙
𧵄
𧵥
𧶖
𧶪
𧷩
𧷱
𧸋
𧻑
𧻜
𧻶
𧼘
𧾾
𧿄
𧿍
𨀣
𨀶
𨁐
𨄎
𨅆
𨅠
𨅤
𨆆
𨇪
𨈉
𨉸
𨋡
𨍂
𨐛
𨑍
𨑔
𨑖
𨑤
𨓋
𨓕
𨓼
𨗂
𨘫
𨙑
𨙬
𨙸
𨙾
𨚻
𨛑
𨛺
𨜅
𨞘
𨡂
𨪌
𨭎
𨱜
𨲿
𨳋
𨴓
𨵘
𨵤
𨶳
𨸒
𨸔
𨺜
𨼰
𨾗
𨾚
𨾛
𨿕
𨿣
𨿫
𩀁
𩄁
𩆺
𩉝
𩉬
𩊛
𩌃
𩍨
𩍾
𩎟
𩏐
𩏡
𩏣
𩏱
𩐄
𩐖
𩑬
𩒽
𩓠
𩓡
𩓸
𩔆
𩕜
𩕲
𩗝
𩚎
𩚮
𩜆
𩜐
𩞊
𩟱
𩥀
𩥂
𩥉
𩥞
𩥢
𩦋
𩦟
𩦸
𩨒
𩨝
𩩛
𩪹
𩬺
𩯿
𩱻
𩲚
𩲞
𩲡
𩲢
𩲪
𩲽
𩳉
𩳣
𩳷
𩳹
𩴆
𩴪
𩴿
𩵉
𩵧
𩵪
𩶥
𩷾
𩹍
𩺺
𩻟
𩼐
𩽚
𩾠
𪀗
𪂛
𪄯
𪄵
𪅹
𪅾
𪆳
𪆴
𪊋
𪊍
𪊔
𪊨
𪍀
𪎜
𪎮
𪏏
𪏕
𪖥
𪖪
𪗞
𪙧
𪚦
𪚧
𪚨
𪚿
𫝡
𫮍
𬆲
𬼿
𭅁
𭅐
𭆔
𭐱
𭒔
𭒗
𭔃
𭗪
𭘊
𭘍
𭙌
𭟼
𭟾
𭣔
𭫞
𭮳
𭮵
𭴺
𭼾
𮈵
𮋝
𮓰
𮓱
𮘪
𮙲
𮜿
𮪍
𮯛
𮯜
𮯝
𮯞
𮯟