﨔
㝒
㞐
㞰
㠊
㠪
㣄
㧁
㨿
㩀
㪯
㫢
㭕
㯫
㰦
㾀
䅕
䆽
䋌
䒧
䔓
䛯
䝣
䝻
䟊
䢹
䣰
䱟
䵕
䶙
𠃥
𠇯
𠍲
𠏛
𠏣
𠔖
𠙢
𠙴
𠢈
𠧝
𠧰
𠫕
𠫟
𠫥
𠬑
𠰾
𠳷
𡃧
𡞮
𡡥
𡥳
𡥶
𡨢
𢀑
𢀓
𢎖
𢟶
𢤫
𢦌
𢨁
𢨰
𢩕
𢴮
𢷛
𣅤
𣌬
𣖪
𣚛
𣝛
𣤼
𣦄
𣰡
𣲻
𣶅
𣸔
𤁴
𤃄
𤉝
𤔋
𤙏
𤝙
𤡣
𤢓
𤥾
𤦲
𤨎
𤩁
𤩵
𤪬
𥑱
𥓼
𥕰
𥛳
𥧻
𥬔
𥬙
𥱿
𥲜
𥲤
𥴧
𥷉
𥿇
𦀤
𦂘
𦄽
𦇙
𦊐
𦕙
𦚁
𦚒
𦟳
𦣒
𦥑
𦥹
𦦙
𦦝
𦪡
𦬠
𦯟
𦱅
𦳰
𦸵
𦼫
𧃢
𧆳
𧆾
𧇆
𧇽
𧕎
𧕼
𧝔
𧝲
𧟬
𧣒
𧣻
𧰴
𧲋
𧲵
𧴆
𧸧
𧺹
𧿃
𨋾
𨌟
𨎶
𨐣
𨛮
𨝬
𨞙
𨞦
𨮗
𨯼
𨼋
𨼫
𨼽
𩁋
𩉸
𩋜
𩰤
𩴘
𩴛
𩿕
𩿝
𩿟
𪀏
𪁥
𪆂
𪆛
𪆫
𪆺
𪌆
𪌖
𪍸
𪗖
𪚸
𬻛
𭊌
𭖱
𭞥
𭢅
𭭔
𭹣
𮓠
𮓡
𮙟
㐩
㐫
㓋
㓏
㓙
㕳
㕺
㗽
㙝
㚁
㚠
㚽
㚾
㛍
㛨
㝯
㞏
㠐
㢗
㢵
㤍
㤟
㤨
㤮
㤯
㤲
㥦
㥷
㧦
㧬
㧭
㧶
㩉
㩖
㩩
㪣
㫒
㫛
㬌
㭟
㭢
㭲
㮪
㯋
㰢
㰰
㰼
㰾
㱇
㳟
㳾
㵿
㶀
㷡
㷫
㹔
㹤
㹲
㹴
㹹
㹾
㺒
㺬
㼦
㽱
㾀
㾘
㾜
㾠
㿟
䀉
䀊
䀴
䀶
䀷
䁋
䁯
䁱
䁶
䂩
䂪
䂬
䂭
䂲
䃂
䃝
䅃
䅨
䆗
䆻
䊄
䋌
䍊
䍔
䎄
䎗
䎴
䏮
䒰
䔔
䔷
䕟
䕧
䕬
䖀
䖮
䖱
䗵
䘨
䙼
䚩
䛟
䛭
䜰
䝱
䡈
䡖
䡗
䡠
䡩
䡰
䢒
䢚
䢪
䢼
䣏
䤝
䥒
䥞
䥵
䦳
䫞
䬅
䬘
䮦
䯚
䯧
䰘
䰫
䱁
䱋
䲔
䲷
䲾
䳂
䳋
䳍
䳙
𠅠
𠇒
𠉨
𠉫
𠋕
𠋸
𠌕
𠍧
𠎢
𠏤
𠐋
𠑪
𠒋
𠒌
𠓆
𠔆
𠔏
𠕣
𠕧
𠗉
𠗌
𠗝
𠘌
𠛗
𠞏
𠣀
𠣃
𠦕
𠦘
𠦢
𠨍
𠩂
𠩏
𠬞
𠮒
𠮪
𠮼
𠲮
𠲵
𠳬
𠵰
𠶺
𠶼
𠷓
𠸵
𠹅
𠻌
𠼢
𠽸
𠾯
𠿕
𡀺
𡁗
𡂢
𡄔
𡉉
𡊼
𡏭
𡓖
𡖖
𡖴
𡝍
𡞡
𡟠
𡟣
𡠥
𡥈
𡥉
𡦝
𡦱
𡨇
𡨷
𡩇
𡩉
𡪆
𡪥
𡪰
𡬎
𡲀
𡶢
𡷨
𡸓
𡹽
𡼚
𡽄
𢀜
𢁹
𢂐
𢂶
𢄹
𢅎
𢈴
𢈵
𢍯
𢏄
𢏟
𢐟
𢐷
𢒽
𢒾
𢓯
𢔷
𢔹
𢖶
𢗮
𢘠
𢙄
𢙌
𢙢
𢙷
𢙾
𢚇
𢚈
𢚯
𢝎
𢝭
𢞪
𢟃
𢣢
𢧱
𢪒
𢬱
𢭤
𢯴
𢵿
𢶡
𢸁
𢹘
𢻍
𢻟
𢻤
𢼅
𢼬
𢿣
𣅷
𣅻
𣆳
𣋢
𣍦
𣎣
𣒈
𣒸
𣕄
𣘯
𣘺
𣙜
𣙴
𣚣
𣚦
𣢐
𣢝
𣢩
𣢴
𣣲
𣤙
𣦜
𣦵
𣧑
𣧦
𣨉
𣨣
𣩃
𣩴
𣪽
𣫒
𣯹
𣴥
𣴹
𣶂
𣶑
𣶕
𣹩
𣻏
𤀴
𤉧
𤉺
𤍀
𤐳
𤕝
𤖻
𤖽
𤖾
𤙒
𤚖
𤛜
𤜰
𤝵
𤝶
𤝿
𤟋
𤠬
𤢃
𤢔
𤣌
𤣠
𤣣
𤣵
𤤑
𤤶
𤩬
𤫷
𤬳
𤭩
𤰳
𤱨
𤱷
𤲻
𤴀
𤴼
𤷾
𤺃
𥀾
𥂨
𥃤
𥃧
𥃪
𥃴
𥄉
𥄊
𥄩
𥅟
𥆅
𥆎
𥆔
𥆥
𥇟
𥉁
𥉒
𥉔
𥉸
𥉼
𥉾
𥍣
𥎅
𥎸
𥑎
𥒁
𥒱
𥒽
𥓌
𥖡
𥗪
𥝥
𥞱
𥞵
𥤾
𥥻
𥦂
𥦥
𥪯
𥫲
𥫼
𥭮
𥯙
𥲢
𥳎
𥳴
𥶞
𥹜
𥿧
𦀖
𦀝
𦃣
𦆊
𦈩
𦋋
𦍎
𦍑
𦎟
𦑽
𦒓
𦓈
𦓳
𦕺
𦙄
𦚍
𦚞
𦚫
𦚰
𦛄
𦛕
𦛟
𦟞
𦣦
𦣩
𦤡
𦥰
𦥷
𦦝
𦨰
𦩺
𦬺
𦭭
𦮁
𦯪
𦱜
𦱹
𦳟
𦴒
𦵸
𦶐
𦷗
𦽁
𦽤
𦾏
𧀘
𧂖
𧄍
𧅁
𧇞
𧉧
𧉨
𧊡
𧊮
𧋑
𧋯
𧋳
𧌚
𧌪
𧍕
𧍮
𧎦
𧎸
𧏒
𧑊
𧖑
𧖧
𧘮
𧚴
𧝿
𧟂
𧡟
𧣌
𧤦
𧥶
𧦙
𧦢
𧧗
𧧿
𧪴
𧫑
𧫘
𧬰
𧭚
𧮻
𧯌
𧱐
𧵣
𧵦
𧵮
𧵱
𧷑
𧺜
𧻔
𧻺
𧾐
𧿖
𧿵
𨀕
𨁈
𨃤
𨃧
𨃲
𨅣
𨆪
𨋑
𨌂
𨌳
𨌶
𨍑
𨎁
𨎄
𨎦
𨎬
𨑁
𨒱
𨕽
𨖢
𨜍
𨜑
𨝇
𨝰
𨞰
𨞶
𨞾
𨡃
𨣂
𨥍
𨥢
𨦇
𨦲
𨧎
𨧶
𨧿
𨨭
𨨴
𨩹
𨯞
𨲭
𨴀
𨴑
𨵼
𨶅
𨶟
𨸑
𨻺
𨿗
𩂼
𩇿
𩈡
𩊔
𩊳
𩌚
𩌠
𩌾
𩎔
𩎦
𩎱
𩐢
𩐿
𩑇
𩒑
𩔯
𩖇
𩘇
𩘲
𩙛
𩚱
𩛘
𩝽
𩠗
𩠣
𩡌
𩢗
𩢼
𩢽
𩣴
𩧊
𩩉
𩫂
𩬛
𩬰
𩬹
𩰹
𩱧
𩱴
𩲧
𩴒
𩷂
𩷗
𩷬
𩺙
𩾒
𩾓
𩾣
𩾶
𩾾
𩿋
𪀛
𪁸
𪄘
𪉝
𪊑
𪎞
𪔃
𪕍
𪖐
𪖑
𫝓
𫞎
𫞏
𬻻
𬽉
𬽊
𬾿
𬿦
𭂯
𭅅
𭅘
𭅼
𭅽
𭆶
𭋆
𭐬
𭓗
𭗻
𭚸
𭚹
𭚼
𭛩
𭜑
𭜦
𭜮
𭜴
𭠡
𭤁
𭤂
𭤽
𭦀
𭦩
𭮶
𭻨
𭻩
𭻯
𭻴
𮂏
𮌚
𮍍
𮎢
𮓣
𮛡
𮝝
𮪻
𫤜
㖆
㖪
㚜
㡔
㥛
㩴
㮂
㰲
㱇
㻃
㻷
䋰
䎤
䒼
䓧
䡞
䢗
䦗
䩤
䩯
䪂
䬎
䮙
䱛
䱡
䳔
䵱
𠄹
𠆐
𠚖
𠡼
𠢠
𠯉
𠷙
𠷾
𡉎
𡙐
𡨅
𡰿
𡱈
𡴈
𡹪
𢄬
𢉗
𢍣
𢏞
𢏷
𢞊
𢞳
𢤋
𢩁
𢼰
𣐊
𣗥
𣘐
𣡍
𣨤
𣳬
𤊅
𤎗
𤤹
𤷇
𤷉
𤺷
𥄎
𥇙
𥇛
𥇿
𥈂
𥈜
𥬶
𦀥
𦅽
𦎢
𦑍
𦔁
𦥑
𦦆
𦫜
𦮒
𦯃
𦰶
𦲆
𧀃
𧀍
𧂲
𧗙
𧗚
𧛘
𧤑
𧩦
𧹭
𧹽
𧼑
𨄙
𨋉
𨋧
𨍯
𨦴
𨧙
𨳽
𨴎
𨴑
𨵨
𩋉
𩏊
𩔴
𩦇
𩪉
𩭊
𩷐
𪂉
𪑝
𫦱
𬯵
𬼿
𭠂
𭫸
𭴺
𮧓