㣻
㣼
㣽
㣾
㣿
㤀
㤁
㤂
㤃
㤄
㤅
㤆
㤇
㤈
㤉
㤊
㤋
㤌
㤍
㤎
㤏
㤐
㤑
㤒
㤓
㤔
㤕
㤖
㤘
㤙
㤛
㤜
㤝
㤞
㤟
㤠
㤡
㤢
㤣
㤤
㤥
㤦
㤧
㤨
㤩
㤪
㤫
㤬
㤭
㤮
㤯
㤰
㤱
㤲
㤳
㤴
㤵
㤶
㤷
㤸
㤹
㤺
㤻
㤼
㤽
㤾
㤿
㥀
㥁
㥂
㥃
㥄
㥅
㥆
㥇
㥈
㥉
㥊
㥋
㥌
㥍
㥎
㥏
㥐
㥑
㥒
㥓
㥔
㥕
㥖
㥗
㥘
㥙
㥚
㥛
㥜
㥝
㥞
㥟
㥠
㥡
㥢
㥣
㥤
㥥
㥦
㥧
㥨
㥩
㥪
㥫
㥬
㥭
㥮
㥰
㥱
㥲
㥳
㥴
㥵
㥶
㥷
㥸
㥹
㥺
㥻
㥼
㥽
㥾
㥿
㦀
㦁
㦂
㦃
㦄
㦅
㦆
㦇
㦈
㦉
㦊
㦋
㦌
㦍
㦎
㦏
㦐
㦑
㦒
㦓
㦔
㦕
㦖
㦗
㦘
㦙
㦚
㦛
㦜
㦝
㦞
㦟
㦠
㦡
㦢
㦣
㦤
㦥
㦦
㦧
㦨
㦩
㦪
㦫
㦬
㦭
忆
忈
忊
忎
忏
忐
忑
忕
忚
忛
忟
忣
忥
忦
忧
忨
忪
忬
忭
忲
忴
忶
忷
忹
忺
忾
怀
态
怂
怃
怄
怅
怆
怇
怈
怉
怊
怋
怌
怑
怓
怚
怞
怟
怣
怬
怭
怮
怰
怲
怴
怶
怷
怸
怹
总
怼
怽
怾
怿
恀
恄
恅
恈
恉
恎
恏
恑
恓
恔
恖
恗
恘
恛
恜
恝
恞
恡
恦
恧
恮
恱
恲
恳
恴
恶
恸
恹
恺
恻
恼
恽
恾
悀
悂
悅
悆
悇
悈
悎
悏
悐
悑
悓
悘
悙
悜
悡
悢
悤
悥
悫
悬
悭
悮
悯
悷
悹
悺
悻
悿
惀
惁
惂
惃
惄
惉
惊
惌
惍
惎
惏
惐
惒
惖
惗
惞
惢
惤
惥
惦
惩
惪
惫
惬
惭
惯
惼
惽
惾
惿
愂
愄
愅
愇
愊
愋
愌
愑
愔
愖
愗
愘
愝
愠
愢
愣
愤
愥
愦
愩
愪
愭
愮
愯
愱
愲
愳
愵
愶
愸
愹
愻
慀
慃
慅
慉
慏
慐
慑
慒
慔
慖
慗
慛
慜
慞
慡
慤
慦
慩
慪
慬
慭
慲
慸
慹
慺
慻
慽
慿
憀
憁
憃
憄
憅
憆
憈
憉
憋
憌
憏
憕
憛
憜
憝
憞
憟
憠
憡
憢
憣
憦
憪
憯
憰
憱
憳
憴
憵
憷
憸
憻
憽
憿
懀
懁
懂
懄
懅
懎
懏
懑
懒
懓
懔
懖
懗
懘
懙
懚
懛
懜
懞
懠
懡
懢
懤
懥
懧
懨
懩
懪
懫
懬
懭
懮
懯
懰
懱
懳
懹
懻
戁
戂
戃
戄
戅
戆
戇
懶
怒
憐
戀
念
怜
惡
慄
恵
惘
慎
愈
憎
慠
懲
𢡊
𢡄
𢖩
𢖪
𢖫
𢖬
𢖭
𢖮
𢖯
𢖰
𢖱
𢖲
𢖳
𢖴
𢖵
𢖶
𢖷
𢖸
𢖹
𢖺
𢖻
𢖼
𢖽
𢖾
𢖿
𢗀
𢗁
𢗂
𢗃
𢗄
𢗅
𢗆
𢗇
𢗈
𢗉
𢗊
𢗋
𢗌
𢗍
𢗎
𢗏
𢗐
𢗑
𢗒
𢗓
𢗔
𢗕
𢗖
𢗗
𢗘
𢗙
𢗚
𢗛
𢗜
𢗝
𢗞
𢗟
𢗠
𢗡
𢗢
𢗣
𢗤
𢗥
𢗦
𢗧
𢗨
𢗩
𢗪
𢗫
𢗬
𢗭
𢗮
𢗯
𢗰
𢗱
𢗲
𢗳
𢗴
𢗵
𢗶
𢗷
𢗸
𢗹
𢗺
𢗻
𢗼
𢗽
𢗾
𢗿
𢘀
𢘁
𢘂
𢘃
𢘄
𢘅
𢘆
𢘇
𢘈
𢘉
𢘊
𢘋
𢘌
𢘍
𢘎
𢘏
𢘐
𢘑
𢘒
𢘓
𢘔
𢘕
𢘖
𢘗
𢘘
𢘙
𢘚
𢘛
𢘜
𢘝
𢘞
𢘟
𢘠
𢘡
𢘢
𢘣
𢘤
𢘥
𢘦
𢘧
𢘨
𢘩
𢘪
𢘫
𢘬
𢘭
𢘮
𢘯
𢘰
𢘱
𢘲
𢘳
𢘴
𢘵
𢘶
𢘷
𢘸
𢘹
𢘺
𢘻
𢘼
𢘽
𢘾
𢘿
𢙀
𢙁
𢙂
𢙃
𢙄
𢙅
𢙆
𢙇
𢙈
𢙉
𢙊
𢙋
𢙌
𢙍
𢙎
𢙏
𢙐
𢙑
𢙒
𢙓
𢙔
𢙕
𢙖
𢙗
𢙘
𢙙
𢙚
𢙛
𢙜
𢙝
𢙞
𢙟
𢙠
𢙡
𢙢
𢙣
𢙤
𢙥
𢙦
𢙧
𢙨
𢙩
𢙪
𢙫
𢙬
𢙭
𢙮
𢙯
𢙰
𢙱
𢙲
𢙳
𢙴
𢙵
𢙶
𢙷
𢙸
𢙹
𢙺
𢙻
𢙼
𢙽
𢙾
𢙿
𢚀
𢚁
𢚂
𢚃
𢚄
𢚅
𢚆
𢚇
𢚈
𢚉
𢚊
𢚋
𢚌
𢚍
𢚎
𢚏
𢚐
𢚑
𢚒
𢚓
𢚔
𢚕
𢚖
𢚗
𢚘
𢚙
𢚚
𢚛
𢚜
𢚝
𢚞
𢚟
𢚠
𢚡
𢚢
𢚣
𢚤
𢚥
𢚦
𢚧
𢚨
𢚩
𢚪
𢚫
𢚬
𢚭
𢚮
𢚯
𢚰
𢚱
𢚲
𢚳
𢚴
𢚵
𢚶
𢚷
𢚸
𢚹
𢚺
𢚻
𢚼
𢚽
𢚾
𢚿
𢛀
𢛁
𢛂
𢛃
𢛄
𢛅
𢛆
𢛇
𢛈
𢛉
𢛊
𢛋
𢛌
𢛍
𢛎
𢛏
𢛐
𢛑
𢛒
𢛓
𢛔
𢛕
𢛖
𢛗
𢛘
𢛙
𢛚
𢛛
𢛜
𢛝
𢛞
𢛟
𢛠
𢛡
𢛢
𢛣
𢛤
𢛥
𢛦
𢛧
𢛨
𢛩
𢛪
𢛫
𢛬
𢛭
𢛮
𢛯
𢛰
𢛱
𢛲
𢛴
𢛵
𢛶
𢛷
𢛸
𢛹
𢛺
𢛻
𢛼
𢛽
𢛾
𢛿
𢜀
𢜁
𢜂
𢜃
𢜄
𢜅
𢜆
𢜇
𢜈
𢜉
𢜊
𢜋
𢜌
𢜍
𢜎
𢜏
𢜐
𢜑
𢜒
𢜓
𢜔
𢜕
𢜖
𢜗
𢜘
𢜙
𢜚
𢜛
𢜜
𢜝
𢜞
𢜟
𢜠
𢜡
𢜢
𢜣
𢜤
𢜥
𢜦
𢜧
𢜨
𢜩
𢜪
𢜫
𢜬
𢜭
𢜮
𢜯
𢜰
𢜱
𢜲
𢜳
𢜴
𢜵
𢜶
𢜷
𢜸
𢜹
𢜺
𢜻
𢜼
𢜽
𢜾
𢜿
𢝀
𢝁
𢝂
𢝃
𢝄
𢝅
𢝆
𢝇
𢝈
𢝉
𢝊
𢝋
𢝌
𢝍
𢝎
𢝏
𢝐
𢝑
𢝒
𢝓
𢝔
𢝕
𢝖
𢝗
𢝘
𢝙
𢝚
𢝛
𢝜
𢝝
𢝞
𢝟
𢝠
𢝡
𢝢
𢝣
𢝤
𢝥
𢝦
𢝧
𢝨
𢝩
𢝪
𢝫
𢝬
𢝭
𢝮
𢝯
𢝰
𢝱
𢝲
𢝳
𢝴
𢝵
𢝶
𢝷
𢝸
𢝹
𢝺
𢝻
𢝼
𢝽
𢝾
𢝿
𢞀
𢞁
𢞂
𢞃
𢞄
𢞅
𢞆
𢞇
𢞈
𢞉
𢞊
𢞋
𢞌
𢞍
𢞎
𢞏
𢞐
𢞑
𢞒
𢞓
𢞔
𢞕
𢞖
𢞗
𢞘
𢞙
𢞚
𢞛
𢞜
𢞝
𢞞
𢞟
𢞠
𢞡
𢞢
𢞣
𢞤
𢞥
𢞦
𢞧
𢞨
𢞩
𢞪
𢞫
𢞬
𢞭
𢞮
𢞯
𢞰
𢞱
𢞲
𢞳
𢞴
𢞵
𢞶
𢞷
𢞸
𢞹
𢞺
𢞻
𢞼
𢞽
𢞾
𢞿
𢟀
𢟁
𢟂
𢟃
𢟄
𢟅
𢟆
𢟇
𢟈
𢟉
𢟊
𢟋
𢟌
𢟍
𢟎
𢟏
𢟐
𢟑
𢟒
𢟓
𢟔
𢟕
𢟖
𢟗
𢟘
𢟙
𢟚
𢟛
𢟜
𢟝
𢟞
𢟟
𢟠
𢟡
𢟢
𢟣
𢟤
𢟥
𢟦
𢟧
𢟨
𢟩
𢟪
𢟫
𢟬
𢟭
𢟮
𢟯
𢟰
𢟱
𢟲
𢟳
𢟴
𢟵
𢟶
𢟷
𢟸
𢟹
𢟺
𢟻
𢟼
𢟽
𢟾
𢟿
𢠀
𢠁
𢠂
𢠃
𢠄
𢠅
𢠆
𢠇
𢠈
𢠉
𢠊
𢠋
𢠌
𢠍
𢠎
𢠏
𢠐
𢠑
𢠒
𢠓
𢠔
𢠕
𢠖
𢠗
𢠘
𢠙
𢠚
𢠛
𢠜
𢠝
𢠞
𢠟
𢠠
𢠡
𢠢
𢠣
𢠤
𢠥
𢠦
𢠧
𢠨
𢠩
𢠪
𢠫
𢠬
𢠭
𢠮
𢠯
𢠰
𢠱
𢠲
𢠳
𢠴
𢠵
𢠶
𢠷
𢠸
𢠹
𢠺
𢠻
𢠼
𢠽
𢠾
𢠿
𢡀
𢡁
𢡂
𢡃
𢡄
𢡅
𢡆
𢡇
𢡈
𢡉
𢡊
𢡋
𢡌
𢡍
𢡎
𢡏
𢡐
𢡑
𢡒
𢡓
𢡔
𢡕
𢡖
𢡗
𢡘
𢡙
𢡚
𢡜
𢡝
𢡞
𢡟
𢡠
𢡡
𢡢
𢡣
𢡤
𢡥
𢡦
𢡧
𢡨
𢡩
𢡪
𢡫
𢡬
𢡭
𢡮
𢡯
𢡰
𢡱
𢡲
𢡳
𢡴
𢡵
𢡶
𢡷
𢡸
𢡹
𢡺
𢡻
𢡼
𢡽
𢡾
𢡿
𢢀
𢢁
𢢂
𢢃
𢢄
𢢅
𢢆
𢢇
𢢈
𢢉
𢢊
𢢋
𢢌
𢢍
𢢎
𢢏
𢢐
𢢑
𢢒
𢢓
𢢔
𢢕
𢢖
𢢗
𢢘
𢢙
𢢚
𢢛
𢢜
𢢝
𢢞
𢢟
𢢠
𢢡
𢢢
𢢣
𢢤
𢢥
𢢦
𢢧
𢢨
𢢩
𢢪
𢢬
𢢭
𢢮
𢢯
𢢰
𢢱
𢢲
𢢳
𢢴
𢢵
𢢶
𢢷
𢢸
𢢹
𢢺
𢢻
𢢼
𢢽
𢢾
𢢿
𢣀
𢣁
𢣂
𢣃
𢣄
𢣅
𢣆
𢣇
𢣈
𢣉
𢣊
𢣋
𢣌
𢣍
𢣎
𢣏
𢣐
𢣑
𢣒
𢣓
𢣔
𢣕
𢣖
𢣗
𢣘
𢣙
𢣚
𢣛
𢣜
𢣝
𢣞
𢣟
𢣠
𢣡
𢣢
𢣣
𢣤
𢣥
𢣦
𢣧
𢣨
𢣩
𢣪
𢣫
𢣬
𢣭
𢣮
𢣯
𢣰
𢣱
𢣲
𢣳
𢣴
𢣵
𢣶
𢣷
𢣸
𢣹
𢣺
𢣻
𢣼
𢣽
𢣾
𢣿
𢤀
𢤁
𢤂
𢤃
𢤄
𢤅
𢤆
𢤇
𢤈
𢤉
𢤊
𢤋
𢤌
𢤍
𢤎
𢤏
𢤐
𢤑
𢤒
𢤓
𢤔
𢤕
𢤖
𢤗
𢤘
𢤙
𢤚
𢤛
𢤜
𢤝
𢤞
𢤟
𢤠
𢤡
𢤢
𢤣
𢤤
𢤥
𢤦
𢤧
𢤨
𢤩
𢤪
𢤫
𢤬
𢤭
𢤮
𢤯
𢤰
𢤱
𢤲
𢤳
𢤴
𢤵
𢤶
𢤷
𢤸
𢤹
𢤺
𢤻
𢤼
𢤽
𢤾
𢤿
𢥀
𢥁
𢥂
𢥃
𢥄
𢥅
𢥆
𢥇
𢥈
𢥉
𢥊
𢥋
𢥌
𢥍
𢥎
𢥏
𢥐
𢥑
𢥒
𢥓
𢥔
𢥕
𢥖
𢥗
𢥘
𢥙
𢥚
𢥛
𢥜
𢥝
𢥞
𢥟
𢥠
𢥡
𢥢
𢥣
𢥤
𢥥
𢥦
𢥧
𢥨
𢥩
𢥪
𢥫
𢥬
𢥭
𢥮
𢥯
𢥰
𢥱
𢥲
𢥳
𢥴
𢥵
𢥶
𢥷
𢥸
𢥹
𢥺
𢥻
𢥼
𢥽
𢥾
𢥿
𢦀
𢦁
𢦂
𢦃
𢦄
𢦅
𢦆
𢦇
𢦈
𢦉
𢦊
𢦋
𦡗
𪫝
𪫞
𪫟
𪫠
𪫡
𪫢
𪫣
𪫤
𪫥
𪫦
𪫧
𪫨
𪫩
𪫪
𪫫
𪫬
𪫭
𪫮
𪫯
𪫰
𪫱
𪫲
𪫳
𪫴
𪫵
𪫶
𪫷
𪫸
𪫹
𪫺
𪫻
𪫼
𪫽
𪫾
𪫿
𪬀
𪬁
𪬂
𪬃
𪬄
𪬅
𪬆
𪬇
𪬈
𪬉
𪬊
𪬋
𪬌
𪬍
𪬎
𪬏
𪬐
𪬑
𪬒
𪬓
𪬔
𪬕
𪬖
𪬗
𪬘
𪬙
𪬚
𪬛
𪬜
𪬝
𪬞
𪬟
𪬠
𪬡
𪬢
𪬣
𪬤
𪬥
𪬦
𪬧
𪬨
𪬩
𪬪
𪬫
𪬬
𪬭
𪬮
𪬯
𪬰
𪬱
𪬲
𪬳
𪬴
𪬵
𪬶
𪬷
𪬸
𪬹
𪬺
𪬻
𪬼
𪬽
𪬾
𪬿
𪭀
𪭁
𪭂
𪭃
𪭄
𪭅
𪭆
𪭇
𪭈
𫝹
𫹫
𫹬
𫹭
𫹮
𫹯
𫹰
𫹱
𫹲
𫹳
𫹴
𫹵
𫹶
𫹷
𫹸
𫹹
𫹺
𫹻
𫹼
𫹽
𫹾
𫹿
𫺀
𫺁
𫺂
𫺃
𫺄
𫺅
𫺆
𫺇
𫺈
𫺉
𫺊
𫺋
𫺌
𫺍
𫺎
𫺏
𫺐
𫺑
𫺒
𫺓
𫺔
𫺕
𫺖
𫺗
𫺘
𫺙
𫺚
𫺛
𫺜
𫺝
𫺞
𫺟
𫺠
𫺡
𫺢
𫺣
𫺤
𫺥
𫺦
𫺧
𫺨
𫺩
𫺪
𫺫
𫺬
𫺭
𫺮
𫺯
𫺰
𫺱
𫺲
𫺳
𫺴
𫺵
𫺶
𫺷
𫺸
𫺹
𫺺
𫺻
𫺼
𫺽
𫺾
𫺿
𫻀
𫻁
𫻂
𫻃
𫻄
𫻅
𫻆
𫻇
𫻈
𫻉
𫻊
𫻋
𫻌
𫻍
𫻎
𫻏
𫻐
𫻑
𫻒
𫻓
𫻔
𫻕
𫻖
𫻗
𫻘
𫻙
𫻚
𫻛
𫻜
𫻝
𫻞
𫻟
𫻠
𫻡
𫻢
𫻣
𫻤
𫻥
𭜋
𭜌
𭜍
𭜎
𭜏
𭜐
𭜑
𭜒
𭜓
𭜔
𭜕
𭜖
𭜗
𭜘
𭜙
𭜚
𭜛
𭜜
𭜝
𭜞
𭜟
𭜠
𭜡
𭜢
𭜣
𭜤
𭜥
𭜦
𭜧
𭜨
𭜩
𭜪
𭜫
𭜬
𭜭
𭜮
𭜯
𭜰
𭜱
𭜲
𭜳
𭜴
𭜵
𭜶
𭜷
𭜸
𭜹
𭜺
𭜻
𭜼
𭜽
𭜾
𭜿
𭝀
𭝁
𭝂
𭝃
𭝄
𭝅
𭝆
𭝇
𭝈
𭝉
𭝊
𭝋
𭝌
𭝍
𭝎
𭝏
𭝐
𭝑
𭝒
𭝓
𭝔
𭝕
𭝖
𭝗
𭝘
𭝙
𭝚
𭝛
𭝜
𭝝
𭝞
𭝟
𭝠
𭝡
𭝢
𭝣
𭝤
𭝥
𭝦
𭝧
𭝨
𭝩
𭝪
𭝫
𭝬
𭝭
𭝮
𭝯
𭝰
𭝱
𭝲
𭝳
𭝴
𭝵
𭝶
𭝷
𭝸
𭝹
𭝺
𭝻
𭝼
𭝽
𭝾
𭝿
𭞀
𭞁
𭞂
𭞃
𭞄
𭞅
𭞆
𭞇
𭞈
𭞉
𭞊
𭞋
𭞌
𭞍
𭞎
𭞏
𭞐
𭞑
𭞒
𭞓
𭞔
𭞕
𭞖
𭞗
𭞘
𭞙
𭞚
𭞛
𭞜
𭞝
𭞞
𭞟
𭞠
𭞡
𭞢
𭞣
𭞤
𭞥
𭞦
𭞧
𭞨
𭞩
𭞪
𭞫
𭞬
𭞭
𭞮
𭞯
𭞰
𭞱
𭞲
𭞳
𭞴
𭞵
𭞶
𭞷
𭞸
𭞹
𭞺
𭞻
𭞼
𭞽
𭞾
𭞿
𭟀
𭟁
𭟂
𭟃
𭟄
𭟅
𭟆
𭟇
𭟈
𭟉
𭟊
𭟋
𭟌
𭟍
𭟎
𭟏
𭟐
𭟑
𭟒
𭟓
𭟔
𭟕
𭟖
𭟗
𭟘
𭟙
𭟚
𭟛
𭟜
𭟝
𭟞
𭟟
𭟠
𭟡
𭟢
𭟣
𭟤
𭟥
𭟦
𭟧
𭟨
𭟩
𭟪
𭟫
𭟬
𭟭
𮱿
𮲀
𮲁
𮲂
𮲃
𮲄
𮲅
𮲆
𮲇
𮲈
𮲉
𮲊
𮲋
忍
志
忹
悁
㤺
㤜
悔
𢛔
惇
慈
慌
慎
慌
慺
憎
憲
憤
憯
懞
懲
懶
𰐺
𰐻
𰐼
𰐽
𰐾
𰐿
𰑀
𰑁
𰑂
𰑃
𰑄
𰑅
𰑆
𰑇
𰑈
𰑉
𰑊
𰑋
𰑌
𰑍
𰑎
𰑏
𰑐
𰑑
𰑒
𰑓
𰑔
𰑕
𰑖
𰑗
𰑘
𰑙
𰑚
𰑛
𰑜
𰑝
𰑞
𰑟
𰑠
𰑡
𰑢
𰑣
𰑤
𰑥
𰑦
𰑧
𰑨
𰑩
𰑪
𰑫
𰑬
𰑭
𰑮
𰑯
𰑰
𰑱
𰑲
𰑳
𰑴
𰑵
𰑶
𰑷
𰑸
𰑹
𰑺
𰑻
𰑼
𰑽
𰑾
𰑿
𰒀
𰒁
𰒂
𰒃
𰒄
𰒅
𰒆
𰒇
𰒈
𰒉
𰒊
𰒋
𰒌
𰒍
𰒎
𰒏
𰒐
𰒑
𰒒
𰒓
𰒔
𰒕
𰒖
𰒗
𰒘
𰒙
𰒚
𰒛
𰒜
𰒝
𰒞
𰒟
𰒠
𰒡
𰒢
𰒣
𱝼
𱝽
𱝾
𱝿
𱞀
𱞁
𱞂
𱞃
𱞄
𱞅
𱞆
𱞇
𱞈
𱞉
𱞊
𱞋
𱞌
𱞍
𱞎
𱞏
𱞐
𱞑
𱞒
𱞓
𱞔
𱞕
𱞖
𱞗
𱞘
𱞙
𱞚
𱞛
𱞜
𱞝
𱞞
𱞟
𱞠
𱞡
𱞢
𱞣
𱞤
𱞥
𱞦
𱞧
𱞨
𱞩
𱞪
𱞫
𱞬
𱞭
𱞮
𱞯
𱞰
𱞱
𱞲
𱞳
𱞴
𱞵
𱞶
𱞷
𱞸
𱞹
𱞺
𱞻
𱞼
𱞽
𱞾
𱞿
𱟀
𱟁
𱟂
𱟃
𱟄
𱟅
𱟆
𱟇
𱟈
𱟉
𱟊
𱟋
𱟌
𱟍
𱟎
𱟏
𱟐
𱟑
𱟒
𱟓
𱟔
𱟕
𱟖
𱟗
𱟘
𱟙
𱟚
𱟛