㘛
㚂
㝈
㩸
㩹
㬯
㱎
㽌
㿩
䂄
䊳
䊴
䌳
䌴
䖀
䘍
䙰
䚭
䝄
䝔
䝕
䟒
䠰
䥸
䨉
䨸
䪊
䪋
䫷
䮽
䯦
䯬
䰓
䰔
䰞
䲖
䲗
䲘
䴌
䴍
䴞
䵆
䵜
䵲
䵳
䵴
䶣
䶤
䶴
囔
囕
壪
彠
戅
戆
攮
曯
欘
欙
欚
灢
爥
爦
犪
矘
矡
籫
纙
臡
襽
讗
讘
讛
豒
躢
躣
躥
鑳
鑶
顲
饞
馕
髗
鬬
鱨
鱬
鱱
鱴
鸋
鸎
鸐
鸑
麡
黵
鼉
鼝
鼟
齇
齸
齺
齻
龣
鿧
𠑱
𠣊
𠧐
𡆆
𡆇
𡆈
𡆉
𡆊
𡆋
𡆌
𡆍
𡆎
𡤴
𡤵
𡤶
𡬑
𡬓
𡬔
𡬕
𡰡
𡰢
𡳼
𡳽
𡿝
𡿞
𡿟
𢑌
𢒻
𢖧
𢺬
𢺭
𢺮
𢺯
𣀻
𣀼
𣄫
𣌜
𣌝
𣡞
𣡟
𣡠
𣡡
𣡢
𣡣
𣡤
𣡥
𣡦
𣡧
𣡨
𣡮
𣤿
𣥀
𣫩
𤅩
𤅪
𤅫
𤅬
𤅭
𤅮
𤅯
𤓜
𤓝
𤓞
𤓠
𤓡
𤓢
𤓣
𤕌
𤕍
𤜖
𤜗
𤜘
𤣣
𤫣
𤫤
𤫥
𤫦
𤫧
𤮷
𤰐
𤴆
𤼜
𤼝
𤼞
𤿄
𥀻
𥃟
𥃠
𥍓
𥗹
𥜶
𥜷
𥜸
𥤗
𥤘
𥤙
𥤚
𥩎
𥩒
𥫒
𥫕
𥫖
𥷼
𥷽
𥷾
𥷿
𥸀
𥸁
𥸂
𥸃
𥸄
𥸅
𥸆
𥸇
𥽶
𥽷
𥽸
𥽹
𥽺
𦇸
𦇺
𦇻
𦏭
𦔭
𦘐
𦣖
𦣗
𦣙
𦦽
𦦾
𦦿
𦨅
𦫅
𦫆
𦫲
𧅮
𧅯
𧅰
𧅱
𧅲
𧅳
𧅴
𧅶
𧅷
𧅸
𧅹
𧆆
𧕯
𧕰
𧕱
𧕲
𧕳
𧕴
𧕵
𧕶
𧕷
𧕸
𧕹
𧕺
𧕻
𧕼
𧟐
𧟑
𧟒
𧟓
𧟔
𧠅
𧢦
𧢧
𧢨
𧢩
𧢪
𧢫
𧥕
𧮑
𧮒
𧮓
𧮔
𧮕
𧮖
𧮗
𧮘
𧯗
𧰡
𧰢
𧲚
𧲛
𧲜
𧹌
𧹍
𧾰
𧾱
𧾲
𧾳
𧾴
𨇮
𨇯
𨇰
𨇱
𨇲
𨇳
𨇴
𨇵
𨇶
𨇷
𨇸
𨇹
𨇺
𨊝
𨊞
𨏳
𨏴
𨙦
𨤃
𨤄
𨤻
𨯺
𨯻
𨯼
𨯽
𨯾
𨯿
𨰀
𨰁
𨰂
𨰃
𨰄
𨰅
𨰆
𨰇
𨰈
𨰱
𨷯
𨷰
𨷱
𨷲
𨷳
𨷴
𨷵
𨷸
𩁬
𩁭
𩁮
𩆵
𩆶
𩆷
𩆸
𩆹
𩆺
𩆻
𩆼
𩆽
𩆾
𩇥
𩉓
𩍸
𩍹
𩍺
𩍻
𩍼
𩍽
𩍾
𩏴
𩐖
𩖆
𩖇
𩖈
𩙖
𩙗
𩙘
𩙙
𩙚
𩟶
𩠸
𩧂
𩧃
𩧄
𩧅
𩧆
𩧇
𩧈
𩧉
𩧊
𩧋
𩧌
𩧍
𩧎
𩪷
𩪸
𩪹
𩪺
𩫭
𩯰
𩯱
𩯲
𩯳
𩯴
𩯵
𩯶
𩯷
𩯸
𩯹
𩱤
𩱥
𩴿
𩼥
𩼦
𩼧
𩼨
𩼩
𩼪
𩼫
𩼬
𩼭
𩼮
𩼯
𩼰
𩼱
𩼲
𩼳
𩼴
𩼵
𩼶
𩼷
𩼸
𩼹
𩼺
𪇑
𪇒
𪇓
𪇔
𪇕
𪇖
𪇗
𪇘
𪇙
𪇚
𪇛
𪇜
𪇝
𪇞
𪇟
𪇠
𪇡
𪇢
𪇣
𪇤
𪇥
𪇦
𪇧
𪇨
𪇩
𪇪
𪇫
𪇬
𪊆
𪊇
𪋮
𪋯
𪋰
𪋱
𪋲
𪋳
𪋴
𪎱
𪐒
𪒩
𪒪
𪒫
𪒬
𪒭
𪒮
𪒯
𪒰
𪒱
𪒲
𪒳
𪓺
𪓻
𪓽
𪔳
𪔴
𪖅
𪖆
𪖇
𪖈
𪖉
𪖶
𪖷
𪖸
𪖹
𪖺
𪗏
𪗐
𪗑
𪙉
𪙊
𪙋
𪙌
𪙍
𪙎
𪙏
𪙐
𪙑
𪙒
𪙓
𪙔
𪙕
𪙖
𪙗
𪙘
𪙙
𪚢
𪛁
𪛋
𪛌
𪛍
𪫅
𪭈
𪴦
𪵓
𪺊
𪺋
𫂯
𫄖
𫇍
𫌦
𫌧
𫓠
𫓡
𫓢
𫔫
𫕿
𫖜
𫚂
𫚃
𫛗
𫜞
𫜣
𫤖
𫤶
𫦢
𫭀
𫼒
𬉱
𬋟
𬋠
𬎠
𬑃
𬑄
𬜟
𬠻
𬬟
𬬠
𬬡
𬮃
𬴓
𬴺
𬵲
𬵳
𬵵
𬶺
𬷷
𬺖
𬺠
𭅮
𭆘
𭍌
𭍎
𭍏
𭍑
𭒵
𭟪
𭟫
𭟬
𭤓
𭤞
𭨕
𭨖
𭯆
𭯯
𭻻
𭽻
𮁛
𮄥
𮆿
𮈀
𮊡
𮋚
𮍲
𮎂
𮗌
𮟩
𮣫
𮤪
𮦃
𮦾
𮨥
𮪜
𮬓
𮭙
𮭚
𮮪
𮮫
𮮯
𮯏
𮯐
𮯠
𢆃
𰖾
𰭖
𰯬
𰴊
𰷜
𰷝
𰸸
𰹬
𱁾
𱄹
𱄺
𱄻
𱆒
𱇃
𱉃
𱌌
𱌐
𱌢
𱌣
𱍀
𱍪
𱙴
𱚜
𱡕
𱪞
𱬰
𱬱
𱭌
𱰇
𱰕
𱲊
𱵄
𱶮
𱸲
𱺰
𱽊
𱿉
𱿊
𲀕
𲆎
𲊡
𲋡