䨋
䨌
䨍
䨎
䨏
䨐
䨑
䨒
䨓
䨔
䨕
䨖
䨗
䨘
䨙
䨚
䨛
䨜
䨝
䨞
䨟
䨠
䨡
䨢
䨣
䨤
䨥
䨦
䨧
䨨
䨪
䨫
䨬
䨭
䨮
䨯
䨰
䨱
䨲
䨳
䨴
䨵
䨶
䨷
䨸
䨹
䨺
䨻
雬
雭
雮
雱
雳
雴
雵
雸
雺
雼
雽
雾
雿
霁
霂
霃
霅
霉
霋
霌
霐
霒
霕
霗
霘
霚
霛
霝
霟
霠
霡
霢
霥
霦
霨
霩
霫
霬
霭
霮
霯
霱
霴
霵
霷
霺
霼
霿
靀
靃
靅
靊
靋
靌
靐
鿨
露
雷
零
靈
𩁶
𩁷
𩁸
𩁹
𩁺
𩁻
𩁼
𩁽
𩁾
𩁿
𩂀
𩂁
𩂂
𩂃
𩂄
𩂅
𩂆
𩂇
𩂈
𩂉
𩂊
𩂋
𩂌
𩂍
𩂎
𩂏
𩂐
𩂑
𩂒
𩂓
𩂔
𩂕
𩂖
𩂗
𩂘
𩂙
𩂚
𩂛
𩂜
𩂝
𩂞
𩂟
𩂠
𩂡
𩂢
𩂣
𩂤
𩂥
𩂦
𩂧
𩂨
𩂩
𩂪
𩂫
𩂬
𩂭
𩂮
𩂯
𩂰
𩂱
𩂲
𩂳
𩂴
𩂵
𩂶
𩂷
𩂸
𩂹
𩂺
𩂻
𩂼
𩂽
𩂾
𩂿
𩃀
𩃁
𩃂
𩃃
𩃄
𩃅
𩃆
𩃇
𩃈
𩃉
𩃊
𩃋
𩃌
𩃍
𩃎
𩃏
𩃐
𩃑
𩃒
𩃓
𩃔
𩃕
𩃖
𩃗
𩃘
𩃙
𩃚
𩃛
𩃜
𩃝
𩃞
𩃟
𩃠
𩃡
𩃢
𩃣
𩃤
𩃥
𩃦
𩃧
𩃨
𩃩
𩃪
𩃫
𩃬
𩃭
𩃮
𩃯
𩃰
𩃱
𩃲
𩃳
𩃴
𩃵
𩃶
𩃷
𩃸
𩃹
𩃺
𩃻
𩃼
𩃽
𩃾
𩃿
𩄀
𩄁
𩄂
𩄃
𩄄
𩄅
𩄆
𩄇
𩄈
𩄉
𩄊
𩄋
𩄌
𩄍
𩄎
𩄏
𩄐
𩄑
𩄒
𩄓
𩄔
𩄕
𩄖
𩄗
𩄘
𩄙
𩄚
𩄛
𩄜
𩄝
𩄞
𩄟
𩄠
𩄡
𩄢
𩄣
𩄤
𩄥
𩄦
𩄧
𩄨
𩄩
𩄪
𩄫
𩄬
𩄭
𩄯
𩄰
𩄱
𩄲
𩄳
𩄴
𩄵
𩄶
𩄷
𩄸
𩄹
𩄺
𩄻
𩄼
𩄽
𩄾
𩄿
𩅀
𩅁
𩅂
𩅃
𩅄
𩅅
𩅆
𩅇
𩅈
𩅉
𩅊
𩅋
𩅌
𩅍
𩅎
𩅏
𩅐
𩅑
𩅒
𩅓
𩅔
𩅕
𩅖
𩅗
𩅘
𩅙
𩅚
𩅛
𩅜
𩅝
𩅞
𩅟
𩅠
𩅡
𩅢
𩅣
𩅤
𩅥
𩅦
𩅧
𩅨
𩅩
𩅪
𩅫
𩅬
𩅭
𩅮
𩅯
𩅰
𩅱
𩅲
𩅳
𩅴
𩅵
𩅶
𩅷
𩅸
𩅹
𩅺
𩅻
𩅼
𩅽
𩅾
𩅿
𩆀
𩆁
𩆂
𩆃
𩆄
𩆅
𩆆
𩆇
𩆈
𩆉
𩆊
𩆋
𩆌
𩆍
𩆎
𩆏
𩆐
𩆑
𩆒
𩆓
𩆔
𩆕
𩆖
𩆗
𩆘
𩆙
𩆚
𩆛
𩆜
𩆝
𩆞
𩆟
𩆠
𩆡
𩆢
𩆣
𩆤
𩆥
𩆦
𩆧
𩆨
𩆩
𩆪
𩆫
𩆬
𩆭
𩆮
𩆯
𩆰
𩆱
𩆲
𩆳
𩆴
𩆵
𩆶
𩆷
𩆸
𩆹
𩆺
𩆻
𩆼
𩆽
𩆾
𩆿
𩇀
𩇁
𩇂
𩇃
𩇄
𩇅
𩇆
𩇇
𩇈
𩇉
𩇊
𩇋
𩇌
𩇍
𩇎
𩇏
𩇐
𩇑
𩇒
𩇓
𩇔
𫕝
𫕞
𫕟
𫕠
𫕡
𫕢
𫕣
𫕤
𫕥
𫕦
𫕧
𫕨
𫕩
𫕪
𫕫
𫕬
𫕭
𫕮
𫕯
𫕰
𫕱
𫕲
𫕳
𫕴
𫕵
𫕶
𫕷
𬯸
𬯹
𬯺
𬯻
𬯼
𬯽
𬯾
𬯿
𬰀
𬰁
𬰂
𬰃
𬰄
𬰅
𬰆
𬰇
𬰈
𬰉
𬰊
𬰋
𬰌
𬰍
𬰎
𬰏
𬰐
𬰑
𬰒
𬰓
𬰔
𬰕
𬰖
𮦄
𮦅
𮦆
𮦇
𮦈
𮦉
𮦊
𮦋
𮦌
𮦍
𮦎
𮦏
𮦐
𮦑
𮦒
𮦓
𮦔
𮦕
𮦖
𮦗
𮦘
𮦙
𮦚
𮦛
𮦜
𮦝
𮦞
𮦟
𮦠
𮦡
𮦢
𮦣
𮦤
𮦥
𮦦
𮦧
𮦨
𮦩
𮦪
𮦫
𮦬
𮦭
𮦮
𮦯
𮦰
𮦱
𮦲
𮦳
𮦴
𮦵
𮦶
𮦷
𮦸
𮦹
𮦺
𮦻
𮦼
𮦽
𮦾
𮦿
𮧀
𮧁
𮧂
𮸫
𮸬
霣
𩅅
𱁑
𱁒
𱁓
𱁔
𱁕
𱁖
𱁗
𱁘
𱁙
𱁚
𱁛
𱁜
𱁝
𱁞
𱁟
𱁠
𱁡
𱁢
𱁣
𱁤
𱁥
𱁦
𱁧
𱁨
𱁩
𱁪
𱁫
𱁬
𲉰
𲉱
𲉲
𲉳
𲉴
𲉵
𲉶
𲉷
𲉸
𲉹
𲉺
𲉻
𲉼
𲉽
𲉾
𲉿
𲊀
𲊁
𲊂
𲊃
𲊄
𲊅
𲊆
𲊇
𲊈
𲊉
𲊊
𲊋
𲊌
𲊍
𲊎
𲊏
𲊐
𲊑
𲊒
𲊓
𲊔