㒤
㒥
㒦
㒹
㔒
㘓
㘔
㘥
㚀
㜶
㜷
㜸
㠤
㡧
㡨
㢞
㣹
㦣
㦤
㦨
㦩
㦪
㩯
㩰
㪭
㬫
㰉
㰊
㰋
㰌
㰍
㰎
㰐
㰑
㰒
㰓
㰖
㱋
㱹
㱺
㶌
㶍
㶎
㶏
㶐
㶑
㸈
㸊
㸋
㸌
㺣
㺤
㺥
㺦
㼇
㽮
㿔
㿺
䁻
䁼
䁽
䁾
䂍
䃱
䃲
䃳
䄣
䆈
䆉
䇀
䉥
䊭
䊮
䌣
䌤
䌥
䌦
䌧
䎙
䏉
䑉
䑊
䒉
䕠
䕦
䕧
䕨
䕩
䕪
䕫
䕬
䕭
䕮
䕯
䕰
䕱
䕲
䗼
䗽
䗾
䗿
䘀
䘁
䘙
䙦
䙧
䙨
䙩
䚪
䚫
䜒
䜓
䜔
䜕
䜖
䜗
䜘
䞉
䟈
䟉
䟊
䟋
䠨
䠩
䡀
䡶
䢄
䢈
䢉
䥔
䥕
䥖
䥗
䥘
䥙
䥚
䥛
䥜
䦃
䦄
䦅
䦱
䧯
䨅
䨆
䨇
䨰
䨱
䩁
䩋
䩼
䩽
䩾
䪣
䫨
䫩
䫪
䫫
䬛
䬜
䭕
䭖
䭗
䮣
䮤
䮥
䮦
䮧
䮨
䮩
䯅
䯡
䰈
䰉
䰊
䰋
䰪
䱫
䱬
䱭
䱮
䱯
䱰
䱱
䱲
䱳
䱴
䲠
䲡
䳦
䳧
䳨
䳩
䳪
䳫
䳬
䳭
䳮
䳯
䳰
䴗
䵈
䵉
䵍
䵔
䵕
䵖
䵪
䵫
䵬
䶍
䶎
䶗
䶘
䶙
䶰
儶
兤
匷
嚱
嚵
嚷
嚸
嚹
嚺
嚽
嚾
嚿
壣
壦
孂
孄
孆
孉
孾
巇
巈
巊
巏
幱
廮
廯
忀
忁
懹
攓
攕
攗
攙
斆
曣
曤
曥
曧
櫩
櫮
櫯
櫰
櫴
櫶
櫸
櫹
櫿
欂
瀪
瀱
瀴
瀵
瀶
瀷
瀸
瀻
瀽
瀿
灀
灁
灂
灆
爋
爏
爒
爓
爔
爖
爘
犨
獽
獾
瓌
瓎
瓐
瓑
瓒
疈
癦
皫
皾
盭
矏
矒
矲
礧
礨
礩
穮
穯
竷
籄
籇
籉
籋
籎
籕
糮
糰
纀
纁
羺
翿
聺
臜
舋
艩
蘌
蘙
蘛
蘜
蘝
蘠
蘥
蘦
蘨
蘪
蘫
蘮
蘳
蘶
蠒
蠗
蠘
蠙
蠚
蠛
襨
襩
襫
襬
襮
覹
覻
觷
譍
譝
譠
譡
譣
譤
譥
譧
譨
譭
譮
豑
趮
躃
躆
躈
轖
轙
轚
轝
酅
醲
醷
鏳
鏶
鏷
鏸
鏹
鏺
鏼
鏾
鏿
鐀
鐁
鐂
鐈
鐋
鐍
鐎
鐑
鐒
鐕
鐛
鐜
鐝
鐞
鐟
鐠
鐢
鐣
鐤
鐥
鐦
鐧
鐨
鐩
鐭
鐷
鐼
鐽
镳
镴
闟
闠
霮
霯
霱
霴
霵
鞻
韽
韾
顟
顠
顡
顢
顣
颥
飁
饊
饏
饓
饙
騬
騯
騳
騴
騵
驁
驆
骦
骧
髍
鬑
鬓
鬔
鬕
鬸
魒
魖
鯶
鯹
鯻
鯼
鯾
鯿
鰁
鰂
鰃
鰅
鰇
鰋
鰏
鰑
鰗
鰠
鰦
鱀
鳜
鳝
鳞
鳟
鶒
鶔
鶕
鶗
鶘
鶛
鶝
鶞
鶟
鶠
鶢
鶣
鶥
鶦
鶨
鶪
鹺
麘
麙
麚
黁
黤
黦
黩
黪
鼍
鼰
齙
齚
齛
齞
龑
鿞
蘭
爐
醴
響
鬒
𥳐
𠁠
𠄋
𠎜
𠑍
𠑎
𠑏
𠑐
𠑑
𠑒
𠑓
𠑔
𠑕
𠑖
𠑞
𠓍
𠓏
𠓐
𠓿
𠕱
𠖦
𠖧
𠖨
𠙲
𠚠
𠠤
𠠦
𠠧
𠠨
𠠩
𠣆
𠤋
𠤌
𠤍
𠥨
𠥩
𠥸
𠫇
𠫈
𡄑
𡄒
𡄓
𡄔
𡄕
𡄖
𡄗
𡄘
𡄙
𡄚
𡄛
𡄜
𡄝
𡄞
𡄟
𡄠
𡄡
𡄢
𡄣
𡄤
𡄥
𡄦
𡄧
𡄨
𡄩
𡄪
𡄫
𡄬
𡄭
𡄮
𡄯
𡄰
𡈵
𡈶
𡈷
𡓦
𡓧
𡓨
𡓩
𡓪
𡓫
𡓬
𡓭
𡓮
𡓯
𡓰
𡓷
𡕍
𡕎
𡖁
𡚛
𡤎
𡤏
𡤐
𡤑
𡤒
𡤓
𡤔
𡤕
𡤖
𡤗
𡦱
𡦲
𡦳
𡦴
𡦵
𡦶
𡫷
𡫸
𡫹
𡫺
𡫻
𡭒
𡳱
𡳲
𡳳
𡳴
𡾮
𡾯
𡾰
𡾱
𡾲
𡾳
𡾴
𡾵
𡾶
𡾷
𡾸
𡾹
𡾺
𢀋
𢁑
𢅸
𢅹
𢅺
𢆬
𢋻
𢋼
𢋽
𢋾
𢋿
𢌀
𢌁
𢌂
𢌃
𢐿
𢑀
𢑁
𢑂
𢑃
𢑄
𢑅
𢑻
𢑼
𢒷
𢖝
𢖞
𢖟
𢖠
𢖡
𢖢
𢥋
𢥌
𢥍
𢥎
𢥏
𢥐
𢥑
𢥒
𢥓
𢥔
𢥕
𢥖
𢨞
𢨟
𢨠
𢹍
𢹎
𢹏
𢹐
𢹑
𢹒
𢹓
𢹔
𢹕
𢹖
𢹗
𢹘
𢹙
𢹚
𢹛
𢹜
𢹝
𢹞
𢹟
𢹠
𢹡
𢹣
𢹤
𢹥
𢹦
𢹧
𢹨
𢹩
𢹪
𢹫
𢻪
𣀣
𣀤
𣀥
𣀦
𣀧
𣀨
𣀩
𣀪
𣀫
𣀬
𣀭
𣁨
𣂐
𣃔
𣃕
𣄥
𣋿
𣌀
𣌁
𣌂
𣌃
𣌄
𣌅
𣌆
𣌇
𣍘
𣍙
𣎮
𣎯
𣟄
𣟅
𣟆
𣟇
𣟈
𣟉
𣟊
𣟋
𣟌
𣟍
𣟎
𣟏
𣟐
𣟒
𣟓
𣟔
𣟕
𣟖
𣟗
𣟘
𣟙
𣟚
𣟛
𣟜
𣟝
𣟞
𣟟
𣟠
𣟡
𣟢
𣟣
𣟤
𣟥
𣟦
𣟨
𣟩
𣟪
𣟫
𣟬
𣟭
𣟮
𣤱
𣤲
𣤳
𣩹
𣩺
𣩻
𣫞
𣫟
𣬗
𣬘
𣰱
𣰲
𣰳
𣰴
𣰵
𤃨
𤃩
𤃪
𤃫
𤃬
𤃭
𤃮
𤃯
𤃰
𤃱
𤃲
𤃳
𤃴
𤃵
𤃶
𤃷
𤃸
𤃹
𤃺
𤃻
𤃼
𤃽
𤃾
𤃿
𤄀
𤄁
𤄂
𤄄
𤄅
𤄆
𤄇
𤄈
𤄉
𤄊
𤄋
𤄌
𤄍
𤑳
𤑴
𤑵
𤑶
𤑷
𤑸
𤑹
𤑺
𤑻
𤑼
𤑽
𤑾
𤑿
𤒀
𤒁
𤒂
𤒃
𤒄
𤒅
𤒆
𤒇
𤒈
𤒉
𤒊
𤒋
𤒌
𤒍
𤒎
𤒏
𤒐
𤒑
𤒒
𤒓
𤒔
𤒕
𤒖
𤒗
𤒘
𤒙
𤒚
𤒛
𤒜
𤒝
𤒞
𤒟
𤒠
𤒨
𤕂
𤕃
𤕄
𤕅
𤕆
𤖢
𤘃
𤜂
𤜃
𤜄
𤜅
𤜆
𤣍
𤣎
𤣏
𤣐
𤪾
𤪿
𤫀
𤫁
𤫂
𤫃
𤫄
𤫅
𤫆
𤫇
𤫈
𤮢
𤮣
𤮤
𤮥
𤳱
𤳳
𤳴
𤳵
𤳶
𤳷
𤳸
𤻰
𤻱
𤻲
𤻳
𤻴
𤻵
𤻶
𤻷
𤻸
𤻹
𤻺
𤻻
𤻼
𤻽
𤻾
𤻿
𤼻
𤾴
𤾵
𤾶
𤾷
𥀯
𥀰
𥀱
𥀲
𥀳
𥃇
𥃈
𥃉
𥃊
𥃋
𥃌
𥃍
𥃎
𥃏
𥃐
𥃑
𥌚
𥌛
𥌜
𥌝
𥌞
𥌟
𥌠
𥌡
𥌢
𥌣
𥌤
𥌥
𥌦
𥌧
𥌨
𥌩
𥌪
𥌫
𥌬
𥎞
𥎟
𥎠
𥖻
𥖼
𥖽
𥖾
𥖿
𥗀
𥗁
𥗂
𥗃
𥗄
𥗅
𥗆
𥗇
𥗈
𥗉
𥗊
𥗋
𥗌
𥗍
𥗎
𥗏
𥗐
𥗑
𥜠
𥜡
𥜢
𥜣
𥜤
𥣢
𥣨
𥣩
𥣪
𥣫
𥣬
𥣭
𥣮
𥣯
𥣰
𥣱
𥣲
𥣳
𥣴
𥣵
𥣶
𥣷
𥣸
𥣹
𥣺
𥣻
𥣼
𥣽
𥣾
𥣿
𥨰
𥨱
𥨳
𥨴
𥨶
𥨷
𥨸
𥨹
𥨺
𥫈
𥫉
𥫊
𥫋
𥫌
𥫍
𥵜
𥵝
𥵞
𥵟
𥵠
𥵡
𥵢
𥵣
𥵤
𥵥
𥵦
𥵧
𥵨
𥵩
𥵪
𥵫
𥵬
𥵭
𥵮
𥵯
𥵰
𥵱
𥵲
𥵳
𥵴
𥵵
𥵶
𥵷
𥵸
𥵹
𥵺
𥵻
𥵼
𥵽
𥵾
𥵿
𥶀
𥶁
𥶂
𥶃
𥶄
𥽏
𥽐
𥽑
𥽒
𥽓
𥽔
𥽕
𥽖
𦆜
𦆝
𦆞
𦆟
𦆠
𦆡
𦆢
𦆣
𦆦
𦆧
𦆩
𦆪
𦆬
𦆭
𦆮
𦆯
𦆰
𦆱
𦆲
𦆳
𦆴
𦆵
𦆶
𦆷
𦆸
𦆹
𦆺
𦉝
𦉞
𦌵
𦌶
𦌷
𦌸
𦌹
𦌺
𦏜
𦏝
𦏞
𦏟
𦏠
𦏡
𦒢
𦒣
𦒤
𦒥
𦒪
𦒫
𦗾
𦗿
𦘀
𦘁
𦘂
𦘃
𦘄
𦘨
𦢥
𦢦
𦢧
𦢨
𦢩
𦢪
𦢫
𦢬
𦢭
𦢮
𦢯
𦢰
𦢱
𦢲
𦢳
𦢴
𦢵
𦢶
𦢷
𦤫
𦤬
𦤭
𦤮
𦦭
𦦮
𦦰
𦦱
𦦲
𦦳
𦦴
𦦵
𦧸
𦨁
𦪱
𦪲
𦪳
𦪴
𦪵
𦫒
𦫯
𦫰
𦫱
𧁻
𧁼
𧁽
𧁾
𧁿
𧂀
𧂁
𧂂
𧂃
𧂄
𧂅
𧂆
𧂇
𧂈
𧂉
𧂊
𧂋
𧂌
𧂍
𧂎
𧂏
𧂐
𧂑
𧂒
𧂓
𧂔
𧂕
𧂖
𧂗
𧂘
𧂙
𧂚
𧂛
𧂜
𧂝
𧂞
𧂟
𧂠
𧂡
𧂢
𧂣
𧂤
𧂥
𧂦
𧂧
𧂨
𧂩
𧂪
𧂫
𧂬
𧂭
𧂮
𧂯
𧂰
𧂱
𧂲
𧂳
𧂴
𧂵
𧂶
𧂷
𧂸
𧂹
𧂺
𧂻
𧂼
𧂽
𧂾
𧂿
𧃀
𧃁
𧃂
𧃃
𧃄
𧃅
𧃆
𧃇
𧃈
𧃉
𧃊
𧃋
𧃎
𧈋
𧈌
𧈍
𧈎
𧈏
𧓉
𧓊
𧓋
𧓌
𧓍
𧓎
𧓏
𧓐
𧓑
𧓒
𧓓
𧓔
𧓕
𧓖
𧓗
𧓘
𧓙
𧓚
𧓛
𧓜
𧓝
𧓞
𧓟
𧓠
𧓡
𧓢
𧓣
𧓤
𧓥
𧓦
𧓧
𧓨
𧓩
𧓪
𧓫
𧓬
𧓭
𧓮
𧓯
𧓰
𧗖
𧗗
𧞗
𧞧
𧞨
𧞩
𧞪
𧞫
𧞬
𧞭
𧞮
𧞯
𧞰
𧞱
𧞳
𧞴
𧞵
𧠃
𧢒
𧢓
𧢔
𧢕
𧢖
𧢗
𧥄
𧥅
𧥆
𧥇
𧬧
𧬨
𧬩
𧬪
𧬫
𧬬
𧬭
𧬮
𧬯
𧬰
𧬱
𧬲
𧬳
𧬴
𧬵
𧬶
𧬷
𧬸
𧬹
𧬺
𧬻
𧬼
𧬽
𧬾
𧬿
𧭀
𧭁
𧯓
𧯔
𧰑
𧰒
𧰓
𧰔
𧰕
𧰖
𧲇
𧲈
𧲉
𧲊
𧲋
𧴐
𧴖
𧴗
𧴘
𧴙
𧴚
𧴛
𧴜
𧸖
𧸗
𧸘
𧸙
𧸚
𧸛
𧸜
𧸝
𧸞
𧸟
𧸠
𧸡
𧸢
𧸣
𧸤
𧸥
𧾍
𧾎
𧾏
𧾐
𧾑
𧾒
𧾓
𧾔
𧾕
𧾖
𧾗
𧾘
𨆁
𨆂
𨆃
𨆄
𨆅
𨆆
𨆇
𨆈
𨆉
𨆊
𨆋
𨆌
𨆍
𨆎
𨆏
𨆐
𨆑
𨆒
𨆓
𨆔
𨆕
𨆖
𨆗
𨆘
𨆙
𨆚
𨆛
𨆜
𨆝
𨆞
𨆟
𨆠
𨆡
𨆢
𨆣
𨆤
𨆥
𨆦
𨆧
𨆨
𨆩
𨊍
𨊎
𨊏
𨊐
𨊑
𨊒
𨎲
𨎳
𨎴
𨎵
𨎶
𨎷
𨎸
𨎹
𨎺
𨎻
𨎼
𨎽
𨎾
𨎿
𨏀
𨏁
𨏂
𨏃
𨏄
𨏅
𨏆
𨏇
𨐊
𨐺
𨐻
𨐼
𨘼
𨙂
𨙃
𨙄
𨙅
𨙆
𨙇
𨙈
𨙉
𨙊
𨙋
𨙌
𨙍
𨙎
𨙏
𨙐
𨙑
𨟠
𨟡
𨟢
𨟣
𨣖
𨣗
𨣘
𨣙
𨣚
𨣛
𨣜
𨣝
𨣞
𨣟
𨣠
𨣡
𨣢
𨣣
𨣤
𨣥
𨤞
𨤸
𨬍
𨬎
𨬏
𨬐
𨬑
𨬒
𨬓
𨬔
𨬖
𨬗
𨬘
𨬙
𨬚
𨬛
𨬜
𨬝
𨬞
𨬟
𨬠
𨬡
𨬢
𨬣
𨬤
𨬥
𨬦
𨬧
𨬨
𨬩
𨬪
𨬫
𨬬
𨬭
𨬮
𨬯
𨬰
𨬱
𨬲
𨬳
𨬴
𨬵
𨬶
𨬷
𨬸
𨬹
𨬺
𨬻
𨬼
𨬽
𨬾
𨬿
𨭀
𨭁
𨭂
𨭃
𨭄
𨭅
𨭆
𨭇
𨭈
𨭉
𨭊
𨭋
𨭌
𨭍
𨭎
𨭏
𨭐
𨭑
𨭒
𨭓
𨭔
𨲳
𨲴
𨲵
𨲶
𨲷
𨶬
𨶭
𨶮
𨶯
𨶰
𨶱
𨶲
𨶳
𨶴
𨶵
𨶶
𨶷
𨶸
𨶹
𨶺
𨶻
𨶼
𨶽
𨶾
𨶿
𨷀
𨷁
𨷂
𨸎
𨽦
𨽧
𨽨
𨽩
𨽪
𨽫
𨾂
𨾃
𩀴
𩀵
𩀶
𩀷
𩀸
𩀹
𩀺
𩀻
𩀼
𩀽
𩀾
𩀿
𩁀
𩁁
𩁂
𩁃
𩁄
𩁅
𩁆
𩅝
𩅞
𩅟
𩅠
𩅡
𩅢
𩅣
𩅤
𩅥
𩅦
𩅧
𩅨
𩅩
𩅪
𩅫
𩅬
𩅭
𩅮
𩅯
𩅰
𩅱
𩅲
𩅳
𩅴
𩅵
𩅶
𩅷
𩅸
𩅹
𩅺
𩅻
𩇢
𩇾
𩇿
𩈀
𩈁
𩈻
𩈼
𩈽
𩈾
𩈿
𩉀
𩌦
𩌧
𩌨
𩌩
𩌪
𩌫
𩌬
𩌭
𩌮
𩌯
𩌰
𩌱
𩌲
𩌳
𩌴
𩌵
𩌶
𩌷
𩌸
𩌹
𩌺
𩌻
𩌼
𩌽
𩌾
𩌿
𩍀
𩍁
𩍂
𩏘
𩏙
𩏚
𩏛
𩏜
𩏝
𩏞
𩏟
𩐋
𩐍
𩐎
𩐹
𩐺
𩐻
𩐼
𩐽
𩐾
𩔳
𩔴
𩔵
𩔶
𩔷
𩔸
𩔹
𩔺
𩔻
𩔼
𩔽
𩔾
𩔿
𩕀
𩕁
𩕂
𩕃
𩕄
𩕅
𩕆
𩕇
𩕈
𩘭
𩘮
𩘯
𩘰
𩘱
𩘲
𩘳
𩘴
𩘵
𩘶
𩘷
𩙹
𩞡
𩞢
𩞣
𩞤
𩞥
𩞦
𩞧
𩞨
𩞩
𩞪
𩞫
𩞬
𩞭
𩞮
𩞯
𩞰
𩞱
𩞲
𩞳
𩞴
𩞵
𩞷
𩞸
𩞹
𩞺
𩞻
𩞼
𩞽
𩠰
𩠲
𩡙
𩡚
𩡛
𩡜
𩤽
𩤾
𩤿
𩥀
𩥁
𩥂
𩥃
𩥄
𩥅
𩥆
𩥇
𩥈
𩥉
𩥊
𩥋
𩥌
𩥍
𩥎
𩥏
𩥐
𩥑
𩥒
𩥓
𩥔
𩥕
𩥖
𩥗
𩥘
𩥙
𩥚
𩥛
𩥜
𩥝
𩥞
𩥟
𩥠
𩥡
𩥢
𩥣
𩥤
𩥥
𩥦
𩥧
𩥨
𩥩
𩥪
𩪉
𩪊
𩪋
𩪌
𩪍
𩪎
𩪏
𩪐
𩪑
𩪒
𩪓
𩪔
𩪕
𩪖
𩫠
𩫡
𩫢
𩫣
𩫤
𩮖
𩮗
𩮘
𩮙
𩮚
𩮛
𩮜
𩮝
𩮞
𩮟
𩮠
𩮡
𩮢
𩮣
𩮤
𩮥
𩮦
𩮧
𩮨
𩮩
𩮪
𩮫
𩮬
𩮭
𩮮
𩰕
𩰤
𩱇
𩱈
𩱉
𩱊
𩱋
𩴐
𩴑
𩴒
𩴓
𩴔
𩴕
𩴖
𩴗
𩴘
𩴙
𩴚
𩴛
𩸾
𩸿
𩹀
𩹁
𩹂
𩹃
𩹄
𩹅
𩹆
𩹇
𩹈
𩹊
𩹋
𩹌
𩹍
𩹎
𩹏
𩹐
𩹑
𩹒
𩹓
𩹔
𩹕
𩹖
𩹗
𩹘
𩹙
𩹚
𩹛
𩹜
𩹝
𩹞
𩹟
𩹠
𩹡
𩹢
𩹣
𩹤
𩹥
𩹦
𩹧
𩹨
𩹩
𩹪
𩹫
𩹬
𩹭
𩹮
𩹯
𩹰
𪂶
𪂷
𪂸
𪂹
𪂺
𪂻
𪂼
𪂽
𪂾
𪂿
𪃀
𪃁
𪃂
𪃃
𪃄
𪃅
𪃆
𪃇
𪃈
𪃉
𪃊
𪃋
𪃌
𪃍
𪃎
𪃏
𪃐
𪃑
𪃒
𪃓
𪃔
𪃕
𪃖
𪃗
𪃘
𪃙
𪃚
𪃛
𪃜
𪃝
𪃞
𪃟
𪃠
𪃡
𪃢
𪃣
𪃤
𪃥
𪃦
𪃧
𪃨
𪃩
𪃪
𪃫
𪃬
𪃭
𪃮
𪃯
𪃰
𪃱
𪃲
𪃳
𪃴
𪃵
𪃶
𪃷
𪃸
𪉕
𪉭
𪉮
𪉯
𪉰
𪉱
𪉲
𪉳
𪉴
𪋎
𪋏
𪋐
𪋑
𪋒
𪋓
𪋔
𪋕
𪋖
𪍌
𪍍
𪍎
𪍏
𪍐
𪍑
𪍒
𪍓
𪍔
𪍕
𪍖
𪍗
𪍘
𪍙
𪍚
𪎨
𪎩
𪏓
𪏔
𪏕
𪏖
𪏗
𪏘
𪐂
𪐃
𪐄
𪐅
𪐆
𪑒
𪑓
𪑔
𪑕
𪑖
𪑗
𪑘
𪑙
𪑚
𪑛
𪑜
𪑝
𪑞
𪑟
𪑠
𪑡
𪑢
𪑤
𪓌
𪓧
𪓨
𪓩
𪓪
𪓫
𪔜
𪔝
𪔞
𪔟
𪔠
𪔡
𪕚
𪕛
𪕜
𪕝
𪕞
𪕠
𪕡
𪕢
𪕣
𪕤
𪕥
𪕦
𪕧
𪖡
𪖢
𪖣
𪖤
𪗋
𪗌
𪗥
𪗦
𪗧
𪗨
𪗩
𪗪
𪗫
𪗬
𪗭
𪗮
𪗯
𪗰
𪗲
𪗳
𪗴
𪗵
𪗶
𪚕
𪚖
𪚗
𪚘
𪚚
𪚛
𪚫
𪚬
𪚭
𪚮
𪚯
𪚰
𪚱
𪚳
𪚴
𪚵
𪝽
𪞰
𪟲
𪟼
𪠛
𪠢
𪢢
𪢣
𪢤
𪤱
𪤵
𪥣
𪦲
𪧳
𪧴
𪪀
𪭁
𪭂
𪯂
𪰅
𪴖
𪴗
𪴘
𪴙
𪴚
𪴳
𪸀
𪸁
𪸂
𪺃
𪺄
𪺅
𪼬
𪼭
𪼮
𪼯
𪽤
𪿂
𪿏
𫁉
𫂧
𫃖
𫄌
𫄍
𫄎
𫅟
𫇀
𫇑
𫇠
𫊌
𫊍
𫊎
𫊏
𫋣
𫋤
𫋥
𫌖
𫌥
𫍐
𫍑
𫏣
𫏤
𫏥
𫏦
𫏱
𫐁
𫐝
𫑒
𫑓
𫑔
𫑕
𫑱
𫓄
𫓅
𫓆
𫓇
𫓈
𫓉
𫓊
𫓋
𫓌
𫓍
𫓎
𫕮
𫕯
𫕰
𫕱
𫖄
𫖉
𫖏
𫖚
𫖥
𫖦
𫗛
𫗵
𫗺
𫘀
𫘁
𫘒
𫘓
𫘔
𫘕
𫘖
𫙨
𫙩
𫙪
𫚩
𫚪
𫛉
𫛊
𫛋
𫜉
𫜙
𫜚
𫟗
𫡍
𫢃
𫤉
𫤊
𫤏
𫤨
𫤽
𫨤
𫬬
𫬭
𫬮
𫬰
𫬲
𫬳
𫬵
𫮿
𫯆
𫰃
𫰄
𫲚
𫲝
𫴠
𫵍
𫵭
𫶡
𫸤
𫹂
𫹩
𫻚
𫻛
𫻜
𫻠
𫻡
𫾛
𫾜
𫿣
𫿤
𫿦
𫿿
𬀞
𬀟
𬀠
𬀡
𬁝
𬁭
𬁮
𬁯
𬂘
𬅂
𬅆
𬅋
𬅌
𬅎
𬆝
𬉥
𬉦
𬉧
𬉩
𬉪
𬋚
𬋛
𬋜
𬋝
𬍍
𬎛
𬎜
𬎝
𬐽
𬐾
𬔃
𬔄
𬔕
𬕼
𬖼
𬖾
𬘃
𬘄
𬘅
𬘇
𬘈
𬘉
𬙋
𬚎
𬚨
𬛟
𬛰
𬛶
𬟖
𬟗
𬟘
𬟙
𬟚
𬟛
𬠲
𬠳
𬠴
𬠵
𬠶
𬠷
𬡲
𬢙
𬣋
𬣏
𬣐
𬤱
𬤹
𬥆
𬥩
𬧕
𬧗
𬧾
𬩭
𬪣
𬪤
𬪷
𬪸
𬪹
𬫁
𬬅
𬬆
𬬇
𬬉
𬬊
𬭿
𬮀
𬮓
𬯢
𬯣
𬯤
𬯥
𬯲
𬯳
𬯴
𬰋
𬰌
𬰍
𬰢
𬰣
𬰩
𬰸
𬱌
𬱍
𬱲
𬲈
𬲛
𬲜
𬲞
𬳥
𬳦
𬴏
𬴐
𬵜
𬵝
𬵞
𬵣
𬶮
𬶰
𬶱
𬶲
𬶳
𬶴
𬷢
𬷣
𬷤
𬷥
𬷦
𬷧
𬷫
𬹀
𬹠
𬹡
𭁞
𭅭
𭌢
𭌣
𭌤
𭌥
𭌦
𭌨
𭌩
𭌪
𭌬
𭌭
𭌮
𭌯
𭍸
𭐈
𭐋
𭐌
𭒰
𭒱
𭒲
𭒳
𭔥
𭔦
𭗲
𭗴
𭗶
𭗷
𭚌
𭚍
𭟚
𭟛
𭟜
𭟝
𭟤
𭣆
𭣈
𭣏
𭣐
𭨍
𭨎
𭨏
𭨐
𭬪
𭬫
𭬬
𭬭
𭬯
𭬰
𭬲
𭬳
𭬷
𭭸
𭯬
𭳞
𭳬
𭳮
𭳯
𭳲
𭳵
𭶥
𭶦
𭶧
𭸲
𭸳
𭺍
𭺑
𭺒
𭻶
𭻷
𭼬
𭼵
𭼶
𭼷
𭿰
𮀊
𮁕
𮂠
𮂡
𮂢
𮃴
𮃵
𮆟
𮆢
𮆤
𮆥
𮆦
𮆧
𮆸
𮉐
𮉑
𮉒
𮉔
𮋖
𮋼
𮋽
𮍊
𮍝
𮍞
𮍤
𮎕
𮒮
𮒸
𮒺
𮒻
𮒿
𮓀
𮓁
𮓂
𮓃
𮓄
𮓯
𮕈
𮕉
𮕊
𮕋
𮕡
𮖽
𮗈
𮗞
𮘾
𮘿
𮙀
𮙁
𮚧
𮚨
𮚩
𮜙
𮜚
𮜛
𮜝
𮜻
𮜼
𮝩
𮝪
𮝮
𮟤
𮟥
𮟦
𮠓
𮡅
𮡆
𮡈
𮡋
𮡞
𮡟
𮡠
𮡢
𮢾
𮢿
𮣀
𮣁
𮣂
𮣃
𮣄
𮣅
𮣆
𮣇
𮣈
𮣉
𮣊
𮣋
𮣌
𮣍
𮣎
𮣔
𮣗
𮤆
𮤢
𮤣
𮤤
𮥱
𮦭
𮦯
𮦰
𮦱
𮦲
𮧐
𮧦
𮧧
𮧾
𮨜
𮨝
𮨱
𮩍
𮩐
𮩭
𮩮
𮪕
𮪴
𮪼
𮫏
𮫕
𮫥
𮫦
𮫧
𮬀
𮬁
𮬃
𮬄
𮬅
𮬇
𮬉
𮬿
𮭄
𮭅
𮭆
𮭇
𮭯
𮭸
𮭾
𮮙
𮮚
𮮛
𮮜
𮮤
𮮩
𮮷
𮯂
𮯈
𮯛
𮴹
𮴺
𮷴
𮸣
𮹛
兤
㒹
瀛
𤾸
𧃒
鏹
鐕
𩐊
鬒
𪃎
𰀟
𰆬
𰇆
𰉆
𰉇
𰉈
𰉉
𰋃
𰋄
𰋍
𰋴
𰌲
𰍢
𰐡
𰒠
𰒡
𰒢
𰔻
𰔼
𰕙
𰚂
𰝰
𰝱
𰟴
𰟵
𰟶
𰟷
𰟸
𰟹
𰢗
𰢘
𰣜
𰤉
𰦉
𰧪
𰨕
𰨖
𰨾
𰨿
𰪜
𰪝
𰫔
𰫕
𰯣
𰯦
𰯨
𰯩
𰯪
𰲑
𰲒
𰲓
𰳡
𰳢
𰳣
𰴔
𰶢
𰶯
𰷮
𰷿
𰸀
𰸰
𰸱
𰸲
𰹨
𰻛
𰽆
𰽇
𰽈
𰽉
𰽊
𰽋
𰽌
𰿃
𰿄
𰿅
𱀳
𱁍
𱁯
𱂎
𱃋
𱃌
𱃍
𱃰
𱄐
𱄩
𱄪
𱄫
𱄬
𱄭
𱆅
𱆵
𱆶
𱆷
𱆸
𱆹
𱈒
𱈓
𱈔
𱈕
𱈱
𱈲
𱈳
𱊲
𱊳
𱋱
𱋴
𱋵
𱋻
𱋼
𱌕
𱌖
𱌝
𱏟
𱏠
𱐧
𱐨
𱑈
𱑰
𱕥
𱕦
𱕧
𱕨
𱕩
𱘘
𱘙
𱘫
𱙱
𱙲
𱟙
𱟡
𱡎
𱡡
𱢲
𱢳
𱤱
𱤲
𱪈
𱪉
𱪊
𱪋
𱪌
𱪍
𱪎
𱬨
𱬩
𱬪
𱮮
𱰀
𱰁
𱱄
𱱮
𱱯
𱱾
𱲈
𱳖
𱳗
𱴿
𱵀
𱵁
𱵴
𱵵
𱵶
𱶬
𱷚
𱷛
𱸫
𱸬
𱸭
𱸮
𱹥
𱹦
𱹧
𱺋
𱺌
𱻈
𱼤
𱽄
𱾲
𱾺
𱾻
𱾼
𲀍
𲀎
𲁺
𲂜
𲂠
𲄈
𲄉
𲄭
𲄮
𲄯
𲆇
𲆞
𲆼
𲆽
𲆾
𲇃
𲇡
𲇢
𲇣
𲇤
𲇥
𲉤
𲊈
𲊉
𲊷
𲋽
𲋾
𲌯
𲌻
𲌼
𲍙
𲍣
𲎖
𲎚
𲎛
𲎞
𲎪