㒂
㒃
㒄
㒅
㒆
㒇
㒈
㒉
㒊
㒋
㒌
㒍
㒎
㒏
㒐
㓗
㓾
㓿
㔀
㔁
㔂
㔃
㔄
㔅
㔆
㔇
㔈
㔉
㔢
㔵
㕐
㕑
㕡
㕢
㗢
㗣
㗤
㗥
㗦
㗧
㗨
㗩
㗪
㗫
㗬
㗭
㗮
㗯
㗰
㘤
㙠
㙡
㙢
㙣
㙤
㙥
㙦
㚋
㚌
㜕
㜖
㜗
㜘
㜙
㜚
㜛
㜜
㜝
㜞
㜟
㜠
㜡
㜢
㝩
㝪
㝺
㞜
㞝
㞞
㟹
㟺
㟻
㟼
㟾
㟿
㠁
㠂
㠃
㠄
㡝
㡞
㡟
㡭
㢒
㢓
㢔
㢕
㢡
㣃
㣑
㣰
㣱
㣲
㥲
㥶
㥷
㥸
㥹
㥻
㥼
㥽
㥾
㦀
㦃
㦅
㦆
㦇
㦈
㦺
㨭
㨮
㨯
㨰
㨱
㨲
㨳
㨴
㨵
㨶
㨷
㨸
㨹
㨺
㨽
㨾
㨿
㩀
㩁
㩂
㪠
㪡
㪢
㪣
㫁
㬍
㬏
㬐
㬻
㮥
㮦
㮧
㮨
㮩
㮪
㮫
㮬
㮭
㮮
㮯
㮰
㮱
㮲
㮳
㮴
㮵
㮷
㮸
㮹
㮺
㮻
㮼
㮽
㰿
㱀
㱁
㱗
㱯
㱰
㱱
㱲
㲅
㲤
㲥
㲦
㲧
㲨
㲩
㴼
㴽
㴾
㴿
㵀
㵁
㵂
㵃
㵄
㵅
㵆
㵇
㵈
㵉
㷟
㷠
㷡
㷢
㷣
㷤
㷥
㷦
㷧
㷨
㷩
㷪
㸕
㸢
㹄
㹉
㹊
㹋
㺎
㺏
㺐
㺑
㺒
㺓
㻧
㻨
㻩
㻪
㼐
㼑
㼒
㼲
㼳
㼴
㼵
㼶
㼷
㽏
㽥
㾪
㾫
㾬
㾭
㾯
㾰
㾱
㾲
㾳
㾴
㾵
㿣
㿤
㿴
㿵
䀆
䁊
䁋
䁌
䁍
䁎
䁏
䁐
䁑
䁒
䁓
䁔
䁕
䁖
䂉
䂕
䃈
䃉
䃊
䃋
䃌
䃍
䃎
䃏
䃐
䄓
䄔
䄕
䄖
䄗
䅠
䅡
䅢
䅤
䅥
䅦
䅧
䅨
䅩
䅪
䅫
䆪
䆫
䈁
䈂
䈃
䈄
䈅
䈆
䈈
䈉
䈊
䈋
䈌
䈍
䊍
䊎
䊏
䊐
䊑
䊒
䋧
䋨
䋩
䋪
䋫
䋬
䋭
䋮
䋯
䋰
䋱
䋲
䌽
䍋
䍌
䍞
䍟
䍲
䍳
䍴
䍵
䍶
䎏
䎐
䎑
䎒
䎓
䎦
䎧
䎨
䎩
䎪
䎺
䎻
䎼
䎽
䎾
䐝
䐞
䐟
䐠
䐣
䐤
䐥
䐦
䐧
䐨
䐩
䐪
䑖
䑝
䑱
䑲
䑳
䑴
䑵
䑷
䑸
䓱
䓼
䓽
䓾
䓿
䔀
䔁
䔂
䔃
䔄
䔅
䔆
䔇
䔉
䔊
䔋
䔌
䖿
䗀
䗁
䗂
䗃
䗄
䗅
䗆
䗇
䗈
䗉
䗊
䗕
䘓
䘳
䘴
䘵
䘶
䘷
䘸
䘹
䘺
䘻
䘼
䘽
䘾
䘿
䙀
䙂
䚂
䚃
䚛
䛝
䛞
䛟
䛠
䛡
䛢
䛣
䛤
䛥
䛦
䛧
䛨
䜮
䜷
䜸
䜹
䝜
䝳
䝴
䝵
䞓
䞔
䞫
䞬
䞭
䞮
䞯
䞰
䞱
䞲
䟴
䟵
䟶
䟷
䟸
䟹
䟺
䟻
䡘
䡙
䡚
䡛
䢆
䢢
䢣
䢤
䢥
䣈
䣉
䣘
䣙
䣚
䣛
䣜
䣺
䣻
䤤
䤥
䤦
䤧
䤨
䤩
䤪
䦀
䦊
䦕
䦖
䦗
䦘
䦙
䦚
䦛
䦶
䧠
䧡
䧢
䧣
䧻
䨏
䨐
䨑
䨒
䨓
䨔
䨕
䨖
䩅
䩆
䩇
䩙
䩚
䩛
䩜
䩝
䩞
䪐
䪑
䪒
䪓
䪪
䪶
䪷
䪸
䪹
䪺
䪻
䪽
䪾
䫾
䫿
䬀
䬁
䬂
䬃
䬫
䬬
䬭
䬮
䬯
䬰
䬱
䬲
䬳
䬴
䭯
䭷
䭸
䭹
䭺
䭻
䭼
䭽
䭾
䯈
䯉
䯩
䯯
䯰
䯱
䯲
䯳
䯴
䰙
䰚
䰟
䰴
䰵
䰶
䲦
䲧
䲨
䲩
䲪
䲫
䴟
䴬
䴭
䴮
䵞
僒
僓
僗
僘
僛
僜
僝
僟
僠
僢
僤
僨
僪
僫
僬
僯
僰
僱
僴
僷
凘
劀
劁
勥
勩
勪
勫
勬
勭
勱
匰
匲
厬
叆
嗺
嗻
嗿
嘀
嘁
嘂
嘃
嘄
嘊
嘋
嘌
嘍
嘏
嘑
嘒
嘓
嘕
嘙
嘚
嘜
嘝
嘞
嘡
嘢
嘣
嘤
嘥
嘦
嘧
噑
圗
圙
塴
塶
塷
塸
塺
塽
塿
墁
墂
墄
墆
墇
墈
墌
墑
墒
墕
墖
墘
墙
墚
墛
墬
墭
墴
夀
夣
嫕
嫘
嫙
嫛
嫝
嫞
嫢
嫤
嫧
嫨
嫪
嫬
嫭
嫱
嫲
嫳
嫷
嫹
孷
寠
寣
尡
嵷
嵸
嵺
嵻
嵼
嵽
嵾
嵿
嶀
嶃
嶆
嶉
嶊
嶍
嶎
嶑
嶞
巰
幑
幒
幓
幚
幛
廎
廑
廔
廗
廘
廜
彄
彆
彉
彯
徱
徶
愳
愸
愻
慐
慒
慖
慛
慞
慡
慪
慬
慲
慺
慻
慽
憀
憁
憆
憈
憏
憜
戧
戨
戫
戬
搫
搻
搿
摌
摍
摏
摐
摔
摕
摖
摗
摜
摞
摟
摢
摣
摤
摥
摦
摪
摫
摬
摮
摱
摲
摴
摵
摷
摻
摼
摿
撁
撂
撄
撖
撗
撦
撯
撱
擆
敱
敳
敶
斠
旖
暚
暜
暞
暟
暡
暣
暤
暥
暧
暨
暯
曅
朄
朢
榍
榏
榐
榓
榗
榚
榝
榞
榟
榡
榢
榣
榤
榨
榩
榪
榫
榬
榯
榶
榸
榹
榽
槂
槄
槅
槈
槉
槒
槔
槕
槗
槚
槛
槜
槟
槠
槡
槤
槰
樃
樄
樆
樇
樤
樥
歋
歍
歰
殝
殠
殡
毃
毄
毾
氁
滮
滰
滱
滳
滵
滺
滼
滽
漃
漄
漅
漇
漈
漋
漍
漎
漖
漗
漙
漛
漜
漝
漞
漟
漡
漤
漧
漩
漮
漰
漴
漹
漺
漻
潀
潂
潄
潆
潇
潈
潉
潊
潋
潌
潍
潎
潩
潳
澉
澚
濄
煛
煹
煻
煼
煾
煿
熁
熂
熃
熆
熉
熋
熌
熎
熐
熑
熓
熗
熘
熚
熥
爳
牄
牔
犓
犔
犕
犗
獃
獌
獍
獑
獔
獕
獙
獚
獡
瑡
瑦
瑧
瑨
瑮
瑲
瑴
瑷
瑸
瑹
璍
璓
甇
甈
甉
甧
畻
畼
疐
瘊
瘌
瘎
瘒
瘗
瘣
瘩
盠
盢
睮
睯
睱
睳
睴
睵
睶
睸
睻
瞁
瞂
瞃
瞅
瞆
瞇
瞍
碠
碡
碥
碦
碨
碫
碬
碮
碱
碲
碳
碴
碶
碷
碸
碹
磀
磓
禚
禞
禟
禠
禢
禣
稦
稧
稨
稩
稪
稫
稬
稯
稰
稳
稵
穁
穊
窨
窫
窭
竬
竮
箁
箂
箃
箄
箅
箈
箉
箊
箌
箎
箓
箖
箠
箢
箣
箤
箥
箦
箧
箨
箩
箫
箬
粸
粺
粻
糁
綞
綡
綥
綨
綩
綳
綹
綼
緁
緃
緄
緅
緆
緈
緉
緍
緎
緐
緓
緔
緢
緺
缥
缦
缧
缨
缩
缪
缫
罁
罂
罯
罱
罳
罴
羫
翞
翢
翤
耣
耥
聙
聛
聜
聝
聣
肈
膆
膉
膋
膌
膍
膎
膑
膖
舆
舓
舔
舕
艊
艌
艍
蓭
蓲
蓳
蓵
蓶
蓷
蓸
蓻
蓾
蔁
蔂
蔄
蔅
蔈
蔉
蔊
蔋
蔍
蔎
蔏
蔐
蔒
蔖
蔙
蔝
蔠
蔢
蔧
蔨
蔩
蔪
蔮
蔰
蔳
蔶
蔷
蔸
蔹
蔺
蔻
蔼
蕖
薖
虠
蜛
蜝
蜞
蜠
蜢
蜤
蜦
蜧
蜨
蜪
蜫
蜬
蜭
蜮
蜯
蜰
蜲
蜳
蜶
蜸
蜼
蜽
蝁
蝂
蝄
蝅
蝇
蝈
蝊
蝧
蝫
裦
裫
裻
褅
褆
褈
褉
褋
褍
褎
褏
褑
褔
褕
褖
褗
褛
褡
褨
覝
覞
覠
觏
觨
觩
觪
誋
誎
誏
誒
誖
誗
誙
誛
誜
誝
誟
誢
誩
說
誫
谭
谮
谯
谰
谱
谲
豧
貋
賏
賐
賒
賔
賗
賘
赘
赙
赚
赛
趖
趗
趘
趚
跾
踀
踁
踂
踃
踄
踅
踇
踋
踍
踎
躴
輍
輎
輏
輐
輑
辕
辖
辗
辡
辢
遦
遧
遪
遫
遬
遰
遱
鄦
鄩
鄪
鄫
鄬
鄮
酶
酺
酻
酼
酽
酾
酿
鈭
鉵
鉶
鉷
鉹
鉺
鉻
銁
銂
銄
銆
銇
銊
銋
銌
銎
銐
銒
銔
銝
銞
銠
銡
銢
銣
銤
銥
銦
銨
銩
銪
銬
銮
銯
銰
銱
鋁
鋣
鋮
锲
锴
锵
锶
锷
锸
锹
锺
锻
锼
锽
锾
锿
镀
镁
镂
镃
镄
镅
閡
閪
閮
閰
阚
隢
隫
雐
雿
霁
靘
靻
靽
靾
靿
鞀
鞂
鞃
韍
韎
韬
韷
頕
頙
颗
颮
飖
飗
飸
餁
餂
餄
餆
餇
餎
餏
馑
馒
馛
馜
馝
馶
馷
馸
馻
馾
駀
駂
駇
駏
骠
骡
骢
骲
骳
骵
髚
髤
髧
髨
鬦
魆
魟
魠
魡
魢
鲑
鲒
鲓
鲔
鲕
鲖
鲗
鲘
鲙
鲚
鲛
鲜
鲝
鲞
鲟
鳱
鳵
鹕
鹖
鹗
鹘
鹙
鹚
鹛
鹜
麧
鼏
鼑
龇
龈
鿢
鿲
鿿
綠
屢
漏
綾
寧
說
璉
說
寧
領
僚
蓼
廓
﨎
精
飼
廙
憎
瑱
甆
瘝
瘟
練
缾
遲
頋
㮝
𠁎
𠁏
𠁐
𠁑
𠁒
𠁶
𠁷
𠃅
𠄅
𠄆
𠄇
𠄈
𠄿
𠅾
𠅿
𠍥
𠍭
𠍮
𠍯
𠍰
𠍲
𠍳
𠍴
𠍵
𠍶
𠍷
𠍸
𠍹
𠍺
𠍻
𠍼
𠍽
𠍾
𠍿
𠎀
𠎂
𠎃
𠎄
𠎅
𠎆
𠎇
𠎈
𠎉
𠎊
𠎋
𠎌
𠎍
𠎎
𠎏
𠎐
𠎑
𠎒
𠎓
𠎔
𠎕
𠎖
𠎗
𠎘
𠎙
𠎚
𠎛
𠎝
𠎞
𠎟
𠎠
𠎡
𠎢
𠎣
𠎤
𠎥
𠎦
𠎧
𠎨
𠎩
𠎪
𠎫
𠎬
𠎭
𠎮
𠎯
𠎰
𠎱
𠎲
𠎳
𠎴
𠎶
𠏐
𠒧
𠒨
𠒩
𠒪
𠒫
𠒬
𠒭
𠒮
𠒯
𠓸
𠓹
𠓺
𠓻
𠔯
𠔰
𠔱
𠔲
𠕨
𠕩
𠕫
𠖜
𠖝
𠖞
𠖟
𠘄
𠘅
𠘆
𠘇
𠘈
𠘉
𠘓
𠙨
𠙩
𠙪
𠚙
𠚚
𠟂
𠟃
𠟄
𠟅
𠟆
𠟇
𠟈
𠟉
𠟊
𠟋
𠟌
𠟍
𠟎
𠟏
𠟐
𠟑
𠟒
𠟓
𠟔
𠟕
𠟖
𠟗
𠟘
𠟙
𠟚
𠟛
𠟜
𠟝
𠟞
𠟟
𠟡
𠟢
𠟣
𠟤
𠟥
𠢠
𠢡
𠢢
𠢣
𠢤
𠢥
𠢦
𠢧
𠢨
𠢩
𠢪
𠢫
𠢬
𠢭
𠢮
𠢯
𠣽
𠣾
𠣿
𠤀
𠤁
𠤂
𠤦
𠤧
𠤨
𠥙
𠥚
𠥛
𠥷
𠦽
𠦾
𠦿
𠨆
𠨇
𠨥
𠪙
𠪚
𠪛
𠪜
𠪝
𠪞
𠪟
𠪠
𠪡
𠪢
𠪣
𠪤
𠪥
𠪦
𠪧
𠪨
𠪩
𠪪
𠪫
𠪬
𠬍
𠬎
𠬏
𠬐
𠭻
𠭼
𠭽
𠭾
𠭿
𠮀
𠮁
𠮂
𠻔
𠻕
𠻖
𠻗
𠻘
𠻙
𠻚
𠻛
𠻜
𠻝
𠻞
𠻟
𠻠
𠻡
𠻢
𠻣
𠻤
𠻥
𠻦
𠻧
𠻨
𠻩
𠻪
𠻫
𠻬
𠻭
𠻮
𠻯
𠻰
𠻱
𠻲
𠻳
𠻴
𠻵
𠻶
𠻷
𠻸
𠻹
𠻺
𠻻
𠻼
𠻽
𠻾
𠻿
𠼀
𠼁
𠼂
𠼃
𠼄
𠼅
𠼆
𠼇
𠼈
𠼉
𠼊
𠼋
𠼌
𠼍
𠼎
𠼏
𠼐
𠼑
𠼒
𠼓
𠼔
𠼕
𠼖
𠼗
𠼘
𠼙
𠼚
𠼛
𠼜
𠼝
𠼞
𠼟
𠼠
𠼡
𠼢
𠼣
𠼤
𠼥
𠼦
𠼧
𠼨
𠼩
𠼪
𠼫
𠼬
𠼭
𠼮
𠼯
𠼰
𠼱
𠼲
𠼳
𠼴
𠼵
𠼶
𠼷
𠼸
𠼹
𠼺
𠼻
𠼼
𠼽
𠼾
𠼿
𠽀
𠽁
𠽂
𠽃
𠽄
𠽅
𠽆
𠽇
𠽈
𠽉
𠽊
𠽋
𠽌
𠽍
𠽎
𠽏
𠽐
𠽑
𠽒
𠽓
𠽔
𠽕
𠽖
𠽗
𠽘
𠽙
𠽚
𠽛
𠽜
𠽝
𠽞
𠽠
𠾧
𡈕
𡈖
𡈗
𡈘
𡈙
𡈚
𡈛
𡈜
𡈝
𡈞
𡈟
𡈠
𡈡
𡏭
𡏮
𡏯
𡏰
𡏱
𡏲
𡏳
𡏴
𡏵
𡏶
𡏷
𡏸
𡏹
𡏺
𡏻
𡏼
𡏽
𡏾
𡏿
𡐀
𡐁
𡐂
𡐃
𡐄
𡐅
𡐆
𡐇
𡐈
𡐉
𡐊
𡐋
𡐌
𡐍
𡐎
𡐏
𡐐
𡐑
𡐒
𡐓
𡐔
𡐕
𡐖
𡐗
𡐘
𡐙
𡐚
𡐛
𡐜
𡐝
𡔶
𡔸
𡔹
𡔺
𡔻
𡕲
𡕳
𡕴
𡕵
𡖶
𡖷
𡖸
𡖹
𡖺
𡖻
𡖼
𡖽
𡖾
𡙬
𡙭
𡙮
𡙯
𡙰
𡙱
𡙲
𡙳
𡙴
𡙵
𡙶
𡠗
𡠙
𡠚
𡠛
𡠜
𡠝
𡠞
𡠟
𡠠
𡠡
𡠢
𡠤
𡠥
𡠦
𡠧
𡠨
𡠩
𡠪
𡠫
𡠬
𡠭
𡠮
𡠯
𡠰
𡠱
𡠳
𡠴
𡠵
𡠶
𡠷
𡠸
𡠹
𡠺
𡠻
𡠼
𡠽
𡠾
𡠿
𡡀
𡡁
𡡂
𡡃
𡡄
𡡅
𡡆
𡡇
𡡈
𡡉
𡡊
𡡋
𡡌
𡡍
𡡎
𡦑
𡦒
𡦓
𡦔
𡦕
𡦖
𡩻
𡩼
𡩽
𡩾
𡩿
𡪀
𡪁
𡪂
𡪃
𡪄
𡪅
𡪆
𡪇
𡪈
𡪉
𡪊
𡪋
𡪌
𡪍
𡪎
𡪏
𡪐
𡪑
𡪒
𡪓
𡪔
𡪕
𡪖
𡪗
𡪘
𡪙
𡪚
𡪛
𡪜
𡪝
𡪞
𡬽
𡬾
𡬿
𡭀
𡭁
𡭂
𡮞
𡮟
𡮠
𡮡
𡮢
𡮣
𡮤
𡮥
𡰋
𡰌
𡰍
𡰎
𡰏
𡳄
𡳅
𡳆
𡳇
𡳈
𡳉
𡳊
𡳋
𡳌
𡳍
𡳎
𡳏
𡻘
𡻙
𡻚
𡻛
𡻜
𡻝
𡻞
𡻟
𡻠
𡻡
𡻢
𡻣
𡻤
𡻥
𡻦
𡻧
𡻨
𡻩
𡻪
𡻫
𡻬
𡻭
𡻮
𡻯
𡻰
𡻱
𡻲
𡻳
𡻴
𡻵
𡻶
𡻷
𡻸
𡻹
𡻺
𡻻
𡻼
𡻽
𡻾
𡻿
𡼀
𡼁
𡼂
𡼃
𡼄
𡼅
𡼆
𡼇
𡼈
𡼉
𢀂
𢄟
𢄠
𢄡
𢄢
𢄣
𢄤
𢄥
𢄦
𢄧
𢄨
𢄩
𢄪
𢄫
𢄬
𢄭
𢄮
𢄯
𢄰
𢄱
𢄲
𢆡
𢆢
𢆣
𢆤
𢇌
𢇍
𢇎
𢇏
𢊕
𢊖
𢊗
𢊘
𢊙
𢊚
𢊛
𢊜
𢊝
𢊞
𢊟
𢊠
𢊡
𢊢
𢊣
𢊤
𢊥
𢊦
𢊧
𢊨
𢊩
𢊪
𢊫
𢊬
𢍦
𢍧
𢍨
𢍩
𢍪
𢍫
𢍭
𢐒
𢐓
𢐔
𢐕
𢐖
𢐗
𢐘
𢐙
𢐚
𢐛
𢐜
𢐝
𢑨
𢑩
𢑪
𢑫
𢑬
𢒩
𢒪
𢕏
𢕐
𢕑
𢕒
𢕓
𢕔
𢕕
𢕖
𢕗
𢕘
𢕙
𢕚
𢕛
𢕜
𢕝
𢕞
𢕟
𢕠
𢕡
𢕢
𢕣
𢕤
𢕥
𢕦
𢕨
𢕩
𢟠
𢟡
𢟢
𢟣
𢟤
𢟥
𢟦
𢟧
𢟨
𢟩
𢟪
𢟫
𢟬
𢟭
𢟮
𢟯
𢟰
𢟱
𢟲
𢟳
𢟴
𢟵
𢟶
𢟷
𢟸
𢟹
𢟺
𢟻
𢟼
𢟽
𢟾
𢟿
𢠀
𢠁
𢠂
𢠃
𢠄
𢠅
𢠆
𢠇
𢠈
𢠉
𢠊
𢠋
𢠌
𢠍
𢠎
𢠏
𢠐
𢠑
𢠒
𢠓
𢠔
𢠕
𢠖
𢠗
𢠘
𢠙
𢠚
𢠛
𢠜
𢠝
𢠞
𢠟
𢠠
𢠡
𢠢
𢠣
𢠤
𢠥
𢠦
𢠧
𢠨
𢠩
𢠪
𢠫
𢠬
𢠭
𢠮
𢠯
𢠰
𢧢
𢧣
𢧤
𢧥
𢧦
𢧧
𢧩
𢧪
𢧫
𢧬
𢧭
𢧮
𢧯
𢧰
𢧱
𢩘
𢩙
𢩚
𢩛
𢲳
𢲴
𢲵
𢲶
𢲷
𢲸
𢲹
𢲺
𢲻
𢲼
𢲽
𢲾
𢲿
𢳀
𢳁
𢳂
𢳃
𢳄
𢳅
𢳆
𢳇
𢳈
𢳉
𢳊
𢳋
𢳌
𢳍
𢳎
𢳏
𢳐
𢳑
𢳒
𢳓
𢳔
𢳕
𢳖
𢳗
𢳘
𢳙
𢳚
𢳛
𢳜
𢳝
𢳞
𢳟
𢳠
𢳡
𢳢
𢳣
𢳤
𢳥
𢳦
𢳧
𢳨
𢳩
𢳪
𢳫
𢳬
𢳭
𢳮
𢳯
𢳰
𢳱
𢳲
𢳳
𢳴
𢳵
𢳶
𢳷
𢳸
𢳹
𢳺
𢳻
𢳼
𢳽
𢳾
𢳿
𢴀
𢴁
𢴂
𢴃
𢴄
𢴅
𢴆
𢴇
𢴈
𢴉
𢴊
𢴋
𢴌
𢴍
𢴎
𢴏
𢴐
𢴑
𢴒
𢴓
𢴔
𢴕
𢴖
𢴗
𢴘
𢴙
𢴚
𢴛
𢴜
𢴝
𢴞
𢴟
𢻚
𢻛
𢻜
𢾦
𢾧
𢾨
𢾩
𢾪
𢾫
𢾬
𢾭
𢾮
𢾯
𢾰
𢾱
𢾲
𢾳
𢾴
𢾵
𢾶
𢾷
𢾸
𢾹
𢾺
𢾻
𢾼
𢾽
𢾾
𢾿
𢿀
𢿁
𢿂
𢿃
𢿄
𢿅
𣂂
𣂆
𣂇
𣂈
𣂶
𣂷
𣂸
𣂹
𣂺
𣄎
𣄏
𣄐
𣄑
𣄒
𣄓
𣉒
𣉓
𣉔
𣉕
𣉖
𣉗
𣉘
𣉙
𣉚
𣉛
𣉜
𣉝
𣉞
𣉟
𣉠
𣉢
𣉣
𣉤
𣉥
𣉦
𣉧
𣉨
𣉩
𣉪
𣉫
𣉬
𣉭
𣉮
𣉯
𣉰
𣉱
𣉲
𣉳
𣉴
𣉵
𣉶
𣉷
𣉸
𣉹
𣉺
𣍃
𣍄
𣍅
𣎍
𣎎
𣎏
𣎐
𣎑
𣕤
𣖪
𣖫
𣖬
𣖭
𣖮
𣖯
𣖰
𣖱
𣖲
𣖳
𣖴
𣖵
𣖶
𣖷
𣖸
𣖹
𣖺
𣖻
𣖼
𣖽
𣖾
𣖿
𣗀
𣗁
𣗂
𣗃
𣗅
𣗆
𣗇
𣗈
𣗉
𣗊
𣗋
𣗌
𣗍
𣗎
𣗏
𣗐
𣗑
𣗒
𣗓
𣗔
𣗕
𣗖
𣗗
𣗘
𣗙
𣗚
𣗛
𣗜
𣗝
𣗞
𣗟
𣗠
𣗡
𣗢
𣗣
𣗤
𣗥
𣗦
𣗧
𣗨
𣗩
𣗪
𣗫
𣗬
𣗭
𣗮
𣗯
𣗰
𣗱
𣗲
𣗳
𣗴
𣗵
𣗶
𣗷
𣗸
𣗹
𣗺
𣗻
𣗼
𣗽
𣗾
𣗿
𣘀
𣘁
𣘂
𣘃
𣘄
𣘅
𣘆
𣘇
𣘈
𣘉
𣘊
𣘋
𣘌
𣘍
𣘎
𣘏
𣘐
𣘑
𣘒
𣘓
𣘔
𣣲
𣣳
𣣴
𣣵
𣣶
𣣷
𣣸
𣣹
𣣺
𣣻
𣣼
𣣽
𣣾
𣣿
𣤀
𣤁
𣤂
𣤃
𣤄
𣤅
𣤆
𣤇
𣦐
𣦑
𣦒
𣦓
𣩄
𣩅
𣩆
𣩇
𣩈
𣩉
𣩊
𣩋
𣩌
𣪮
𣪯
𣪰
𣪱
𣪲
𣪳
𣪴
𣪵
𣫺
𣫻
𣫼
𣬎
𣬏
𣬐
𣬑
𣯅
𣯆
𣯇
𣯈
𣯉
𣯊
𣯋
𣯌
𣯍
𣯎
𣯏
𣯐
𣯑
𣯒
𣯓
𣯔
𣯕
𣯖
𣯗
𣯘
𣯙
𣯚
𣯛
𣯜
𣯝
𣯞
𣯟
𣯠
𣯡
𣯢
𣱐
𣱩
𣻍
𣻎
𣻏
𣻐
𣻑
𣻒
𣻓
𣻔
𣻕
𣻖
𣻗
𣻘
𣻙
𣻚
𣻛
𣻜
𣻝
𣻞
𣻟
𣻠
𣻡
𣻢
𣻣
𣻤
𣻥
𣻦
𣻧
𣻨
𣻩
𣻪
𣻫
𣻬
𣻭
𣻮
𣻯
𣻰
𣻱
𣻲
𣻳
𣻵
𣻶
𣻷
𣻸
𣻹
𣻺
𣻻
𣻼
𣻽
𣻾
𣻿
𣼀
𣼁
𣼂
𣼃
𣼄
𣼅
𣼆
𣼇
𣼈
𣼉
𣼊
𣼋
𣼌
𣼍
𣼎
𣼏
𣼐
𣼑
𣼒
𣼓
𣼔
𣼕
𣼖
𣼗
𣼘
𣼚
𣼛
𣼜
𣼝
𣼞
𣼟
𣼠
𣼡
𣼢
𣼣
𣼤
𣼥
𣼦
𣼧
𣼨
𣼩
𣼪
𣼫
𣼬
𣼭
𣼮
𣼯
𣼰
𣼱
𣼲
𣼳
𣼴
𣼵
𣼶
𣼷
𣼸
𣼹
𣼺
𣼻
𣼼
𣼽
𣼾
𣼿
𣽀
𣽁
𣽂
𤌇
𤌈
𤌉
𤌊
𤌋
𤌌
𤌍
𤌎
𤌏
𤌐
𤌑
𤌒
𤌓
𤌔
𤌕
𤌖
𤌗
𤌘
𤌙
𤌚
𤌛
𤌜
𤌝
𤌞
𤌟
𤌠
𤌡
𤌢
𤌣
𤌤
𤌥
𤌦
𤌧
𤌨
𤌩
𤌪
𤌫
𤌬
𤌭
𤌮
𤌯
𤌰
𤌱
𤌳
𤌴
𤌵
𤌶
𤌷
𤌸
𤌹
𤌺
𤌻
𤌼
𤌽
𤌾
𤌿
𤍀
𤍁
𤍂
𤍃
𤍄
𤍅
𤍆
𤍇
𤍈
𤍉
𤍊
𤍋
𤍌
𤍍
𤍎
𤎀
𤔢
𤔣
𤔤
𤔥
𤔦
𤕙
𤕚
𤖏
𤖐
𤖑
𤖒
𤗢
𤗣
𤗤
𤗥
𤗦
𤗧
𤘑
𤚩
𤚪
𤚫
𤚬
𤚭
𤚮
𤚯
𤚰
𤚱
𤚲
𤚳
𤚴
𤚵
𤚶
𤚷
𤚸
𤚹
𤚺
𤚻
𤚼
𤚽
𤚾
𤛀
𤛁
𤛂
𤛃
𤛄
𤛅
𤛆
𤛇
𤛈
𤛉
𤠹
𤠺
𤠻
𤠼
𤠽
𤠾
𤠿
𤡀
𤡁
𤡂
𤡃
𤡄
𤡅
𤡆
𤡇
𤡈
𤡉
𤡊
𤡋
𤡌
𤡍
𤡎
𤡏
𤡐
𤡑
𤡒
𤡓
𤡔
𤡕
𤡖
𤡗
𤡘
𤡙
𤡚
𤡛
𤡜
𤡝
𤡞
𤡟
𤡠
𤡡
𤡢
𤣨
𤧪
𤧫
𤧬
𤧭
𤧮
𤧯
𤧰
𤧱
𤧲
𤧳
𤧴
𤧵
𤧶
𤧷
𤧸
𤧹
𤧺
𤧻
𤧼
𤧽
𤧾
𤧿
𤨀
𤨁
𤨂
𤨃
𤨄
𤨅
𤨆
𤨇
𤨈
𤨉
𤨊
𤨋
𤨌
𤨍
𤨎
𤨏
𤨐
𤨑
𤨒
𤨓
𤬈
𤬉
𤬊
𤬋
𤬌
𤭧
𤭨
𤭩
𤭪
𤭫
𤭬
𤭭
𤭮
𤭰
𤭱
𤭳
𤭴
𤭵
𤭶
𤭷
𤭸
𤯈
𤯲
𤯳
𤯴
𤰊
𤲫
𤲬
𤲭
𤲮
𤲯
𤲰
𤲱
𤲲
𤲳
𤲴
𤲵
𤲶
𤷻
𤷼
𤷽
𤷾
𤷿
𤸀
𤸁
𤸂
𤸃
𤸄
𤸅
𤸆
𤸇
𤸈
𤸉
𤸊
𤸋
𤸌
𤸍
𤸏
𤸐
𤸑
𤸒
𤸓
𤸔
𤸕
𤸖
𤸗
𤸘
𤸙
𤸚
𤸛
𤸜
𤸝
𤸞
𤸟
𤸠
𤸡
𤸢
𤸣
𤸤
𤸥
𤸦
𤸧
𤸨
𤸩
𤼶
𤾈
𤾉
𤾊
𤾋
𤾌
𤾍
𤾎
𤾏
𤾐
𤾑
𤾒
𤾓
𥀀
𥀁
𥀂
𥀃
𥀄
𥀅
𥀆
𥀇
𥀈
𥀉
𥀊
𥀋
𥀌
𥂃
𥂄
𥂅
𥂆
𥈂
𥈃
𥈄
𥈅
𥈆
𥈇
𥈈
𥈉
𥈊
𥈋
𥈌
𥈍
𥈎
𥈏
𥈐
𥈑
𥈒
𥈓
𥈔
𥈕
𥈖
𥈗
𥈘
𥈙
𥈚
𥈛
𥈜
𥈝
𥈟
𥈠
𥈡
𥈢
𥈣
𥈤
𥈥
𥈦
𥈧
𥈨
𥈩
𥈪
𥈫
𥈬
𥈭
𥈮
𥈯
𥈰
𥈱
𥈲
𥈳
𥈴
𥈵
𥈶
𥈷
𥈸
𥈹
𥈺
𥈻
𥍶
𥍷
𥍸
𥍹
𥍺
𥍻
𥍼
𥍽
𥍾
𥍿
𥎀
𥎁
𥏪
𥏫
𥏬
𥏭
𥏮
𥏯
𥏰
𥏱
𥓺
𥓻
𥓼
𥓽
𥓾
𥓿
𥔀
𥔁
𥔂
𥔃
𥔄
𥔅
𥔆
𥔇
𥔈
𥔉
𥔊
𥔋
𥔌
𥔍
𥔏
𥔐
𥔑
𥔒
𥔓
𥔔
𥔕
𥔖
𥔗
𥔘
𥔙
𥔚
𥔛
𥔜
𥔝
𥔞
𥔟
𥔠
𥔡
𥔢
𥔣
𥔤
𥔥
𥔦
𥔧
𥔨
𥔩
𥔪
𥔫
𥔬
𥛅
𥛆
𥛇
𥛈
𥛉
𥛊
𥛋
𥛌
𥛍
𥛎
𥛏
𥛐
𥛑
𥛒
𥛓
𥛔
𥛕
𥛖
𥛗
𥝄
𥟽
𥟾
𥟿
𥠀
𥠁
𥠂
𥠃
𥠄
𥠅
𥠆
𥠇
𥠈
𥠉
𥠊
𥠋
𥠌
𥠍
𥠎
𥠏
𥠐
𥠑
𥠒
𥠓
𥠔
𥠕
𥠖
𥠗
𥠘
𥠙
𥠚
𥠛
𥠜
𥠝
𥠞
𥠟
𥠠
𥠡
𥠢
𥠣
𥠤
𥠥
𥠦
𥠧
𥠨
𥠩
𥠪
𥠫
𥠬
𥠭
𥠮
𥠯
𥠰
𥦸
𥦹
𥦺
𥦻
𥦼
𥦽
𥦾
𥦿
𥧀
𥧁
𥧂
𥧃
𥧅
𥧆
𥧇
𥧈
𥧉
𥧊
𥧋
𥧌
𥧍
𥧎
𥧏
𥪘
𥪙
𥪚
𥪛
𥪜
𥪝
𥪞
𥪟
𥪠
𥪡
𥪢
𥪣
𥪤
𥮍
𥮎
𥮏
𥮐
𥮑
𥮒
𥮓
𥮔
𥮕
𥮖
𥮗
𥮘
𥮙
𥮚
𥮛
𥮜
𥮝
𥮞
𥮟
𥮠
𥮡
𥮢
𥮣
𥮤
𥮥
𥮦
𥮧
𥮨
𥮩
𥮪
𥮫
𥮬
𥮭
𥮮
𥮯
𥮰
𥮱
𥮳
𥮴
𥮵
𥮶
𥮷
𥮸
𥮹
𥮺
𥮻
𥮼
𥮽
𥮾
𥮿
𥯀
𥯁
𥯂
𥯃
𥯄
𥯅
𥯆
𥯇
𥯈
𥯉
𥯊
𥯋
𥯌
𥯍
𥯎
𥯏
𥯐
𥺘
𥺙
𥺚
𥺛
𥺜
𥺝
𥺞
𥺟
𥺠
𥺡
𥺢
𥺣
𥺤
𥺥
𥺦
𥺧
𥺨
𥺩
𥺪
𥺫
𥺬
𥺭
𥺮
𥺯
𥺰
𥺱
𥺲
𥺳
𥺴
𥺵
𥺶
𥺷
𥺸
𥺹
𥺺
𥺻
𥺼
𥺽
𥺾
𥺿
𥻀
𦁆
𦁇
𦁈
𦁉
𦁊
𦁋
𦁌
𦁍
𦁎
𦁏
𦁐
𦁑
𦁒
𦁓
𦁔
𦁕
𦁖
𦁗
𦁘
𦁙
𦁚
𦁛
𦁜
𦁝
𦁞
𦁟
𦁡
𦁢
𦁣
𦁤
𦁥
𦁦
𦁧
𦁨
𦁩
𦁪
𦁫
𦁬
𦁭
𦁮
𦁯
𦁰
𦁱
𦁲
𦁳
𦁴
𦁵
𦁶
𦁷
𦁸
𦁹
𦁺
𦁻
𦁼
𦁽
𦁾
𦁿
𦈚
𦈸
𦈹
𦈺
𦈻
𦈼
𦈽
𦈾
𦈿
𦉀
𦋝
𦋞
𦋟
𦋠
𦋡
𦋢
𦋣
𦋤
𦋥
𦋦
𦋧
𦋨
𦋩
𦋪
𦋫
𦋬
𦋭
𦋮
𦎗
𦎘
𦎙
𦎚
𦎛
𦎜
𦎝
𦎞
𦎟
𦎠
𦎡
𦑅
𦑇
𦑈
𦑉
𦑊
𦑋
𦑌
𦑍
𦑎
𦑏
𦑐
𦑑
𦑒
𦑓
𦑔
𦑕
𦑖
𦑗
𦓂
𦓗
𦓷
𦓸
𦓹
𦓺
𦓻
𦓼
𦓽
𦓾
𦓿
𦔀
𦔁
𦖈
𦖉
𦖊
𦖋
𦖌
𦖍
𦖎
𦖏
𦖐
𦖑
𦖒
𦖓
𦖔
𦖕
𦖖
𦖘
𦖙
𦖚
𦖛
𦖜
𦖝
𦖞
𦖟
𦖠
𦖡
𦘝
𦘞
𦘟
𦞙
𦞚
𦞛
𦞜
𦞝
𦞞
𦞟
𦞠
𦞡
𦞢
𦞣
𦞤
𦞥
𦞦
𦞧
𦞨
𦞩
𦞪
𦞫
𦞬
𦞭
𦞮
𦞯
𦞰
𦞱
𦞲
𦞳
𦞴
𦞵
𦞶
𦞷
𦞸
𦞹
𦞺
𦞻
𦞼
𦞽
𦞾
𦞿
𦟀
𦟁
𦟂
𦟃
𦟄
𦟅
𦟆
𦟇
𦟈
𦟉
𦟊
𦟋
𦟌
𦟍
𦟎
𦟏
𦟐
𦟑
𦟒
𦟕
𦟖
𦟗
𦣫
𦣬
𦣮
𦤕
𦤖
𦤗
𦥂
𦥃
𦥄
𦥈
𦥻
𦥼
𦥽
𦥾
𦥿
𦦀
𦦁
𦦂
𦦃
𦦄
𦧟
𦧠
𦧡
𦧢
𦧣
𦧤
𦧥
𦧦
𦩊
𦩋
𦩌
𦩍
𦩎
𦩏
𦩐
𦩑
𦩒
𦩓
𦩔
𦩕
𦩖
𦩗
𦩙
𦩚
𦩛
𦩜
𦫞
𦫟
𦫠
𦫡
𦫢
𦫣
𦵇
𦵡
𦵢
𦵣
𦵤
𦵥
𦵦
𦵧
𦵨
𦵩
𦵪
𦵫
𦵬
𦵭
𦵮
𦵯
𦵰
𦵱
𦵲
𦵳
𦵴
𦵵
𦵶
𦵷
𦵸
𦵹
𦵺
𦵻
𦵼
𦵽
𦵾
𦵿
𦶀
𦶁
𦶂
𦶃
𦶄
𦶅
𦶆
𦶇
𦶈
𦶉
𦶊
𦶋
𦶌
𦶍
𦶎
𦶏
𦶐
𦶑
𦶒
𦶓
𦶔
𦶕
𦶖
𦶗
𦶘
𦶙
𦶚
𦶛
𦶜
𦶝
𦶞
𦶟
𦶠
𦶡
𦶢
𦶣
𦶤
𦶥
𦶦
𦶧
𦶨
𦶩
𦶪
𦶫
𦶬
𦶭
𦶮
𦶯
𦶰
𦶱
𦶲
𦶳
𦶴
𦶵
𦶶
𦶷
𦶸
𦶹
𦶺
𦶻
𦶼
𦶽
𦶾
𦶿
𦷀
𦷁
𦷂
𦷃
𦷄
𦷅
𦷆
𦷇
𦷈
𦷉
𦷊
𦷋
𦷌
𦷍
𦷎
𦷏
𦷐
𦷑
𦷒
𦷓
𦷔
𦷕
𦷖
𦷗
𦷘
𦷙
𦷚
𦷛
𦷜
𦷝
𦷞
𦷟
𦷠
𦷡
𦷢
𦷣
𦷤
𦷥
𦷦
𦷧
𦷨
𦷩
𦷪
𦷫
𦷬
𦷭
𦷮
𦷯
𦷰
𦷱
𦷲
𦷳
𦷴
𦷵
𦷶
𦷷
𦷸
𦷹
𦷺
𦷻
𦷼
𦷽
𦷾
𧇁
𧇂
𧇃
𧇄
𧇅
𧇆
𧇇
𧇈
𧇉
𧇊
𧇋
𧇌
𧇍
𧇎
𧋞
𧌃
𧌄
𧌅
𧌆
𧌇
𧌈
𧌉
𧌊
𧌋
𧌌
𧌍
𧌎
𧌏
𧌐
𧌑
𧌒
𧌓
𧌔
𧌕
𧌖
𧌗
𧌘
𧌙
𧌚
𧌛
𧌜
𧌝
𧌟
𧌠
𧌡
𧌢
𧌣
𧌤
𧌥
𧌦
𧌧
𧌨
𧌩
𧌪
𧌫
𧌬
𧌭
𧌮
𧌯
𧌱
𧌲
𧌳
𧌴
𧌵
𧌶
𧌷
𧌸
𧌹
𧌺
𧌻
𧌼
𧌽
𧌾
𧌿
𧍀
𧍁
𧍂
𧍃
𧍄
𧍅
𧍆
𧍇
𧍈
𧍉
𧍊
𧍋
𧍌
𧍍
𧍎
𧍏
𧍐
𧍑
𧖺
𧖻
𧖼
𧖽
𧖾
𧖿
𧗄
𧗸
𧗺
𧗻
𧚻
𧛏
𧛐
𧛑
𧛒
𧛓
𧛔
𧛕
𧛖
𧛗
𧛘
𧛙
𧛚
𧛛
𧛜
𧛝
𧛞
𧛟
𧛠
𧛡
𧛢
𧛣
𧛤
𧛥
𧛦
𧛧
𧛨
𧛩
𧛪
𧛫
𧛬
𧛭
𧛮
𧛯
𧛰
𧛱
𧛲
𧛳
𧛴
𧛵
𧛶
𧛷
𧟱
𧟲
𧟳
𧟴
𧟵
𧟶
𧟷
𧟸
𧠻
𧠼
𧠽
𧠾
𧠿
𧡀
𧡁
𧡂
𧡃
𧡄
𧡅
𧡆
𧡇
𧡈
𧡉
𧡊
𧣨
𧣩
𧣪
𧣫
𧣬
𧣭
𧣮
𧣯
𧣰
𧣱
𧣲
𧣳
𧧴
𧧵
𧧶
𧧷
𧧸
𧧹
𧧺
𧧻
𧧼
𧧽
𧧾
𧧿
𧨀
𧨁
𧨂
𧨃
𧨄
𧨅
𧨆
𧨇
𧨈
𧨉
𧨊
𧨋
𧨌
𧨍
𧨎
𧨏
𧨐
𧨑
𧨒
𧨓
𧨔
𧨕
𧨖
𧨗
𧨘
𧨙
𧨚
𧨛
𧨝
𧨞
𧨟
𧨠
𧨡
𧨢
𧨣
𧨤
𧨥
𧮸
𧮹
𧯩
𧯪
𧯫
𧯬
𧱍
𧱎
𧱏
𧱐
𧱑
𧱒
𧱓
𧱔
𧱕
𧱖
𧱗
𧳊
𧳋
𧳌
𧳍
𧳎
𧳏
𧳐
𧳑
𧳒
𧳓
𧳔
𧳕
𧳖
𧳗
𧳘
𧶅
𧶆
𧶇
𧶈
𧶉
𧶊
𧶋
𧶌
𧶍
𧶎
𧶏
𧶐
𧶑
𧶒
𧶓
𧶔
𧶕
𧶖
𧶗
𧶘
𧶙
𧶚
𧹣
𧹤
𧹥
𧹦
𧻯
𧻰
𧻱
𧻲
𧻳
𧻴
𧻵
𧻶
𧻷
𧻸
𧻹
𧻺
𧻻
𧻼
𧻽
𧻾
𧻿
𧼀
𧼁
𧼂
𧼃
𧼄
𧼅
𧼆
𧼇
𧼈
𧼉
𧼊
𧼋
𧼌
𧼍
𧼝
𨁀
𨁁
𨁂
𨁃
𨁄
𨁅
𨁆
𨁇
𨁈
𨁉
𨁊
𨁋
𨁌
𨁍
𨁎
𨁏
𨁐
𨁑
𨁒
𨁓
𨁔
𨁕
𨁖
𨁗
𨁘
𨁙
𨁚
𨁛
𨁜
𨁝
𨁞
𨁟
𨁠
𨁡
𨁢
𨁣
𨁤
𨁥
𨁦
𨁧
𨁨
𨁩
𨁪
𨁫
𨁬
𨁭
𨁮
𨁯
𨁰
𨁱
𨁲
𨁳
𨁴
𨉈
𨉉
𨉊
𨉋
𨉌
𨉍
𨉎
𨉏
𨉐
𨉑
𨉒
𨉓
𨌂
𨌃
𨌄
𨌅
𨌆
𨌇
𨌈
𨌉
𨌊
𨌋
𨌌
𨌍
𨌎
𨌏
𨌐
𨌑
𨌒
𨌓
𨌔
𨌕
𨌖
𨌗
𨌘
𨌙
𨌚
𨌛
𨌜
𨌝
𨌞
𨌟
𨐘
𨐙
𨐚
𨐛
𨖆
𨖇
𨖈
𨖉
𨖊
𨖋
𨖌
𨖍
𨖎
𨖏
𨖐
𨖑
𨖒
𨖓
𨖔
𨖕
𨖖
𨖗
𨖘
𨖙
𨖚
𨖛
𨖜
𨖝
𨖞
𨖟
𨖠
𨖡
𨖢
𨖣
𨖤
𨖥
𨖦
𨖧
𨖨
𨖩
𨖪
𨖫
𨖬
𨖭
𨖮
𨖯
𨖰
𨖱
𨖲
𨖳
𨝫
𨝬
𨝭
𨝮
𨝯
𨝰
𨝱
𨝲
𨝳
𨝴
𨝵
𨝶
𨝷
𨝸
𨝺
𨝻
𨝼
𨝽
𨝾
𨝿
𨞀
𨞁
𨞂
𨞃
𨞄
𨞅
𨞆
𨞇
𨞈
𨞉
𨞊
𨞋
𨞌
𨞍
𨞎
𨞏
𨞐
𨠷
𨠸
𨠹
𨠺
𨠻
𨠼
𨠽
𨠾
𨠿
𨡀
𨡁
𨡂
𨡃
𨡄
𨡅
𨡆
𨡇
𨡈
𨡉
𨡊
𨡋
𨤒
𨤓
𨤔
𨤬
𨦂
𨦃
𨦄
𨦅
𨦆
𨦉
𨦊
𨦋
𨦌
𨦍
𨦎
𨦏
𨦐
𨦑
𨦒
𨦓
𨦔
𨦕
𨦖
𨦗
𨦘
𨦙
𨦚
𨦛
𨦜
𨦝
𨦞
𨦟
𨦠
𨦡
𨦢
𨦣
𨦤
𨦥
𨦦
𨦧
𨦨
𨦩
𨦪
𨦫
𨱎
𨱽
𨲀
𨲁
𨲂
𨲃
𨲄
𨲅
𨲆
𨴍
𨴎
𨴏
𨴑
𨴒
𨴓
𨴔
𨴕
𨴖
𨴗
𨴘
𨴙
𨴚
𨴛
𨴜
𨴝
𨴞
𨴟
𨴠
𨴡
𨴢
𨴣
𨴤
𨴥
𨴦
𨼊
𨼋
𨼌
𨼍
𨼎
𨼏
𨼐
𨼑
𨼒
𨼓
𨼔
𨼕
𨼖
𨼗
𨼘
𨼙
𨼚
𨼛
𨼜
𨼝
𨼞
𨼟
𨼠
𨼡
𨼢
𨼣
𨼤
𨼥
𨼦
𨼧
𨼨
𨼩
𨽷
𨾲
𨾳
𨾴
𨾵
𨾶
𨾷
𨾸
𨾹
𨾺
𨾻
𨾼
𨾽
𨾾
𨾿
𨿀
𨿁
𨿂
𨿃
𨿄
𨿅
𨿆
𨿇
𨿈
𨿉
𨿊
𩂢
𩂣
𩂤
𩂥
𩂦
𩂧
𩂨
𩂩
𩂪
𩂫
𩂬
𩂭
𩂮
𩂯
𩂰
𩂱
𩂲
𩂳
𩂴
𩂵
𩂶
𩇜
𩇷
𩈍
𩈎
𩈏
𩈐
𩈑
𩈒
𩈓
𩈔
𩈕
𩈖
𩈗
𩈘
𩉸
𩉹
𩉺
𩉻
𩉼
𩉽
𩉾
𩉿
𩊀
𩊁
𩊂
𩊃
𩊄
𩊅
𩊆
𩊇
𩊈
𩊉
𩊊
𩊋
𩊌
𩊍
𩊎
𩊏
𩎘
𩎙
𩎚
𩎛
𩎜
𩎝
𩎞
𩎟
𩎠
𩎡
𩎢
𩎣
𩐚
𩐛
𩐜
𩐝
𩑰
𩑱
𩑲
𩑳
𩑴
𩑵
𩑶
𩑷
𩑸
𩑹
𩑺
𩑻
𩑼
𩑽
𩑾
𩑿
𩒀
𩒁
𩒂
𩒃
𩒄
𩒅
𩒆
𩒇
𩒈
𩒉
𩒊
𩒋
𩒌
𩒍
𩒎
𩖕
𩖖
𩖴
𩖵
𩖶
𩖷
𩖸
𩖹
𩖺
𩖻
𩖼
𩖽
𩖾
𩖿
𩗀
𩗁
𩗂
𩗃
𩙭
𩙮
𩙳
𩛉
𩛊
𩛋
𩛌
𩛍
𩛎
𩛏
𩛐
𩛑
𩛒
𩛓
𩛔
𩛕
𩛖
𩛗
𩛘
𩛙
𩛚
𩛛
𩛜
𩠍
𩠎
𩠕
𩠖
𩠗
𩠘
𩠙
𩠾
𩠿
𩡀
𩡁
𩡃
𩡄
𩡷
𩡸
𩡹
𩡺
𩡻
𩡼
𩡽
𩡾
𩢀
𩢁
𩢂
𩢃
𩢄
𩢅
𩢇
𩢈
𩢉
𩢊
𩢋
𩢌
𩨬
𩨭
𩨮
𩨯
𩨰
𩨱
𩨲
𩨳
𩨴
𩨵
𩨶
𩨷
𩨸
𩨹
𩨺
𩨻
𩨼
𩫁
𩫂
𩫃
𩫄
𩫅
𩫆
𩫇
𩫈
𩫉
𩫿
𩬀
𩬁
𩬂
𩬃
𩬄
𩬅
𩬆
𩬇
𩬈
𩬉
𩬊
𩬋
𩬌
𩬍
𩬎
𩬏
𩬐
𩰍
𩰎
𩰏
𩰭
𩰮
𩲡
𩲢
𩲣
𩲤
𩲥
𩲦
𩲧
𩲨
𩲩
𩲪
𩲫
𩲬
𩲭
𩲮
𩲯
𩲰
𩲱
𩲲
𩲳
𩲴
𩲵
𩲶
𩲷
𩲸
𩲹
𩵔
𩵕
𩵖
𩵗
𩵘
𩵙
𩵚
𩵛
𩵜
𩵝
𩵞
𩵟
𩶷
𩽼
𩽽
𩽾
𩽿
𩾝
𩾞
𩾟
𩾠
𩾡
𩾢
𩾣
𩾤
𩾥
𩾦
𩾧
𩾨
𩾩
𩾪
𩾫
𩾬
𩾭
𩾮
𩾯
𪉏
𪉐
𪉖
𪉗
𪊍
𪊎
𪌁
𪌂
𪌃
𪌄
𪎒
𪎓
𪎔
𪎴
𪏭
𪐙
𪐚
𪐛
𪓑
𪔃
𪗄
𪚏
𪛞
𪜞
𪝥
𪝦
𪝧
𪝨
𪝩
𪝪
𪞋
𪞕
𪞭
𪟤
𪟥
𪟱
𪟷
𪠀
𪠖
𪠗
𪠰
𪡸
𪡹
𪡺
𪡻
𪡼
𪡽
𪡾
𪡿
𪢀
𪢁
𪢂
𪢃
𪢄
𪢯
𪤎
𪤏
𪤐
𪤑
𪤒
𪤓
𪤔
𪤕
𪤖
𪤗
𪤘
𪤽
𪥜
𪥝
𪥞
𪦗
𪦘
𪦙
𪦚
𪦛
𪦜
𪦝
𪦞
𪦟
𪧀
𪧡
𪧢
𪧣
𪧤
𪧥
𪨃
𪨙
𪨚
𪩌
𪩍
𪩎
𪩏
𪩐
𪩑
𪩒
𪩧
𪩯
𪩻
𪪞
𪪟
𪪠
𪪲
𪫂
𪫖
𪫗
𪫘
𪬟
𪬠
𪬡
𪬢
𪬣
𪬤
𪬥
𪬦
𪬧
𪭓
𪮣
𪮤
𪮥
𪮦
𪮧
𪮨
𪮩
𪮪
𪯑
𪯒
𪯨
𪯩
𪯪
𪯭
𪯾
𪰸
𪰹
𪰺
𪰻
𪰼
𪰽
𪱟
𪱨
𪱩
𪱪
𪳈
𪳉
𪳊
𪳋
𪳌
𪳍
𪳎
𪳏
𪳐
𪳑
𪳒
𪳓
𪳔
𪳕
𪳖
𪳗
𪳘
𪳙
𪳚
𪳛
𪳜
𪴱
𪴻
𪵆
𪵔
𪵕
𪵠
𪵧
𪶿
𪷀
𪷁
𪷂
𪷃
𪷄
𪷅
𪷆
𪷇
𪷈
𪷉
𪷊
𪹒
𪹓
𪹔
𪹕
𪹖
𪹗
𪹘
𪹙
𪹚
𪹛
𪹜
𪹝
𪹞
𪹟
𪹠
𪺱
𪺲
𪺳
𪻈
𪼃
𪼄
𪼅
𪼆
𪼇
𪼈
𪼉
𪼊
𪼋
𪼌
𪼍
𪼎
𪼏
𪼼
𪽛
𪽜
𪽳
𪽴
𪽵
𪾂
𪾃
𪾈
𪾉
𪾓
𪾔
𪾱
𪾲
𪾳
𪾴
𪿌
𪿪
𪿫
𫀜
𫀝
𫀞
𫀟
𫀼
𫀽
𫀾
𫀿
𫁀
𫁔
𫁕
𫁧
𫁨
𫂄
𫂅
𫂆
𫂇
𫂈
𫂉
𫃂
𫃃
𫃄
𫃅
𫃪
𫃫
𫃬
𫃭
𫃮
𫃯
𫃰
𫃱
𫃲
𫄱
𫄲
𫄳
𫄴
𫄻
𫅈
𫅪
𫅶
𫆇
𫆈
𫆕
𫆩
𫆪
𫆫
𫆬
𫆭
𫆮
𫇈
𫇏
𫇐
𫇛
𫈶
𫈷
𫈸
𫈹
𫈺
𫈻
𫈼
𫈽
𫈾
𫈿
𫉀
𫉁
𫉂
𫉃
𫉄
𫉅
𫉆
𫉇
𫊢
𫋂
𫋃
𫋄
𫋅
𫋆
𫋇
𫋈
𫋉
𫌅
𫌆
𫌟
𫌠
𫌼
𫌽
𫌾
𫍻
𫍼
𫎇
𫎈
𫎗
𫎘
𫎙
𫎵
𫎶
𫎷
𫏌
𫏍
𫏎
𫏬
𫏶
𫏷
𫏸
𫐔
𫐾
𫐿
𫑀
𫑁
𫑂
𫑃
𫑶
𫑷
𫑸
𫒃
𫒕
𫒖
𫒗
𫒘
𫒙
𫒚
𫒛
𫒜
𫔀
𫔁
𫔂
𫔃
𫔄
𫔷
𫔸
𫕔
𫕕
𫕖
𫕗
𫕛
𫕣
𫕤
𫕽
𫖀
𫖅
𫖆
𫖔
𫖕
𫖘
𫖞
𫖴
𫖵
𫖶
𫖼
𫗏
𫗐
𫗑
𫗒
𫗶
𫘆
𫘇
𫘈
𫘉
𫘭
𫘮
𫘻
𫙄
𫙐
𫚓
𫚔
𫚕
𫚖
𫚗
𫚘
𫛶
𫛷
𫛸
𫛹
𫛺
𫛻
𫛼
𫜓
𫜢
𫜩
𫜪
𫝃
𫝚
𫝠
𫝭
𫝰
𫝾
𫞋
𫞌
𫞡
𫞨
𫟊
𫟔
𫟥
𫟰
𫟾
𫟿
𫠋
𫠽
𫡊
𫡷
𫡿
𫢀
𫣗
𫣘
𫣛
𫣜
𫣝
𫣠
𫣡
𫣢
𫣤
𫣥
𫣦
𫤟
𫤠
𫥙
𫥪
𫥫
𫥬
𫦖
𫦗
𫦙
𫦚
𫦸
𫧦
𫧧
𫧨
𫧵
𫧾
𫨜
𫨝
𫩈
𫫓
𫫔
𫫖
𫫗
𫫘
𫫙
𫫜
𫫝
𫫞
𫫠
𫫡
𫫣
𫫤
𫫥
𫫦
𫫧
𫫫
𫫯
𫫴
𫭑
𫮛
𫮜
𫮞
𫮟
𫮠
𫮡
𫮤
𫮥
𫮩
𫯃
𫯄
𫯊
𫯓
𫯔
𫯵
𫯶
𫯷
𫱟
𫱠
𫱢
𫱣
𫱤
𫱥
𫱦
𫱧
𫱨
𫱪
𫱫
𫱰
𫱴
𫲭
𫲮
𫲯
𫳯
𫳰
𫳲
𫳳
𫳴
𫳵
𫳶
𫳷
𫳸
𫳹
𫳺
𫳻
𫳼
𫵆
𫵇
𫵢
𫵣
𫵤
𫵥
𫵯
𫵰
𫶑
𫶒
𫶓
𫶕
𫶰
𫶱
𫷛
𫷤
𫷼
𫷽
𫷾
𫷿
𫸻
𫹢
𫺮
𫺯
𫺱
𫺲
𫺴
𫺵
𫺷
𫺹
𫺺
𫺻
𫺿
𫻀
𫻁
𫻄
𫻅
𫼁
𫽬
𫽭
𫽯
𫽸
𫽹
𫽻
𫽼
𫽽
𫽿
𫾀
𫾁
𫾃
𫾣
𫿈
𫿉
𫿊
𫿋
𫿌
𬀎
𬀏
𬀐
𬁊
𬁋
𬁍
𬁎
𬁒
𬁨
𬁩
𬁪
𬂇
𬂈
𬂉
𬂊
𬂋
𬂌
𬃯
𬃰
𬃱
𬃲
𬃳
𬃴
𬃷
𬃻
𬃼
𬃽
𬃿
𬄀
𬄁
𬄂
𬄄
𬄅
𬄆
𬄋
𬄌
𬅭
𬅮
𬅯
𬆆
𬆇
𬆭
𬆰
𬇃
𬇄
𬇎
𬇒
𬈛
𬈡
𬈥
𬈦
𬈧
𬈨
𬈪
𬈫
𬈬
𬈭
𬈮
𬈯
𬈱
𬈵
𬈸
𬊲
𬊴
𬊵
𬊶
𬊷
𬊸
𬊹
𬊺
𬊻
𬊼
𬊽
𬊾
𬊿
𬋀
𬋯
𬋰
𬌉
𬌘
𬌦
𬌧
𬌾
𬍂
𬍄
𬍅
𬍏
𬍽
𬍾
𬍿
𬎀
𬎁
𬎂
𬎃
𬎄
𬎆
𬎇
𬎯
𬎲
𬎺
𬎻
𬎼
𬏶
𬏷
𬏸
𬏹
𬐏
𬐐
𬐖
𬐨
𬐩
𬐪
𬐫
𬐬
𬐭
𬐮
𬐯
𬑜
𬑝
𬑢
𬑯
𬒖
𬒗
𬒘
𬒙
𬒚
𬓊
𬓎
𬓏
𬓐
𬓑
𬓒
𬓱
𬓲
𬓳
𬓴
𬔤
𬔥
𬔦
𬕎
𬕏
𬕐
𬕑
𬕒
𬕓
𬕔
𬕕
𬕖
𬕗
𬕘
𬕙
𬕟
𬖡
𬖢
𬖣
𬖤
𬖥
𬗘
𬗟
𬗠
𬗡
𬗢
𬗣
𬗤
𬗥
𬗦
𬗧
𬘾
𬘿
𬙀
𬙁
𬙂
𬙅
𬙐
𬙡
𬙵
𬙶
𬚄
𬚌
𬚞
𬚟
𬚠
𬚡
𬛃
𬛍
𬛭
𬜈
𬜕
𬜖
𬜗
𬜞
𬝨
𬝴
𬝵
𬝶
𬝷
𬝸
𬝹
𬝺
𬝻
𬝽
𬝾
𬞀
𬞁
𬞂
𬞃
𬞄
𬞇
𬞉
𬞋
𬞌
𬞍
𬞔
𬠎
𬠏
𬠐
𬠑
𬠒
𬠓
𬠔
𬠕
𬠖
𬠗
𬠘
𬠙
𬠚
𬡡
𬡤
𬡥
𬡦
𬡺
𬢒
𬢗
𬢪
𬢫
𬢬
𬢭
𬤝
𬤞
𬤟
𬤠
𬤡
𬤢
𬤣
𬤤
𬤥
𬤦
𬤾
𬤿
𬥀
𬥖
𬥗
𬥘
𬥙
𬥚
𬥾
𬦎
𬦏
𬦐
𬦑
𬦲
𬦳
𬦴
𬦵
𬦷
𬦹
𬧤
𬧧
𬧪
𬨐
𬨑
𬨚
𬩀
𬩁
𬩃
𬩄
𬩅
𬩆
𬩇
𬩈
𬩎
𬪁
𬪒
𬪓
𬪔
𬪖
𬪪
𬪫
𬪬
𬫍
𬫎
𬫏
𬫐
𬫑
𬫒
𬫓
𬫗
𬭞
𬭟
𬭠
𬭢
𬭣
𬭤
𬭥
𬭨
𬮶
𬮷
𬯔
𬯖
𬯗
𬯘
𬯬
𬯭
𬰠
𬰹
𬰺
𬰻
𬱁
𬱂
𬱦
𬱧
𬱨
𬱩
𬱪
𬱫
𬱬
𬲃
𬲄
𬲐
𬲑
𬳎
𬳐
𬳩
𬳪
𬴇
𬴈
𬴕
𬴧
𬵃
𬵄
𬶏
𬶐
𬶑
𬶓
𬶽
𬶾
𬶿
𬸘
𬸙
𬸚
𬸛
𬸜
𬸝
𬸞
𬸟
𬹇
𬹈
𬹉
𬹐
𬹣
𬹱
𬺁
𬺂
𬺃
𬺄
𬺅
𬻯
𬻾
𬼑
𬿡
𬿢
𬿣
𬿤
𬿥
𬿦
𬿧
𬿨
𬿩
𬿪
𬿬
𬿭
𭀰
𭀱
𭀲
𭀳
𭁙
𭁛
𭂂
𭂄
𭂟
𭂠
𭂡
𭂿
𭄑
𭄿
𭅀
𭅁
𭅃
𭆓
𭆔
𭆕
𭆵
𭆶
𭈰
𭉾
𭉿
𭊀
𭊁
𭊂
𭊃
𭊄
𭊆
𭊇
𭊈
𭊉
𭊌
𭊍
𭊎
𭊏
𭊐
𭊑
𭊒
𭊓
𭊔
𭊕
𭊖
𭊗
𭊘
𭊙
𭊚
𭊛
𭊜
𭊝
𭊞
𭊟
𭊠
𭊡
𭊬
𭊭
𭊮
𭊷
𭊹
𭊺
𭍬
𭍭
𭍮
𭍯
𭍰
𭏝
𭏞
𭏟
𭏠
𭏡
𭏢
𭏣
𭏥
𭏦
𭏧
𭏨
𭏩
𭏫
𭏴
𭐗
𭐪
𭐫
𭐼
𭐽
𭑠
𭒒
𭒓
𭒕
𭒖
𭒗
𭒘
𭒙
𭒚
𭒛
𭒜
𭒝
𭓗
𭓘
𭔍
𭔎
𭔏
𭔐
𭔔
𭔽
𭔾
𭔿
𭕓
𭕮
𭕯
𭗇
𭗈
𭗉
𭗊
𭗋
𭗌
𭗍
𭗎
𭗏
𭗐
𭗑
𭗒
𭗓
𭗗
𭗝
𭘳
𭙄
𭙅
𭙆
𭙮
𭙯
𭙱
𭙲
𭙳
𭚚
𭛄
𭛖
𭛗
𭛘
𭛙
𭛚
𭛾
𭛿
𭜀
𭝶
𭝸
𭝾
𭞀
𭞁
𭞂
𭞃
𭞇
𭞉
𭞊
𭞌
𭞎
𭞒
𭞙
𭞚
𭞛
𭞜
𭞝
𭞞
𭞟
𭞠
𭞡
𭞣
𭞤
𭞥
𭞯
𭞰
𭞷
𭟹
𭡻
𭡼
𭢈
𭢉
𭢊
𭢋
𭢍
𭢏
𭢐
𭢒
𭢓
𭢔
𭢕
𭢖
𭢜
𭢡
𭤃
𭤄
𭤆
𭤇
𭤋
𭤥
𭥁
𭦬
𭧂
𭧃
𭧄
𭧅
𭧆
𭧇
𭧈
𭧉
𭧊
𭧋
𭧌
𭧍
𭧎
𭧏
𭧐
𭧑
𭧒
𭧕
𭧙
𭨞
𭩁
𭩂
𭫒
𭫓
𭫔
𭫕
𭫖
𭫗
𭫘
𭫚
𭫛
𭫜
𭫝
𭫞
𭫟
𭫨
𭫩
𭭒
𭭬
𭭭
𭮜
𭮹
𭮻
𭯠
𭯡
𭯢
𭱉
𭱷
𭱸
𭱹
𭱼
𭱽
𭱾
𭱿
𭲀
𭲂
𭲃
𭲄
𭲅
𭲆
𭲇
𭲈
𭲉
𭲊
𭲋
𭲌
𭲍
𭲎
𭲏
𭲑
𭲗
𭲤
𭵠
𭵢
𭵣
𭵤
𭵥
𭵦
𭵧
𭵩
𭵪
𭵫
𭵮
𭵯
𭵰
𭵱
𭵶
𭶴
𭶵
𭷮
𭷯
𭷱
𭸤
𭸥
𭸦
𭸧
𭹫
𭹭
𭹱
𭺤
𭺮
𭺯
𭻡
𭻢
𭻣
𭻤
𭼄
𭼗
𭼘
𭼙
𭼚
𭼛
𭼜
𭼝
𭽂
𭽃
𭽝
𭽞
𭽯
𭽰
𭾇
𭾈
𭾉
𭾊
𭾋
𭿄
𭿅
𭿇
𭿈
𭿉
𭿊
𭿋
𭿌
𭿍
𭿎
𭿏
𮀅
𮀆
𮀬
𮀭
𮀮
𮀯
𮀰
𮀱
𮀲
𮀳
𮀵
𮂄
𮂅
𮂈
𮂉
𮂓
𮃓
𮃕
𮃖
𮃗
𮃘
𮃙
𮃚
𮄈
𮄉
𮄊
𮄋
𮄴
𮄵
𮄶
𮅕
𮅖
𮅗
𮅘
𮅙
𮅛
𮅜
𮅝
𮅞
𮅟
𮅠
𮅨
𮇥
𮇦
𮇧
𮇨
𮇩
𮇪
𮇫
𮈖
𮈗
𮈘
𮈚
𮈛
𮈜
𮈝
𮈞
𮈟
𮈠
𮈡
𮈢
𮉮
𮉯
𮉵
𮊋
𮊎
𮊏
𮊓
𮊪
𮊫
𮊬
𮊭
𮋅
𮋆
𮋇
𮋈
𮋞
𮋟
𮋳
𮋴
𮋵
𮌜
𮌦
𮌧
𮌩
𮌪
𮌬
𮌭
𮌮
𮌯
𮌰
𮌳
𮌵
𮍑
𮍒
𮍜
𮍣
𮍯
𮍹
𮎒
𮎓
𮎙
𮐡
𮐢
𮐣
𮐥
𮐦
𮐧
𮐨
𮐩
𮐪
𮐫
𮐬
𮐭
𮐮
𮐯
𮐰
𮐱
𮐲
𮐳
𮐴
𮐵
𮐶
𮐷
𮐸
𮑂
𮑆
𮑋
𮑌
𮑑
𮑖
𮔔
𮔗
𮔘
𮔙
𮔛
𮔝
𮔟
𮔦
𮖐
𮖑
𮖒
𮖕
𮖗
𮖘
𮖙
𮖝
𮖞
𮖡
𮖦
𮗄
𮗆
𮗒
𮗓
𮗔
𮗰
𮘏
𮘐
𮘑
𮘒
𮘓
𮘕
𮘖
𮙊
𮙎
𮙓
𮙔
𮙪
𮚅
𮚆
𮚇
𮚈
𮚉
𮚊
𮚺
𮚻
𮛙
𮛚
𮛛
𮛜
𮛝
𮛞
𮛟
𮜶
𮜷
𮜸
𮜹
𮝒
𮝓
𮝻
𮞳
𮞽
𮞾
𮞿
𮟀
𮟁
𮟂
𮟃
𮟄
𮟅
𮟆
𮟇
𮟈
𮟋
𮠆
𮠫
𮠬
𮠭
𮠯
𮡗
𮡘
𮡱
𮡲
𮡴
𮡵
𮡶
𮡷
𮡻
𮡾
𮣾
𮣿
𮤀
𮤎
𮤏
𮥃
𮥝
𮥞
𮥟
𮦎
𮦏
𮧇
𮧊
𮧋
𮧕
𮧖
𮧗
𮧸
𮨃
𮨄
𮨅
𮨆
𮨨
𮨹
𮨺
𮨼
𮩠
𮩷
𮩹
𮪧
𮪨
𮪸
𮪽
𮪾
𮪿
𮫝
𮫰
𮬜
𮬝
𮬦
𮬧
𮬨
𮬩
𮬪
𮭲
𮮡
𮮣
𮮱
𮮺
𮮻
𮮾
𮯳
𮰂
𮰈
𮰩
𮰪
𮰫
𮰬
𮱓
𮱔
𮱕
𮱖
𮱗
𮲎
𮲦
𮲧
𮲨
𮳐
𮳑
𮳒
𮳴
𮳵
𮴩
𮴪
𮴫
𮴼
𮵔
𮵕
𮵖
𮵗
𮵝
𮵞
𮵤
𮵴
𮵵
𮵶
𮵺
𮵻
𮶬
𮶭
𮷊
𮷐
𮷑
𮷝
𮷥
𮷦
𮸔
𮸕
𮸖
𮸗
𮸘
𮸪
𮸭
𮸵
𮹁
𮹎
像
圗
嬈
寧
嵼
𪎒
慺
憎
㨮
㬈
暜
榣
歲
𣫺
犕
瑱
𤾡
𥛅
福
穀
𥥼
䈂
𥮫
絣
聠
𦖨
𦞧
𦞵
䑫
䔫
蓱
蔖
蛢
誠
鋗
開
雃
頋
𩖶
駂
䯎
鼻
𰀛
𰀜
𰁎
𰁚
𰂭
𰂮
𰂯
𰂰
𰂱
𰂲
𰃑
𰃒
𰄋
𰄌
𰄖
𰄾
𰄿
𰅀
𰅁
𰅂
𰅖
𰅗
𰅠
𰅽
𰅾
𰆨
𰆩
𰇅
𰈟
𰈠
𰈡
𰈢
𰈣
𰈤
𰈥
𰈦
𰈧
𰈨
𰉓
𰊙
𰊚
𰊛
𰊜
𰊝
𰊞
𰊟
𰊠
𰊡
𰊢
𰊣
𰊤
𰊥
𰋋
𰋌
𰋔
𰋕
𰋯
𰋰
𰌕
𰌯
𰍘
𰍙
𰍚
𰍥
𰎂
𰎱
𰎲
𰎳
𰎴
𰏅
𰏞
𰏬
𰏭
𰏿
𰐀
𰐁
𰐑
𰐟
𰐷
𰑼
𰒁
𰒃
𰒄
𰒅
𰒆
𰒇
𰒈
𰒉
𰒯
𰔕
𰔙
𰔠
𰔡
𰔢
𰔣
𰔤
𰔥
𰕑
𰕛
𰕡
𰕯
𰖛
𰖜
𰖝
𰖞
𰖟
𰖠
𰗁
𰗋
𰘇
𰘈
𰘉
𰘊
𰘋
𰘌
𰘍
𰘎
𰘏
𰘐
𰘑
𰘒
𰘓
𰘔
𰘕
𰙖
𰙗
𰙴
𰙵
𰚧
𰚨
𰚩
𰚪
𰚫
𰚬
𰚭
𰚮
𰜱
𰜲
𰜳
𰜴
𰜵
𰜶
𰜷
𰜸
𰜹
𰜺
𰜻
𰜼
𰜽
𰜾
𰜿
𰝀
𰝁
𰝂
𰟇
𰟈
𰟉
𰟊
𰟋
𰟌
𰟍
𰟎
𰟏
𰠹
𰠺
𰡢
𰡣
𰡤
𰡥
𰢉
𰢥
𰢦
𰢯
𰣍
𰣎
𰣵
𰣶
𰣷
𰣸
𰣹
𰤯
𰤽
𰤾
𰤿
𰥵
𰥶
𰥷
𰦚
𰧋
𰧌
𰧍
𰧎
𰧏
𰧐
𰨊
𰨋
𰨌
𰨍
𰨰
𰩓
𰩔
𰩕
𰩥
𰩦
𰩧
𰩨
𰩿
𰪀
𰪁
𰪂
𰪃
𰪄
𰪾
𰪿
𰫀
𰫁
𰫩
𰫪
𰫫
𰫬
𰫭
𰬵
𰬶
𰭄
𰭒
𰭓
𰭤
𰭭
𰭮
𰮫
𰮮
𰯁
𰯂
𰯃
𰯄
𰯅
𰯇
𰯈
𰯉
𰯊
𰯲
𰯳
𰯸
𰯹
𰰆
𰰎
𰱫
𰱬
𰱭
𰱮
𰱯
𰱰
𰱱
𰲤
𰲥
𰲦
𰲿
𰳀
𰳁
𰳂
𰳃
𰳄
𰳅
𰳆
𰳇
𰳈
𰳉
𰳮
𰴁
𰴂
𰴋
𰴑
𰴛
𰴤
𰴥
𰴹
𰴺
𰴻
𰶄
𰶅
𰶆
𰶇
𰶈
𰶜
𰷅
𰷨
𰷩
𰷪
𰸐
𰸑
𰸒
𰸓
𰹒
𰺖
𰺗
𰺼
𰻉
𰻊
𰻋
𰻌
𰻍
𰻹
𰻺
𰻻
𰼇
𰼈
𰼉
𰼧
𰼨
𰼩
𰼪
𰼫
𰼬
𰾔
𰾕
𰾖
𰾗
𰾘
𰾙
𰾚
𰾛
𰾜
𰾝
𰾞
𰾟
𰾠
𰾡
𰾢
𰾣
𰾤
𰾥
𰾦
𰿍
𰿎
𰿐
𰿟
𰿹
𰿺
𱀬
𱀭
𱀯
𱀰
𱁳
𱂁
𱂍
𱂭
𱂮
𱂯
𱂰
𱂽
𱂾
𱂿
𱃥
𱃦
𱃧
𱄌
𱄒
𱅦
𱅧
𱅨
𱅩
𱆗
𱆘
𱆤
𱇥
𱇦
𱇧
𱇨
𱇩
𱇪
𱇫
𱊏
𱊐
𱊑
𱊒
𱊓
𱊔
𱊕
𱊖
𱊗
𱊘
𱊻
𱋖
𱋗
𱋘
𱌃
𱌰
𱌱
𱌲
𱌳
𱍥
𱍿
𱎏
𱎗
𱏌
𱏍
𱏎
𱏏
𱏐
𱏑
𱏒
𱏓
𱏪
𱏫
𱏬
𱏼
𱏾
𱐌
𱐤
𱐽
𱐾
𱐿
𱑀
𱑅
𱑛
𱑫
𱔄
𱔅
𱔆
𱔇
𱔈
𱔉
𱔊
𱔋
𱔌
𱔍
𱔎
𱔏
𱔐
𱔑
𱔒
𱔓
𱔔
𱔕
𱔖
𱖅
𱗪
𱗫
𱗬
𱗭
𱗮
𱗯
𱗰
𱗱
𱗲
𱗳
𱘨
𱘹
𱘺
𱘻
𱙧
𱙨
𱙩
𱙪
𱙫
𱙬
𱚑
𱚨
𱚾
𱜅
𱜆
𱜇
𱜈
𱜉
𱜊
𱜋
𱜌
𱜚
𱜟
𱜳
𱜴
𱝇
𱝈
𱝉
𱝥
𱝦
𱞼
𱟁
𱟂
𱟃
𱟄
𱟝
𱟞
𱟣
𱠡
𱠥
𱠩
𱠪
𱠫
𱠬
𱠭
𱠮
𱠯
𱠰
𱡭
𱢙
𱢚
𱢛
𱢜
𱢝
𱢞
𱢟
𱢠
𱢵
𱣽
𱣾
𱣿
𱤀
𱤁
𱤂
𱤃
𱤄
𱤅
𱤆
𱤇
𱤹
𱥤
𱧙
𱨋
𱨌
𱨍
𱨎
𱨏
𱨐
𱨑
𱨒
𱨓
𱨔
𱨕
𱨖
𱨗
𱨘
𱨙
𱨚
𱨛
𱨜
𱨝
𱨞
𱨟
𱨠
𱨡
𱨢
𱨣
𱨤
𱨥
𱫯
𱫰
𱫱
𱫲
𱫳
𱫴
𱫵
𱫶
𱫷
𱫸
𱫹
𱫺
𱫻
𱫼
𱭟
𱮙
𱮚
𱮛
𱮜
𱮝
𱮞
𱮟
𱮠
𱯍
𱯎
𱯐
𱯒
𱯓
𱯔
𱯕
𱯖
𱯗
𱯙
𱯚
𱯛
𱰆
𱰺
𱰻
𱰼
𱱘
𱱙
𱱚
𱱛
𱱜
𱲅
𱳃
𱳄
𱳢
𱴘
𱴙
𱴚
𱴛
𱴜
𱴝
𱴞
𱴟
𱴠
𱴡
𱴢
𱴣
𱵜
𱵝
𱵞
𱵟
𱵠
𱶓
𱶔
𱶕
𱶖
𱶗
𱶘
𱶙
𱶚
𱷋
𱷌
𱷍
𱷎
𱷬
𱸀
𱸁
𱸂
𱸃
𱸄
𱸅
𱸆
𱸇
𱸈
𱸉
𱸊
𱸋
𱸌
𱹊
𱹋
𱹌
𱹶
𱹷
𱹸
𱹹
𱺪
𱺫
𱺲
𱻏
𱻐
𱻛
𱻜
𱻴
𱻻
𱻼
𱼓
𱼨
𱼻
𱾀
𱾁
𱾂
𱾃
𱾅
𱾆
𱾇
𱾈
𱾉
𱾊
𱾋
𱾌
𱾍
𱾙
𱿨
𱿩
𱿪
𱿫
𱿬
𱿭
𱿮
𲀟
𲀠
𲀴
𲀵
𲀶
𲀷
𲁙
𲁜
𲁝
𲂘
𲂙
𲃆
𲃍
𲃎
𲃧
𲃨
𲃩
𲃪
𲄠
𲄡
𲄢
𲅊
𲅬
𲅭
𲆚
𲆭
𲆮
𲆯
𲇀
𲇂
𲇆
𲇊
𲇋
𲇌
𲇍
𲈋
𲈌
𲈍
𲈎
𲈏
𲈐
𲈑
𲈪
𲉆
𲉚
𲉛
𲉞
𲉟
𲉠
𲉫
𲉵
𲉶
𲉷
𲊖
𲊜
𲊝
𲊪
𲊫
𲊬
𲋖
𲋘
𲋬
𲋳
𲋴
𲌌
𲍎
𲍏
𲍐
𲍑
𲍚
𲎀
𲎕
𲎨