㐥
㒙
㒚
㒛
㒜
㔋
㔌
㔍
㗻
㗼
㗽
㗾
㗿
㘀
㘁
㘂
㘃
㘄
㙰
㙱
㙲
㙳
㙴
㙵
㙶
㚡
㜩
㜪
㜫
㜬
㜭
㝇
㠑
㠒
㠓
㠔
㠕
㠖
㠗
㡢
㡣
㡤
㡮
㢙
㢚
㢛
㢜
㢣
㣈
㣓
㣵
㣶
㦌
㦔
㦗
㦙
㩒
㩔
㩕
㩖
㩗
㩘
㩙
㪧
㪨
㪩
㪪
㬗
㬘
㬙
㬚
㬛
㬜
㬝
㬞
㬟
㬱
㬿
㯐
㯓
㯔
㯕
㯖
㯗
㯘
㯙
㯚
㯛
㯜
㯝
㯞
㯟
㯡
㯢
㯣
㯤
㯥
㯦
㯧
㯨
㯩
㱄
㱅
㱵
㱶
㱷
㲆
㲇
㲈
㲪
㲫
㲬
㲭
㲮
㲷
㵘
㵝
㵞
㵟
㵠
㵡
㵢
㵣
㵤
㵥
㵦
㵧
㵩
㵪
㵫
㵬
㵭
㵮
㷳
㷴
㷵
㷶
㷷
㷸
㷹
㷺
㷻
㷼
㷽
㹑
㹒
㹓
㺚
㺛
㺜
㻵
㻶
㻷
㻸
㻻
㻼
㼻
㼼
㼽
㼾
㽔
㽩
㿂
㿃
㿄
㿅
㿆
㿇
㿈
㿦
㿸
䀇
䀈
䁢
䁣
䁤
䁥
䁦
䁧
䁨
䁩
䁪
䃘
䃙
䃚
䃛
䃜
䃝
䃞
䃠
䄚
䄛
䄜
䄝
䄞
䅷
䅸
䅹
䅺
䅻
䅼
䅽
䆯
䆰
䆱
䆲
䆳
䆴
䇒
䈪
䈫
䈬
䈭
䈮
䈯
䈰
䈱
䈲
䈳
䈴
䈵
䈶
䈷
䊚
䊛
䌅
䌆
䌇
䌈
䌉
䌊
䌋
䍀
䍍
䍠
䍡
䍸
䍹
䎔
䎕
䏁
䏂
䏃
䐡
䐵
䐶
䐷
䐸
䐹
䐺
䐻
䐼
䐽
䑘
䑞
䑼
䑽
䑾
䒌
䒍
䔝
䔭
䔮
䔯
䔰
䔱
䔲
䔳
䔴
䔵
䔶
䔷
䔸
䔹
䔺
䔻
䔽
䔾
䔿
䕀
䕁
䕃
䕅
䖘
䗗
䗘
䗙
䗚
䗛
䗜
䗝
䗞
䘗
䘘
䙎
䙏
䙐
䙑
䙒
䙓
䚆
䚇
䚈
䚉
䚡
䚢
䚣
䚤
䛹
䛺
䛻
䛼
䛽
䜻
䜼
䜽
䜾
䜿
䝍
䝎
䝟
䞀
䞁
䞂
䞃
䞄
䞏
䞐
䞹
䞺
䞻
䞼
䠍
䠎
䠏
䠐
䠑
䠒
䠓
䠔
䠕
䠖
䠼
䡠
䡡
䡢
䡣
䡤
䢪
䢫
䢬
䢭
䣡
䤀
䤁
䤂
䤃
䤄
䤅
䤆
䤇
䤈
䤳
䤴
䤵
䤶
䦠
䦡
䦢
䦣
䦤
䦥
䦦
䦧
䦨
䧧
䧨
䧪
䧾
䧿
䨀
䨚
䨛
䨜
䨝
䩈
䩉
䩠
䩡
䩢
䩣
䩤
䩥
䩦
䩧
䪔
䪫
䪬
䫃
䫄
䫅
䫆
䫇
䫈
䫉
䫊
䬆
䬇
䬈
䬉
䬊
䬼
䬽
䬾
䬿
䭀
䭁
䭂
䮆
䮇
䮈
䮉
䮊
䮋
䮌
䮍
䯃
䯏
䯐
䯑
䯒
䯓
䯔
䯷
䯸
䰜
䰢
䰣
䰿
䱀
䱁
䱂
䱃
䱄
䱅
䱆
䱇
䱈
䱉
䲞
䲟
䲹
䲺
䲻
䲼
䲽
䲾
䲿
䳀
䳁
䳂
䳃
䳄
䳅
䳆
䳇
䳈
䳉
䳊
䴣
䴤
䴥
䴱
䴲
䴳
䴴
䵊
䵒
䵓
䵡
䵺
䶂
亸
儐
儑
儓
儗
儛
儜
儝
儞
儣
儫
兣
凞
劓
匴
噞
噟
噡
噣
噥
噦
噩
噭
噮
噯
噰
噱
噲
噳
噷
噹
噻
噼
嚃
嚄
圛
墼
墽
墿
壀
壂
壃
壄
壆
壈
壉
壋
壒
夁
奯
嬐
嬑
嬒
嬓
嬔
嬕
嬗
嬙
嬚
嬛
嬜
嬝
嬟
嬠
嬡
嬨
嬩
嬳
嬴
孹
嶦
嶧
嶨
嶩
嶪
嶫
嶭
嶰
嶳
嶵
嶶
幦
幧
幨
幪
幯
廥
廦
廧
廪
彇
彋
彛
徻
憌
憗
憝
憠
憥
憴
憷
憸
憹
憻
憼
憿
懀
懁
懄
懅
懎
懒
懓
懔
懙
懜
懞
戱
撉
撽
撿
擀
擃
擄
擈
擉
擋
擌
擎
擐
擓
擗
擙
擜
擝
擞
擭
擳
攳
敼
敽
敾
敿
斓
斴
旘
暺
暻
暽
暿
曀
曆
曈
曊
曋
曌
曍
曔
朆
朣
朤
朥
樨
樲
樳
樴
樷
樻
樼
樾
樿
橀
橁
橂
橃
橅
橆
橉
橊
橌
橍
橎
橏
橐
橑
橒
橓
橔
橕
橖
橛
橜
橝
橞
橠
橣
橤
橧
橨
橩
橪
橫
橬
橭
橮
橯
橰
橱
橳
橴
橵
橶
橷
橹
橺
橻
橼
橽
檃
檇
檖
檙
檝
檤
檧
檨
歕
歖
歘
歚
歷
殧
殨
殩
毇
毈
氃
氄
氅
氆
氇
潚
潞
澃
澞
澟
澠
澢
澥
澦
澧
澨
澬
澭
澮
澯
澰
澲
澴
澵
澶
澷
澸
澺
澼
澽
澿
濅
濇
濉
濊
濋
濏
濑
濒
濓
濖
濗
濨
濩
濭
濸
瀄
熶
熷
熸
熺
熻
燀
燂
燄
燅
燆
燇
燊
燋
燌
燍
燏
燑
燓
燖
燘
燙
燚
燛
燜
燝
燞
燤
燪
犜
犝
犞
犟
獥
獧
獩
獫
獬
獭
獴
瑿
璏
璑
璒
璔
璕
璘
璙
璚
璝
璟
璠
璣
璤
璥
璭
璲
甏
甐
甒
疀
疁
瘬
瘭
瘮
瘯
瘱
瘲
瘳
瘵
瘶
瘷
瘸
瘹
瘺
瘽
瘾
瘿
癀
癃
皟
皠
皡
皻
盦
瞔
瞕
瞖
瞗
瞘
瞚
瞛
瞜
瞟
瞡
瞣
磖
磛
磜
磞
磟
磠
磡
磢
磣
磥
磦
磩
磪
磫
磭
磮
磲
磺
禨
禫
禭
穄
穅
穇
穈
穋
穌
穑
穒
穓
穔
窵
窷
窸
窹
窻
窼
窽
竱
篔
篕
篖
篗
篘
篙
篚
篛
篜
篞
篟
篡
篢
篣
篧
篪
篫
篬
篮
篯
篰
篱
篴
篹
簉
糏
糐
糑
糓
糕
糗
糙
糚
縈
縍
縏
縐
縑
縓
縔
縕
縖
縗
縘
縚
縜
縝
縠
縤
縥
縧
縨
縪
縭
縸
缰
缱
缲
缳
缴
罃
罺
罻
羱
翮
翯
翱
翴
耩
耪
聬
聮
聱
膐
膙
膦
膧
膪
膫
膬
膭
膮
膯
膱
膲
膴
膶
膹
臇
臲
艕
艗
蓞
蕶
蕹
蕻
蕼
蕽
蕿
薂
薃
薅
薆
薉
薋
薍
薎
薏
薒
薓
薕
薚
薝
薞
薟
薠
薢
薣
薥
薧
薭
薳
薽
藇
虣
虤
虥
虦
螃
螄
螅
螇
螈
螉
螊
螌
螎
螏
螐
螑
螒
螓
螔
螕
螗
螘
螙
螚
螛
螜
螞
螠
螡
螣
螤
螥
螦
螧
螨
螩
螭
螴
螶
衟
衠
褧
褩
褭
褮
褰
褱
褷
褹
褾
褿
襀
襂
襐
襒
襔
覨
觱
諝
諟
諥
諨
諪
諬
諯
諰
諲
諴
諵
諶
諹
諻
諼
諽
諿
謃
謉
謊
謏
豭
豮
豱
貐
貑
貒
賮
賯
賰
賱
賲
賳
賴
賵
赝
赞
赟
赠
赬
赮
趥
趦
趧
踱
踲
踳
踶
踸
踹
踼
踽
踾
踿
蹀
蹁
蹅
蹆
躽
輭
輮
輰
輱
輲
輴
輵
輶
輷
輺
輼
辙
辚
辥
辦
辩
辪
遾
邅
郺
鄹
鄺
醎
醑
醓
醔
醕
醖
醙
醚
醛
醝
鋷
鋹
鋻
鋽
鋾
鋿
錀
錁
錂
錃
錄
錅
錇
錈
錉
錊
錋
錌
錍
錎
錑
錔
錕
錖
錗
錛
錜
錝
錞
錟
錡
錤
錥
錧
錩
錪
錭
錰
錱
錳
錴
錶
錷
錸
錹
錼
錽
錾
錿
鍀
鍁
鍂
鍃
鍅
鍆
鍈
鍣
鍩
鍺
鎁
鎯
镖
镗
镘
镙
镚
镛
镜
镝
镞
镟
镠
閵
閶
閷
閸
閺
閽
閿
闁
闂
阛
隬
隭
隮
隯
雔
霋
霌
霐
霒
霔
霕
霗
靛
鞓
鞔
鞕
鞖
鞙
韒
韰
韸
頥
頮
頯
頱
頳
頵
頶
頹
頺
颞
颟
颠
颡
颴
颵
飙
飚
餚
餛
餜
餟
餢
餣
餦
餧
餩
餴
馞
馟
馠
駡
駣
駤
駥
駦
駧
駨
駩
駪
駫
駬
駯
駰
駳
骽
骾
髵
髶
髸
髹
髺
鬇
鬳
魈
魉
魺
魻
魼
魽
魾
魿
鮀
鮁
鮂
鮄
鮅
鮇
鮈
鮉
鮊
鮋
鮌
鮍
鮏
鮐
鮕
鮘
鮣
鲭
鲮
鲯
鲰
鲱
鲲
鲳
鲴
鲵
鲶
鲷
鲸
鲹
鲺
鲻
鴊
鴏
鴐
鴑
鴓
鴖
鴗
鴘
鴙
鴚
鴝
鴞
鴠
鴡
鴢
鴤
鴥
鴧
鴩
鴱
鵖
鹥
鹦
鹧
鹨
鹷
鹾
麅
麆
麇
麬
麮
黇
黈
黉
黕
黖
黗
黺
鼼
鼽
齓
龧
龬
龳
鿚
鿫
鿯
龜
龜
駱
擄
盧
錄
勵
曆
歷
燎
龍
罹
燐
璘
糖
輻
﨟
諸
﨨
隷
器
縉
謁
頻
舘
冀
墳
蝹
襁
諾
諭
謹
輸
醙
鉶
𠁕
𠁗
𠁘
𠁙
𠁚
𠁛
𠁝
𠂅
𠄝
𠆋
𠆌
𠆍
𠆎
𠆏
𠆐
𠆑
𠆒
𠆓
𠆔
𠆕
𠆖
𠆗
𠆘
𠏒
𠏨
𠏩
𠏪
𠏫
𠏬
𠏭
𠏮
𠏯
𠏰
𠏱
𠏲
𠏳
𠏴
𠏵
𠏶
𠏷
𠏸
𠏹
𠏺
𠏻
𠏼
𠏽
𠏾
𠏿
𠐀
𠐁
𠐂
𠐃
𠐄
𠐅
𠐆
𠐇
𠒳
𠒸
𠒹
𠒺
𠒻
𠒼
𠒽
𠒾
𠓼
𠔳
𠔴
𠔵
𠕭
𠕮
𠖠
𠖡
𠘒
𠘔
𠘕
𠙭
𠙮
𠙯
𠙰
𠚝
𠟺
𠟻
𠟼
𠟽
𠟾
𠟿
𠠀
𠠁
𠠂
𠠃
𠠄
𠠅
𠠆
𠠇
𠠈
𠠉
𠠊
𠠋
𠢶
𠢷
𠢸
𠤄
𠤅
𠤆
𠤇
𠥢
𠥣
𠪺
𠪻
𠪼
𠪽
𠪾
𠬓
𠮇
𠮈
𠮉
𠮊
𠮋
𠮌
𠿇
𠿈
𠿉
𠿊
𠿋
𠿌
𠿍
𠿎
𠿏
𠿐
𠿑
𠿒
𠿓
𠿔
𠿕
𠿖
𠿗
𠿘
𠿙
𠿚
𠿛
𠿜
𠿝
𠿞
𠿟
𠿠
𠿡
𠿢
𠿣
𠿤
𠿥
𠿦
𠿧
𠿨
𠿩
𠿪
𠿫
𠿬
𠿭
𠿮
𠿯
𠿰
𠿱
𠿲
𠿳
𠿴
𠿵
𠿶
𠿷
𠿸
𠿹
𠿺
𠿻
𠿼
𠿽
𠿾
𠿿
𡀀
𡀁
𡀂
𡀃
𡀄
𡀅
𡀆
𡀇
𡀈
𡀉
𡀊
𡀋
𡀌
𡀍
𡀎
𡀏
𡀐
𡀑
𡀒
𡀓
𡀕
𡀖
𡀗
𡀘
𡀙
𡀚
𡀛
𡀜
𡀝
𡀞
𡀟
𡀠
𡀡
𡀢
𡀣
𡀤
𡀥
𡀧
𡀨
𡀩
𡀪
𡀫
𡀬
𡀭
𡀮
𡀯
𡀰
𡀱
𡀲
𡀳
𡀴
𡀵
𡀶
𡀷
𡀸
𡀹
𡀺
𡀻
𡀼
𡈥
𡈪
𡈫
𡈬
𡑞
𡑟
𡑠
𡑡
𡑢
𡑣
𡑤
𡑥
𡑦
𡑧
𡑨
𡑩
𡑪
𡑫
𡑬
𡑭
𡑮
𡑯
𡑰
𡑱
𡑲
𡑳
𡑴
𡑵
𡑶
𡑷
𡑸
𡑹
𡑺
𡑻
𡑼
𡑽
𡑾
𡑿
𡒀
𡒁
𡒂
𡒃
𡒄
𡒅
𡒆
𡒇
𡒈
𡔾
𡔿
𡕀
𡕸
𡕹
𡕺
𡗂
𡗃
𡗄
𡗅
𡚆
𡚇
𡚈
𡚉
𡚊
𡚋
𡚌
𡚍
𡚎
𡢎
𡢑
𡢒
𡢓
𡢔
𡢕
𡢖
𡢗
𡢘
𡢙
𡢚
𡢛
𡢜
𡢝
𡢞
𡢟
𡢠
𡢡
𡢢
𡢣
𡢤
𡢥
𡢦
𡢧
𡢨
𡢩
𡢪
𡢫
𡢬
𡢭
𡢮
𡢯
𡢰
𡢱
𡢲
𡢳
𡢴
𡢵
𡢶
𡢷
𡢸
𡢹
𡢺
𡢻
𡢼
𡢽
𡢾
𡢿
𡣀
𡣁
𡣂
𡣃
𡣄
𡦞
𡦟
𡦠
𡦡
𡦢
𡦣
𡦤
𡦥
𡦦
𡦧
𡦨
𡪾
𡪿
𡫀
𡫁
𡫂
𡫃
𡫄
𡫅
𡫆
𡫇
𡫈
𡫉
𡫊
𡫋
𡫌
𡫍
𡫎
𡫏
𡫐
𡭊
𡭋
𡭌
𡮰
𡮱
𡮲
𡮳
𡰖
𡰗
𡰘
𡰙
𡰚
𡳟
𡳠
𡳡
𡳢
𡳣
𡳤
𡳥
𡳦
𡳧
𡼽
𡼾
𡼿
𡽀
𡽁
𡽂
𡽃
𡽄
𡽅
𡽆
𡽇
𡽈
𡽊
𡽋
𡽌
𡽍
𡽎
𡽏
𡽐
𡽑
𡽒
𡽓
𡽔
𡽕
𡽖
𡽗
𡽘
𡽙
𡽚
𡽛
𢀄
𢀅
𢀆
𢀬
𢁍
𢁏
𢅍
𢅎
𢅏
𢅐
𢅑
𢅒
𢅓
𢅔
𢅕
𢅖
𢅗
𢅘
𢅙
𢅚
𢅛
𢅜
𢅝
𢅞
𢆦
𢆧
𢆨
𢆩
𢋂
𢋃
𢋄
𢋅
𢋆
𢋇
𢋈
𢋉
𢋊
𢋋
𢋌
𢋍
𢋎
𢋏
𢋐
𢍮
𢍯
𢍰
𢍱
𢎓
𢐥
𢐦
𢐧
𢐨
𢐩
𢐪
𢐫
𢑯
𢑰
𢑱
𢒰
𢒱
𢒲
𢒳
𢕹
𢕺
𢕻
𢕼
𢕽
𢕾
𢕿
𢖀
𢖁
𢖂
𢖃
𢖄
𢖅
𢖆
𢖇
𢢒
𢢓
𢢔
𢢕
𢢖
𢢗
𢢘
𢢙
𢢚
𢢛
𢢜
𢢝
𢢞
𢢟
𢢠
𢢡
𢢢
𢢣
𢢤
𢢥
𢢦
𢢧
𢢨
𢢩
𢢪
𢢫
𢢬
𢢭
𢢮
𢢯
𢢰
𢢱
𢢲
𢢳
𢢴
𢢵
𢢶
𢢷
𢢸
𢢹
𢢺
𢢻
𢢼
𢢽
𢢾
𢢿
𢣀
𢣁
𢣂
𢣃
𢣄
𢣅
𢣆
𢣇
𢣈
𢣉
𢣊
𢣋
𢣌
𢣍
𢨇
𢨈
𢨉
𢨊
𢨋
𢨌
𢨍
𢨎
𢨏
𢨐
𢨑
𢨒
𢩟
𢵿
𢶀
𢶁
𢶂
𢶃
𢶄
𢶅
𢶆
𢶇
𢶈
𢶉
𢶊
𢶋
𢶌
𢶍
𢶎
𢶏
𢶐
𢶑
𢶒
𢶓
𢶔
𢶕
𢶖
𢶗
𢶘
𢶙
𢶚
𢶛
𢶜
𢶝
𢶞
𢶟
𢶠
𢶡
𢶢
𢶣
𢶤
𢶥
𢶦
𢶧
𢶨
𢶩
𢶪
𢶫
𢶬
𢶭
𢶮
𢶯
𢶰
𢶱
𢶲
𢶳
𢶴
𢶵
𢶶
𢶷
𢶸
𢶹
𢶺
𢶻
𢶼
𢶽
𢶾
𢶿
𢷀
𢷁
𢷂
𢷃
𢷄
𢷆
𢷇
𢷈
𢷉
𢷊
𢻠
𢻡
𢻢
𢻣
𢻤
𢿞
𢿟
𢿠
𢿡
𢿢
𢿣
𢿤
𢿥
𢿦
𢿧
𢿨
𢿩
𢿪
𢿫
𢿬
𢿭
𢿮
𢿯
𢿰
𢿱
𢿲
𢿳
𢿴
𢿵
𢿶
𢿷
𢿸
𢿹
𢿺
𢿻
𢿼
𢿽
𣁢
𣁣
𣃀
𣃁
𣃂
𣃃
𣃄
𣃅
𣃆
𣄗
𣄘
𣄙
𣄚
𣄛
𣄜
𣄺
𣊉
𣊞
𣊟
𣊠
𣊡
𣊢
𣊣
𣊤
𣊥
𣊦
𣊧
𣊨
𣊩
𣊪
𣊫
𣊬
𣊭
𣊮
𣊯
𣊰
𣊱
𣊲
𣊳
𣊴
𣊵
𣊶
𣊷
𣊸
𣊹
𣊺
𣊻
𣊼
𣊽
𣊾
𣊿
𣋀
𣋁
𣋂
𣋃
𣋄
𣋅
𣋆
𣋈
𣍋
𣍌
𣍍
𣍎
𣎚
𣎛
𣎝
𣎞
𣎟
𣎠
𣎡
𣎢
𣙒
𣙻
𣙼
𣙽
𣙾
𣙿
𣚀
𣚁
𣚂
𣚃
𣚄
𣚅
𣚆
𣚇
𣚈
𣚉
𣚊
𣚋
𣚌
𣚍
𣚎
𣚏
𣚐
𣚑
𣚒
𣚓
𣚔
𣚕
𣚖
𣚗
𣚘
𣚙
𣚚
𣚛
𣚜
𣚝
𣚞
𣚟
𣚠
𣚡
𣚢
𣚣
𣚤
𣚥
𣚦
𣚧
𣚨
𣚩
𣚪
𣚫
𣚬
𣚭
𣚮
𣚯
𣚰
𣚱
𣚲
𣚳
𣚴
𣚵
𣚶
𣚷
𣚸
𣚹
𣚺
𣚻
𣚼
𣚽
𣚾
𣚿
𣛀
𣛁
𣛂
𣛃
𣛄
𣛅
𣛆
𣛇
𣛈
𣛉
𣛊
𣛋
𣛌
𣛍
𣛎
𣛏
𣛐
𣛑
𣛒
𣛓
𣛔
𣛕
𣛖
𣛗
𣛘
𣛙
𣛚
𣛛
𣛜
𣛝
𣛞
𣛟
𣛠
𣛡
𣛢
𣛣
𣛤
𣛥
𣛦
𣛧
𣛨
𣛩
𣛪
𣛫
𣛬
𣛭
𣛮
𣜢
𣤘
𣤙
𣤚
𣤛
𣤜
𣤝
𣤞
𣤟
𣦜
𣦝
𣦞
𣦟
𣦠
𣩝
𣩞
𣩟
𣩠
𣩡
𣩢
𣩣
𣩤
𣩥
𣩦
𣩧
𣪻
𣪼
𣪽
𣪾
𣪿
𣫀
𣫁
𣫂
𣫃
𣫄
𣫅
𣫆
𣫇
𣫈
𣫉
𣫊
𣫋
𣫽
𣫾
𣬓
𣬔
𣯸
𣯹
𣯺
𣯻
𣯼
𣯽
𣯾
𣯿
𣰀
𣰁
𣰂
𣰃
𣰄
𣰅
𣰆
𣰇
𣰈
𣰉
𣱑
𣾩
𣿅
𣿆
𣿇
𣿈
𣿉
𣿊
𣿋
𣿌
𣿍
𣿎
𣿏
𣿐
𣿑
𣿒
𣿓
𣿔
𣿕
𣿖
𣿗
𣿘
𣿙
𣿚
𣿛
𣿜
𣿝
𣿞
𣿟
𣿠
𣿡
𣿢
𣿣
𣿤
𣿥
𣿦
𣿧
𣿨
𣿩
𣿪
𣿫
𣿬
𣿭
𣿮
𣿯
𣿰
𣿱
𣿲
𣿳
𣿴
𣿵
𣿶
𣿷
𣿸
𣿹
𣿺
𣿻
𣿼
𣿽
𣿾
𣿿
𤀀
𤀁
𤀂
𤀃
𤀄
𤀅
𤀆
𤀇
𤀈
𤀉
𤀊
𤀋
𤀌
𤀍
𤀎
𤀏
𤀐
𤀑
𤀒
𤀓
𤀔
𤀕
𤀖
𤀗
𤀘
𤀙
𤀚
𤀛
𤀜
𤀝
𤀞
𤀟
𤀠
𤀡
𤀢
𤍩
𤎝
𤎞
𤎟
𤎠
𤎡
𤎢
𤎣
𤎤
𤎥
𤎦
𤎧
𤎨
𤎩
𤎪
𤎫
𤎬
𤎭
𤎮
𤎯
𤎰
𤎱
𤎲
𤎳
𤎴
𤎵
𤎶
𤎷
𤎸
𤎹
𤎺
𤎻
𤎼
𤎽
𤎾
𤎿
𤏀
𤏁
𤏂
𤏃
𤏄
𤏅
𤏆
𤏇
𤏈
𤏉
𤏊
𤏋
𤏌
𤏍
𤏎
𤏏
𤏐
𤏑
𤏒
𤏓
𤏔
𤏕
𤏖
𤏗
𤏘
𤏙
𤏚
𤏛
𤏜
𤏝
𤏞
𤏟
𤏠
𤏡
𤏢
𤏣
𤏤
𤏥
𤏦
𤏧
𤏨
𤏩
𤏪
𤏫
𤏬
𤏭
𤏮
𤏯
𤏰
𤏱
𤏲
𤏳
𤏴
𤔮
𤔯
𤔰
𤔱
𤕛
𤕩
𤖖
𤖗
𤖘
𤖙
𤖚
𤖛
𤗳
𤗴
𤗵
𤗶
𤗷
𤗸
𤗹
𤛡
𤛢
𤛣
𤛤
𤛥
𤛦
𤛧
𤛨
𤛩
𤛪
𤛫
𤛬
𤛭
𤛮
𤢌
𤢍
𤢎
𤢏
𤢐
𤢑
𤢒
𤢓
𤢔
𤢕
𤢖
𤢗
𤢘
𤢙
𤢚
𤢛
𤢜
𤢝
𤢞
𤢟
𤢠
𤢡
𤢢
𤢣
𤢤
𤢥
𤩀
𤩂
𤩃
𤩄
𤩅
𤩆
𤩇
𤩈
𤩉
𤩊
𤩋
𤩌
𤩍
𤩎
𤩏
𤩐
𤩑
𤩒
𤩓
𤩔
𤩕
𤩖
𤩗
𤩘
𤩙
𤩚
𤩛
𤩜
𤩝
𤩞
𤩟
𤩠
𤩡
𤩢
𤩣
𤩤
𤩥
𤩦
𤩧
𤩨
𤩩
𤩪
𤬎
𤬏
𤬖
𤮅
𤮆
𤮇
𤮈
𤮉
𤮊
𤮋
𤮌
𤮍
𤯋
𤯌
𤯶
𤳈
𤳉
𤳊
𤳋
𤳌
𤳍
𤳎
𤳏
𤳐
𤳑
𤴟
𤴠
𤴡
𤴢
𤹝
𤹞
𤹟
𤹠
𤹡
𤹢
𤹣
𤹤
𤹥
𤹦
𤹧
𤹨
𤹩
𤹪
𤹫
𤹬
𤹭
𤹮
𤹯
𤹰
𤹱
𤹲
𤹳
𤹴
𤹵
𤹶
𤹷
𤹸
𤹹
𤹺
𤹻
𤹼
𤹽
𤹾
𤹿
𤺀
𤺁
𤺂
𤺞
𤼹
𤼺
𤼼
𤾛
𤾜
𤾝
𤾞
𤾟
𥀔
𥀕
𥀖
𥀗
𥀘
𥀙
𥀚
𥀛
𥀜
𥀝
𥀞
𥂓
𥂔
𥂕
𥂖
𥂗
𥂘
𥂙
𥂚
𥂛
𥂜
𥂝
𥂞
𥂟
𥂠
𥂡
𥂢
𥂣
𥂤
𥉴
𥉵
𥉶
𥉷
𥉸
𥉹
𥉺
𥉻
𥉼
𥉽
𥉾
𥉿
𥊀
𥊁
𥊂
𥊃
𥊄
𥊅
𥊆
𥊈
𥊉
𥊊
𥊋
𥊌
𥊍
𥊎
𥊏
𥊐
𥊑
𥊒
𥊓
𥊔
𥊕
𥊖
𥊗
𥊘
𥊙
𥊚
𥊛
𥊜
𥊝
𥊞
𥊟
𥊠
𥊡
𥊢
𥊣
𥊤
𥊥
𥊦
𥊧
𥊨
𥊩
𥋖
𥎊
𥎋
𥎌
𥎍
𥏻
𥏼
𥏽
𥏾
𥏿
𥕌
𥕍
𥕎
𥕏
𥕐
𥕑
𥕒
𥕓
𥕔
𥕕
𥕖
𥕗
𥕘
𥕙
𥕚
𥕛
𥕜
𥕝
𥕞
𥕟
𥕠
𥕡
𥕢
𥕣
𥕤
𥕥
𥕦
𥕧
𥕨
𥕩
𥕪
𥕫
𥕬
𥕭
𥕮
𥕯
𥛮
𥛯
𥛰
𥛱
𥛲
𥛳
𥛴
𥛵
𥛶
𥛷
𥛸
𥛹
𥛺
𥛻
𥛼
𥛽
𥛾
𥛿
𥜀
𥜁
𥜂
𥡜
𥡝
𥡞
𥡟
𥡠
𥡡
𥡢
𥡣
𥡤
𥡥
𥡦
𥡧
𥡨
𥡩
𥡪
𥡫
𥡬
𥡭
𥡮
𥡯
𥡰
𥡱
𥡲
𥡳
𥡴
𥡵
𥡶
𥡷
𥡸
𥡹
𥡺
𥡻
𥡼
𥡽
𥡾
𥡿
𥢀
𥢁
𥢂
𥢃
𥢄
𥢅
𥢆
𥢇
𥢈
𥢉
𥧬
𥧭
𥧮
𥧯
𥧰
𥧱
𥧲
𥧳
𥧴
𥧵
𥧶
𥧷
𥧸
𥧹
𥧺
𥧻
𥧽
𥧾
𥧿
𥨀
𥨁
𥨂
𥨃
𥨄
𥨅
𥨆
𥨇
𥨈
𥨉
𥨊
𥨋
𥪭
𥪮
𥪰
𥪱
𥰘
𥰙
𥰚
𥰛
𥰜
𥰝
𥰞
𥰟
𥰠
𥰡
𥰢
𥰣
𥰤
𥰥
𥰦
𥰧
𥰨
𥰩
𥰪
𥰫
𥰬
𥰭
𥰮
𥰯
𥰰
𥰱
𥰲
𥰳
𥰴
𥰵
𥰶
𥰷
𥰸
𥰹
𥰺
𥰻
𥰼
𥰽
𥰾
𥰿
𥱀
𥱁
𥱂
𥱃
𥱄
𥱅
𥱆
𥱇
𥱈
𥱉
𥱊
𥱋
𥱌
𥱍
𥱎
𥱏
𥱐
𥱑
𥱒
𥱓
𥱔
𥱕
𥱖
𥱗
𥱘
𥱙
𥱚
𥱛
𥱜
𥱝
𥱞
𥱟
𥱠
𥱡
𥱢
𥱣
𥱤
𥱥
𥱦
𥱧
𥱨
𥱩
𥱪
𥱫
𥱬
𥱭
𥱮
𥱯
𥱰
𥱱
𥱲
𥱳
𥱴
𥻤
𥻥
𥻦
𥻧
𥻨
𥻩
𥻪
𥻫
𥻬
𥻭
𥻮
𥻯
𥻰
𥻱
𥻲
𥻳
𥻴
𥻵
𥻶
𥻷
𥻸
𥻹
𥻺
𥻻
𥻼
𥻽
𥻾
𦂧
𦃂
𦃃
𦃄
𦃅
𦃆
𦃇
𦃈
𦃉
𦃊
𦃋
𦃌
𦃍
𦃎
𦃏
𦃐
𦃑
𦃒
𦃓
𦃔
𦃕
𦃖
𦃗
𦃘
𦃙
𦃚
𦃛
𦃜
𦃝
𦃞
𦃟
𦃠
𦃡
𦃢
𦃣
𦃤
𦃥
𦃦
𦃧
𦃨
𦃩
𦃪
𦃫
𦃬
𦃭
𦃮
𦃯
𦃰
𦃱
𦃲
𦃳
𦃴
𦃵
𦃶
𦃷
𦃸
𦃹
𦃺
𦃻
𦃼
𦃽
𦃾
𦃿
𦄀
𦄁
𦄃
𦄄
𦄅
𦄆
𦄇
𦄈
𦈞
𦈟
𦉈
𦉉
𦉊
𦉋
𦉌
𦉍
𦉎
𦋽
𦋾
𦋿
𦌀
𦌁
𦌂
𦌃
𦌄
𦌅
𦌆
𦌇
𦌈
𦌉
𦌊
𦌋
𦌌
𦌍
𦌎
𦌏
𦌐
𦌑
𦎯
𦎰
𦎱
𦎲
𦎳
𦎴
𦎵
𦎶
𦑰
𦑱
𦑲
𦑳
𦑴
𦑵
𦑶
𦑷
𦑸
𦑹
𦑺
𦑼
𦑽
𦑾
𦑿
𦒀
𦒁
𦒂
𦒞
𦓆
𦓇
𦓝
𦓞
𦔋
𦔌
𦔍
𦔎
𦔏
𦔐
𦔑
𦔒
𦖼
𦖽
𦖾
𦖿
𦗀
𦗁
𦗂
𦗃
𦗄
𦗅
𦗆
𦗈
𦗉
𦗊
𦗋
𦗌
𦗍
𦗎
𦗏
𦘣
𦠃
𦠄
𦠅
𦠆
𦠇
𦠈
𦠉
𦠊
𦠋
𦠌
𦠍
𦠎
𦠏
𦠐
𦠑
𦠒
𦠓
𦠔
𦠕
𦠖
𦠗
𦠘
𦠙
𦠚
𦠛
𦠜
𦠝
𦠞
𦠟
𦠠
𦠡
𦠢
𦠣
𦠤
𦠥
𦠦
𦠧
𦠨
𦠩
𦠪
𦠫
𦠬
𦠭
𦠮
𦠯
𦠰
𦠱
𦠲
𦠳
𦠴
𦠵
𦠶
𦠷
𦠸
𦠹
𦠺
𦠻
𦠼
𦠽
𦡄
𦡗
𦡮
𦣪
𦤞
𦤟
𦤠
𦥉
𦥊
𦥋
𦥌
𦥍
𦦏
𦦐
𦦑
𦦒
𦦓
𦦕
𦦖
𦦗
𦧭
𦧮
𦧯
𦧰
𦩴
𦩵
𦩶
𦩷
𦩸
𦩹
𦩺
𦩻
𦩼
𦩽
𦩾
𦪀
𦪁
𦪂
𦪃
𦪄
𦪅
𦫪
𦫫
𦫬
𦫭
𦫮
𦸽
𦺆
𦺇
𦺈
𦺉
𦺊
𦺋
𦺌
𦺍
𦺎
𦺏
𦺐
𦺑
𦺒
𦺓
𦺔
𦺕
𦺖
𦺗
𦺘
𦺙
𦺚
𦺛
𦺜
𦺝
𦺞
𦺟
𦺠
𦺡
𦺢
𦺣
𦺤
𦺥
𦺦
𦺧
𦺨
𦺩
𦺪
𦺫
𦺬
𦺭
𦺮
𦺯
𦺰
𦺱
𦺲
𦺳
𦺴
𦺵
𦺶
𦺷
𦺸
𦺹
𦺺
𦺻
𦺼
𦺽
𦺾
𦺿
𦻀
𦻁
𦻂
𦻃
𦻄
𦻅
𦻆
𦻈
𦻉
𦻊
𦻋
𦻌
𦻍
𦻎
𦻏
𦻐
𦻑
𦻒
𦻓
𦻔
𦻕
𦻖
𦻗
𦻘
𦻙
𦻚
𦻛
𦻜
𦻝
𦻞
𦻟
𦻠
𦻡
𦻢
𦻣
𦻤
𦻥
𦻦
𦻧
𦻨
𦻩
𦻪
𦻫
𦻬
𦻭
𦻮
𦻯
𦻰
𦻱
𦻲
𦻳
𦻴
𦻵
𦻶
𦻷
𦻸
𦻹
𦻺
𦻻
𦻼
𦻽
𦻿
𦼀
𦼁
𦼂
𦼃
𦼄
𦼅
𦼆
𦼇
𦼈
𦼉
𦼊
𦼋
𦼌
𦼍
𦼎
𦼏
𦼐
𦼑
𦼒
𦼓
𦼔
𦼕
𦼖
𦼗
𦼘
𦼙
𦼚
𦼛
𦼜
𦼝
𦼞
𦼟
𦼠
𦼡
𦼢
𦼣
𦼤
𦼥
𦼦
𦼧
𦽭
𧇜
𧇝
𧇞
𧇟
𧇠
𧇡
𧇢
𧇣
𧇤
𧇥
𧇦
𧇧
𧇨
𧇩
𧇪
𧇫
𧇬
𧇭
𧇮
𧇯
𧇰
𧎡
𧎢
𧎣
𧎤
𧎥
𧎦
𧎧
𧎨
𧎩
𧎪
𧎫
𧎬
𧎭
𧎮
𧎯
𧎰
𧎱
𧎲
𧎳
𧎴
𧎵
𧎶
𧎷
𧎸
𧎹
𧎺
𧎻
𧎼
𧎽
𧎾
𧎿
𧏀
𧏁
𧏂
𧏃
𧏄
𧏅
𧏆
𧏈
𧏉
𧏊
𧏋
𧏌
𧏍
𧏎
𧏏
𧏐
𧏑
𧏒
𧏓
𧏔
𧏕
𧏖
𧏗
𧏘
𧏙
𧏚
𧏛
𧏜
𧏝
𧏞
𧏟
𧏠
𧏡
𧏢
𧏣
𧏤
𧏥
𧏦
𧏧
𧏨
𧏩
𧏪
𧏫
𧏬
𧏭
𧏮
𧏯
𧏰
𧏱
𧏲
𧏳
𧏴
𧏵
𧏶
𧏷
𧗆
𧗇
𧗈
𧗉
𧗊
𧗾
𧜝
𧜞
𧜟
𧜠
𧜡
𧜢
𧜣
𧜤
𧜥
𧜦
𧜧
𧜩
𧜪
𧜫
𧜬
𧜮
𧜯
𧜰
𧜱
𧜲
𧜳
𧜴
𧜵
𧜶
𧜷
𧜸
𧜹
𧜺
𧜻
𧜼
𧜽
𧜾
𧜿
𧝀
𧝁
𧟼
𧟽
𧟾
𧡡
𧡢
𧡣
𧡤
𧡥
𧡦
𧡧
𧡨
𧡩
𧡪
𧡫
𧡬
𧡭
𧡮
𧡯
𧡰
𧡱
𧡲
𧡳
𧡴
𧡵
𧡶
𧤋
𧤌
𧤍
𧤎
𧤏
𧤐
𧤑
𧤒
𧤓
𧤔
𧤕
𧤖
𧤗
𧤘
𧤙
𧤚
𧤢
𧩣
𧩤
𧩥
𧩦
𧩧
𧩨
𧩩
𧩪
𧩫
𧩬
𧩭
𧩮
𧩯
𧩰
𧩱
𧩲
𧩳
𧩴
𧩵
𧩶
𧩷
𧩸
𧩹
𧩺
𧩻
𧩼
𧩽
𧩾
𧩿
𧪀
𧪁
𧪂
𧪃
𧪄
𧪅
𧪆
𧪇
𧪈
𧪉
𧪊
𧪋
𧪌
𧪍
𧪎
𧪏
𧪐
𧪑
𧪒
𧪓
𧪔
𧪕
𧪖
𧪗
𧯀
𧯁
𧯂
𧯃
𧯄
𧯅
𧯷
𧯸
𧯹
𧯺
𧯻
𧱨
𧱩
𧱪
𧱫
𧱬
𧱭
𧱮
𧱯
𧱰
𧱱
𧳦
𧳧
𧳨
𧳩
𧳪
𧳫
𧳬
𧳭
𧳮
𧳯
𧳰
𧳲
𧳳
𧳴
𧶱
𧶲
𧶳
𧶴
𧶵
𧶶
𧶷
𧶸
𧶹
𧶺
𧶻
𧶼
𧶽
𧶾
𧶿
𧷀
𧷁
𧷂
𧷃
𧷄
𧷆
𧷇
𧷈
𧷉
𧷊
𧷋
𧹬
𧹭
𧹮
𧹯
𧹰
𧹱
𧼟
𧼨
𧼩
𧼪
𧼫
𧼬
𧼭
𧼮
𧼯
𧼰
𧼱
𧼲
𧼳
𧼴
𧼵
𧼶
𧼷
𧼸
𧼹
𧼺
𧼻
𧼼
𧼽
𧼾
𧼿
𧽀
𧽁
𧽂
𧽃
𧽄
𧽅
𧽆
𧽇
𧽈
𨂝
𨂞
𨂠
𨂡
𨂢
𨂣
𨂤
𨂥
𨂦
𨂧
𨂨
𨂩
𨂪
𨂫
𨂬
𨂭
𨂮
𨂯
𨂰
𨂱
𨂲
𨂳
𨂴
𨂵
𨂶
𨂷
𨂸
𨂹
𨂺
𨂻
𨂼
𨂽
𨂾
𨂿
𨃀
𨃁
𨃂
𨃃
𨃄
𨃅
𨃆
𨃇
𨃈
𨃉
𨃊
𨃌
𨃍
𨃎
𨃏
𨃐
𨃑
𨃒
𨉢
𨉣
𨉤
𨉥
𨉧
𨉨
𨉩
𨉪
𨉫
𨉬
𨉭
𨍇
𨍈
𨍉
𨍊
𨍋
𨍌
𨍍
𨍎
𨍏
𨍐
𨍑
𨍒
𨍓
𨍔
𨍕
𨍖
𨍗
𨍘
𨍙
𨍚
𨍛
𨍜
𨍝
𨍞
𨍟
𨍠
𨍡
𨍢
𨍣
𨍤
𨍥
𨍦
𨍧
𨍨
𨐉
𨐠
𨐡
𨐢
𨐣
𨐤
𨐥
𨐦
𨐧
𨑉
𨗓
𨗥
𨗦
𨗧
𨗨
𨗩
𨗪
𨗫
𨗬
𨗭
𨗮
𨗯
𨗰
𨗱
𨗲
𨗳
𨗴
𨗵
𨗶
𨗷
𨗸
𨗹
𨗺
𨗻
𨗼
𨗽
𨗾
𨗿
𨘀
𨘁
𨘂
𨘃
𨘄
𨘅
𨘆
𨞧
𨞨
𨞩
𨞪
𨞫
𨞬
𨞭
𨞮
𨞯
𨞰
𨞱
𨞲
𨞳
𨞴
𨞵
𨞶
𨞷
𨞸
𨞹
𨡩
𨡪
𨡫
𨡬
𨡭
𨡮
𨡯
𨡰
𨡱
𨡲
𨡳
𨡴
𨡵
𨡶
𨡷
𨡸
𨡹
𨡺
𨡻
𨡼
𨡽
𨡾
𨡿
𨢀
𨢁
𨢂
𨢃
𨢄
𨤘
𨤙
𨤰
𨤱
𨧦
𨧧
𨧨
𨧩
𨧪
𨧫
𨧬
𨧭
𨧮
𨧯
𨧰
𨧱
𨧲
𨧳
𨧴
𨧵
𨧶
𨧷
𨧸
𨧹
𨧺
𨧻
𨧼
𨧽
𨧾
𨧿
𨨀
𨨁
𨨂
𨨃
𨨄
𨨅
𨨆
𨨇
𨨈
𨨉
𨨊
𨨋
𨨌
𨨍
𨨎
𨨏
𨨐
𨨑
𨨒
𨨓
𨨔
𨨕
𨨖
𨨗
𨨘
𨨙
𨨚
𨨛
𨨜
𨨝
𨨞
𨨟
𨨠
𨨡
𨨢
𨨣
𨨤
𨨥
𨨦
𨨧
𨨨
𨨩
𨨪
𨨫
𨨬
𨨭
𨨮
𨱐
𨱒
𨲓
𨲔
𨲕
𨲖
𨲗
𨲘
𨲙
𨲚
𨲛
𨲜
𨲝
𨵈
𨵉
𨵊
𨵋
𨵌
𨵍
𨵎
𨵏
𨵐
𨵑
𨵒
𨵓
𨵔
𨵕
𨵖
𨵗
𨵘
𨵙
𨵚
𨵛
𨵜
𨵝
𨵞
𨵟
𨵠
𨵡
𨵢
𨵣
𨵤
𨼿
𨽀
𨽁
𨽂
𨽃
𨽄
𨽅
𨽆
𨽇
𨽈
𨽉
𨽊
𨽋
𨽌
𨽼
𨽽
𨽾
𨿠
𨿡
𨿢
𨿣
𨿤
𨿥
𨿦
𨿧
𨿨
𨿩
𨿪
𨿫
𨿬
𨿭
𨿮
𨿯
𨿰
𨿱
𨿲
𨿳
𨿴
𨿵
𨿶
𨿷
𨿸
𨿹
𨿺
𨿻
𨿼
𨿽
𨿾
𩃒
𩃓
𩃔
𩃕
𩃖
𩃗
𩃘
𩃙
𩃚
𩃛
𩃜
𩃝
𩃞
𩃟
𩃠
𩃡
𩃢
𩃣
𩃤
𩃥
𩃦
𩃧
𩃨
𩃩
𩃪
𩃫
𩃬
𩃭
𩃮
𩃯
𩃰
𩃱
𩃲
𩃳
𩃴
𩇝
𩇞
𩇼
𩈡
𩈢
𩈣
𩈤
𩈥
𩈦
𩈧
𩈨
𩈩
𩈪
𩊩
𩊪
𩊫
𩊬
𩊭
𩊮
𩊯
𩊰
𩊱
𩊲
𩊳
𩊴
𩊵
𩊶
𩊷
𩊸
𩊹
𩊺
𩊻
𩊼
𩊽
𩊾
𩎯
𩎰
𩎱
𩎲
𩎳
𩎴
𩎵
𩎶
𩎷
𩐄
𩐧
𩐨
𩐩
𩐪
𩐫
𩐬
𩒮
𩒯
𩒰
𩒱
𩒲
𩒳
𩒴
𩒵
𩒶
𩒷
𩒸
𩒹
𩒺
𩒻
𩒼
𩒽
𩒾
𩒿
𩓀
𩓁
𩓂
𩓃
𩓄
𩓅
𩓆
𩓇
𩓈
𩓉
𩓊
𩓋
𩓌
𩓍
𩓎
𩓏
𩓐
𩓑
𩓒
𩓓
𩓔
𩓕
𩓖
𩓗
𩓘
𩓙
𩓚
𩓛
𩓜
𩗓
𩗔
𩗕
𩗖
𩗗
𩗘
𩗙
𩗚
𩗛
𩗜
𩗝
𩗞
𩗟
𩗠
𩗡
𩗢
𩗣
𩗤
𩗥
𩗦
𩗧
𩙯
𩛺
𩛻
𩛼
𩛽
𩛾
𩛿
𩜀
𩜁
𩜂
𩜃
𩜄
𩜅
𩜆
𩜇
𩜈
𩜉
𩜊
𩜋
𩜌
𩜍
𩜎
𩜏
𩜐
𩜑
𩜒
𩜓
𩜔
𩜕
𩜖
𩜗
𩜘
𩜙
𩜚
𩜛
𩜜
𩜝
𩜞
𩜟
𩜠
𩜡
𩜢
𩜤
𩜥
𩜦
𩜧
𩜨
𩜩
𩜪
𩜫
𩜬
𩠡
𩠢
𩠣
𩠤
𩠥
𩠦
𩠧
𩡇
𩡈
𩢮
𩢯
𩢰
𩢱
𩢲
𩢳
𩢴
𩢵
𩢶
𩢷
𩢸
𩢹
𩢺
𩢻
𩢼
𩢽
𩢾
𩢿
𩣀
𩣁
𩣂
𩣃
𩣄
𩣅
𩣆
𩣇
𩣈
𩣉
𩣊
𩣋
𩣌
𩣍
𩣎
𩣏
𩣐
𩣑
𩣒
𩣓
𩣔
𩣕
𩩉
𩩊
𩩋
𩩌
𩩍
𩩎
𩩏
𩩐
𩩑
𩩒
𩩓
𩩔
𩩕
𩩖
𩫎
𩫏
𩫐
𩫑
𩫒
𩫓
𩫔
𩬰
𩬱
𩬲
𩬳
𩬴
𩬵
𩬶
𩬷
𩬸
𩬹
𩬺
𩬻
𩬼
𩬽
𩬾
𩬿
𩭀
𩭁
𩭂
𩭃
𩭄
𩭅
𩭆
𩰑
𩰢
𩰱
𩰲
𩰳
𩰴
𩰵
𩰶
𩰷
𩰸
𩳌
𩳍
𩳎
𩳏
𩳐
𩳑
𩳒
𩳓
𩳔
𩳕
𩳖
𩳗
𩳘
𩳙
𩳚
𩳛
𩳜
𩳝
𩳞
𩳟
𩳠
𩳡
𩶁
𩶂
𩶃
𩶄
𩶅
𩶆
𩶇
𩶈
𩶉
𩶊
𩶋
𩶌
𩶍
𩶎
𩶏
𩶐
𩶑
𩶒
𩶓
𩶔
𩶕
𩶖
𩶗
𩶘
𩶙
𩶚
𩶛
𩶜
𩶝
𩶞
𩶟
𩶠
𩾅
𩾆
𩾇
𩾈
𩿜
𩿝
𩿞
𩿟
𩿠
𩿡
𩿢
𩿣
𩿤
𩿥
𩿦
𩿧
𩿨
𩿩
𩿪
𩿫
𩿬
𩿭
𩿮
𩿯
𩿰
𩿱
𩿲
𩿳
𩿴
𩿵
𩿶
𩿷
𩿸
𩿹
𩿺
𩿻
𩿼
𩿽
𩿾
𩿿
𪀀
𪀁
𪀂
𪀃
𪀄
𪀅
𪀆
𪀇
𪀈
𪀉
𪀊
𪀋
𪀌
𪀍
𪀎
𪀏
𪀐
𪀑
𪉜
𪉝
𪉞
𪉟
𪉠
𪉡
𪊛
𪊜
𪊝
𪊞
𪊟
𪊠
𪊡
𪊢
𪊣
𪊤
𪌔
𪌕
𪌖
𪌗
𪌘
𪌙
𪌚
𪌜
𪌝
𪌞
𪌟
𪌠
𪌡
𪎛
𪎜
𪎝
𪎞
𪎟
𪎺
𪏰
𪏱
𪏲
𪏳
𪏴
𪏵
𪐤
𪐥
𪐦
𪐧
𪐨
𪐩
𪐪
𪐫
𪐬
𪐭
𪐮
𪐯
𪐰
𪐱
𪔇
𪔋
𪔌
𪔺
𪔻
𪔼
𪖑
𪖒
𪗅
𪚐
𪚦
𪛉
𪜇
𪝰
𪝱
𪝲
𪝳
𪞍
𪞯
𪟕
𪟖
𪠱
𪡏
𪢎
𪢏
𪢐
𪢑
𪢒
𪢓
𪢔
𪢰
𪤟
𪤠
𪤡
𪤢
𪤣
𪤤
𪤥
𪤿
𪦦
𪦧
𪦨
𪦩
𪦪
𪧁
𪧫
𪧬
𪧭
𪧮
𪧽
𪨅
𪨝
𪩗
𪩘
𪩙
𪩚
𪩰
𪩱
𪩽
𪪤
𪪥
𪫙
𪬮
𪬯
𪬰
𪬱
𪬲
𪬳
𪬴
𪬵
𪬶
𪭔
𪭕
𪭖
𪮵
𪮶
𪮷
𪯗
𪯘
𪯙
𪰁
𪰂
𪱇
𪱈
𪱉
𪱊
𪱋
𪱌
𪱖
𪱗
𪱭
𪳭
𪳮
𪳯
𪳰
𪳱
𪳲
𪳳
𪳴
𪳵
𪳶
𪳷
𪳸
𪳹
𪳺
𪳻
𪳼
𪴽
𪴾
𪷝
𪷞
𪷟
𪷠
𪷡
𪷢
𪷣
𪷤
𪷥
𪷦
𪷧
𪹪
𪹫
𪹬
𪹭
𪹮
𪹯
𪹰
𪹱
𪹲
𪹳
𪺦
𪺵
𪼗
𪼘
𪼙
𪼚
𪼛
𪼜
𪼝
𪼞
𪼟
𪼠
𪽟
𪽠
𪽡
𪾖
𪾹
𪾺
𪾻
𪿯
𪿰
𪿱
𪿲
𪿳
𪿴
𫁅
𫁗
𫁘
𫁙
𫁚
𫁬
𫂐
𫂑
𫂒
𫂓
𫂔
𫂕
𫂖
𫂗
𫃉
𫃊
𫃋
𫃌
𫃸
𫃹
𫃺
𫃻
𫃼
𫄷
𫄾
𫅊
𫅙
𫅭
𫅮
𫅾
𫆊
𫆋
𫆌
𫆍
𫆵
𫆶
𫆷
𫆸
𫇗
𫇤
𫉝
𫉞
𫉟
𫉠
𫉡
𫉢
𫉣
𫉤
𫋏
𫋐
𫋑
𫋒
𫋓
𫋔
𫋕
𫌊
𫌋
𫌌
𫌍
𫌎
𫌏
𫌛
𫌢
𫌣
𫌰
𫌱
𫍁
𫍂
𫍃
𫍄
𫍅
𫍾
𫎉
𫎌
𫎜
𫎝
𫎞
𫎫
𫎻
𫎼
𫏔
𫏕
𫏖
𫏗
𫏘
𫏺
𫏻
𫐗
𫑋
𫑬
𫒦
𫒧
𫒨
𫒩
𫒪
𫒫
𫒬
𫒭
𫒮
𫒯
𫔉
𫔊
𫔥
𫔦
𫔧
𫕧
𫕨
𫕻
𫖂
𫖖
𫖟
𫖠
𫖸
𫗴
𫗷
𫘊
𫘰
𫘷
𫘽
𫙋
𫙓
𫙔
𫙕
𫙖
𫙗
𫚜
𫚝
𫚞
𫚟
𫚠
𫚡
𫚳
𫚴
𫚵
𫚶
𫚷
𫛿
𫜀
𫜁
𫜂
𫜊
𫜜
𫜬
𫜭
𫜶
𫝡
𫝥
𫞐
𫞝
𫞶
𫟖
𫟪
𫠌
𫠔
𫠜
𫡀
𫡸
𫡹
𫣭
𫣮
𫣯
𫣰
𫣵
𫦻
𫦼
𫧆
𫧙
𫧚
𫧶
𫨀
𫨠
𫨡
𫨢
𫩋
𫩌
𫫶
𫫷
𫫸
𫫹
𫫺
𫫼
𫫾
𫫿
𫬀
𫬂
𫬃
𫬄
𫬅
𫬆
𫬉
𫬋
𫬎
𫭓
𫭔
𫮯
𫮲
𫯗
𫯽
𫯾
𫯿
𫰀
𫱸
𫱹
𫱺
𫱻
𫱼
𫱾
𫱿
𫲀
𫲂
𫲃
𫲇
𫲱
𫲲
𫴂
𫴃
𫴄
𫴅
𫴇
𫴈
𫴉
𫴊
𫴋
𫴌
𫴍
𫴎
𫴏
𫴒
𫴖
𫴗
𫵊
𫵋
𫵌
𫵒
𫵦
𫵧
𫶗
𫶘
𫶚
𫶛
𫶜
𫶲
𫶳
𫷑
𫸁
𫸂
𫸄
𫸠
𫸡
𫸾
𫻆
𫻇
𫻈
𫻉
𫻋
𫻌
𫻏
𫼄
𫼅
𫼆
𫼇
𫼈
𫾊
𫾋
𫾏
𫾤
𫿑
𫿒
𫿓
𫿔
𫿖
𫿗
𫿷
𫿽
𬀔
𬀕
𬀖
𬀗
𬁓
𬁔
𬁕
𬁖
𬁗
𬁘
𬁙
𬂏
𬂐
𬄙
𬄚
𬄛
𬄜
𬄝
𬄞
𬄢
𬄣
𬄥
𬄦
𬄧
𬄩
𬄪
𬄭
𬄱
𬄲
𬅰
𬅱
𬆊
𬆋
𬆱
𬇆
𬉅
𬉈
𬉉
𬉊
𬉌
𬉍
𬉎
𬉏
𬉐
𬉑
𬉒
𬉔
𬉕
𬉙
𬋅
𬋆
𬋇
𬋈
𬋉
𬋊
𬋋
𬋌
𬋎
𬋳
𬋴
𬌋
𬌌
𬌍
𬍉
𬍋
𬎋
𬎌
𬎎
𬎏
𬎐
𬎑
𬎒
𬎰
𬏓
𬏔
𬏺
𬏻
𬐱
𬑥
𬑦
𬑧
𬒜
𬒞
𬓖
𬓙
𬓚
𬓺
𬓻
𬓼
𬓽
𬔀
𬔑
𬔒
𬔓
𬔨
𬔩
𬕢
𬕣
𬕤
𬕥
𬕧
𬕨
𬖫
𬖬
𬖭
𬖮
𬖯
𬖰
𬖲
𬗯
𬗰
𬗱
𬙉
𬙓
𬙹
𬙺
𬙻
𬚅
𬚆
𬚍
𬚤
𬚦
𬚭
𬚮
𬛌
𬛎
𬛔
𬛕
𬛖
𬛗
𬛘
𬛚
𬛨
𬛴
𬛵
𬛼
𬜘
𬜙
𬜚
𬞚
𬞛
𬞜
𬞝
𬞞
𬞟
𬞡
𬞢
𬞣
𬞥
𬞦
𬞧
𬞨
𬞩
𬞪
𬞫
𬞬
𬞮
𬟮
𬟯
𬟰
𬠠
𬠣
𬠤
𬡬
𬢔
𬢴
𬢵
𬢶
𬢷
𬢸
𬢹
𬢿
𬤩
𬤫
𬤬
𬤴
𬥡
𬥢
𬦃
𬦔
𬦕
𬦖
𬦗
𬦼
𬦽
𬦾
𬦿
𬧁
𬧂
𬧃
𬧫
𬧸
𬩑
𬩒
𬩓
𬩖
𬩗
𬩘
𬩙
𬩚
𬩞
𬩟
𬩦
𬪗
𬪘
𬪙
𬪚
𬪛
𬪭
𬪮
𬪯
𬪰
𬪱
𬫡
𬫢
𬫣
𬫤
𬫥
𬫦
𬫨
𬫩
𬫪
𬫫
𬫬
𬫮
𬫯
𬫰
𬫱
𬭬
𬭭
𬭯
𬭰
𬭱
𬭲
𬯈
𬯞
𬯟
𬯯
𬯾
𬯿
𬰀
𬰁
𬰂
𬰃
𬰥
𬰶
𬰽
𬱄
𬱅
𬱆
𬱇
𬱰
𬲅
𬲆
𬳓
𬳖
𬳗
𬳘
𬳫
𬴋
𬴌
𬴑
𬴒
𬴨
𬴩
𬴵
𬴿
𬵇
𬵈
𬵉
𬵊
𬵋
𬵌
𬵑
𬶖
𬶘
𬶙
𬶚
𬶛
𬶜
𬶝
𬷅
𬷆
𬷇
𬷈
𬷉
𬷊
𬷋
𬷌
𬸤
𬸥
𬸦
𬸧
𬸷
𬸸
𬸼
𬹔
𬹞
𬹤
𬹥
𬺈
𬺉
𬺊
𬺋
𬺌
𬺝
𬼓
𬼔
𬽛
𬽜
𬽞
𬿺
𬿻
𬿼
𬿽
𬿿
𭀀
𭀃
𭀵
𭀶
𭁁
𭂺
𭄓
𭄔
𭄕
𭄖
𭄗
𭅪
𭅫
𭆗
𭊼
𭋂
𭋃
𭋄
𭋅
𭋈
𭋉
𭋊
𭋋
𭋌
𭋍
𭋎
𭋏
𭋒
𭋓
𭋔
𭋕
𭋖
𭋘
𭋚
𭋛
𭋜
𭋡
𭋥
𭋦
𭋫
𭍴
𭏷
𭏹
𭏺
𭏻
𭏼
𭐭
𭐮
𭑡
𭑣
𭑤
𭒢
𭒤
𭒥
𭒨
𭓙
𭓚
𭔑
𭔘
𭔙
𭔚
𭕂
𭕌
𭗟
𭗠
𭗡
𭗤
𭗦
𭘶
𭘸
𭙽
𭙾
𭚁
𭚂
𭚃
𭚛
𭚜
𭚝
𭛈
𭜈
𭞦
𭞧
𭞨
𭞫
𭞬
𭞮
𭞲
𭞳
𭞸
𭞺
𭞼
𭞽
𭞾
𭟁
𭟃
𭟇
𭟈
𭟼
𭟽
𭠋
𭢣
𭢤
𭢪
𭢫
𭢭
𭢮
𭢯
𭢰
𭢲
𭢴
𭢵
𭣜
𭣝
𭤝
𭥅
𭧢
𭧣
𭧥
𭧦
𭧧
𭧨
𭧪
𭧫
𭧬
𭧭
𭧮
𭧯
𭧰
𭧱
𭧲
𭧳
𭧴
𭧶
𭧻
𭩆
𭩇
𭩈
𭩉
𭩋
𭫻
𭫼
𭫽
𭫾
𭬀
𭬁
𭬂
𭬃
𭬄
𭬆
𭬇
𭬉
𭭕
𭭖
𭭲
𭭳
𭭴
𭮟
𭮠
𭮡
𭮢
𭮣
𭮾
𭮿
𭯁
𭯣
𭯤
𭯥
𭯴
𭲬
𭲭
𭲮
𭲯
𭲰
𭲱
𭲳
𭲴
𭲵
𭲶
𭲷
𭲸
𭲹
𭲺
𭲻
𭲿
𭳀
𭳄
𭳈
𭳉
𭳎
𭵸
𭵽
𭵾
𭵿
𭶀
𭶁
𭶃
𭶅
𭶆
𭶇
𭶈
𭶉
𭶊
𭶋
𭶍
𭶎
𭶸
𭷴
𭷵
𭸪
𭸫
𭸭
𭹶
𭹷
𭹸
𭹹
𭹺
𭹻
𭹼
𭹽
𭹾
𭹿
𭺁
𭺃
𭺙
𭺚
𭻧
𭻨
𭻩
𭻪
𭻫
𭻮
𭼠
𭼡
𭼢
𭼥
𭼦
𭼧
𭽅
𭽴
𭽵
𭾐
𭿕
𭿖
𭿗
𭿙
𭿚
𭿛
𭿜
𭿼
𮀉
𮀽
𮀾
𮀿
𮁀
𮁂
𮁃
𮁆
𮂐
𮂑
𮂒
𮂕
𮂚
𮂝
𮃡
𮃣
𮃤
𮃦
𮃧
𮃨
𮃪
𮄏
𮄐
𮄒
𮄓
𮄔
𮄕
𮄚
𮄸
𮄹
𮄺
𮅯
𮅰
𮅱
𮅲
𮅴
𮅵
𮅻
𮅿
𮆀
𮆅
𮇬
𮇳
𮇴
𮇵
𮇶
𮇷
𮇸
𮈱
𮈲
𮈳
𮈷
𮈸
𮈹
𮉷
𮊕
𮊙
𮊰
𮊱
𮊲
𮋎
𮋏
𮋐
𮋑
𮋡
𮋹
𮌺
𮌻
𮌼
𮌽
𮍓
𮍿
𮐓
𮑚
𮑜
𮑝
𮑞
𮑠
𮑡
𮑢
𮑣
𮑤
𮑦
𮑧
𮑨
𮑪
𮑫
𮑬
𮑭
𮑮
𮑯
𮑰
𮑲
𮑳
𮑴
𮑵
𮑷
𮑸
𮑹
𮑺
𮑻
𮒊
𮓩
𮓪
𮓫
𮔨
𮔩
𮔪
𮔫
𮔭
𮔮
𮔯
𮔰
𮔱
𮔲
𮔴
𮖢
𮖥
𮖫
𮖮
𮖺
𮗘
𮗙
𮗳
𮗴
𮘢
𮘤
𮘥
𮘦
𮘧
𮘨
𮘩
𮘪
𮙐
𮙕
𮙡
𮙢
𮙣
𮙫
𮚕
𮚖
𮚗
𮚘
𮚙
𮚛
𮚱
𮚼
𮛯
𮛰
𮛱
𮛲
𮛳
𮛴
𮛵
𮛶
𮛷
𮛸
𮛹
𮛺
𮛻
𮛼
𮛽
𮛾
𮛿
𮝝
𮝞
𮝟
𮝺
𮞀
𮟐
𮟑
𮟒
𮟓
𮟔
𮟖
𮟗
𮟛
𮠋
𮠌
𮠍
𮠎
𮠵
𮠷
𮠸
𮠹
𮠺
𮠻
𮡐
𮡚
𮢂
𮢃
𮢄
𮢅
𮢆
𮢇
𮢉
𮢊
𮢋
𮢌
𮢍
𮢎
𮢏
𮢑
𮢒
𮢓
𮢔
𮢕
𮢖
𮢗
𮢘
𮤑
𮤒
𮤔
𮤖
𮤙
𮤛
𮥥
𮥦
𮥧
𮥨
𮥩
𮥽
𮥾
𮥿
𮦔
𮦕
𮦖
𮦗
𮦘
𮦙
𮦚
𮦛
𮦝
𮧍
𮧚
𮧛
𮧝
𮧻
𮨋
𮨌
𮨬
𮨿
𮩢
𮩣
𮩾
𮩿
𮪀
𮪁
𮪂
𮪃
𮪄
𮪪
𮪫
𮪬
𮫃
𮫄
𮫅
𮫞
𮫟
𮫳
𮫴
𮬟
𮬠
𮬰
𮬱
𮬲
𮭪
𮭫
𮭳
𮭻
𮮏
𮮔
𮮥
𮯟
𮰐
𮰮
𮱰
𮲺
𮲻
𮳖
𮳗
𮳘
𮳿
𮴱
𮴲
𮴳
𮴴
𮴵
𮵩
𮵪
𮵾
𮶙
𮶴
𮶵
𮷮
𮷱
𮷲
𮷳
𮸝
𮸞
𮸟
𮸠
𮸼
𮹑
𮹙
𮹚
噴
幩
㡢
𣊸
憲
憤
摷
檨
濆
瀹
𤎫
䀈
穊
穏
竮
糒
𦋙
翺
𦔣
𧏊
衠
諭
𧼯
𠠄
輸
鄛
鉼
䦕
閷
餩
𩬰
𰁐
𰂺
𰂻
𰂼
𰂽
𰃓
𰃔
𰅄
𰆔
𰈯
𰈰
𰈱
𰈲
𰈳
𰈴
𰈵
𰈶
𰊲
𰊳
𰊴
𰊵
𰊶
𰊷
𰊸
𰋗
𰋲
𰋳
𰌘
𰌙
𰌚
𰌰
𰍝
𰍞
𰍟
𰎆
𰎹
𰎺
𰏍
𰏠
𰏮
𰐸
𰒌
𰒍
𰒒
𰒔
𰒕
𰒲
𰒳
𰒶
𰔪
𰔫
𰔬
𰔭
𰔮
𰔯
𰔱
𰔲
𰕔
𰕕
𰕣
𰕤
𰖫
𰖬
𰖭
𰖮
𰗎
𰘥
𰘦
𰘧
𰘨
𰘩
𰘪
𰘫
𰘬
𰘭
𰘮
𰘯
𰘰
𰘱
𰘲
𰙸
𰙹
𰚈
𰚲
𰝉
𰝑
𰝒
𰝓
𰝔
𰝕
𰝖
𰝗
𰝘
𰟙
𰟚
𰟛
𰟜
𰟝
𰟞
𰟟
𰟠
𰟡
𰟢
𰠈
𰠼
𰡦
𰡧
𰢍
𰢎
𰢏
𰢐
𰢑
𰣒
𰣓
𰣾
𰣿
𰤀
𰥃
𰥄
𰥅
𰥾
𰥿
𰦀
𰦁
𰦞
𰦟
𰦠
𰦡
𰦢
𰧙
𰧚
𰧛
𰧜
𰧝
𰧞
𰧟
𰧠
𰨑
𰨒
𰨵
𰨶
𰨷
𰩘
𰩙
𰩩
𰩪
𰪏
𰪐
𰪑
𰪒
𰪓
𰫆
𰫇
𰫈
𰫉
𰫊
𰫰
𰬼
𰬽
𰬾
𰭛
𰭜
𰭥
𰯆
𰯋
𰯔
𰯕
𰯗
𰯘
𰯙
𰯚
𰯛
𰯜
𰯝
𰰒
𰰚
𰱶
𰱷
𰱸
𰱹
𰱺
𰱻
𰱼
𰳎
𰳏
𰳐
𰳑
𰳒
𰳓
𰳔
𰳕
𰴃
𰴄
𰴅
𰴌
𰴝
𰴾
𰴿
𰵀
𰵁
𰵂
𰶌
𰶍
𰶎
𰶕
𰶖
𰶪
𰶫
𰶬
𰶭
𰷉
𰷫
𰷺
𰸚
𰸛
𰸜
𰸝
𰸞
𰸟
𰸠
𰸡
𰸢
𰸣
𰸤
𰸥
𰸦
𰸧
𰹁
𰹂
𰹃
𰹄
𰹅
𰹛
𰹜
𰹝
𰹞
𰺚
𰺛
𰺜
𰺝
𰺞
𰺩
𰻈
𰻒
𰻓
𰻔
𰻽
𰼍
𰼎
𰼚
𰼛
𰼜
𰼝
𰼵
𰼶
𰼷
𰼸
𰼹
𰼺
𰾰
𰾱
𰾲
𰿒
𰿠
𰿡
𰿢
𰿽
𰿾
𱀘
𱀜
𱀝
𱀟
𱀷
𱀸
𱀹
𱀺
𱁛
𱁜
𱁝
𱁞
𱁟
𱁶
𱂂
𱂐
𱂑
𱂘
𱂙
𱂴
𱂵
𱂶
𱂷
𱂸
𱂹
𱃀
𱃁
𱃂
𱃠
𱃪
𱃫
𱄏
𱄘
𱄙
𱄚
𱄛
𱄜
𱅭
𱅯
𱅻
𱅼
𱆙
𱆚
𱆩
𱆪
𱆫
𱇵
𱇶
𱇷
𱇸
𱇹
𱇺
𱇻
𱇼
𱇽
𱇾
𱇿
𱈀
𱈁
𱈠
𱈡
𱈢
𱈣
𱈤
𱈥
𱊠
𱊡
𱊢
𱊣
𱊤
𱊥
𱊷
𱋞
𱋟
𱋠
𱋡
𱋢
𱋣
𱋤
𱋥
𱌄
𱌅
𱌍
𱌑
𱌒
𱌶
𱌷
𱌸
𱍨
𱏘
𱏙
𱏚
𱏮
𱐥
𱐷
𱑁
𱑒
𱑓
𱑡
𱑬
𱔳
𱔴
𱔵
𱔶
𱔷
𱔸
𱔹
𱔺
𱔻
𱔼
𱔽
𱔾
𱔿
𱕀
𱕁
𱕂
𱕃
𱕄
𱘄
𱘅
𱘆
𱘇
𱘈
𱘉
𱘊
𱘩
𱘼
𱚀
𱚁
𱚔
𱚕
𱜐
𱜑
𱜒
𱜛
𱜿
𱝀
𱝖
𱝸
𱝹
𱟍
𱟒
𱟓
𱟕
𱟤
𱟥
𱠱
𱠹
𱠺
𱠻
𱠼
𱠽
𱡨
𱡮
𱡷
𱢥
𱢦
𱢧
𱢨
𱢩
𱢪
𱢫
𱢬
𱢶
𱤏
𱤐
𱤑
𱤒
𱤓
𱤔
𱤕
𱤖
𱤗
𱤘
𱤙
𱤚
𱤛
𱥇
𱥬
𱩂
𱩃
𱩄
𱩅
𱩆
𱩇
𱩈
𱩉
𱩊
𱩋
𱩌
𱩍
𱩎
𱩏
𱩐
𱩑
𱩒
𱩓
𱩔
𱩕
𱩖
𱩗
𱩘
𱩙
𱩚
𱩛
𱩜
𱩝
𱩞
𱩟
𱬏
𱬐
𱬑
𱬒
𱬓
𱬔
𱬕
𱬖
𱭆
𱭕
𱭡
𱭯
𱮤
𱮦
𱮧
𱮨
𱯡
𱯢
𱯣
𱯤
𱯥
𱯦
𱯧
𱯨
𱰎
𱰏
𱰠
𱰡
𱰿
𱱡
𱱢
𱲆
𱲓
𱲔
𱲕
𱲖
𱲗
𱳇
𱳈
𱴭
𱴮
𱴯
𱴰
𱵧
𱵨
𱶟
𱶠
𱷓
𱷔
𱷕
𱷖
𱸖
𱸗
𱸘
𱸙
𱸚
𱸛
𱹔
𱹕
𱹖
𱹗
𱹘
𱹽
𱹾
𱺭
𱺳
𱻑
𱻡
𱻢
𱼜
𱼼
𱼽
𱼾
𱽁
𱾛
𱾜
𱾝
𱾞
𱾟
𱾠
𱾡
𱾢
𱿔
𱿼
𱿽
𱿾
𱿿
𲀀
𲀡
𲀻
𲀼
𲀽
𲀾
𲁌
𲁮
𲁯
𲁰
𲁱
𲂞
𲂲
𲂳
𲃐
𲃰
𲃱
𲃲
𲃳
𲃴
𲃵
𲃶
𲃷
𲃸
𲃹
𲃺
𲄧
𲄨
𲄺
𲅴
𲅵
𲅶
𲅷
𲅸
𲅹
𲅺
𲅻
𲅼
𲅽
𲅾
𲅿
𲆲
𲆳
𲆴
𲇐
𲇑
𲈕
𲈖
𲈗
𲈘
𲈬
𲈭
𲉇
𲉔
𲉕
𲉙
𲉡
𲉬
𲉭
𲉹
𲉺
𲉻
𲉼
𲉽
𲉾
𲉿
𲊀
𲊁
𲊃
𲊞
𲊯
𲋁
𲋅
𲋚
𲋮
𲋷
𲋻
𲌎
𲌗
𲌛
𲌭
𲌳
𲍕
𲍝
𲍞
𲎃
𲎄
𲎩