㘦
㘧
㘨
㘩
㘪
㘫
㘬
㘭
㘮
㘯
㘰
㘱
㘲
㘳
㘴
㘵
㘶
㘷
㘸
㘹
㘺
㘻
㘼
㘽
㘾
㘿
㙀
㙁
㙂
㙃
㙄
㙅
㙆
㙇
㙈
㙉
㙊
㙋
㙌
㙍
㙎
㙏
㙐
㙑
㙒
㙓
㙔
㙕
㙖
㙗
㙘
㙙
㙚
㙛
㙜
㙝
㙞
㙟
㙠
㙡
㙢
㙣
㙤
㙥
㙦
㙧
㙨
㙩
㙪
㙫
㙬
㙭
㙮
㙯
㙰
㙱
㙲
㙳
㙴
㙵
㙶
㙷
㙸
㙹
㙺
㙻
㙼
㙽
㙾
㙿
㚀
㚁
㚂
圠
圡
圢
圣
圤
圥
圩
圪
圫
圬
圮
圯
圱
圲
圳
圴
圵
圶
圹
场
圼
圽
圾
圿
坁
坃
坄
坅
坆
坈
坉
坋
坌
坍
坒
坓
坔
坕
坖
块
坘
坙
坚
坛
坜
坝
坞
坟
坠
坢
坣
坥
坧
坨
坫
坬
坭
坮
坯
坰
坱
坲
坳
坴
坵
坶
坷
坸
坹
坺
坻
坼
坽
坾
垀
垁
垃
垄
垅
垆
垇
垊
垌
垍
垎
垏
垐
垑
垒
垔
垕
垖
垗
垘
垙
垚
垛
垜
垝
垞
垟
垡
垥
垦
垧
垨
垩
垫
垬
垭
垮
垯
垱
垲
垴
垵
垶
垷
垸
垹
垺
垻
垼
垽
垾
垿
埁
埂
埄
埅
埇
埈
埉
埊
埌
埍
埏
埐
埑
埕
埗
埘
埙
埚
埛
埝
埞
埡
埢
埤
埥
埦
埧
埨
埩
埪
埫
埬
埭
埮
埯
埰
埱
埲
埳
埵
埶
埸
埻
埽
埾
埿
堁
堃
堄
堇
堈
堉
堌
堍
堎
堏
堐
堑
堒
堓
堔
堖
堗
堘
堚
堛
堜
堞
堟
堠
堢
堣
堥
堦
堧
堨
堩
堫
堬
堭
堮
堲
堳
堶
堷
堸
堹
堻
堼
堾
堿
塂
塃
塄
塅
塆
塇
塈
塉
塌
塍
塎
塏
塐
塓
塕
塖
塛
塜
塝
塟
塠
塣
塤
塥
塦
塧
塨
塪
塬
塭
塮
塯
塱
塳
塴
塶
塷
塸
塺
塻
塼
塽
塿
墀
墁
墂
墄
墆
墇
墈
墉
墊
墋
墌
墍
墎
墏
墐
墑
墒
墔
墕
墖
墘
墙
墚
墛
墝
增
墠
墡
墢
墣
墤
墥
墦
墧
墩
墪
墬
墭
墯
墰
墱
墲
墴
墵
墶
墷
墼
墽
墿
壀
壂
壃
壄
壆
壈
壉
壋
壍
壎
壏
壐
壒
壔
壖
壚
壛
壝
壠
壢
壣
壦
壧
壨
壩
壪
尘
烾
玍
茔
龳
龶
龼
鿍
鿾
壟
壘
塞
﨏
塚
塀
墨
塚
墳
𠚛
𡈼
𡈽
𡈾
𡈿
𡉀
𡉁
𡉂
𡉃
𡉄
𡉅
𡉆
𡉇
𡉈
𡉉
𡉊
𡉋
𡉌
𡉍
𡉎
𡉏
𡉐
𡉑
𡉒
𡉓
𡉔
𡉕
𡉖
𡉘
𡉙
𡉚
𡉛
𡉜
𡉝
𡉞
𡉟
𡉠
𡉡
𡉢
𡉣
𡉤
𡉥
𡉦
𡉧
𡉨
𡉩
𡉪
𡉫
𡉬
𡉭
𡉮
𡉯
𡉰
𡉱
𡉲
𡉳
𡉴
𡉵
𡉶
𡉷
𡉸
𡉹
𡉺
𡉻
𡉼
𡉽
𡉾
𡉿
𡊀
𡊁
𡊂
𡊃
𡊄
𡊅
𡊆
𡊇
𡊈
𡊉
𡊊
𡊋
𡊌
𡊍
𡊎
𡊏
𡊐
𡊑
𡊒
𡊓
𡊔
𡊕
𡊖
𡊗
𡊘
𡊙
𡊚
𡊛
𡊜
𡊝
𡊞
𡊟
𡊠
𡊡
𡊢
𡊣
𡊤
𡊥
𡊦
𡊧
𡊨
𡊩
𡊪
𡊫
𡊬
𡊭
𡊮
𡊯
𡊰
𡊱
𡊲
𡊳
𡊴
𡊵
𡊶
𡊷
𡊸
𡊹
𡊺
𡊻
𡊼
𡊽
𡊾
𡊿
𡋀
𡋁
𡋂
𡋃
𡋄
𡋅
𡋆
𡋇
𡋈
𡋉
𡋊
𡋋
𡋌
𡋍
𡋎
𡋏
𡋐
𡋑
𡋒
𡋓
𡋔
𡋕
𡋖
𡋗
𡋘
𡋙
𡋚
𡋛
𡋝
𡋞
𡋟
𡋠
𡋡
𡋢
𡋣
𡋤
𡋥
𡋦
𡋧
𡋨
𡋩
𡋪
𡋫
𡋬
𡋭
𡋮
𡋯
𡋰
𡋱
𡋲
𡋳
𡋴
𡋵
𡋶
𡋷
𡋸
𡋹
𡋺
𡋻
𡋼
𡋽
𡋾
𡋿
𡌀
𡌁
𡌂
𡌃
𡌄
𡌅
𡌆
𡌇
𡌈
𡌉
𡌊
𡌋
𡌌
𡌍
𡌎
𡌏
𡌐
𡌑
𡌒
𡌓
𡌔
𡌕
𡌖
𡌗
𡌘
𡌙
𡌚
𡌛
𡌜
𡌝
𡌞
𡌟
𡌠
𡌡
𡌢
𡌣
𡌤
𡌥
𡌦
𡌧
𡌨
𡌩
𡌪
𡌫
𡌬
𡌭
𡌮
𡌯
𡌰
𡌱
𡌲
𡌳
𡌴
𡌵
𡌶
𡌷
𡌸
𡌹
𡌺
𡌻
𡌼
𡌽
𡌾
𡌿
𡍀
𡍁
𡍂
𡍃
𡍄
𡍅
𡍆
𡍇
𡍈
𡍉
𡍊
𡍋
𡍌
𡍍
𡍎
𡍏
𡍐
𡍑
𡍒
𡍓
𡍔
𡍕
𡍖
𡍗
𡍘
𡍙
𡍚
𡍛
𡍜
𡍝
𡍞
𡍟
𡍠
𡍡
𡍢
𡍣
𡍤
𡍥
𡍦
𡍧
𡍨
𡍩
𡍪
𡍫
𡍬
𡍭
𡍮
𡍯
𡍰
𡍱
𡍲
𡍳
𡍴
𡍵
𡍶
𡍷
𡍸
𡍹
𡍺
𡍻
𡍼
𡍽
𡍾
𡍿
𡎀
𡎁
𡎂
𡎃
𡎄
𡎅
𡎆
𡎇
𡎈
𡎉
𡎊
𡎋
𡎌
𡎍
𡎎
𡎏
𡎐
𡎑
𡎒
𡎓
𡎔
𡎕
𡎖
𡎗
𡎘
𡎙
𡎚
𡎛
𡎜
𡎝
𡎞
𡎟
𡎠
𡎡
𡎢
𡎣
𡎤
𡎥
𡎦
𡎧
𡎨
𡎩
𡎪
𡎫
𡎬
𡎭
𡎮
𡎯
𡎰
𡎱
𡎲
𡎳
𡎴
𡎵
𡎶
𡎷
𡎸
𡎹
𡎺
𡎻
𡎼
𡎽
𡎾
𡎿
𡏀
𡏁
𡏂
𡏃
𡏄
𡏅
𡏆
𡏇
𡏈
𡏉
𡏊
𡏋
𡏌
𡏍
𡏎
𡏏
𡏐
𡏑
𡏒
𡏓
𡏔
𡏕
𡏖
𡏗
𡏘
𡏙
𡏚
𡏛
𡏜
𡏝
𡏞
𡏟
𡏠
𡏡
𡏢
𡏣
𡏤
𡏥
𡏦
𡏧
𡏨
𡏩
𡏪
𡏫
𡏬
𡏭
𡏮
𡏯
𡏰
𡏱
𡏲
𡏳
𡏴
𡏵
𡏶
𡏷
𡏸
𡏹
𡏺
𡏻
𡏼
𡏽
𡏾
𡏿
𡐀
𡐁
𡐂
𡐃
𡐄
𡐅
𡐆
𡐇
𡐈
𡐉
𡐊
𡐋
𡐌
𡐍
𡐎
𡐏
𡐐
𡐑
𡐒
𡐓
𡐔
𡐕
𡐖
𡐗
𡐘
𡐙
𡐚
𡐛
𡐜
𡐝
𡐞
𡐟
𡐠
𡐡
𡐢
𡐣
𡐤
𡐥
𡐦
𡐧
𡐨
𡐩
𡐪
𡐫
𡐬
𡐭
𡐮
𡐯
𡐰
𡐱
𡐲
𡐳
𡐴
𡐵
𡐶
𡐷
𡐸
𡐹
𡐺
𡐻
𡐼
𡐽
𡐾
𡐿
𡑀
𡑁
𡑂
𡑃
𡑄
𡑅
𡑆
𡑇
𡑈
𡑉
𡑊
𡑋
𡑌
𡑍
𡑎
𡑏
𡑐
𡑑
𡑒
𡑓
𡑔
𡑕
𡑖
𡑗
𡑘
𡑙
𡑚
𡑛
𡑜
𡑝
𡑞
𡑟
𡑠
𡑡
𡑢
𡑣
𡑤
𡑥
𡑦
𡑧
𡑨
𡑩
𡑪
𡑫
𡑬
𡑭
𡑮
𡑯
𡑰
𡑱
𡑲
𡑳
𡑴
𡑵
𡑶
𡑷
𡑸
𡑹
𡑻
𡑼
𡑽
𡑾
𡑿
𡒀
𡒁
𡒂
𡒃
𡒄
𡒅
𡒆
𡒇
𡒈
𡒉
𡒊
𡒋
𡒌
𡒍
𡒎
𡒏
𡒐
𡒑
𡒒
𡒓
𡒔
𡒕
𡒖
𡒗
𡒘
𡒙
𡒚
𡒛
𡒜
𡒝
𡒞
𡒟
𡒠
𡒢
𡒣
𡒤
𡒥
𡒦
𡒧
𡒨
𡒩
𡒪
𡒫
𡒬
𡒭
𡒮
𡒯
𡒰
𡒱
𡒲
𡒳
𡒴
𡒵
𡒶
𡒷
𡒸
𡒹
𡒺
𡒻
𡒼
𡒽
𡒾
𡒿
𡓀
𡓁
𡓂
𡓃
𡓄
𡓅
𡓆
𡓇
𡓈
𡓉
𡓊
𡓋
𡓌
𡓍
𡓎
𡓏
𡓐
𡓑
𡓒
𡓓
𡓔
𡓕
𡓖
𡓗
𡓘
𡓙
𡓚
𡓜
𡓝
𡓞
𡓟
𡓠
𡓡
𡓢
𡓣
𡓤
𡓥
𡓦
𡓧
𡓨
𡓩
𡓪
𡓫
𡓬
𡓭
𡓮
𡓯
𡓰
𡓱
𡓲
𡓳
𡓴
𡓵
𡓶
𡓸
𡓹
𡓺
𡓻
𡓼
𡓽
𡓾
𡓿
𡔀
𡔁
𡔂
𡔃
𡔄
𡔅
𡔆
𡔇
𡔈
𡔉
𡔊
𡔋
𡔌
𡔍
𡔎
𡔏
𡔐
𡔑
𡔒
𡔓
𡔔
𡔕
𡔖
𡔗
𡔘
𡔙
𡔚
𣑧
𦥈
𧯧
𪢱
𪢲
𪢳
𪢴
𪢵
𪢶
𪢷
𪢸
𪢹
𪢺
𪢻
𪢼
𪢽
𪢾
𪢿
𪣀
𪣁
𪣂
𪣃
𪣄
𪣅
𪣆
𪣇
𪣈
𪣉
𪣊
𪣋
𪣌
𪣍
𪣎
𪣏
𪣐
𪣑
𪣒
𪣓
𪣔
𪣕
𪣖
𪣗
𪣘
𪣙
𪣚
𪣛
𪣜
𪣝
𪣞
𪣟
𪣠
𪣡
𪣢
𪣣
𪣤
𪣥
𪣦
𪣧
𪣨
𪣩
𪣪
𪣫
𪣬
𪣭
𪣮
𪣯
𪣰
𪣱
𪣲
𪣳
𪣴
𪣵
𪣶
𪣷
𪣸
𪣹
𪣺
𪣻
𪣼
𪣽
𪣾
𪣿
𪤀
𪤁
𪤂
𪤃
𪤄
𪤅
𪤆
𪤇
𪤈
𪤉
𪤊
𪤋
𪤌
𪤍
𪤎
𪤏
𪤐
𪤑
𪤒
𪤓
𪤔
𪤕
𪤖
𪤗
𪤘
𪤙
𪤚
𪤛
𪤜
𪤝
𪤞
𪤟
𪤠
𪤡
𪤢
𪤣
𪤤
𪤥
𪤦
𪤧
𪤨
𪤩
𪤪
𪤫
𪤬
𪤭
𪤮
𪤯
𪤰
𪤱
𫝟
𫝠
𫝡
𫭖
𫭗
𫭘
𫭙
𫭚
𫭛
𫭜
𫭝
𫭞
𫭟
𫭠
𫭡
𫭢
𫭣
𫭤
𫭥
𫭦
𫭧
𫭨
𫭩
𫭪
𫭫
𫭬
𫭭
𫭮
𫭯
𫭰
𫭱
𫭲
𫭳
𫭴
𫭵
𫭶
𫭷
𫭸
𫭹
𫭺
𫭻
𫭼
𫭽
𫭾
𫭿
𫮀
𫮁
𫮂
𫮃
𫮄
𫮅
𫮆
𫮇
𫮈
𫮉
𫮊
𫮋
𫮌
𫮍
𫮎
𫮏
𫮐
𫮑
𫮒
𫮓
𫮔
𫮕
𫮖
𫮗
𫮘
𫮙
𫮚
𫮛
𫮜
𫮝
𫮞
𫮟
𫮠
𫮡
𫮢
𫮣
𫮤
𫮥
𫮦
𫮧
𫮨
𫮩
𫮪
𫮫
𫮬
𫮭
𫮮
𫮯
𫮰
𫮱
𫮲
𫮳
𫮴
𫮵
𫮶
𫮷
𫮸
𫮹
𫮺
𫮻
𫮼
𫮽
𫮾
𫮿
𫯀
𭍺
𭍻
𭍼
𭍽
𭍾
𭍿
𭎀
𭎁
𭎂
𭎃
𭎄
𭎅
𭎆
𭎇
𭎈
𭎉
𭎊
𭎋
𭎌
𭎍
𭎎
𭎏
𭎐
𭎑
𭎒
𭎓
𭎔
𭎕
𭎖
𭎗
𭎘
𭎙
𭎚
𭎛
𭎜
𭎝
𭎞
𭎟
𭎠
𭎡
𭎢
𭎣
𭎤
𭎥
𭎦
𭎧
𭎨
𭎩
𭎪
𭎫
𭎬
𭎭
𭎮
𭎯
𭎰
𭎱
𭎲
𭎳
𭎴
𭎵
𭎶
𭎷
𭎸
𭎹
𭎺
𭎻
𭎼
𭎽
𭎾
𭎿
𭏀
𭏁
𭏂
𭏃
𭏄
𭏅
𭏆
𭏇
𭏈
𭏉
𭏊
𭏋
𭏌
𭏍
𭏎
𭏏
𭏐
𭏑
𭏒
𭏓
𭏔
𭏕
𭏖
𭏗
𭏘
𭏙
𭏚
𭏛
𭏜
𭏝
𭏞
𭏟
𭏠
𭏡
𭏢
𭏣
𭏤
𭏥
𭏦
𭏧
𭏨
𭏩
𭏪
𭏫
𭏬
𭏭
𭏮
𭏯
𭏰
𭏱
𭏲
𭏳
𭏴
𭏵
𭏶
𭏷
𭏸
𭏹
𭏺
𭏻
𭏼
𭏽
𭏾
𭏿
𭐀
𭐁
𭐂
𭐃
𭐄
𭐅
𭐆
𭐇
𭐈
𭐉
𭐊
𭐋
𭐌
𭐍
𭐎
𭐏
𭐐
𭐑
𮰙
𮰚
𮰛
𮰜
𮰝
𮰞
𮰟
𮰠
𮰡
𮰢
𮰣
𮰤
𮰥
𮰦
𮰧
𮰨
𮰩
𮰪
𮰫
𮰬
𮰭
𮰮
𮰯
城
埴
堍
型
堲
報
墬
𡓤
𰉕
𰉖
𰉗
𰉘
𰉙
𰉚
𰉛
𰉜
𰉝
𰉞
𰉟
𰉠
𰉡
𰉢
𰉣
𰉤
𰉥
𰉦
𰉧
𰉨
𰉩
𰉪
𰉫
𰉬
𰉭
𰉮
𰉯
𰉰
𰉱
𰉲
𰉳
𰉴
𰉵
𰉶
𰉷
𰉸
𰉹
𰉺
𰉻
𰉼
𰉽
𰉾
𰉿
𰊀
𰊁
𰊂
𰊃
𰊄
𰊅
𰊆
𰊇
𰊈
𰊉
𰊊
𰊋
𰊌
𰊍
𰊎
𰊏
𰊐
𰊑
𰊒
𰊓
𰊔
𰊕
𰊖
𰊗
𰊘
𰊙
𰊚
𰊛
𰊜
𰊝
𰊞
𰊟
𰊠
𰊡
𰊢
𰊣
𰊤
𰊥
𰊦
𰊧
𰊨
𰊩
𰊪
𰊫
𰊬
𰊭
𰊮
𰊯
𰊰
𰊱
𰊲
𰊳
𰊴
𰊵
𰊶
𰊷
𰊸
𰊹
𰊺
𰊻
𰊼
𰊽
𰊾
𰊿
𰋀
𰋁
𰋂
𰋃
𰋄
𰋅
𰋆
𰋇
𱖆
𱖇
𱖈
𱖉
𱖊
𱖋
𱖌
𱖍
𱖎
𱖏
𱖐
𱖑
𱖒
𱖓
𱖔
𱖕
𱖖
𱖗
𱖘
𱖙
𱖚
𱖛
𱖜
𱖝
𱖞
𱖟
𱖠
𱖡
𱖢
𱖣
𱖤
𱖥
𱖦
𱖧
𱖨
𱖩
𱖪
𱖫
𱖬
𱖭
𱖮
𱖯
𱖰
𱖱
𱖲
𱖳
𱖴
𱖵
𱖶
𱖷
𱖸
𱖹
𱖺
𱖻
𱖼
𱖽
𱖾
𱖿
𱗀
𱗁
𱗂
𱗃
𱗄
𱗅
𱗆
𱗇
𱗈
𱗉
𱗊
𱗋
𱗌
𱗍
𱗎
𱗏
𱗐
𱗑
𱗒
𱗓
𱗔
𱗕
𱗖
𱗗
𱗘
𱗙
𱗚
𱗛
𱗜
𱗝
𱗞
𱗟
𱗠
𱗡
𱗢
𱗣
𱗤
𱗥
𱗦
𱗧
𱗨
𱗩
𱗪
𱗫
𱗬
𱗭
𱗮
𱗯
𱗰
𱗱
𱗲
𱗳
𱗴
𱗵
𱗶
𱗷
𱗸
𱗹
𱗺
𱗻
𱗼
𱗽
𱗾
𱗿
𱘀
𱘁
𱘂
𱘃
𱘄
𱘅
𱘆
𱘇
𱘈
𱘉
𱘊
𱘋
𱘌
𱘍
𱘎
𱘏
𱘐
𱘑
𱘒
𱘓
𱘔
𱘕
𱘖
𱘗
𱘘
𱘙
𱘚
𱘛
𱘜
𱘝
𱘞
𱘟