㐨
㜘
㠘
㡹
㥠
㪽
㫂
㫹
㲙
㵂
㵭
㵰
㵵
㶆
㷂
㸖
㽰
䁦
䃊
䃴
䅷
䈌
䈝
䉀
䋡
䍱
䎝
䏣
䓚
䖏
䗥
䘄
䙘
䝪
䟽
䡤
䢸
䣄
䣷
䥚
䧾
䪶
䬡
䭖
䰞
䱉
䱬
䶥
𠀃
𠀇
𠁅
𠁉
𠁠
𠙚
𠜆
𠦜
𠩽
𠪌
𠪛
𠪜
𠫎
𠿝
𡌛
𡔈
𡢒
𡣈
𡤽
𡦁
𡱣
𡱾
𡲰
𡳆
𡹲
𡺐
𡻌
𡻠
𡽬
𡿳
𢀯
𢉙
𢉺
𢋂
𢐼
𢒕
𢔪
𢚆
𢝒
𢠫
𢨷
𢪵
𢯇
𣆁
𣏗
𣑯
𣦁
𣦂
𣮬
𣮸
𣶝
𣷢
𣻐
𤆯
𤈲
𤍓
𤕟
𤕠
𤙟
𤟕
𤟠
𤡒
𤳌
𤳯
𤳼
𤴔
𤴙
𤸀
𤻃
𤻇
𤿚
𥍝
𥎗
𥕅
𥕑
𥘉
𥚩
𥛜
𥞆
𥥐
𥳕
𥵟
𥶎
𥷟
𥷿
𥹼
𥺳
𥺸
𥿇
𦋧
𦌿
𦍗
𦑥
𦔰
𦘠
𦙃
𦚭
𦠷
𦯅
𦯓
𦯣
𦳎
𦶕
𦺗
𦼬
𦿘
𧀽
𧂚
𧄔
𧄗
𧇘
𧇤
𧏏
𧐅
𧑓
𧒁
𧒑
𧗎
𧗘
𧠢
𧩑
𧫐
𧫽
𧭷
𧱑
𧶳
𧽟
𨂀
𨆄
𨌎
𨍐
𨛭
𨝈
𨡠
𨢺
𨣦
𨺿
𨼪
𩂫
𩒢
𩰠
𩱰
𩸠
𪁲
𪂓
𪅰
𪆷
𪊹
𪋏
𪋑
𪋮
𪋰
𪐧
𪘷
𪙀
𫝂
𫠦
𬻐
𭃡
𭃨
𭄳
𭖌
𭙧
𭥜
𭩲
𭪗
𭱼
𮊔
𮮐
𮮑
㐮
㐼
㑱
㒉
㒤
㒶
㓌
㔅
㕚
㕬
㗂
㗛
㙚
㙡
㚈
㚲
㛍
㛵
㜡
㝭
㞚
㞱
㞼
㟄
㠎
㡇
㡑
㢎
㢓
㢡
㣒
㣫
㤴
㥮
㦂
㦪
㨗
㨦
㩊
㩋
㩩
㩰
㩳
㪕
㫪
㫸
㬭
㬹
㭂
㮐
㮔
㮤
㮱
㯍
㯾
㰔
㰼
㱌
㱡
㲈
㲖
㲬
㲵
㲽
㳧
㴅
㴇
㴙
㴥
㵾
㶤
㷅
㷖
㷣
㷹
㸈
㸉
㸛
㹌
㹐
㹗
㺐
㺑
㼪
㼳
㼽
㼿
㽊
㽵
㾪
䀹
䁋
䂃
䂌
䃏
䃤
䅛
䆹
䇌
䇗
䇰
䈃
䈉
䈣
䈰
䈾
䉃
䊑
䊢
䊥
䋊
䋫
䋲
䋶
䌌
䌖
䌭
䌮
䍵
䎽
䏆
䏴
䐑
䐫
䐹
䒂
䒕
䒚
䔗
䔠
䔥
䔪
䕄
䕈
䕝
䕹
䗉
䗌
䗥
䘯
䘴
䙂
䙕
䙢
䙼
䚇
䚗
䛦
䜆
䜈
䜓
䝕
䝖
䞪
䟁
䟫
䠀
䡕
䡮
䡴
䢡
䢨
䣊
䤮
䤸
䥌
䥭
䧂
䧪
䨝
䨭
䩌
䪯
䫪
䬒
䬰
䮖
䮢
䮪
䯚
䯳
䰌
䰝
䱔
䱢
䱽
䲼
䳯
䳷
䴂
䴛
䴤
䴰
䵁
䵮
䵰
䵲
䵼
䶰
𠁊
𠄞
𠅞
𠅟
𠅫
𠆝
𠆰
𠊥
𠌿
𠏧
𠑄
𠕌
𠕖
𠖸
𠗉
𠗾
𠘣
𠘾
𠙂
𠙟
𠙤
𠚏
𠛀
𠝤
𠞮
𠞰
𠟇
𠟍
𠟪
𠟯
𠟾
𠟿
𠢛
𠢦
𠢧
𠣫
𠧙
𠨇
𠮥
𠮦
𠳹
𠴯
𠸻
𠹉
𠹧
𠾃
𠿈
𠿧
𡂦
𡃬
𡄕
𡄚
𡅟
𡇫
𡈠
𡑶
𡓳
𡕲
𡝂
𡞓
𡞘
𡞞
𡡏
𡣰
𡣾
𡦷
𡨽
𡫆
𡬳
𡭿
𡮐
𡯩
𡰒
𡰕
𡱉
𡲚
𡵝
𡵷
𡸤
𡹺
𡻝
𡻯
𡼺
𡽊
𡾼
𢁬
𢁿
𢃑
𢃓
𢃧
𢃪
𢃭
𢃳
𢄢
𢄺
𢆍
𢆽
𢇊
𢈻
𢉈
𢊂
𢊙
𢋢
𢋾
𢌛
𢌼
𢏰
𢏲
𢏼
𢐇
𢐓
𢐕
𢑁
𢑦
𢒑
𢓞
𢓮
𢔋
𢔩
𢕇
𢕎
𢕔
𢖗
𢖜
𢖹
𢗈
𢗺
𢙳
𢛒
𢜫
𢜻
𢝗
𢠵
𢡰
𢡹
𢥚
𢥠
𢥥
𢦑
𢦽
𢧅
𢨍
𢩰
𢪇
𢪐
𢪷
𢪻
𢪽
𢮉
𢮋
𢱅
𢱠
𢶝
𢷜
𢷢
𢸳
𢹒
𢹱
𢺅
𢼼
𢾐
𢾧
𢾶
𣂁
𣂇
𣂥
𣄀
𣅊
𣆫
𣆺
𣇃
𣉚
𣉬
𣊕
𣊷
𣋍
𣎒
𣎜
𣏑
𣐹
𣓉
𣓙
𣔕
𣔱
𣕇
𣙚
𣚗
𣜎
𣝞
𣝻
𣞋
𣟶
𣟼
𣠞
𣠺
𣢡
𣤚
𣤹
𣥂
𣥩
𣥺
𣥿
𣬺
𣭱
𣭶
𣮌
𣮍
𣮑
𣮒
𣮣
𣯥
𣯨
𣯮
𣯰
𣰉
𣰍
𣰞
𣱩
𣴎
𣴣
𣶏
𣹝
𣺰
𣻍
𣻒
𣻛
𣻣
𣾦
𤂣
𤃭
𤄙
𤄩
𤇶
𤈓
𤈭
𤉎
𤉢
𤉪
𤊙
𤊛
𤋜
𤌉
𤌸
𤍒
𤍛
𤍜
𤎂
𤎘
𤎬
𤎯
𤎰
𤏻
𤑗
𤑡
𤑳
𤑵
𤓪
𤓬
𤓯
𤔰
𤔹
𤕀
𤕄
𤕤
𤕪
𤕭
𤕯
𤕽
𤖅
𤖕
𤖙
𤖛
𤖠
𤖣
𤖧
𤗈
𤗓
𤙜
𤙡
𤛢
𤜯
𤞚
𤞛
𤟌
𤟒
𤢄
𤢖
𤣒
𤫉
𤬖
𤮌
𤮱
𤯛
𤯡
𤰬
𤱠
𤳈
𤳔
𤳮
𤴗
𤵙
𤵼
𤶜
𤷛
𤷼
𤸲
𤹟
𤺄
𤺫
𤿘
𤿨
𤿼
𥀺
𥁏
𥁜
𥂸
𥇒
𥇾
𥈚
𥈟
𥊆
𥊐
𥋤
𥋫
𥍉
𥍏
𥍽
𥎙
𥏫
𥓐
𥔉
𥕾
𥗦
𥙬
𥛙
𥛲
𥟎
𥠀
𥡠
𥡤
𥡬
𥢖
𥣟
𥤋
𥧱
𥧶
𥪵
𥫅
𥫐
𥬇
𥭪
𥭸
𥱶
𥳓
𥳶
𥴻
𥵦
𥶑
𥶝
𥷃
𥷮
𥹝
𥹶
𥽁
𥾀
𥾞
𥾺
𦀜
𦀧
𦁉
𦁑
𦂅
𦂚
𦄍
𦄏
𦄼
𦅃
𦅓
𦅥
𦆍
𦆬
𦉂
𦌆
𦌜
𦍴
𦍹
𦍽
𦏷
𦐺
𦑝
𦓬
𦓴
𦓺
𦔄
𦔉
𦔼
𦕏
𦖤
𦖸
𦗔
𦗗
𦗠
𦗵
𦙫
𦚦
𦛖
𦜎
𦜳
𦞪
𦡅
𦡱
𦢩
𦢺
𦣀
𦥴
𦥽
𦦓
𦦘
𦨖
𦩌
𦩠
𦩱
𦬔
𦬘
𦯐
𦯝
𦯧
𦰧
𦰱
𦱊
𦳗
𦷘
𦹨
𦺡
𦺨
𦻟
𦾱
𦾿
𦿃
𦿕
𧀢
𧁅
𧁆
𧂈
𧄡
𧄣
𧇝
𧈸
𧌜
𧌻
𧍁
𧍖
𧐍
𧐱
𧑆
𧕊
𧖝
𧗆
𧘂
𧘿
𧚊
𧚨
𧚪
𧛟
𧛤
𧝈
𧝎
𧝮
𧝻
𧞌
𧞦
𧡮
𧣪
𧧠
𧧡
𧨠
𧩃
𧩮
𧪝
𧪣
𧫰
𧮩
𧰼
𧱙
𧲅
𧲌
𧳍
𧳛
𧳹
𧳻
𧳿
𧴅
𧶋
𧶜
𧷞
𧺣
𧻵
𧼩
𧽣
𧽩
𧿘
𧿛
𨀘
𨀧
𨁠
𨂵
𨃲
𨄀
𨄌
𨄚
𨅋
𨈘
𨈙
𨉽
𨋬
𨌍
𨌢
𨌤
𨌰
𨌱
𨎖
𨑢
𨑪
𨑹
𨒀
𨒁
𨓰
𨔋
𨖵
𨖶
𨗡
𨙷
𨙹
𨚒
𨚱
𨛍
𨛰
𨜜
𨝗
𨝱
𨟻
𨡓
𨡔
𨡰
𨢩
𨣐
𨣛
𨤊
𨤴
𨥎
𨧖
𨧭
𨨼
𨨾
𨩠
𨪔
𨪙
𨱛
𨱠
𨱭
𨱻
𨱿
𨲆
𨲇
𨲓
𨲔
𨳗
𨵥
𨵷
𨶆
𨶲
𨶼
𨹡
𨹸
𨿿
𩀨
𩀯
𩀰
𩃖
𩅞
𩇝
𩈎
𩉃
𩉈
𩋍
𩋞
𩌨
𩌬
𩏁
𩏶
𩐶
𩒘
𩓨
𩔜
𩕖
𩖥
𩗲
𩗳
𩘖
𩙚
𩙜
𩙝
𩚙
𩚫
𩜁
𩜋
𩜎
𩝫
𩝴
𩝾
𩞃
𩞋
𩞥
𩞧
𩟘
𩥫
𩦌
𩦪
𩩳
𩪪
𩬏
𩮐
𩮳
𩰱
𩱐
𩱑
𩱦
𩵌
𩵖
𩵢
𩵰
𩺁
𩼒
𩼝
𩾗
𩿄
𪀘
𪁈
𪁎
𪁺
𪂇
𪂼
𪄲
𪄹
𪄻
𪅂
𪅖
𪅜
𪅶
𪅻
𪆄
𪆅
𪆊
𪇒
𪉚
𪉨
𪌕
𪍉
𪍑
𪎻
𪑊
𪑗
𪖁
𪘤
𪙎
𪙝
𪚰
𪚱
𪛋
𪛕
𪛖
𪮲
𪲧
𫊫
𫝢
𫞃
𫞋
𫟰
𫴴
𬋈
𬫝
𬽌
𬽡
𭁣
𭍼
𭑘
𭔬
𭗓
𭞁
𭠡
𭡈
𭡸
𭢯
𭥧
𭥸
𭴫
𭵇
𭵠
𭵼
𭶗
𭶪
𭺮
𭻿
𮂚
𮃁
𮃎
𮄴
𮋹
𮋻
𮌄
𮌆
𮍨
𮏣
𮐓
𮑶
𮒙
𮓵
𮔇
𮕱
𮖚
𮖠
𮙝
𮙞
𮙠
𮚑
𮛙
𮜀
𮜉
𮜕
𮞆
𮟐
𮣗
𮦢
𮪻
𮮽
𬼆
㑛
㒔
㔄
㞋
㥀
㨁
㮨
㮩
㯮
㰲
㱇
㳁
㴧
㵓
㸅
㹄
㹱
㻿
䉢
䌵
䐈
䐚
䔴
䙱
䛤
䞖
䟉
䟟
䠱
䤭
䥔
䪅
䭒
䮷
䳭
𠊊
𠋑
𠋻
𠎸
𠞅
𠟩
𠢳
𠥿
𠧼
𠨠
𠨻
𠩩
𠲿
𠷌
𠻮
𠾂
𡌴
𡍠
𡍫
𡑠
𡖽
𡙩
𡝈
𡠟
𡰦
𡵗
𡵶
𡸈
𡸦
𡹨
𢀋
𢂑
𢋦
𢒸
𢖏
𢘣
𢨒
𢯩
𢺡
𢻘
𣀻
𣂌
𣅛
𣅦
𣅳
𣆽
𣏡
𣝝
𣢼
𣣝
𣤁
𣤻
𣥀
𣧚
𣯼
𣰮
𣷵
𣽚
𤊵
𤌂
𤗁
𤛷
𤠎
𤲝
𤲷
𤳋
𤷚
𤸤
𤹊
𥁯
𥅞
𥇲
𥞷
𥟔
𥟛
𥠈
𥠉
𥠎
𥢕
𥢺
𥣊
𥣱
𥦽
𥮖
𥰝
𥿮
𦀗
𦁋
𦁓
𦃎
𦅉
𦆂
𦔎
𦔫
𦗶
𦞜
𦠁
𦺿
𧁿
𧃻
𧄕
𧄹
𧅎
𧊖
𧐂
𧑏
𧒗
𧙢
𧜭
𧝊
𧟎
𧢶
𧢻
𧣈
𧥘
𧥾
𧨺
𧫣
𧹎
𧻻
𨂢
𨋭
𨞕
𨢁
𨻁
𩁍
𩌮
𩍙
𩎇
𩏫
𩕡
𩗎
𩙿
𩚀
𩚁
𩚃
𩚍
𩜓
𩯈
𩼟
𩾸
𪃼
𪄛
𪅱
𪇆
𪈺
𪉪
𪕝
𪘏
𪚯
𫟉
𬼜
𭍠
𭍥
𭕭
𭚡
𭺿
𮎛
𮎜
𮒙
𮧌
𩙿
𡳈