㤖
㭬
㯉
㶆
㻬
㾻
㿾
䇡
䊰
䍆
䐗
䘢
䠧
𠧖
𡀐
𡪄
𡱱
𡲁
𢁼
𢅔
𢑳
𢚻
𢣿
𢩄
𣋐
𣏗
𣥧
𣥼
𣦈
𣦡
𤆼
𤕞
𤠾
𤮫
𤱤
𤲑
𤶠
𥹍
𦂂
𦅷
𦇃
𦭨
𦺪
𦿀
𧄔
𧈚
𧉞
𧝙
𧳯
𩋵
𩙙
𩴀
𩶂
𭄳
㑙
㒛
㓅
㓮
㙊
㙣
㙷
㚋
㛼
㝪
㞟
㟘
㡇
㡖
㡧
㡽
㣔
㣿
㤐
㤴
㥈
㨄
㩸
㫤
㫨
㬪
㬸
㭯
㳧
㴿
㸠
㹦
㹿
㺐
㽴
䀺
䁋
䁎
䂏
䂪
䂽
䄝
䄪
䄻
䆸
䇸
䈎
䉆
䊮
䋼
䌬
䍜
䍮
䎄
䎐
䐑
䐲
䑜
䒒
䔙
䕈
䖺
䗀
䗅
䘟
䛫
䝃
䝑
䝤
䞓
䞴
䟓
䠆
䠟
䠷
䥡
䥵
䦐
䦺
䩞
䩠
䩦
䩨
䩶
䪓
䫸
䫿
䮓
䯕
䯴
䯾
䱓
䱔
䲽
䳂
䳯
䴑
䴴
䵺
䵿
䶬
𠄏
𠄚
𠅹
𠌪
𠍹
𠏫
𠑅
𠑙
𠑷
𠑻
𠑿
𠔊
𠕭
𠖥
𠗛
𠗨
𠘋
𠙁
𠚊
𠚍
𠚥
𠚻
𠛪
𠝝
𠟅
𠠄
𠠯
𠣥
𠤐
𠤺
𠤼
𠥑
𠧞
𠧪
𠨋
𠰉
𠲷
𠴬
𠶰
𠻩
𠿚
𡇖
𡈼
𡉵
𡊥
𡍴
𡑢
𡔁
𡔛
𡕣
𡚹
𡜯
𡡃
𡦢
𡩢
𡯴
𡯿
𡱜
𡱷
𡳏
𡻑
𡼼
𢁕
𢁝
𢁾
𢄦
𢆳
𢆴
𢈄
𢎣
𢎨
𢎱
𢓝
𢔤
𢖈
𢛐
𢜨
𢜼
𢝆
𢟊
𢢌
𢪾
𢬫
𢬴
𢬹
𢮐
𢳙
𢴿
𢹑
𢺫
𢽠
𢽡
𢾷
𢾹
𣀏
𣁶
𣁿
𣂁
𣂥
𣂳
𣃘
𣃿
𣄿
𣆷
𣌞
𣎍
𣑯
𣛻
𣟐
𣡟
𣡭
𣢳
𣥩
𣥺
𣥻
𣩰
𣬸
𣯉
𣰭
𣰸
𣴎
𣶃
𣶏
𣹞
𣻛
𣾭
𤁳
𤊿
𤕷
𤖒
𤖻
𤗊
𤗣
𤗨
𤘖
𤙔
𤙴
𤚊
𤝓
𤞯
𤟔
𤭖
𤱩
𤲘
𤴉
𤽣
𤿆
𥁮
𥇔
𥉊
𥊰
𥎺
𥑈
𥜔
𥞗
𥟚
𥠴
𥡔
𥡟
𥢔
𥥱
𥧽
𥨑
𥫙
𥭙
𥮐
𥮲
𥯢
𥯥
𥲀
𥲟
𥳰
𥵢
𥶏
𥶺
𥷕
𥸧
𥺋
𥻝
𥽀
𥾇
𥾯
𦁜
𦄋
𦈅
𦉬
𦎉
𦑣
𦑪
𦔮
𦔼
𦔽
𦕒
𦕘
𦕢
𦕿
𦖅
𦗟
𦘟
𦜈
𦜪
𦝒
𦟛
𦧢
𦨍
𦨣
𦩍
𦩻
𦯍
𦯧
𦰞
𦳝
𦴚
𦴰
𦶌
𦸔
𦺓
𦺯
𦺰
𦼳
𦼶
𦿄
𧀄
𧅈
𧅛
𧊓
𧋝
𧋞
𧌁
𧐊
𧘨
𧘩
𧙥
𧚊
𧚦
𧚮
𧜣
𧝎
𧝚
𧝵
𧟕
𧡈
𧨙
𧨯
𧩜
𧬤
𧯫
𧰀
𧰩
𧳝
𧳮
𧶵
𧶸
𧸕
𧼙
𧿮
𨁎
𨁓
𨁔
𨁻
𨂏
𨃜
𨄌
𨄧
𨄰
𨅈
𨅝
𨈈
𨈮
𨉈
𨉢
𨊡
𨋫
𨌬
𨎋
𨐁
𨑩
𨒝
𨓊
𨓱
𨙔
𨙦
𨜓
𨝔
𨟃
𨤣
𨤩
𨦷
𨬝
𨰑
𨱗
𨱘
𨱮
𨳁
𨳅
𨳑
𨴡
𨸓
𨺟
𨻗
𨾆
𨾾
𩀜
𩁷
𩂻
𩅀
𩇜
𩈮
𩋑
𩋙
𩌓
𩏠
𩒞
𩗪
𩗵
𩘼
𩘽
𩛦
𩞦
𩤙
𩥏
𩨑
𩮱
𩯲
𩲤
𩲹
𩳤
𩷹
𩸼
𩾑
𩾒
𩾗
𪄄
𪅈
𪅝
𪇞
𪊶
𪌪
𪑧
𪑬
𪒒
𪒘
𪓨
𪓲
𪔤
𪔧
𪔪
𪔸
𫝟
𫟯
𫠓
𬡥
𬼙
𬼚
𭀟
𭀡
𭑟
𭗓
𭘩
𭣸
𭣾
𭤥
𭹣
𭺺
𭻸
𮫖
𮬱
𮯃
㙇
㪬
䐁
䐈
䕽
䠱
䦠
䮓
䳵
𠅓
𠉡
𠌹
𡇛
𡮞
𡸜
𢆾
𢒓
𢒔
𢕚
𢽚
𢽟
𢿭
𣃁
𣄻
𣓟
𣖇
𣖴
𣚚
𣤩
𣮊
𤰠
𤷚
𥄂
𥇍
𥏅
𥵤
𥹵
𧞐
𧨳
𧰫
𧼙
𨁿
𨄃
𨅛
𨅜
𨒢
𨔤
𨞌
𨧧
𨽥
𩷹
𪀦
𪀸
𪄪
𪅍
𪆵
𬽈
𭚡
𭣴
𭽁