﨎
㐮
㑿
㒎
㔌
㔿
㕚
㕠
㖩
㚇
㚫
㛐
㛮
㛼
㜖
㜗
㞚
㞫
㟬
㠎
㡟
㢔
㣒
㣭
㥖
㥮
㥰
㦼
㧿
㩳
㪌
㪢
㬁
㬝
㬹
㮑
㮜
㮸
㯥
㯶
㯾
㰱
㲧
㲴
㳂
㴙
㵞
㵤
㵴
㵾
㶓
㷅
㷓
㷮
㷹
㹅
㺐
㺑
㼻
㼽
㽂
㽪
㽵
㿋
㿷
䀹
䁓
䁬
䄚
䅮
䆫
䆴
䇬
䈉
䈡
䈦
䈰
䈹
䈾
䉃
䉕
䉘
䉤
䉥
䉶
䊋
䋫
䌆
䌮
䍟
䍧
䍭
䍵
䍼
䎖
䎫
䏂
䏆
䏴
䐋
䐢
䐬
䑹
䒏
䒑
䓗
䔠
䔪
䕅
䕹
䕺
䖣
䖲
䗓
䗢
䗥
䗮
䘮
䘯
䙄
䙕
䙢
䙣
䚘
䛽
䜅
䜈
䜊
䝄
䝊
䝋
䝒
䝖
䞙
䟁
䟃
䠫
䡦
䡯
䢠
䢢
䣟
䥊
䨇
䨿
䩳
䪞
䪮
䪯
䫙
䫪
䬊
䮜
䮟
䮢
䮣
䰌
䰝
䰫
䱢
䲃
䲼
䴤
䵁
䵰
䵴
䵽
𠁊
𠁾
𠂥
𠂨
𠂲
𠂳
𠄙
𠄬
𠋢
𠋺
𠌞
𠌟
𠌡
𠎛
𠎷
𠏨
𠏭
𠑤
𠕖
𠗎
𠗾
𠙠
𠙬
𠚏
𠛂
𠜕
𠝀
𠝞
𠞮
𠞰
𠟂
𠟐
𠟘
𠟯
𠠦
𠡻
𠢶
𠤰
𠥐
𠦃
𠩹
𠪇
𠫩
𠫮
𠬲
𠭌
𠭕
𠭡
𠭨
𠯗
𠰏
𠰼
𠲿
𠴴
𠴵
𠶴
𠷔
𠸶
𠹊
𠹏
𠻛
𠻣
𠻥
𠽣
𠿈
𠿓
𡁕
𡁧
𡂤
𡂧
𡄶
𡅰
𡆧
𡆪
𡇝
𡉟
𡋨
𡎫
𡏮
𡐥
𡒉
𡒤
𡕰
𡘶
𡙁
𡙹
𡚏
𡞧
𡟟
𡟢
𡡊
𡡏
𡡑
𡨎
𡨗
𡨨
𡨼
𡪠
𡬙
𡮦
𡲯
𡲱
𡳡
𡴝
𡴧
𡴨
𡶍
𡸵
𡹸
𡻝
𡻯
𡽀
𡽊
𡾄
𡾻
𡾽
𡿘
𢀌
𢁬
𢃏
𢄀
𢅋
𢅢
𢅻
𢆍
𢈜
𢈣
𢈳
𢈾
𢉛
𢊕
𢍿
𢎒
𢏰
𢐔
𢐞
𢐨
𢐺
𢑖
𢑶
𢓔
𢔣
𢔳
𢕬
𢙳
𢚭
𢛌
𢜶
𢠡
𢤄
𢥠
𢥱
𢥼
𢩖
𢪇
𢪍
𢪷
𢫺
𢫼
𢭅
𢭇
𢭉
𢮞
𢯱
𢰔
𢱤
𢱥
𢲵
𢴣
𢵃
𢶍
𢷇
𢷝
𢸪
𢼼
𢽥
𢾐
𢾸
𢿾
𣀉
𣀒
𣅖
𣅼
𣆗
𣈅
𣉔
𣉕
𣉿
𣊛
𣊝
𣌦
𣌼
𣍖
𣍘
𣓉
𣔱
𣕇
𣕐
𣕿
𣚜
𣜂
𣞙
𣞛
𣞜
𣞝
𣞷
𣠛
𣡆
𣡘
𣢡
𣣨
𣤟
𣤶
𣤷
𣤺
𣩒
𣩓
𣬬
𣬺
𣮬
𣮸
𣰩
𣱪
𣱯
𣳁
𣴎
𣴢
𣴣
𣶟
𣷹
𣸸
𣻛
𣽇
𣽫
𣽵
𤀅
𤀤
𤁬
𤃼
𤄓
𤄖
𤅍
𤆑
𤈨
𤉪
𤉬
𤌉
𤌽
𤍒
𤍜
𤎯
𤎰
𤏟
𤑗
𤑢
𤑵
𤒖
𤓗
𤔢
𤔥
𤕤
𤕶
𤖁
𤖄
𤖅
𤖈
𤖛
𤗄
𤗉
𤗠
𤗮
𤘚
𤘲
𤙜
𤙢
𤚬
𤛻
𤜐
𤜯
𤜶
𤞋
𤞛
𤟀
𤟫
𤠘
𤡆
𤡐
𤡞
𤣺
𤥼
𤪡
𤭪
𤰬
𤲣
𤵥
𤵰
𤶜
𤶷
𤷺
𤷼
𤸃
𤸯
𤹶
𤺨
𤻺
𤾙
𤾥
𤿪
𥀈
𥀉
𥀛
𥂸
𥃙
𥈃
𥈊
𥈟
𥋜
𥍷
𥍺
𥎄
𥎋
𥎒
𥎙
𥏫
𥏲
𥏻
𥓻
𥔫
𥕘
𥕺
𥖨
𥖻
𥗊
𥗭
𥗱
𥙬
𥛼
𥞝
𥠡
𥡠
𥡥
𥣙
𥦾
𥧄
𥧇
𥨠
𥨡
𥨫
𥩋
𥮨
𥯦
𥯪
𥯴
𥰱
𥱶
𥲍
𥲚
𥲡
𥳓
𥴻
𥵅
𥵦
𥵫
𥵯
𥵳
𥵹
𥶑
𥷃
𥷩
𥷮
𥸮
𥽹
𥽾
𥾜
𥾺
𦀓
𦀙
𦀜
𦂅
𦂉
𦃐
𦄍
𦄏
𦅇
𦅒
𦇎
𦇱
𦋿
𦌆
𦌝
𦎆
𦑈
𦑨
𦓴
𦓺
𦕏
𦕻
𦖪
𦗔
𦗜
𦙧
𦝥
𦝰
𦞛
𦞣
𦟃
𦠇
𦠨
𦠿
𦡱
𦥛
𦥫
𦦅
𦦈
𦦘
𦦜
𦦭
𦦱
𦨖
𦩇
𦬔
𦭆
𦭫
𦯎
𦯑
𦯕
𦯤
𦱊
𦱥
𦱬
𦱺
𦱼
𦳱
𦳿
𦴓
𦴱
𦵩
𦷟
𦷣
𦷴
𦸛
𦸟
𦹠
𦺀
𦺋
𦻅
𦻊
𦼏
𦼩
𦽱
𦾬
𦾱
𦿃
𦿑
𦿩
𧀉
𧁍
𧁗
𧂥
𧂩
𧃡
𧄐
𧄩
𧅂
𧅝
𧆁
𧈠
𧈸
𧈹
𧉐
𧋐
𧋙
𧌃
𧎮
𧑫
𧓏
𧔅
𧕐
𧕟
𧕨
𧕺
𧖠
𧖤
𧙜
𧚌
𧚎
𧚨
𧛝
𧜢
𧞁
𧟔
𧡮
𧡶
𧢐
𧢴
𧣪
𧧠
𧩟
𧩪
𧩮
𧪗
𧬖
𧬩
𧬿
𧭄
𧱙
𧱛
𧱪
𧱭
𧲅
𧲌
𧲓
𧳛
𧴅
𧷢
𧸑
𧹆
𧺆
𧻰
𧻵
𧼰
𧼶
𧾁
𨂡
𨂴
𨂵
𨃣
𨄓
𨄚
𨅔
𨅶
𨆂
𨆇
𨇯
𨈘
𨌄
𨌢
𨌪
𨍈
𨍉
𨎢
𨎮
𨏋
𨑹
𨑿
𨒽
𨓭
𨓵
𨔨
𨔩
𨔮
𨕡
𨕩
𨕪
𨕷
𨕼
𨖬
𨖷
𨗐
𨗘
𨗡
𨘉
𨘜
𨘟
𨙠
𨚰
𨛍
𨛰
𨜗
𨜛
𨜾
𨠷
𨠿
𨡮
𨢆
𨢨
𨢪
𨣭
𨣹
𨣼
𨤈
𨦱
𨧪
𨨟
𨨯
𨪊
𨪙
𨬃
𨭗
𨱸
𨲃
𨲆
𨲧
𨲯
𨴏
𨶆
𨷆
𨺡
𨺦
𨺭
𨽁
𨿿
𩀝
𩀞
𩀱
𩃕
𩃡
𩃹
𩅃
𩅪
𩆅
𩆿
𩇈
𩇺
𩈎
𩋯
𩌅
𩌱
𩎕
𩏙
𩐅
𩐷
𩕹
𩖥
𩗣
𩗲
𩘠
𩙈
𩜁
𩝞
𩝟
𩞄
𩞆
𩞐
𩡽
𩣙
𩣢
𩣭
𩤗
𩤪
𩦌
𩦦
𩨞
𩪎
𩫥
𩫦
𩫿
𩬼
𩭎
𩭤
𩮀
𩮃
𩮚
𩮰
𩮶
𩯍
𩯎
𩯩
𩰅
𩰼
𩱂
𩱅
𩱈
𩱛
𩱦
𩱭
𩳶
𩷃
𩹀
𩼦
𩽧
𩿄
𪂼
𪃆
𪃊
𪄈
𪉮
𪍻
𪍽
𪒟
𪓅
𪔬
𪘤
𪘾
𪙎
𪙒
𪙝
𪙭
𫊫
𫝉
𫝤
𫟰
𬃷
𬼫
𬽋
𭆪
𭆫
𭈬
𭍼
𭑘
𭔬
𭜍
𭞅
𭡸
𭦌
𭪀
𭫘
𭫝
𭭩
𭱱
𭶡
𮄁
𮄴
𮇩
𮍄
𮍐
𮍒
𮍨
𮐻
𮓵
𮔇
𮕱
𮖚
𮖠
𮜒
𮟐
𮣗
𮦢
𥫣
𣍲
𠊱