㡯
㡰
㡱
㡲
㡳
㡴
㡵
㡶
㡷
㡸
㡹
㡺
㡻
㡼
㡽
㡾
㡿
㢀
㢁
㢂
㢃
㢄
㢅
㢆
㢇
㢈
㢉
㢊
㢋
㢌
㢍
㢎
㢏
㢐
㢑
㢒
㢓
㢔
㢕
㢖
㢗
㢘
㢙
㢚
㢛
㢜
㢝
㢞
䧹
庀
庂
庅
庆
庈
庉
庋
庌
庍
庎
庐
庑
庒
库
应
庘
庙
庛
庝
庞
废
庡
庢
庣
庤
庨
庩
庮
庯
庰
庱
庲
庳
庴
庺
庻
庼
庽
廀
廄
廅
廇
廌
廍
廎
廑
廔
廕
廗
廘
廜
廞
廤
廥
廦
廧
廪
廫
廭
廮
廯
廲
鿮
廬
廉
度
廓
廒
廙
𠆲
𠓌
𢇗
𢇘
𢇙
𢇚
𢇛
𢇜
𢇝
𢇞
𢇟
𢇠
𢇡
𢇢
𢇣
𢇤
𢇥
𢇦
𢇧
𢇨
𢇩
𢇪
𢇫
𢇬
𢇭
𢇮
𢇯
𢇰
𢇱
𢇲
𢇳
𢇴
𢇵
𢇶
𢇷
𢇸
𢇹
𢇺
𢇻
𢇼
𢇽
𢇾
𢇿
𢈀
𢈁
𢈂
𢈃
𢈄
𢈅
𢈆
𢈇
𢈈
𢈉
𢈊
𢈋
𢈌
𢈍
𢈎
𢈏
𢈐
𢈑
𢈒
𢈓
𢈔
𢈕
𢈖
𢈗
𢈙
𢈚
𢈛
𢈜
𢈝
𢈞
𢈟
𢈠
𢈡
𢈢
𢈣
𢈤
𢈥
𢈦
𢈧
𢈨
𢈩
𢈪
𢈫
𢈬
𢈭
𢈮
𢈯
𢈰
𢈱
𢈳
𢈴
𢈵
𢈶
𢈷
𢈸
𢈹
𢈺
𢈻
𢈼
𢈽
𢈾
𢈿
𢉀
𢉁
𢉂
𢉃
𢉄
𢉅
𢉆
𢉇
𢉈
𢉉
𢉊
𢉋
𢉌
𢉍
𢉎
𢉏
𢉐
𢉑
𢉒
𢉓
𢉔
𢉕
𢉗
𢉘
𢉙
𢉚
𢉛
𢉜
𢉝
𢉞
𢉟
𢉠
𢉡
𢉢
𢉣
𢉤
𢉥
𢉦
𢉧
𢉨
𢉩
𢉪
𢉫
𢉬
𢉭
𢉮
𢉯
𢉰
𢉱
𢉲
𢉳
𢉴
𢉵
𢉶
𢉷
𢉸
𢉹
𢉺
𢉻
𢉼
𢉽
𢉾
𢉿
𢊀
𢊁
𢊂
𢊃
𢊄
𢊅
𢊆
𢊇
𢊈
𢊉
𢊊
𢊋
𢊌
𢊍
𢊎
𢊏
𢊐
𢊑
𢊒
𢊓
𢊔
𢊕
𢊖
𢊗
𢊘
𢊙
𢊚
𢊛
𢊜
𢊝
𢊞
𢊟
𢊠
𢊡
𢊢
𢊣
𢊤
𢊥
𢊦
𢊧
𢊨
𢊩
𢊪
𢊫
𢊬
𢊭
𢊮
𢊯
𢊰
𢊱
𢊲
𢊳
𢊴
𢊵
𢊶
𢊷
𢊸
𢊹
𢊺
𢊻
𢊼
𢊽
𢊾
𢊿
𢋀
𢋁
𢋂
𢋃
𢋄
𢋅
𢋆
𢋇
𢋈
𢋉
𢋊
𢋋
𢋌
𢋍
𢋎
𢋏
𢋐
𢋑
𢋒
𢋓
𢋔
𢋕
𢋖
𢋗
𢋘
𢋙
𢋚
𢋛
𢋝
𢋞
𢋟
𢋠
𢋡
𢋢
𢋣
𢋤
𢋥
𢋦
𢋧
𢋨
𢋩
𢋪
𢋫
𢋬
𢋭
𢋮
𢋯
𢋰
𢋱
𢋲
𢋳
𢋴
𢋵
𢋶
𢋷
𢋸
𢋹
𢋺
𢋻
𢋼
𢋽
𢋾
𢋿
𢌀
𢌁
𢌂
𢌃
𢌄
𢌅
𢌆
𢌈
𢌉
𢌊
𢌋
𢌌
𢌍
𢌎
𢌏
𢌐
𢌑
𢌒
𢌓
𢌔
𢌕
𢌖
𪪌
𪪍
𪪎
𪪏
𪪐
𪪑
𪪒
𪪓
𪪔
𪪕
𪪖
𪪗
𪪘
𪪙
𪪚
𪪛
𪪜
𪪝
𪪞
𪪟
𪪠
𪪡
𪪢
𪪣
𪪤
𪪥
𪪦
𪪧
𪪨
𪪩
𪪪
𪪫
𫝶
𫝷
𫷥
𫷦
𫷧
𫷨
𫷩
𫷪
𫷫
𫷬
𫷭
𫷮
𫷯
𫷰
𫷱
𫷲
𫷳
𫷴
𫷵
𫷶
𫷷
𫷸
𫷹
𫷺
𫷻
𫷼
𫷽
𫷾
𫷿
𫸀
𫸁
𫸂
𫸃
𫸄
𫸅
𫸆
𫸇
𫸈
𫸉
𫸊
𫸋
𫸌
𫸍
𫸎
𫸏
𫸐
𭙍
𭙎
𭙏
𭙐
𭙑
𭙒
𭙓
𭙔
𭙕
𭙖
𭙗
𭙘
𭙙
𭙚
𭙛
𭙜
𭙝
𭙞
𭙟
𭙠
𭙡
𭙢
𭙣
𭙤
𭙥
𭙦
𭙧
𭙨
𭙩
𭙪
𭙫
𭙬
𭙭
𭙮
𭙯
𭙰
𭙱
𭙲
𭙳
𭙴
𭙵
𭙶
𭙷
𭙸
𭙹
𭙺
𭙻
𭙼
𭙽
𭙾
𭙿
𭚀
𭚁
𭚂
𭚃
𭚄
𭚅
𭚆
𭚇
𭚈
𭚉
𭚊
𭚋
𭚌
𭚍
𭚎
𭚏
𭚐
𭚑
㡼
庰
庳
庶
廊
𰏲
𰏳
𰏴
𰏵
𰏶
𰏷
𰏸
𰏹
𰏺
𰏻
𰏼
𰏽
𰏾
𰏿
𰐀
𰐁
𰐂
𰐃
𰐄
𰐅
𰐆
𱝃
𱝄
𱝅
𱝆
𱝇
𱝈
𱝉
𱝊
𱝋
𱝌
𱝍
𱝎
𱝏
𱝐