㐯
㑞
㑸
㑾
㒯
㓜
㔦
㕭
㕲
㘇
㙲
㚺
㛚
㜇
㜉
㜲
㝐
㝔
㞁
㞌
㟱
㟾
㡋
㢍
㢕
㣑
㦶
㦹
㨣
㨱
㨾
㩎
㪑
㫍
㫏
㫐
㬌
㯿
㱌
㲟
㴩
㴭
㵬
㷏
㷸
㹙
㹚
㹧
㺊
㺎
㺒
㻾
㼜
㼸
㽢
㽫
㿈
㿘
㿢
㿮
䁆
䁏
䁐
䁑
䁘
䁝
䁱
䃷
䄏
䅖
䆗
䆙
䆞
䇦
䈎
䈶
䊔
䋝
䋼
䌁
䌛
䍃
䍩
䎨
䑆
䑉
䑍
䑬
䒅
䒋
䔄
䕦
䖴
䖹
䗤
䗸
䙅
䙬
䚆
䚺
䚻
䞻
䠛
䡆
䡥
䢡
䣐
䤶
䦫
䧡
䧹
䨉
䨍
䪯
䫜
䬗
䬙
䬬
䬺
䭂
䭊
䭎
䭐
䭗
䭘
䭟
䭥
䮜
䯚
䱀
䱂
䱆
䱒
䳩
䴍
䴠
䵮
䵴
𠂵
𠆌
𠈖
𠈤
𠈪
𠉪
𠊶
𠍵
𠏈
𠕺
𠕻
𠛁
𠝟
𠠜
𠢃
𠢰
𠢴
𠣎
𠣑
𠤓
𠤸
𠪯
𠭲
𠭻
𠮳
𠳀
𠶺
𠹍
𠾅
𠿌
𡁊
𡂚
𡄖
𡄸
𡆩
𡇘
𡌝
𡓱
𡔏
𡕟
𡕯
𡕹
𡗌
𡚸
𡛙
𡝛
𡝩
𡟒
𡡂
𡢇
𡢗
𡢘
𡢵
𡢹
𡣍
𡣠
𡣡
𡥗
𡧮
𡯧
𡰃
𡰭
𡱟
𡶤
𡺯
𡻺
𡼍
𡽣
𡿷
𢀍
𢂊
𢄋
𢆲
𢆷
𢆽
𢈗
𢋇
𢏙
𢐥
𢐬
𢑂
𢑈
𢑉
𢝍
𢟣
𢢓
𢣙
𢥏
𢧳
𢭊
𢭌
𢱇
𢳘
𢵎
𢶜
𢹬
𢹭
𢺠
𢼝
𢽁
𢽕
𣃝
𣃳
𣄉
𣆄
𣇪
𣈟
𣉚
𣉫
𣊚
𣋋
𣋌
𣋓
𣋿
𣎩
𣏋
𣐫
𣓎
𣗹
𣙚
𣚕
𣣳
𣣵
𣤍
𣤣
𣤵
𣧕
𣨘
𣨚
𣩣
𣩨
𣩫
𣩯
𣴱
𣻌
𤂡
𤋁
𤌌
𤑷
𤑼
𤒂
𤒫
𤔘
𤕷
𤕿
𤚭
𤛑
𤜉
𤞢
𤟣
𤡀
𤢮
𤣎
𤤬
𤨭
𤪅
𤪎
𤫔
𤫺
𤫾
𤬇
𤬍
𤬐
𤬖
𤬶
𤮇
𤮲
𤰃
𤰆
𤰋
𤰎
𤳪
𤶪
𤸰
𤹥
𤻁
𤻈
𤻕
𤼡
𤾫
𤾴
𤾼
𥀨
𥁎
𥁒
𥂸
𥃧
𥃩
𥃺
𥃽
𥄀
𥉱
𥊹
𥌅
𥌉
𥌖
𥌺
𥌽
𥌾
𥍼
𥐑
𥑑
𥒞
𥠍
𥣘
𥤣
𥤹
𥥎
𥥝
𥧘
𥧟
𥧳
𥨭
𥬓
𥬴
𥬺
𥬻
𥮧
𥰜
𥳜
𥶺
𥷕
𥹱
𥻈
𦀕
𦃽
𦅥
𦆸
𦉥
𦍋
𦍕
𦍛
𦍲
𦏱
𦔃
𦔷
𦖽
𦛞
𦜽
𦝚
𦝫
𦟩
𦡈
𦡱
𦢖
𦢻
𦤘
𦤡
𦥟
𦥨
𦥵
𦥺
𦥼
𦦌
𦦞
𦨤
𦨬
𦩩
𦫂
𦭵
𦯧
𦰧
𦳝
𦴊
𦹁
𦹦
𦼴
𦾵
𦾺
𦾾
𧄎
𧊯
𧍔
𧍛
𧎼
𧒃
𧓲
𧕄
𧖇
𧗖
𧗴
𧜇
𧝸
𧠽
𧡷
𧡾
𧢢
𧥧
𧦇
𧦗
𧨶
𧪬
𧫛
𧭆
𧭓
𧭭
𧮆
𧯀
𧴄
𧴗
𧵌
𧷋
𧷽
𧺸
𧻹
𧽎
𨂁
𨃒
𨈼
𨉷
𨋽
𨍳
𨎔
𨎬
𨒫
𨓧
𨓨
𨓳
𨔚
𨖈
𨖌
𨖟
𨗽
𨘔
𨙂
𨙣
𨚙
𨜀
𨜏
𨟙
𨤂
𨧲
𨧿
𨬘
𨱝
𨱧
𨴭
𨶽
𨹈
𨼗
𨼘
𨽀
𨿳
𩀄
𩀘
𩀬
𩁒
𩆄
𩈏
𩉂
𩉇
𩊑
𩊟
𩋃
𩋊
𩋬
𩌋
𩍓
𩏔
𩏨
𩐱
𩑑
𩑴
𩓙
𩔜
𩖍
𩘏
𩘑
𩛤
𩛬
𩜳
𩜸
𩝉
𩝹
𩞭
𩟀
𩟷
𩡻
𩢒
𩤟
𩨴
𩩣
𩩼
𩪠
𩫃
𩫱
𩬗
𩬮
𩮠
𩳍
𩴨
𩸆
𩹅
𪃌
𪃾
𪄉
𪄼
𪅟
𪇉
𪇚
𪇛
𪇿
𪏌
𪐯
𪓛
𪓱
𪕫
𪚻
𪮲
𪻓
𫞂
𫞰
𫟒
𫠕
𬌲
𬎾
𬽃
𬽜
𭂎
𭄫
𭕉
𭘩
𭙶
𭧟
𭩠
𭱚
𭶂
𭸼
𭺸
𭺺
𭼸
𮄯
𮎦
𮎧
𮓞
𮗟
𮗠
𮨽