䇖
䇗
䇘
䇙
䇚
䇛
䇜
䇝
䇞
䇟
䇠
䇡
䇢
䇣
䇤
䇥
䇦
䇧
䇨
䇩
䇪
䇫
䇬
䇭
䇮
䇯
䇰
䇱
䇲
䇳
䇴
䇵
䇶
䇷
䇸
䇹
䇺
䇻
䇼
䇽
䇾
䇿
䈀
䈁
䈂
䈃
䈄
䈅
䈆
䈇
䈈
䈉
䈊
䈋
䈌
䈍
䈎
䈏
䈐
䈑
䈒
䈓
䈔
䈕
䈖
䈗
䈘
䈙
䈚
䈛
䈜
䈝
䈞
䈟
䈠
䈡
䈢
䈣
䈤
䈥
䈦
䈧
䈨
䈩
䈪
䈫
䈬
䈭
䈮
䈯
䈰
䈱
䈲
䈳
䈴
䈵
䈶
䈷
䈸
䈹
䈺
䈻
䈼
䈽
䈾
䈿
䉀
䉁
䉂
䉃
䉄
䉅
䉆
䉇
䉈
䉉
䉊
䉋
䉌
䉍
䉎
䉏
䉐
䉑
䉒
䉓
䉔
䉕
䉖
䉗
䉘
䉙
䉚
䉛
䉜
䉝
䉞
䉟
䉠
䉡
䉢
䉣
䉤
䉥
䉦
䉧
䉨
䉩
䉪
䉫
䉬
䉭
䉮
䉯
䉰
䉱
䉲
䉳
䉴
䉶
䉷
䉸
䉹
竻
竼
竽
竾
笀
笁
笃
笅
笇
笉
笌
笍
笎
笐
笒
笓
笔
笕
笖
笗
笚
笜
笝
笟
笡
笢
笣
笤
笧
笩
笪
笫
笭
笮
笯
笰
笱
笲
笴
笷
笸
笺
笻
笼
笽
笾
笿
筀
筁
筂
筃
筄
筇
筊
筎
筓
筕
筗
筘
筙
筚
筛
筜
筞
筟
筠
筡
筢
筣
筤
筦
筨
筩
筪
筫
筭
筯
筲
筳
筶
筷
筸
筹
筻
筼
筽
签
筿
简
箁
箂
箃
箄
箅
箈
箉
箊
箌
箎
箐
箑
箓
箖
箛
箞
箠
箢
箣
箤
箥
箦
箧
箨
箩
箫
箬
箮
箯
箰
箲
箳
箵
箶
箷
箹
箺
箻
箼
箽
箾
箿
篂
篃
篅
篈
篊
篍
篎
篐
篑
篒
篓
篔
篕
篖
篗
篘
篙
篚
篛
篜
篞
篟
篡
篢
篣
篧
篨
篪
篫
篬
篮
篯
篰
篱
篲
篴
篵
篸
篹
篺
篻
篼
篽
篾
篿
簁
簂
簃
簄
簅
簆
簈
簉
簊
簋
簌
簎
簏
簐
簕
簖
簘
簙
簚
簛
簜
簝
簞
簠
簢
簤
簥
簦
簨
簩
簬
簭
簮
簯
簰
簱
簲
簳
簴
簵
簶
簹
簺
簻
簼
籁
籂
籄
籅
籆
籇
籈
籉
籊
籋
籎
籑
籒
籓
籕
籗
籙
籚
籛
籜
籝
籞
籡
籢
籣
籦
籧
籨
籩
籪
籫
籭
籮
籯
籰
籱
籲
籠
簾
笠
節
節
𥳐
𥫗
𥫘
𥫙
𥫚
𥫛
𥫜
𥫝
𥫞
𥫟
𥫠
𥫡
𥫢
𥫣
𥫤
𥫥
𥫦
𥫧
𥫨
𥫩
𥫪
𥫫
𥫬
𥫭
𥫮
𥫯
𥫰
𥫱
𥫲
𥫳
𥫴
𥫵
𥫶
𥫷
𥫸
𥫹
𥫺
𥫻
𥫼
𥫽
𥫾
𥫿
𥬀
𥬁
𥬂
𥬃
𥬄
𥬅
𥬆
𥬇
𥬈
𥬉
𥬊
𥬋
𥬌
𥬍
𥬎
𥬏
𥬐
𥬑
𥬒
𥬓
𥬔
𥬕
𥬖
𥬗
𥬘
𥬙
𥬚
𥬛
𥬜
𥬝
𥬞
𥬟
𥬠
𥬡
𥬢
𥬣
𥬤
𥬥
𥬦
𥬧
𥬨
𥬩
𥬪
𥬫
𥬬
𥬭
𥬮
𥬯
𥬰
𥬱
𥬲
𥬳
𥬴
𥬵
𥬶
𥬷
𥬸
𥬹
𥬺
𥬻
𥬼
𥬽
𥬾
𥬿
𥭀
𥭁
𥭂
𥭃
𥭄
𥭅
𥭆
𥭇
𥭈
𥭉
𥭊
𥭋
𥭌
𥭍
𥭎
𥭏
𥭐
𥭑
𥭒
𥭓
𥭔
𥭕
𥭖
𥭗
𥭘
𥭙
𥭚
𥭛
𥭜
𥭝
𥭞
𥭟
𥭠
𥭡
𥭢
𥭣
𥭤
𥭥
𥭦
𥭧
𥭨
𥭩
𥭪
𥭫
𥭬
𥭭
𥭮
𥭯
𥭰
𥭱
𥭲
𥭳
𥭴
𥭵
𥭶
𥭷
𥭸
𥭹
𥭺
𥭻
𥭼
𥭽
𥭾
𥭿
𥮀
𥮁
𥮂
𥮃
𥮄
𥮅
𥮆
𥮇
𥮈
𥮉
𥮊
𥮋
𥮌
𥮍
𥮎
𥮏
𥮐
𥮑
𥮒
𥮓
𥮔
𥮕
𥮖
𥮗
𥮘
𥮙
𥮚
𥮛
𥮜
𥮝
𥮞
𥮟
𥮠
𥮡
𥮢
𥮣
𥮤
𥮥
𥮦
𥮧
𥮨
𥮩
𥮪
𥮫
𥮬
𥮭
𥮮
𥮯
𥮰
𥮱
𥮲
𥮳
𥮴
𥮵
𥮶
𥮷
𥮸
𥮹
𥮺
𥮻
𥮼
𥮽
𥮾
𥮿
𥯀
𥯁
𥯂
𥯃
𥯄
𥯅
𥯆
𥯇
𥯈
𥯉
𥯊
𥯋
𥯌
𥯍
𥯎
𥯏
𥯐
𥯑
𥯒
𥯓
𥯔
𥯕
𥯖
𥯗
𥯘
𥯙
𥯚
𥯛
𥯜
𥯝
𥯞
𥯟
𥯠
𥯡
𥯢
𥯣
𥯤
𥯥
𥯦
𥯧
𥯨
𥯩
𥯪
𥯫
𥯬
𥯭
𥯮
𥯯
𥯰
𥯱
𥯲
𥯳
𥯴
𥯵
𥯶
𥯷
𥯸
𥯹
𥯺
𥯻
𥯼
𥯽
𥯾
𥯿
𥰀
𥰁
𥰂
𥰃
𥰄
𥰅
𥰆
𥰇
𥰈
𥰉
𥰊
𥰋
𥰌
𥰍
𥰎
𥰏
𥰐
𥰑
𥰒
𥰓
𥰔
𥰕
𥰖
𥰗
𥰘
𥰙
𥰚
𥰛
𥰜
𥰝
𥰞
𥰟
𥰠
𥰡
𥰢
𥰣
𥰤
𥰥
𥰦
𥰧
𥰨
𥰩
𥰪
𥰫
𥰬
𥰭
𥰮
𥰯
𥰰
𥰱
𥰲
𥰳
𥰴
𥰵
𥰶
𥰷
𥰸
𥰹
𥰺
𥰻
𥰼
𥰽
𥰾
𥰿
𥱀
𥱁
𥱂
𥱃
𥱄
𥱅
𥱆
𥱇
𥱈
𥱉
𥱊
𥱋
𥱌
𥱍
𥱎
𥱏
𥱐
𥱑
𥱒
𥱓
𥱔
𥱕
𥱖
𥱗
𥱘
𥱙
𥱚
𥱛
𥱜
𥱝
𥱞
𥱟
𥱠
𥱡
𥱢
𥱣
𥱤
𥱥
𥱦
𥱧
𥱨
𥱩
𥱪
𥱫
𥱬
𥱭
𥱮
𥱯
𥱰
𥱱
𥱲
𥱳
𥱴
𥱵
𥱶
𥱷
𥱸
𥱹
𥱺
𥱻
𥱼
𥱽
𥱾
𥱿
𥲀
𥲁
𥲂
𥲃
𥲄
𥲅
𥲆
𥲇
𥲈
𥲉
𥲊
𥲋
𥲌
𥲍
𥲎
𥲏
𥲐
𥲑
𥲒
𥲓
𥲔
𥲕
𥲖
𥲗
𥲘
𥲙
𥲚
𥲛
𥲜
𥲝
𥲞
𥲟
𥲠
𥲡
𥲢
𥲣
𥲤
𥲥
𥲦
𥲧
𥲨
𥲩
𥲪
𥲫
𥲬
𥲭
𥲮
𥲯
𥲰
𥲱
𥲲
𥲳
𥲴
𥲵
𥲶
𥲷
𥲸
𥲹
𥲺
𥲻
𥲼
𥲽
𥲾
𥲿
𥳀
𥳁
𥳂
𥳃
𥳄
𥳅
𥳆
𥳇
𥳈
𥳉
𥳊
𥳋
𥳌
𥳍
𥳎
𥳏
𥳐
𥳑
𥳒
𥳓
𥳔
𥳕
𥳖
𥳗
𥳘
𥳙
𥳚
𥳛
𥳜
𥳝
𥳞
𥳟
𥳠
𥳡
𥳢
𥳣
𥳤
𥳥
𥳦
𥳧
𥳨
𥳩
𥳪
𥳫
𥳬
𥳭
𥳮
𥳯
𥳰
𥳱
𥳲
𥳳
𥳴
𥳵
𥳶
𥳷
𥳸
𥳹
𥳺
𥳻
𥳼
𥳽
𥳾
𥳿
𥴀
𥴁
𥴂
𥴃
𥴄
𥴅
𥴆
𥴇
𥴈
𥴉
𥴊
𥴋
𥴌
𥴍
𥴎
𥴏
𥴐
𥴑
𥴒
𥴓
𥴔
𥴕
𥴖
𥴗
𥴘
𥴙
𥴚
𥴛
𥴜
𥴝
𥴞
𥴟
𥴠
𥴡
𥴢
𥴣
𥴤
𥴥
𥴦
𥴧
𥴨
𥴩
𥴪
𥴫
𥴬
𥴭
𥴮
𥴯
𥴰
𥴱
𥴲
𥴳
𥴴
𥴵
𥴶
𥴷
𥴸
𥴹
𥴺
𥴻
𥴼
𥴽
𥴾
𥴿
𥵀
𥵁
𥵂
𥵃
𥵄
𥵅
𥵆
𥵇
𥵈
𥵉
𥵊
𥵋
𥵌
𥵍
𥵎
𥵏
𥵐
𥵑
𥵒
𥵓
𥵔
𥵕
𥵖
𥵗
𥵘
𥵙
𥵚
𥵛
𥵜
𥵝
𥵞
𥵟
𥵠
𥵡
𥵢
𥵣
𥵤
𥵥
𥵦
𥵧
𥵨
𥵩
𥵪
𥵫
𥵬
𥵭
𥵮
𥵯
𥵰
𥵱
𥵲
𥵳
𥵴
𥵵
𥵶
𥵷
𥵸
𥵹
𥵺
𥵻
𥵼
𥵽
𥵾
𥵿
𥶀
𥶁
𥶂
𥶃
𥶄
𥶅
𥶆
𥶇
𥶈
𥶉
𥶊
𥶋
𥶌
𥶍
𥶎
𥶏
𥶐
𥶑
𥶒
𥶓
𥶔
𥶕
𥶖
𥶗
𥶘
𥶙
𥶚
𥶛
𥶜
𥶝
𥶞
𥶟
𥶠
𥶡
𥶢
𥶣
𥶤
𥶥
𥶦
𥶧
𥶨
𥶩
𥶪
𥶫
𥶬
𥶭
𥶮
𥶯
𥶰
𥶱
𥶲
𥶳
𥶴
𥶵
𥶶
𥶷
𥶸
𥶹
𥶺
𥶻
𥶼
𥶽
𥶾
𥶿
𥷀
𥷁
𥷂
𥷃
𥷄
𥷅
𥷆
𥷇
𥷈
𥷉
𥷊
𥷋
𥷌
𥷍
𥷎
𥷏
𥷐
𥷑
𥷒
𥷓
𥷔
𥷕
𥷖
𥷗
𥷘
𥷙
𥷚
𥷛
𥷜
𥷝
𥷞
𥷟
𥷠
𥷡
𥷢
𥷣
𥷤
𥷥
𥷦
𥷧
𥷨
𥷩
𥷪
𥷫
𥷬
𥷭
𥷮
𥷯
𥷰
𥷱
𥷲
𥷳
𥷴
𥷵
𥷶
𥷷
𥷸
𥷹
𥷺
𥷻
𥷼
𥷽
𥷾
𥷿
𥸀
𥸁
𥸂
𥸃
𥸄
𥸅
𥸆
𥸇
𥸈
𥸉
𥸊
𥸋
𥸌
𥸍
𥸎
𥸏
𥸐
𥸑
𥸒
𥸓
𥸔
𥸕
𥸖
𥸗
𥸘
𥸙
𥸚
𥸛
𥸜
𥸝
𥸞
𥸟
𥸠
𥸡
𥸢
𥸣
𥸤
𫁰
𫁱
𫁲
𫁳
𫁴
𫁵
𫁶
𫁷
𫁸
𫁹
𫁺
𫁻
𫁼
𫁽
𫁾
𫁿
𫂀
𫂁
𫂂
𫂃
𫂄
𫂅
𫂆
𫂇
𫂈
𫂉
𫂊
𫂋
𫂌
𫂍
𫂎
𫂏
𫂐
𫂑
𫂒
𫂓
𫂔
𫂕
𫂖
𫂗
𫂘
𫂙
𫂚
𫂛
𫂜
𫂝
𫂞
𫂟
𫂠
𫂡
𫂢
𫂣
𫂤
𫂥
𫂦
𫂧
𫂨
𫂩
𫂪
𫂫
𫂬
𫂭
𫂮
𫂯
𫂰
𫞽
𫞾
𫞿
𬔬
𬔭
𬔮
𬔯
𬔰
𬔱
𬔲
𬔳
𬔴
𬔵
𬔶
𬔷
𬔸
𬔹
𬔺
𬔻
𬔼
𬔽
𬔾
𬔿
𬕀
𬕁
𬕂
𬕃
𬕄
𬕅
𬕆
𬕇
𬕈
𬕉
𬕊
𬕋
𬕌
𬕍
𬕎
𬕏
𬕐
𬕑
𬕒
𬕓
𬕔
𬕕
𬕖
𬕗
𬕘
𬕙
𬕚
𬕛
𬕜
𬕝
𬕞
𬕟
𬕠
𬕡
𬕢
𬕣
𬕤
𬕥
𬕦
𬕧
𬕨
𬕩
𬕪
𬕫
𬕬
𬕭
𬕮
𬕯
𬕰
𬕱
𬕲
𬕳
𬕴
𬕵
𬕶
𬕷
𬕸
𬕹
𬕺
𬕻
𬕼
𬕽
𬕾
𬕿
𬖀
𬖁
𬖂
𬖃
𬖄
𬖅
𬖆
𬖇
𬖈
𬖉
𬖊
𮅀
𮅁
𮅂
𮅃
𮅄
𮅅
𮅆
𮅇
𮅈
𮅉
𮅊
𮅋
𮅌
𮅍
𮅎
𮅏
𮅐
𮅑
𮅒
𮅓
𮅔
𮅕
𮅖
𮅗
𮅘
𮅙
𮅚
𮅛
𮅜
𮅝
𮅞
𮅟
𮅠
𮅡
𮅢
𮅣
𮅤
𮅥
𮅦
𮅧
𮅨
𮅩
𮅪
𮅫
𮅬
𮅭
𮅮
𮅯
𮅰
𮅱
𮅲
𮅳
𮅴
𮅵
𮅶
𮅷
𮅸
𮅹
𮅺
𮅻
𮅼
𮅽
𮅾
𮅿
𮆀
𮆁
𮆂
𮆃
𮆄
𮆅
𮆆
𮆇
𮆈
𮆉
𮆊
𮆋
𮆌
𮆍
𮆎
𮆏
𮆐
𮆑
𮆒
𮆓
𮆔
𮆕
𮆖
𮆗
𮆘
𮆙
𮆚
𮆛
𮆜
𮆝
𮆞
𮆟
𮆠
𮆡
𮆢
𮆣
𮆤
𮆥
𮆦
𮆧
𮆨
𮆩
𮆪
𮆫
𮆬
𮆭
𮆮
𮆯
𮆰
𮆱
𮆲
𮆳
𮆴
𮆵
𮆶
𮆷
𮆸
𮆹
𮆺
𮆻
𮆼
𮆽
𮆾
𮆿
𮇀
𮇁
𮇂
𮵫
𮵬
𮵭
𮵮
𮵯
𮵰
𮵱
𮵲
𮵳
𮵴
𮵵
𮵶
𮵷
𮵸
𮵹
䈂
𥮫
篆
築
䈧
𥲀
𰩬
𰩭
𰩮
𰩯
𰩰
𰩱
𰩲
𰩳
𰩴
𰩵
𰩶
𰩷
𰩸
𰩹
𰩺
𰩻
𰩼
𰩽
𰩾
𰩿
𰪀
𰪁
𰪂
𰪃
𰪄
𰪅
𰪆
𰪇
𰪈
𰪉
𰪊
𰪋
𰪌
𰪍
𰪎
𰪏
𰪐
𰪑
𰪒
𰪓
𰪔
𰪕
𰪖
𰪗
𰪘
𰪙
𰪚
𰪛
𰪜
𰪝
𰪞
𰪟
𰪠
𰪡
𰪢
𰪣
𰪤
𰪥
𱷮
𱷯
𱷰
𱷱
𱷲
𱷳
𱷴
𱷵
𱷶
𱷷
𱷸
𱷹
𱷺
𱷻
𱷼
𱷽
𱷾
𱷿
𱸀
𱸁
𱸂
𱸃
𱸄
𱸅
𱸆
𱸇
𱸈
𱸉
𱸊
𱸋
𱸌
𱸍
𱸎
𱸏
𱸐
𱸑
𱸒
𱸓
𱸔
𱸕
𱸖
𱸗
𱸘
𱸙
𱸚
𱸛
𱸜
𱸝
𱸞
𱸟
𱸠
𱸡
𱸢
𱸣
𱸤
𱸥
𱸦
𱸧
𱸨
𱸩
𱸪
𱸫
𱸬
𱸭
𱸮
𱸯
𱸰
𱸱
𱸲