㮡
㶡
㶢
㶣
㶤
㶥
㶦
㶧
㶨
㶩
㶪
㶫
㶬
㶭
㶮
㶯
㶰
㶱
㶲
㶳
㶴
㶵
㶶
㶷
㶸
㶹
㶺
㶻
㶼
㶽
㶾
㶿
㷁
㷂
㷃
㷄
㷅
㷆
㷇
㷈
㷉
㷊
㷋
㷌
㷍
㷎
㷏
㷐
㷑
㷒
㷓
㷕
㷖
㷗
㷘
㷙
㷚
㷛
㷜
㷝
㷞
㷟
㷠
㷡
㷢
㷣
㷤
㷥
㷦
㷧
㷨
㷩
㷪
㷫
㷬
㷭
㷮
㷯
㷰
㷱
㷲
㷳
㷴
㷵
㷶
㷷
㷸
㷹
㷺
㷻
㷼
㷽
㷾
㷿
㸀
㸁
㸂
㸃
㸄
㸆
㸇
㸈
㸉
㸊
㸋
㸌
㸍
㸎
㸏
㸐
㸑
灭
灱
灲
灳
灴
灷
灹
灺
灻
灿
炀
炂
炃
炄
炇
炈
炋
炌
炍
炏
炐
炑
炓
炔
炖
炘
炚
炛
炜
炝
炞
炠
炡
炢
炣
炥
炦
炧
炨
炩
炪
炰
炲
炴
炵
炶
炼
炽
炾
炿
烀
烁
烂
烃
烄
烅
烆
烇
烉
烌
烍
烎
烐
烒
烕
烖
烗
烚
烛
烞
烠
烡
烢
烣
烥
烦
烧
烨
烩
烪
烫
热
烮
烯
烰
烲
烳
烴
烵
烶
烷
烸
烺
烻
烼
烾
烿
焀
焁
焂
焅
焊
焋
焍
焎
焐
焑
焒
焓
焕
焖
焗
焘
焛
焝
焟
焢
焣
焤
焥
焧
焨
焩
焪
焬
焭
焲
焳
焴
焵
焷
焸
焹
焺
焻
焽
焾
焿
煀
煁
煂
煃
煄
煅
煈
煋
煍
煏
煔
煗
煘
煚
煛
煝
煟
煡
煣
煪
煫
煭
煯
煰
煱
煲
煳
煴
煵
煶
煷
煸
煹
煺
煻
煼
煾
煿
熁
熂
熃
熆
熉
熋
熌
熍
熎
熐
熑
熓
熗
熘
熚
熜
熝
熞
熡
熣
熤
熥
熦
熧
熩
熪
熫
熭
熰
熲
熴
熵
熶
熷
熸
熻
熼
熽
熿
燀
燂
燅
燆
燇
燊
燌
燍
燏
燑
燖
燘
燚
燛
燝
燞
燡
燢
燣
燤
燨
燩
燪
燫
燯
燰
燱
燲
燳
燴
燶
燷
燸
燺
燽
爁
爂
爃
爄
爅
爈
爉
爊
爋
爌
爎
爏
爑
爒
爓
爔
爖
爗
爘
爙
爚
爜
爝
爞
爟
爠
爡
爢
爣
爤
爥
爦
爧
爩
罴
荧
龦
龽
鿪
烙
爛
爐
煉
烈
燎
燐
炙
𤋮
煮
𤆂
𤆃
𤆄
𤆅
𤆆
𤆇
𤆈
𤆉
𤆊
𤆋
𤆌
𤆍
𤆎
𤆏
𤆐
𤆑
𤆒
𤆓
𤆔
𤆕
𤆖
𤆗
𤆘
𤆙
𤆚
𤆛
𤆜
𤆝
𤆞
𤆟
𤆠
𤆡
𤆢
𤆣
𤆤
𤆥
𤆦
𤆧
𤆨
𤆩
𤆪
𤆫
𤆬
𤆭
𤆮
𤆯
𤆰
𤆱
𤆲
𤆳
𤆴
𤆵
𤆶
𤆷
𤆸
𤆹
𤆺
𤆻
𤆼
𤆽
𤆾
𤆿
𤇀
𤇁
𤇂
𤇃
𤇄
𤇅
𤇇
𤇈
𤇉
𤇊
𤇋
𤇌
𤇍
𤇎
𤇏
𤇐
𤇑
𤇒
𤇓
𤇔
𤇕
𤇖
𤇗
𤇘
𤇙
𤇚
𤇛
𤇜
𤇝
𤇞
𤇟
𤇠
𤇡
𤇢
𤇣
𤇤
𤇥
𤇦
𤇧
𤇨
𤇩
𤇪
𤇫
𤇬
𤇭
𤇮
𤇯
𤇰
𤇱
𤇲
𤇳
𤇴
𤇵
𤇶
𤇷
𤇸
𤇹
𤇺
𤇻
𤇼
𤇽
𤇿
𤈀
𤈁
𤈂
𤈃
𤈄
𤈅
𤈆
𤈇
𤈈
𤈉
𤈊
𤈋
𤈌
𤈍
𤈎
𤈏
𤈐
𤈑
𤈒
𤈓
𤈔
𤈕
𤈖
𤈗
𤈘
𤈙
𤈚
𤈛
𤈜
𤈝
𤈞
𤈟
𤈠
𤈡
𤈢
𤈣
𤈤
𤈥
𤈦
𤈧
𤈨
𤈩
𤈪
𤈫
𤈬
𤈭
𤈮
𤈯
𤈰
𤈱
𤈲
𤈳
𤈴
𤈵
𤈶
𤈷
𤈸
𤈹
𤈺
𤈻
𤈼
𤈽
𤈾
𤈿
𤉀
𤉁
𤉂
𤉃
𤉄
𤉅
𤉆
𤉇
𤉈
𤉉
𤉊
𤉋
𤉌
𤉍
𤉎
𤉏
𤉐
𤉑
𤉒
𤉓
𤉔
𤉕
𤉖
𤉗
𤉘
𤉙
𤉚
𤉛
𤉜
𤉝
𤉞
𤉟
𤉠
𤉡
𤉢
𤉣
𤉤
𤉥
𤉦
𤉧
𤉨
𤉩
𤉪
𤉫
𤉬
𤉭
𤉮
𤉯
𤉰
𤉱
𤉲
𤉳
𤉴
𤉵
𤉶
𤉷
𤉸
𤉹
𤉺
𤉻
𤉼
𤉽
𤉾
𤉿
𤊀
𤊁
𤊂
𤊃
𤊄
𤊅
𤊆
𤊇
𤊈
𤊉
𤊊
𤊋
𤊌
𤊍
𤊎
𤊏
𤊐
𤊑
𤊒
𤊓
𤊔
𤊕
𤊖
𤊗
𤊘
𤊙
𤊚
𤊛
𤊜
𤊝
𤊞
𤊟
𤊠
𤊡
𤊢
𤊣
𤊤
𤊥
𤊦
𤊧
𤊨
𤊩
𤊪
𤊫
𤊬
𤊭
𤊮
𤊯
𤊰
𤊱
𤊲
𤊳
𤊴
𤊵
𤊶
𤊷
𤊸
𤊹
𤊺
𤊻
𤊼
𤊽
𤊾
𤊿
𤋀
𤋁
𤋂
𤋃
𤋄
𤋅
𤋆
𤋇
𤋈
𤋉
𤋊
𤋋
𤋌
𤋍
𤋎
𤋏
𤋐
𤋑
𤋒
𤋓
𤋔
𤋕
𤋖
𤋗
𤋘
𤋙
𤋚
𤋛
𤋜
𤋝
𤋞
𤋟
𤋠
𤋡
𤋢
𤋣
𤋤
𤋥
𤋦
𤋧
𤋨
𤋩
𤋪
𤋫
𤋬
𤋭
𤋮
𤋯
𤋰
𤋱
𤋲
𤋴
𤋵
𤋶
𤋷
𤋸
𤋹
𤋺
𤋻
𤋼
𤋽
𤋾
𤋿
𤌀
𤌁
𤌂
𤌃
𤌄
𤌅
𤌆
𤌇
𤌈
𤌉
𤌊
𤌋
𤌌
𤌍
𤌎
𤌏
𤌐
𤌑
𤌒
𤌓
𤌔
𤌕
𤌖
𤌗
𤌘
𤌙
𤌚
𤌛
𤌜
𤌝
𤌞
𤌟
𤌠
𤌡
𤌢
𤌣
𤌤
𤌥
𤌦
𤌧
𤌨
𤌩
𤌪
𤌫
𤌬
𤌭
𤌮
𤌯
𤌰
𤌱
𤌲
𤌳
𤌴
𤌵
𤌶
𤌷
𤌸
𤌹
𤌺
𤌻
𤌼
𤌽
𤌾
𤌿
𤍀
𤍁
𤍂
𤍃
𤍄
𤍅
𤍆
𤍇
𤍈
𤍉
𤍊
𤍋
𤍌
𤍍
𤍎
𤍏
𤍐
𤍑
𤍒
𤍓
𤍔
𤍕
𤍖
𤍗
𤍘
𤍙
𤍚
𤍛
𤍜
𤍝
𤍞
𤍟
𤍠
𤍡
𤍢
𤍣
𤍤
𤍥
𤍦
𤍧
𤍨
𤍩
𤍪
𤍫
𤍬
𤍭
𤍮
𤍯
𤍰
𤍱
𤍲
𤍳
𤍴
𤍵
𤍶
𤍷
𤍸
𤍹
𤍺
𤍻
𤍼
𤍽
𤍾
𤍿
𤎁
𤎃
𤎄
𤎅
𤎆
𤎇
𤎈
𤎉
𤎊
𤎋
𤎌
𤎍
𤎎
𤎏
𤎐
𤎑
𤎒
𤎓
𤎔
𤎕
𤎖
𤎗
𤎘
𤎙
𤎚
𤎛
𤎜
𤎝
𤎞
𤎟
𤎠
𤎡
𤎢
𤎣
𤎤
𤎥
𤎦
𤎧
𤎨
𤎩
𤎪
𤎫
𤎬
𤎭
𤎮
𤎯
𤎰
𤎱
𤎲
𤎳
𤎴
𤎵
𤎶
𤎷
𤎸
𤎹
𤎺
𤎻
𤎽
𤎾
𤎿
𤏀
𤏁
𤏂
𤏃
𤏄
𤏅
𤏆
𤏇
𤏈
𤏉
𤏊
𤏋
𤏌
𤏍
𤏎
𤏏
𤏐
𤏑
𤏒
𤏓
𤏔
𤏕
𤏖
𤏗
𤏘
𤏙
𤏚
𤏛
𤏜
𤏝
𤏞
𤏟
𤏡
𤏢
𤏣
𤏤
𤏥
𤏦
𤏧
𤏨
𤏩
𤏪
𤏫
𤏬
𤏭
𤏮
𤏯
𤏰
𤏱
𤏲
𤏳
𤏴
𤏵
𤏶
𤏷
𤏸
𤏹
𤏺
𤏻
𤏼
𤏽
𤏾
𤏿
𤐀
𤐁
𤐂
𤐃
𤐄
𤐅
𤐆
𤐇
𤐈
𤐉
𤐊
𤐋
𤐌
𤐍
𤐎
𤐏
𤐐
𤐑
𤐒
𤐓
𤐔
𤐕
𤐖
𤐗
𤐘
𤐙
𤐚
𤐛
𤐜
𤐝
𤐞
𤐟
𤐠
𤐡
𤐢
𤐣
𤐤
𤐥
𤐦
𤐧
𤐨
𤐩
𤐪
𤐫
𤐬
𤐭
𤐮
𤐯
𤐰
𤐱
𤐲
𤐳
𤐴
𤐵
𤐶
𤐷
𤐸
𤐹
𤐺
𤐻
𤐼
𤐽
𤐾
𤐿
𤑀
𤑁
𤑂
𤑄
𤑅
𤑆
𤑇
𤑈
𤑉
𤑊
𤑋
𤑌
𤑍
𤑎
𤑏
𤑐
𤑑
𤑒
𤑓
𤑔
𤑕
𤑖
𤑗
𤑘
𤑙
𤑚
𤑛
𤑜
𤑝
𤑞
𤑟
𤑠
𤑡
𤑢
𤑣
𤑤
𤑥
𤑦
𤑧
𤑨
𤑩
𤑪
𤑫
𤑬
𤑭
𤑮
𤑯
𤑰
𤑱
𤑲
𤑳
𤑴
𤑵
𤑶
𤑷
𤑸
𤑹
𤑺
𤑻
𤑼
𤑽
𤑾
𤑿
𤒀
𤒁
𤒂
𤒃
𤒄
𤒅
𤒆
𤒇
𤒈
𤒉
𤒊
𤒋
𤒌
𤒍
𤒎
𤒏
𤒐
𤒑
𤒒
𤒓
𤒔
𤒕
𤒖
𤒗
𤒘
𤒙
𤒚
𤒛
𤒜
𤒝
𤒞
𤒟
𤒠
𤒡
𤒢
𤒣
𤒤
𤒥
𤒦
𤒧
𤒨
𤒩
𤒪
𤒫
𤒬
𤒭
𤒮
𤒯
𤒰
𤒱
𤒲
𤒳
𤒴
𤒵
𤒶
𤒷
𤒸
𤒹
𤒺
𤒻
𤒼
𤒽
𤒾
𤒿
𤓀
𤓁
𤓂
𤓃
𤓄
𤓅
𤓆
𤓇
𤓈
𤓉
𤓊
𤓋
𤓌
𤓍
𤓎
𤓐
𤓑
𤓒
𤓓
𤓔
𤓕
𤓖
𤓗
𤓘
𤓙
𤓚
𤓛
𤓜
𤓝
𤓞
𤓠
𤓡
𤓢
𤓣
𤓤
𤓥
𤓦
𤓧
𤓨
𤓩
𤓪
𤓫
𤓬
𤓭
𤓮
𦦨
𪸍
𪸎
𪸏
𪸐
𪸑
𪸒
𪸓
𪸔
𪸕
𪸖
𪸗
𪸘
𪸙
𪸚
𪸛
𪸜
𪸝
𪸞
𪸟
𪸠
𪸡
𪸢
𪸣
𪸤
𪸥
𪸦
𪸧
𪸨
𪸩
𪸪
𪸫
𪸬
𪸭
𪸮
𪸯
𪸰
𪸱
𪸲
𪸳
𪸴
𪸵
𪸶
𪸷
𪸸
𪸹
𪸺
𪸻
𪸼
𪸽
𪸾
𪸿
𪹀
𪹁
𪹂
𪹃
𪹄
𪹅
𪹆
𪹇
𪹈
𪹉
𪹊
𪹋
𪹌
𪹍
𪹎
𪹏
𪹐
𪹑
𪹒
𪹓
𪹔
𪹕
𪹖
𪹗
𪹘
𪹙
𪹚
𪹛
𪹜
𪹝
𪹞
𪹟
𪹠
𪹡
𪹢
𪹣
𪹤
𪹥
𪹦
𪹧
𪹨
𪹩
𪹪
𪹫
𪹬
𪹭
𪹮
𪹯
𪹰
𪹱
𪹲
𪹳
𪹴
𪹵
𪹶
𪹷
𪹸
𪹹
𪹺
𪹻
𪹼
𪹽
𪹾
𪹿
𪺀
𪺁
𪺂
𪺃
𪺄
𪺅
𪺆
𪺇
𪺈
𪺉
𪺊
𪺋
𪺌
𫞟
𫞠
𫞡
𬉴
𬉵
𬉶
𬉷
𬉸
𬉹
𬉺
𬉻
𬉼
𬉽
𬉾
𬉿
𬊀
𬊁
𬊂
𬊃
𬊄
𬊅
𬊆
𬊇
𬊈
𬊉
𬊊
𬊋
𬊌
𬊍
𬊎
𬊏
𬊐
𬊑
𬊒
𬊓
𬊔
𬊕
𬊖
𬊗
𬊘
𬊙
𬊚
𬊛
𬊜
𬊝
𬊞
𬊟
𬊠
𬊡
𬊢
𬊣
𬊤
𬊥
𬊦
𬊧
𬊨
𬊩
𬊪
𬊫
𬊬
𬊭
𬊮
𬊯
𬊰
𬊱
𬊲
𬊳
𬊴
𬊵
𬊶
𬊷
𬊸
𬊹
𬊺
𬊻
𬊼
𬊽
𬊾
𬊿
𬋀
𬋁
𬋂
𬋃
𬋄
𬋅
𬋆
𬋇
𬋈
𬋉
𬋊
𬋋
𬋌
𬋍
𬋎
𬋏
𬋐
𬋑
𬋒
𬋓
𬋔
𬋕
𬋖
𬋗
𬋘
𬋙
𬋚
𬋛
𬋜
𬋝
𬋞
𬋟
𬋠
𬋡
𬋢
𬋣
𭳿
𭴀
𭴁
𭴂
𭴃
𭴄
𭴅
𭴆
𭴇
𭴈
𭴉
𭴊
𭴋
𭴌
𭴍
𭴎
𭴏
𭴐
𭴑
𭴒
𭴓
𭴔
𭴕
𭴖
𭴗
𭴘
𭴙
𭴚
𭴛
𭴜
𭴝
𭴞
𭴟
𭴠
𭴡
𭴢
𭴣
𭴤
𭴥
𭴦
𭴧
𭴨
𭴩
𭴪
𭴫
𭴬
𭴭
𭴮
𭴯
𭴰
𭴱
𭴲
𭴳
𭴴
𭴵
𭴶
𭴷
𭴸
𭴹
𭴺
𭴻
𭴼
𭴽
𭴾
𭴿
𭵀
𭵁
𭵂
𭵃
𭵄
𭵅
𭵆
𭵇
𭵈
𭵉
𭵊
𭵋
𭵌
𭵍
𭵎
𭵏
𭵐
𭵑
𭵒
𭵓
𭵔
𭵕
𭵖
𭵗
𭵘
𭵙
𭵚
𭵛
𭵜
𭵝
𭵞
𭵟
𭵠
𭵡
𭵢
𭵣
𭵤
𭵥
𭵦
𭵧
𭵨
𭵩
𭵪
𭵫
𭵬
𭵭
𭵮
𭵯
𭵰
𭵱
𭵲
𭵳
𭵴
𭵵
𭵶
𭵷
𭵸
𭵹
𭵺
𭵻
𭵼
𭵽
𭵾
𭵿
𭶀
𭶁
𭶂
𭶃
𭶄
𭶅
𭶆
𭶇
𭶈
𭶉
𭶊
𭶋
𭶌
𭶍
𭶎
𭶏
𭶐
𭶑
𭶒
𭶓
𭶔
𭶕
𭶖
𭶗
𭶘
𭶙
𭶚
𭶛
𭶜
𭶝
𭶞
𭶟
𭶠
𭶡
𭶢
𭶣
𭶤
𭶥
𭶦
𭶧
𭶨
𭶩
𮯳
𮳚
𮳛
𮳜
𮳝
𮳞
𮳟
𮳠
𮳡
𮳢
𮳣
𮳤
𮳥
𮳦
𮳧
𮳨
𮳩
𮳪
𮳫
𮳬
𮳭
𮳮
𮳯
𮳰
𮳱
𮳲
𮳳
𮳴
𮳵
𮳶
𮳷
𮳸
𮳹
灰
災
灷
炭
煅
𤉣
熜
𤎫
爨
𰝶
𰝷
𰝸
𰝹
𰝺
𰝻
𰝼
𰝽
𰝾
𰝿
𰞀
𰞁
𰞂
𰞃
𰞄
𰞅
𰞆
𰞇
𰞈
𰞉
𰞊
𰞋
𰞌
𰞍
𰞎
𰞏
𰞐
𰞑
𰞒
𰞓
𰞔
𰞕
𰞖
𰞗
𰞘
𰞙
𰞚
𰞛
𰞜
𰞝
𰞞
𰞟
𰞠
𰞡
𰞢
𰞣
𰞤
𰞥
𰞦
𰞧
𰞨
𰞩
𰞪
𰞫
𰞬
𰞭
𰞮
𰞯
𰞰
𰞱
𰞲
𰞳
𰞴
𰞵
𰞶
𰞷
𰞸
𰞹
𰞺
𰞻
𰞼
𰞽
𰞾
𰞿
𰟀
𰟁
𰟂
𰟃
𰟄
𰟅
𰟆
𰟇
𰟈
𰟉
𰟊
𰟋
𰟌
𰟍
𰟎
𰟏
𰟐
𰟑
𰟒
𰟓
𰟔
𰟕
𰟖
𰟗
𰟘
𰟙
𰟚
𰟛
𰟜
𰟝
𰟞
𰟟
𰟠
𰟡
𰟢
𰟣
𰟤
𰟥
𰟦
𰟧
𰟨
𰟩
𰟪
𰟫
𰟬
𰟭
𰟮
𰟯
𰟰
𰟱
𰟲
𰟳
𰟴
𰟵
𰟶
𰟷
𰟸
𰟹
𰟺
𰟻
𱪡
𱪢
𱪣
𱪤
𱪥
𱪦
𱪧
𱪨
𱪩
𱪪
𱪫
𱪬
𱪭
𱪮
𱪯
𱪰
𱪱
𱪲
𱪳
𱪴
𱪵
𱪶
𱪷
𱪸
𱪹
𱪺
𱪻
𱪼
𱪽
𱪾
𱪿
𱫀
𱫁
𱫂
𱫃
𱫄
𱫅
𱫆
𱫇
𱫈
𱫉
𱫊
𱫋
𱫌
𱫍
𱫎
𱫏
𱫐
𱫑
𱫒
𱫓
𱫔
𱫕
𱫖
𱫗
𱫘
𱫙
𱫚
𱫛
𱫜
𱫝
𱫞
𱫟
𱫠
𱫡
𱫢
𱫣
𱫤
𱫥
𱫦
𱫧
𱫨
𱫩
𱫪
𱫫
𱫬
𱫭
𱫮
𱫯
𱫰
𱫱
𱫲
𱫳
𱫴
𱫵
𱫶
𱫷
𱫸
𱫹
𱫺
𱫻
𱫼
𱫽
𱫾
𱫿
𱬀
𱬁
𱬂
𱬃
𱬄
𱬅
𱬆
𱬇
𱬈
𱬉
𱬊
𱬋
𱬌
𱬍
𱬎
𱬏
𱬐
𱬑
𱬒
𱬓
𱬔
𱬕
𱬖
𱬗
𱬘
𱬙
𱬚
𱬛
𱬜
𱬝
𱬞
𱬟
𱬠
𱬡
𱬢
𱬣
𱬤
𱬥
𱬦
𱬧
𱬨
𱬩
𱬪
𱬫
𱬬
𱬭
𱬮
𱬯
𱬰
𱬱
𱬲
𱬳
𲕹
𲨐
𲫍
𲫎
𲫏
𲫐
𲫑
𲫒
𲫓
𲫔
𲫕
𲫖
𲫗
𲫘
𲫙
𲫚
𲫛
𲫜
𲫝
𲫞
𲫟
𲫠
𲫡
𲫢
𲫣
𲫤
𲫥
𲫦
𲫧
𲫨
𲫩
𲫪
𲫫
𲫬
𲫭
𲫮
𲫯
𲫰
𲫱
𲫲
𲫳
𲫴
𲫵
𲫶
𲫷
𲫸
𲫹
𲫺
𲫻
𲫼
𲫽
𲫾
𲫿
𲬀
𲬁
𲬂
𲬃
𲬄
𲬅
𲬆
𲬇
𲬈
𲬉
𲬊
𲬋
𲬌
𲬍
𲬎
𲬏
𲬐
𲬑
𲬒
𲬓
𲬔
𲬕
𲬖
𲬗
𲬘
𲬙
𲬚
𲬛
𲬜
𲬝
𲬞
𲬟
𲬠
𲬡
𲬢
𲬣
𲬤
𲬥
𲬦
𲬧
𲬨
𲬩
𲬪
𲬫
𲬬
𲬭
𲬮
𲬯
𲬰
𲬱
𲬲
𲬳
𲬴
𲬵
𲬶
𲬷
𲬸
𲬹
𲬺
𲷐
𲽄