㠲
㠳
㠴
㠵
㠷
㠸
㠹
㠺
㠻
㠼
㠽
㠾
㠿
㡁
㡂
㡃
㡄
㡅
㡆
㡇
㡈
㡉
㡊
㡋
㡌
㡍
㡎
㡏
㡐
㡑
㡒
㡓
㡔
㡕
㡖
㡗
㡘
㡙
㡚
㡛
㡝
㡞
㡟
㡠
㡢
㡣
㡤
㡥
㡦
㡧
㡨
㡩
㡪
巿
币
帄
帅
帇
师
帉
帊
帍
帎
帏
帐
帓
帗
帜
帞
帠
帡
帢
帣
帤
带
帧
帨
帩
帪
帬
帱
帲
帴
帵
帹
帺
帻
帼
帿
幁
幂
幆
幈
幊
幋
幍
幏
幑
幒
幓
幙
幚
幛
幜
幝
幠
幥
幦
幧
幨
幩
幪
幯
幰
幱
𢁒
𢁓
𢁔
𢁕
𢁖
𢁗
𢁘
𢁙
𢁚
𢁛
𢁜
𢁝
𢁞
𢁟
𢁠
𢁡
𢁢
𢁣
𢁤
𢁥
𢁦
𢁧
𢁨
𢁩
𢁪
𢁫
𢁬
𢁭
𢁮
𢁯
𢁰
𢁱
𢁲
𢁳
𢁴
𢁵
𢁶
𢁷
𢁸
𢁹
𢁺
𢁻
𢁼
𢁽
𢁾
𢁿
𢂀
𢂁
𢂂
𢂃
𢂄
𢂅
𢂆
𢂇
𢂈
𢂉
𢂊
𢂋
𢂌
𢂍
𢂎
𢂏
𢂐
𢂑
𢂒
𢂓
𢂔
𢂕
𢂖
𢂗
𢂘
𢂙
𢂚
𢂛
𢂜
𢂝
𢂞
𢂟
𢂠
𢂡
𢂢
𢂣
𢂤
𢂥
𢂦
𢂧
𢂨
𢂩
𢂪
𢂫
𢂬
𢂭
𢂮
𢂯
𢂰
𢂱
𢂲
𢂳
𢂴
𢂵
𢂶
𢂷
𢂸
𢂹
𢂺
𢂻
𢂼
𢂽
𢂾
𢂿
𢃀
𢃁
𢃂
𢃃
𢃄
𢃅
𢃆
𢃇
𢃈
𢃉
𢃊
𢃋
𢃌
𢃍
𢃎
𢃏
𢃐
𢃑
𢃒
𢃓
𢃔
𢃕
𢃖
𢃗
𢃘
𢃙
𢃚
𢃛
𢃜
𢃝
𢃞
𢃟
𢃠
𢃡
𢃢
𢃣
𢃤
𢃥
𢃦
𢃧
𢃨
𢃩
𢃪
𢃫
𢃬
𢃭
𢃮
𢃯
𢃰
𢃱
𢃲
𢃳
𢃴
𢃵
𢃶
𢃷
𢃸
𢃹
𢃺
𢃻
𢃼
𢃽
𢃾
𢃿
𢄀
𢄁
𢄂
𢄃
𢄄
𢄅
𢄆
𢄇
𢄈
𢄉
𢄊
𢄋
𢄌
𢄍
𢄎
𢄏
𢄐
𢄑
𢄒
𢄓
𢄔
𢄕
𢄖
𢄗
𢄘
𢄙
𢄚
𢄛
𢄜
𢄝
𢄞
𢄟
𢄠
𢄡
𢄢
𢄣
𢄤
𢄥
𢄦
𢄧
𢄨
𢄩
𢄪
𢄫
𢄬
𢄭
𢄮
𢄯
𢄰
𢄱
𢄲
𢄳
𢄴
𢄵
𢄶
𢄷
𢄸
𢄹
𢄺
𢄻
𢄼
𢄽
𢄾
𢄿
𢅀
𢅁
𢅂
𢅃
𢅄
𢅅
𢅆
𢅇
𢅈
𢅉
𢅊
𢅋
𢅌
𢅍
𢅎
𢅏
𢅐
𢅑
𢅒
𢅓
𢅔
𢅕
𢅖
𢅗
𢅘
𢅙
𢅚
𢅛
𢅜
𢅝
𢅞
𢅟
𢅠
𢅡
𢅢
𢅣
𢅤
𢅥
𢅦
𢅧
𢅨
𢅩
𢅪
𢅫
𢅬
𢅭
𢅮
𢅯
𢅰
𢅱
𢅲
𢅳
𢅴
𢅵
𢅶
𢅷
𢅸
𢅹
𢅺
𢅼
𢅽
𢅾
𢅿
𢆀
𢆁
𢆂
𢆃
𢆄
𢆅
𢆆
𢆇
𢆈
𪩲
𪩳
𪩴
𪩵
𪩶
𪩷
𪩸
𪩹
𪩺
𪩻
𪩼
𪩽
𪩾
𪩿
𪪀
𫶽
𫶾
𫶿
𫷀
𫷁
𫷂
𫷃
𫷄
𫷅
𫷆
𫷇
𫷈
𫷉
𫷊
𫷋
𫷌
𫷍
𫷎
𫷏
𫷐
𫷑
𫷒
𫷓
𭘑
𭘒
𭘓
𭘔
𭘕
𭘖
𭘗
𭘘
𭘙
𭘚
𭘛
𭘜
𭘝
𭘞
𭘟
𭘠
𭘡
𭘢
𭘣
𭘤
𭘥
𭘦
𭘧
𭘨
𭘩
𭘪
𭘫
𭘬
𭘭
𭘮
𭘯
𭘰
𭘱
𭘲
𭘳
𭘴
𭘵
𭘶
𭘷
𭘸
𭘹
𭘺
𭘻
𭘼
𭘽
𮱳
帨
帽
幩
㡢
𢆃
𰏑
𰏒
𰏓
𰏔
𰏕
𰏖
𰏗
𰏘
𰏙
𰏚
𰏛
𰏜
𰏝
𰏞
𰏟
𰏠
𰏡
𱜡
𱜢
𱜣
𱜤
𱜥
𱜦
𱜧
𱜨
𱜩
𱜪
𱜫
𱜬
𱜭
𱜮
𱜯
𱜰
𱜱
𱜲
𱜳
𱜴
𱜵
𱜶
𱜷
𱜸
𱜹
𱜺
𱜻
𱜼