㕔
㚁
㶞
㶟
㺧
㽋
㿚
㿛
䂎
䃺
䉶
䌯
䌰
䌱
䌲
䍦
䕽
䕾
䙮
䙯
䟑
䠯
䡼
䢲
䤗
䤘
䥵
䥶
䥷
䨷
䩏
䪉
䫵
䫶
䬟
䭥
䮺
䮻
䮼
䯥
䰏
䰐
䰑
䰒
䰯
䰰
䲐
䲑
䲒
䲓
䲔
䲕
䴈
䴉
䴊
䴋
䴙
䴪
䴫
䵄
䵐
䵱
䵹
䵻
䵼
䶠
䶡
䶢
儾
孎
屭
巙
攭
斖
曭
欓
欔
灟
灠
爣
爤
瓛
瓥
矕
矖
矙
礸
礹
穲
穳
籪
纗
羉
艭
虂
虆
虈
虉
蠵
蠷
蠺
衋
襸
襹
襻
讑
贜
躝
躟
躤
醽
醾
醿
釂
鑨
鑩
鑬
鑮
雥
雦
靃
靅
韇
韥
饝
驝
驞
鬡
鱞
鱡
鱢
鱤
鱦
鱯
鷫
鷾
鷿
鸀
鸁
鸃
鸄
鸅
鸆
鸈
鸉
鸌
鸏
鸒
麠
鼞
齳
齴
齹
鿛
鷺
靈
𠆟
𠑰
𠓗
𠓘
𠓙
𠚢
𠠯
𠫏
𠮗
𠮘
𡅹
𡅺
𡅻
𡅼
𡅽
𡅾
𡅿
𡆀
𡆁
𡆂
𡆃
𡆄
𡆅
𡔏
𡔐
𡔑
𡔒
𡔓
𡔔
𡔕
𡚣
𡚤
𡤮
𡤯
𡤰
𡤱
𡤲
𡤳
𡬍
𡬏
𡬐
𡳻
𡿔
𡿕
𡿖
𡿗
𡿘
𡿙
𡿚
𡿛
𡿜
𢀎
𢆃
𢆄
𢆅
𢆆
𢌒
𢑋
𢥻
𢥼
𢥽
𢥾
𢥿
𢦀
𢦁
𢦂
𢺞
𢺟
𢺠
𢺡
𢺢
𢺣
𢺤
𢺥
𢺦
𢺧
𢺨
𢺩
𢺪
𢺫
𣄪
𣌗
𣌘
𣌙
𣌚
𣌛
𣍚
𣎲
𣡋
𣡌
𣡍
𣡎
𣡏
𣡐
𣡑
𣡒
𣡓
𣡔
𣡕
𣡖
𣡗
𣡘
𣡙
𣡚
𣡛
𣡜
𣡝
𣤾
𣦳
𣦴
𣫦
𣫧
𣫨
𤅠
𤅡
𤅢
𤅣
𤅤
𤅥
𤅦
𤅧
𤅨
𤓗
𤓘
𤓙
𤓚
𤓛
𤓟
𤕋
𤜔
𤜕
𤣟
𤣠
𤣡
𤣢
𤫠
𤫡
𤬢
𤮶
𤴅
𤼘
𤼙
𤼚
𤼛
𤿀
𤿁
𤿂
𤿃
𥀹
𥀺
𥃚
𥃛
𥃜
𥃝
𥍏
𥍐
𥍑
𥍒
𥗴
𥗵
𥗶
𥗷
𥗸
𥜴
𥜵
𥝋
𥤓
𥤔
𥤕
𥤖
𥩌
𥩍
𥩏
𥩐
𥩑
𥫔
𥷨
𥷩
𥷪
𥷫
𥷬
𥷭
𥷮
𥷯
𥷰
𥷱
𥷲
𥷳
𥷴
𥷵
𥷶
𥷷
𥷸
𥷹
𥷺
𥷻
𥽱
𥽲
𥽳
𥽴
𥽵
𦇰
𦇱
𦇲
𦇳
𦇴
𦇵
𦇶
𦇷
𦇹
𦉥
𦉦
𦌾
𦌿
𦍀
𦍁
𦍂
𦍃
𦍄
𦍅
𦏬
𦒰
𦓣
𦔫
𦔬
𦘏
𦣑
𦣒
𦣓
𦣔
𦣕
𦤱
𦦼
𦨄
𧅖
𧅗
𧅘
𧅙
𧅚
𧅛
𧅜
𧅝
𧅞
𧅟
𧅠
𧅡
𧅢
𧅣
𧅤
𧅥
𧅦
𧅧
𧅨
𧅩
𧅪
𧅫
𧅬
𧅭
𧕓
𧕛
𧕜
𧕝
𧕞
𧕟
𧕠
𧕡
𧕢
𧕣
𧕤
𧕥
𧕦
𧕧
𧕨
𧕩
𧕪
𧕫
𧕬
𧕭
𧕮
𧟌
𧟍
𧟎
𧟏
𧢢
𧢣
𧢤
𧢥
𧥓
𧥔
𧮅
𧮆
𧮇
𧮈
𧮉
𧮊
𧮋
𧮌
𧮍
𧮎
𧮏
𧮐
𧰠
𧲘
𧲙
𧴢
𧹈
𧹉
𧹊
𧹋
𧾮
𧾯
𨇤
𨇥
𨇦
𨇧
𨇨
𨇩
𨇪
𨇫
𨇬
𨇭
𨏩
𨏪
𨏫
𨏬
𨏭
𨏮
𨏯
𨏰
𨏱
𨏲
𨑀
𨙤
𨙥
𨣾
𨣿
𨤀
𨤁
𨤂
𨯝
𨯞
𨯟
𨯠
𨯡
𨯢
𨯣
𨯤
𨯥
𨯦
𨯧
𨯨
𨯩
𨯪
𨯫
𨯬
𨯭
𨯮
𨯰
𨯱
𨯲
𨯳
𨯴
𨯵
𨯶
𨯷
𨯸
𨯹
𨳂
𨳃
𨷦
𨷧
𨷨
𨷩
𨷪
𨷫
𨷬
𨷭
𨷮
𨷶
𩁧
𩁨
𩁩
𩁪
𩁫
𩆭
𩆮
𩆯
𩆰
𩆱
𩆲
𩆳
𩆴
𩇤
𩉑
𩉒
𩍲
𩍳
𩍴
𩍵
𩍶
𩍷
𩏲
𩏳
𩑈
𩕾
𩕿
𩖀
𩖁
𩖂
𩖃
𩖄
𩖅
𩙑
𩙒
𩙓
𩙔
𩙕
𩟭
𩟮
𩟯
𩟰
𩟱
𩟲
𩟳
𩟴
𩟵
𩠷
𩦶
𩦷
𩦸
𩦹
𩦺
𩦻
𩦼
𩦽
𩦾
𩦿
𩧀
𩧁
𩪲
𩪳
𩪴
𩪵
𩪶
𩫫
𩫬
𩯦
𩯧
𩯨
𩯩
𩯪
𩯫
𩯬
𩯭
𩯮
𩯯
𩰜
𩰝
𩰞
𩱠
𩱡
𩱢
𩱣
𩴺
𩴻
𩴼
𩴽
𩴾
𩼂
𩼃
𩼄
𩼅
𩼆
𩼇
𩼈
𩼉
𩼊
𩼋
𩼌
𩼍
𩼎
𩼏
𩼐
𩼑
𩼒
𩼓
𩼔
𩼕
𩼖
𩼗
𩼘
𩼙
𩼚
𩼛
𩼜
𩼝
𩼞
𩼟
𩼠
𩼡
𩼢
𩼣
𩼤
𪆬
𪆮
𪆯
𪆰
𪆱
𪆲
𪆳
𪆴
𪆵
𪆶
𪆷
𪆸
𪆹
𪆺
𪆻
𪆼
𪆽
𪆾
𪆿
𪇀
𪇁
𪇂
𪇃
𪇄
𪇅
𪇆
𪇇
𪇈
𪇉
𪇊
𪇋
𪇌
𪇍
𪇎
𪇏
𪇐
𪊃
𪊄
𪊅
𪋪
𪋫
𪋬
𪋭
𪍸
𪍹
𪍺
𪍻
𪍼
𪍽
𪍾
𪎰
𪏧
𪏨
𪏩
𪐐
𪒘
𪒙
𪒚
𪒛
𪒜
𪒝
𪒞
𪒟
𪒠
𪒡
𪒢
𪒣
𪒤
𪒥
𪒦
𪒧
𪒨
𪓹
𪔯
𪔰
𪔱
𪔲
𪕿
𪖀
𪖁
𪖂
𪖃
𪖄
𪖳
𪖴
𪖵
𪘹
𪘺
𪘻
𪘼
𪘽
𪘾
𪘿
𪙀
𪙁
𪙂
𪙃
𪙄
𪙅
𪙆
𪙇
𪙈
𪛀
𪢦
𪢧
𪧶
𪯟
𪱔
𪱰
𪴤
𪴥
𪴴
𪸌
𪺉
𪼲
𪾝
𫀤
𫂮
𫊘
𫊙
𫊚
𫍔
𫍕
𫍖
𫓝
𫓞
𫓟
𫔕
𫕵
𫕶
𫖐
𫖩
𫗆
𫗻
𫘙
𫙽
𫙾
𫙿
𫚀
𫚁
𫛖
𫠎
𫠛
𫤕
𫨥
𫬽
𫬾
𫬿
𫴨
𫴪
𫸏
𫸐
𫿫
𫿬
𬅕
𬅖
𬅗
𬅘
𬉰
𬍎
𬎞
𬎟
𬑬
𬒫
𬖇
𬗂
𬘒
𬛡
𬛫
𬜂
𬟦
𬠺
𬣖
𬧜
𬪥
𬬜
𬬝
𬬞
𬯩
𬯷
𬱐
𬴣
𬴱
𬴹
𬵰
𬵴
𬶹
𬷴
𬷵
𬷶
𬸴
𬹫
𭀕
𭍆
𭍇
𭍈
𭍉
𭍊
𭍋
𭍍
𭐐
𭐜
𭒴
𭕽
𭗹
𭚑
𭟨
𭟩
𭠌
𭨓
𭨔
𭩗
𭯅
𭳺
𭳻
𭶩
𭺖
𭼺
𭿳
𭿴
𮂩
𮂪
𮂫
𮃶
𮃷
𮆾
𮉛
𮉝
𮉞
𮌀
𮎀
𮓔
𮓕
𮕗
𮕘
𮕙
𮗋
𮙈
𮜬
𮜾
𮟨
𮡣
𮣦
𮣨
𮣩
𮣪
𮤩
𮥳
𮦂
𮦽
𮨢
𮨣
𮨤
𮩙
𮪛
𮫘
𮬔
𮬕
𮭗
𮭘
𮮓
𮱛
𮵹
𡬘
㱎
𦌾
贛
𨯺
𰍤
𰟻
𰠉
𰠊
𰩫
𰳦
𰷰
𰿊
𱁩
𱃐
𱄷
𱄸
𱆉
𱆑
𱆠
𱆡
𱇂
𱈚
𱈛
𱈜
𱈾
𱈿
𱉀
𱉁
𱉂
𱋺
𱌟
𱌠
𱌡
𱍉
𱑾
𱕴
𱕵
𱕶
𱕷
𱘝
𱜝
𱢼
𱢽
𱪚
𱪛
𱪜
𱪝
𱮰
𱮱
𱲡
𱲢
𱷡
𱷢
𱸱
𱻖
𱼱
𱽆
𱿗
𲀓
𲀔
𲂸
𲄑
𲄒
𲄓
𲄔
𲄱
𲇬
𲋍
𲌰
𲍁
𲍂
𲍧
𲎡
𲎫