㒟
㒠
㒯
㔐
㔧
㘉
㘊
㘋
㘌
㘍
㘎
㘏
㙻
㙼
㙽
㚍
㜰
㜱
㝰
㠝
㠞
㠟
㦚
㦛
㦝
㦞
㦟
㦡
㦢
㩠
㩡
㩢
㩣
㩤
㩥
㩦
㩧
㩨
㩩
㩪
㩫
㪫
㪬
㬣
㬤
㬥
㬦
㬧
㬨
㯷
㯸
㯹
㯺
㯻
㯼
㯽
㱘
㲊
㲯
㲰
㵽
㵾
㵿
㶀
㶁
㶂
㶃
㸄
㸤
㹗
㹘
㺠
㻾
㼂
㼕
㽆
㽇
㽫
㽬
㿋
㿌
㿍
㿎
㿏
㿐
㿹
䁴
䁵
䁶
䁷
䁸
䁹
䁺
䃩
䃪
䃫
䃬
䃭
䃮
䃯
䄠
䄡
䆁
䆂
䆃
䆄
䆅
䆆
䆇
䆼
䆽
䇔
䉈
䉉
䉊
䉋
䉌
䉍
䉎
䉐
䉑
䉒
䉓
䉔
䉕
䉖
䉗
䉘
䉙
䉚
䉣
䊣
䊤
䊥
䊦
䊧
䊨
䊩
䌖
䌗
䌘
䌙
䌚
䌛
䍣
䍻
䍼
䎖
䎗
䎘
䎰
䏈
䑂
䑃
䑄
䑅
䑑
䒆
䒇
䒈
䒎
䒏
䔼
䕒
䕓
䕔
䕕
䕖
䕗
䕘
䕙
䕚
䕛
䕜
䕝
䖚
䖛
䗯
䗰
䗱
䗲
䗳
䙞
䙟
䙠
䙡
䙢
䙣
䚍
䚎
䚧
䜃
䜄
䜅
䜆
䜇
䜈
䜉
䜊
䜨
䜱
䝏
䝡
䝢
䞇
䟁
䟂
䟃
䟄
䟅
䟆
䠞
䠟
䠠
䠡
䠢
䡫
䡬
䡭
䡮
䡯
䡰
䡱
䢯
䢰
䤍
䤽
䤾
䤿
䥀
䥁
䥂
䥃
䥄
䥅
䥆
䥇
䦂
䨃
䨥
䨦
䨧
䨨
䨪
䩯
䩰
䩱
䩲
䩳
䩴
䩵
䪖
䪗
䪘
䪭
䫔
䫕
䫖
䫗
䫘
䫙
䫚
䫛
䫜
䫝
䬑
䬒
䬓
䬔
䬕
䬖
䬗
䬡
䭈
䭉
䭊
䭋
䭌
䭍
䭎
䭏
䭭
䮓
䮔
䮕
䮖
䮗
䮘
䮙
䮚
䮛
䯛
䯜
䯽
䯾
䯿
䰀
䰁
䰂
䰃
䰤
䰥
䰦
䰧
䱏
䱐
䱑
䱒
䱓
䱔
䱕
䱖
䱗
䱘
䲤
䳕
䳖
䳗
䳘
䳙
䳚
䳛
䳜
䴛
䴦
䴶
䴷
䴸
䵋
䵤
䵥
䵦
䵧
䵶
䵽
䵾
䵿
䶄
䶊
䶋
䶔
儭
儮
儯
儱
冁
嚖
嚗
嚘
嚛
嚜
嚟
嚡
嚣
嚤
壝
夑
奰
嬸
嬻
嬼
屪
巀
巂
廫
彞
懖
懘
懪
懫
懬
懮
懰
懳
擪
擵
擸
擹
擼
攂
攆
斔
旞
曘
曞
檭
檯
檰
檱
檲
檵
檶
檷
檹
檺
檼
檾
檿
櫀
櫄
櫅
櫇
櫈
櫉
櫊
櫎
櫒
櫗
櫙
櫡
櫭
歞
濷
濽
瀂
瀃
瀈
瀌
瀍
瀐
瀒
瀓
瀔
瀢
燸
燺
燽
爁
爃
爄
爌
爗
犡
獶
璶
璸
璼
璾
瓀
瓋
瓍
甖
疅
癏
癐
癑
癓
癔
癗
癙
癚
癛
癝
癞
皽
盫
瞺
瞾
矀
矁
矂
矆
矱
礆
礉
礊
礋
礌
礏
礓
礔
礕
礖
礚
礞
礠
礡
禲
穥
竆
竵
篽
簙
簚
簛
簜
簝
簢
簤
簥
簨
簩
簭
簮
簯
簰
簲
糣
糤
糥
糨
繎
繏
繐
繑
繓
繗
繘
繛
繜
繟
繠
繢
繣
繥
繨
繱
繸
罈
罉
羀
羳
羴
羵
翷
翸
耭
耮
臎
臐
艞
艥
藖
藚
藛
藞
藠
藢
藣
藧
藨
藫
藯
藰
藲
藳
藴
藵
藸
虩
蟔
蟗
蟘
蟙
蟚
蟛
蟜
蟡
蟢
蟤
蟧
蟨
蟩
蟮
蟱
蟳
蟴
蟼
蟽
蠂
蠄
蠇
襗
襘
襙
襛
襜
襝
襡
覱
觵
謣
謤
謥
謪
謮
謯
謱
謲
謴
謵
謶
謺
謻
謼
譀
譇
豂
豃
豴
豵
貗
賿
贀
贁
贂
贃
趩
趪
蹖
蹗
蹘
蹚
蹛
蹜
蹝
蹞
蹡
蹦
蹧
蹩
躀
躿
軁
轇
轈
辬
邋
鄨
酀
酂
醥
醦
醧
醩
鎉
鎊
鎍
鎎
鎐
鎑
鎒
鎓
鎕
鎘
鎙
鎜
鎟
鎠
鎢
鎤
鎥
鎦
鎨
鎩
鎫
鎱
鎲
鎳
鎴
鎵
鎶
鎷
鎸
鎻
鎼
鎽
鎿
鏅
鏊
鏌
鏎
鏠
镬
镭
镮
镯
镰
镱
闑
闒
闗
雗
雟
雠
霢
霥
霩
靝
鞤
鞥
鞧
鞩
鞪
鞯
鞰
韖
韗
韚
韹
頾
頿
顐
顑
顝
颢
颣
颹
颾
餹
饃
饈
馤
馧
騄
騆
騇
騈
騉
騋
騌
騍
騐
騝
騧
髂
髅
髊
鬄
鬅
鬵
鬶
鮵
鮶
鮷
鮻
鮼
鮽
鮿
鯂
鯃
鯄
鯋
鯌
鯍
鯐
鯓
鯗
鳌
鳍
鳎
鳏
鳐
鳑
鳒
鵋
鵌
鵍
鵎
鵏
鵓
鵔
鵕
鵗
鵘
鵚
鵛
鵥
鹭
鹮
鹯
鹰
鹱
鹲
麍
麎
麏
麐
麱
麲
黡
鼀
鼁
鼖
鼥
鼦
鼧
鼨
鼩
鼪
鼫
齀
齌
龎
龲
鿂
鿤
鿻
鿼
壘
糧
濾
獵
禮
離
懲
覆
贈
難
龎
𠁟
𠁹
𠆚
𠆛
𠆜
𠐣
𠐤
𠐥
𠐦
𠐧
𠐨
𠐩
𠐪
𠐫
𠐬
𠐭
𠐮
𠐯
𠐰
𠐱
𠐲
𠐳
𠐴
𠐵
𠐶
𠐷
𠐸
𠐹
𠐺
𠓆
𠓈
𠓉
𠓊
𠓾
𠔶
𠔷
𠕯
𠕰
𠖣
𠖤
𠖥
𠘝
𠘞
𠘟
𠘠
𠘡
𠠛
𠠜
𠠝
𠠞
𠠟
𠠠
𠣀
𠣁
𠣂
𠣃
𠤪
𠥤
𠥥
𠧉
𠧊
𠧋
𠧌
𠧍
𠨧
𠨨
𠨩
𠨪
𠫀
𠫁
𠫂
𠫃
𠫄
𠫅
𠫆
𠮐
𡂏
𡂐
𡂑
𡂒
𡂓
𡂔
𡂕
𡂖
𡂗
𡂘
𡂙
𡂚
𡂛
𡂜
𡂝
𡂞
𡂟
𡂠
𡂡
𡂢
𡂣
𡂤
𡂥
𡂦
𡂧
𡂨
𡂩
𡂪
𡂫
𡂬
𡂭
𡂮
𡂯
𡂰
𡂱
𡂲
𡂳
𡂴
𡂵
𡂶
𡂷
𡂸
𡂹
𡂺
𡂻
𡂼
𡂽
𡂾
𡂿
𡃀
𡃁
𡃂
𡃃
𡃄
𡃅
𡃆
𡃇
𡃈
𡃉
𡃊
𡃋
𡃌
𡃍
𡃎
𡃏
𡃐
𡃑
𡃒
𡃓
𡃔
𡃕
𡃖
𡃗
𡃘
𡃙
𡃚
𡃛
𡃜
𡃝
𡃞
𡃟
𡃰
𡈲
𡒰
𡒱
𡒲
𡒳
𡒴
𡒵
𡒶
𡒷
𡒸
𡒹
𡒺
𡒻
𡒼
𡒽
𡒾
𡒿
𡓁
𡓂
𡓃
𡓄
𡓅
𡓆
𡓇
𡓈
𡓉
𡓊
𡓋
𡓍
𡓎
𡓏
𡕅
𡕆
𡕇
𡕈
𡕉
𡕊
𡕼
𡕽
𡕾
𡕿
𡗉
𡗊
𡚗
𡣪
𡣫
𡣬
𡣭
𡣮
𡣯
𡣰
𡣱
𡣲
𡣳
𡣴
𡣵
𡣶
𡣷
𡣸
𡣹
𡣺
𡣻
𡣼
𡦪
𡦫
𡦬
𡫞
𡫟
𡫠
𡫡
𡫢
𡫣
𡫤
𡫥
𡫦
𡫧
𡫨
𡫩
𡫪
𡫫
𡭐
𡮷
𡮸
𡮹
𡮺
𡮻
𡳪
𡳫
𡴪
𡾂
𡾃
𡾄
𡾅
𡾆
𡾇
𡾈
𡾉
𡾊
𡾋
𡾌
𡾍
𡾎
𡾏
𡾐
𡾑
𡾒
𡾓
𡾔
𡾕
𡾖
𡾗
𡾠
𢀈
𢀮
𢁐
𢅩
𢅪
𢅫
𢅬
𢆪
𢇕
𢋡
𢋢
𢋣
𢋤
𢋥
𢋦
𢋧
𢋨
𢋩
𢋪
𢋫
𢋬
𢋭
𢎕
𢐲
𢐳
𢐴
𢐵
𢐶
𢐷
𢑳
𢑴
𢑵
𢑶
𢒵
𢖏
𢖐
𢖑
𢖒
𢖓
𢖔
𢖕
𢖖
𢖗
𢣻
𢣼
𢣽
𢣾
𢣿
𢤀
𢤁
𢤂
𢤃
𢤄
𢤅
𢤆
𢤇
𢤈
𢤉
𢤊
𢤋
𢤌
𢤍
𢤎
𢤏
𢤐
𢤑
𢤒
𢤓
𢤔
𢤕
𢤖
𢤗
𢤘
𢤙
𢤚
𢤛
𢤜
𢤝
𢤞
𢤟
𢤠
𢤡
𢤢
𢤣
𢤤
𢤥
𢨘
𢨙
𢩡
𢷶
𢷷
𢷸
𢷹
𢷺
𢷻
𢷼
𢷽
𢷾
𢷿
𢸀
𢸁
𢸂
𢸃
𢸄
𢸅
𢸆
𢸇
𢸈
𢸉
𢸊
𢸋
𢸌
𢸍
𢸎
𢸏
𢸐
𢸑
𢸒
𢸓
𢸔
𢸕
𢸖
𢸗
𢸘
𢸙
𢸚
𢸛
𢸜
𢸝
𢸞
𢸟
𢸠
𢸡
𢸢
𣀄
𣀐
𣀑
𣀒
𣀓
𣀔
𣀕
𣀖
𣀗
𣀘
𣀙
𣀚
𣁥
𣁦
𣂎
𣃌
𣃍
𣃎
𣃏
𣃐
𣄞
𣄟
𣄠
𣄡
𣄢
𣄣
𣋞
𣋟
𣋠
𣋡
𣋢
𣋣
𣋤
𣋥
𣋦
𣋧
𣋨
𣋩
𣋪
𣋫
𣋬
𣋭
𣋮
𣋯
𣋰
𣋱
𣍑
𣍒
𣍓
𣍔
𣍕
𣎩
𣎪
𣎫
𣎬
𣎭
𣝁
𣝂
𣝃
𣝄
𣝅
𣝆
𣝇
𣝈
𣝉
𣝊
𣝋
𣝌
𣝍
𣝎
𣝏
𣝐
𣝑
𣝒
𣝓
𣝔
𣝕
𣝖
𣝗
𣝘
𣝚
𣝛
𣝜
𣝝
𣝞
𣝟
𣝠
𣝡
𣝢
𣝥
𣝦
𣝧
𣝨
𣝩
𣝪
𣝫
𣝬
𣝭
𣝮
𣝯
𣝰
𣝱
𣝲
𣝳
𣝴
𣝵
𣝶
𣝷
𣝸
𣝹
𣝺
𣝻
𣝼
𣝽
𣝾
𣝿
𣞀
𣞁
𣞂
𣞃
𣞄
𣞅
𣞆
𣞇
𣞈
𣞉
𣞊
𣞋
𣞌
𣞍
𣞎
𣞏
𣤨
𣤩
𣤪
𣤫
𣦦
𣦧
𣦨
𣦩
𣦪
𣦫
𣩯
𣩰
𣩱
𣩲
𣩳
𣩴
𣩵
𣩶
𣫐
𣫑
𣫒
𣫓
𣫔
𣫕
𣫖
𣫗
𣰚
𣰛
𣰜
𣰝
𣰞
𣰟
𣰠
𣰡
𣰢
𣰣
𣰤
𣰥
𣰦
𣰧
𣰨
𣰩
𣰪
𣱓
𣱔
𣱮
𤁞
𤁡
𤁢
𤁣
𤁤
𤁥
𤁦
𤁧
𤁨
𤁩
𤁪
𤁫
𤁬
𤁭
𤁮
𤁯
𤁰
𤁱
𤁲
𤁳
𤁴
𤁵
𤁶
𤁷
𤁸
𤁹
𤁺
𤁻
𤁼
𤁽
𤁾
𤁿
𤂀
𤂁
𤂂
𤂃
𤂄
𤂅
𤂆
𤂇
𤂈
𤂉
𤂊
𤂋
𤂌
𤂍
𤂎
𤂏
𤂐
𤂑
𤂒
𤂓
𤂔
𤂕
𤂗
𤂘
𤂙
𤂚
𤂛
𤂜
𤂞
𤂟
𤂠
𤂢
𤂣
𤂤
𤂥
𤂦
𤂧
𤂨
𤂩
𤂪
𤂫
𤂬
𤂭
𤂮
𤂯
𤂰
𤂱
𤂲
𤐤
𤐥
𤐦
𤐧
𤐨
𤐩
𤐪
𤐫
𤐬
𤐭
𤐮
𤐯
𤐰
𤐱
𤐲
𤐳
𤐴
𤐵
𤐶
𤐷
𤐸
𤐹
𤐺
𤐻
𤐼
𤐽
𤐾
𤐿
𤑀
𤑁
𤑂
𤑃
𤑄
𤑅
𤑆
𤑇
𤑈
𤑉
𤑊
𤑋
𤑌
𤑍
𤑎
𤑏
𤑐
𤑑
𤔹
𤔻
𤔽
𤔾
𤗿
𤘀
𤘁
𤘂
𤘓
𤛹
𤛺
𤢴
𤢵
𤢶
𤢷
𤢸
𤢹
𤢺
𤢻
𤢼
𤢽
𤢾
𤢿
𤣀
𤣁
𤣂
𤣃
𤣄
𤪋
𤪌
𤪍
𤪎
𤪏
𤪐
𤪑
𤪒
𤪓
𤪔
𤪕
𤪖
𤪗
𤪘
𤪙
𤪚
𤪛
𤪜
𤪝
𤪞
𤪟
𤪠
𤪡
𤪢
𤪣
𤪤
𤪥
𤪦
𤪧
𤪨
𤪴
𤬘
𤬙
𤬚
𤮘
𤮙
𤮚
𤮛
𤮜
𤮝
𤮞
𤮟
𤯎
𤯏
𤯺
𤰍
𤳤
𤳥
𤳦
𤳧
𤳨
𤴣
𤺺
𤺻
𤺼
𤺽
𤺾
𤺿
𤻀
𤻁
𤻂
𤻃
𤻄
𤻅
𤻆
𤻇
𤻈
𤻉
𤻊
𤻋
𤻌
𤻍
𤻎
𤻏
𤻐
𤻑
𤻒
𤻓
𤻔
𤾧
𤾨
𤾩
𤾪
𥀢
𥀣
𥀤
𥀥
𥀦
𥀧
𥀨
𥀩
𥀪
𥂸
𥂹
𥂺
𥂼
𥂽
𥂾
𥂿
𥃀
𥋘
𥋙
𥋚
𥋛
𥋜
𥋝
𥋞
𥋟
𥋠
𥋡
𥋢
𥋣
𥋤
𥋥
𥋦
𥋧
𥋨
𥋩
𥋪
𥋫
𥋬
𥋭
𥋮
𥋯
𥋰
𥋱
𥋲
𥋳
𥋴
𥋵
𥋶
𥋷
𥋸
𥋹
𥋺
𥋻
𥋼
𥋽
𥋾
𥎎
𥎓
𥎔
𥎕
𥐇
𥐈
𥐉
𥐊
𥐋
𥖗
𥖘
𥖙
𥖚
𥖛
𥖜
𥖝
𥖞
𥖟
𥖠
𥖡
𥖢
𥖣
𥖤
𥖥
𥖦
𥖨
𥖩
𥜒
𥜓
𥜔
𥜕
𥜖
𥜗
𥜘
𥜙
𥢴
𥢵
𥢶
𥢷
𥢸
𥢹
𥢺
𥢻
𥢼
𥢽
𥢾
𥢿
𥣀
𥣁
𥣂
𥣃
𥣄
𥣅
𥣆
𥣇
𥣈
𥣉
𥣋
𥣌
𥣍
𥣎
𥣏
𥣐
𥣑
𥣒
𥣓
𥣔
𥨠
𥨡
𥨢
𥨣
𥨤
𥨥
𥨦
𥨧
𥨨
𥪼
𥪽
𥪾
𥪿
𥫀
𥫁
𥫂
𥫃
𥫄
𥳁
𥳆
𥳇
𥳈
𥳉
𥳊
𥳋
𥳌
𥳍
𥳎
𥳏
𥳐
𥳑
𥳒
𥳓
𥳔
𥳕
𥳖
𥳗
𥳘
𥳙
𥳚
𥳛
𥳜
𥳝
𥳞
𥳟
𥳠
𥳡
𥳢
𥳣
𥳤
𥳥
𥳦
𥳧
𥳨
𥳩
𥳪
𥳫
𥳬
𥳭
𥳮
𥳯
𥳰
𥳱
𥳲
𥳳
𥳴
𥳵
𥳶
𥳷
𥳸
𥳹
𥳺
𥳻
𥳼
𥳽
𥳾
𥳿
𥴀
𥴁
𥴂
𥴃
𥴄
𥴅
𥴆
𥴇
𥴈
𥴉
𥴊
𥴋
𥴌
𥴍
𥴏
𥴐
𥴑
𥴒
𥴓
𥴔
𥴕
𥴖
𥴗
𥴘
𥴙
𥴚
𥴛
𥴜
𥴝
𥴞
𥴟
𥴠
𥼗
𥼘
𥼙
𥼚
𥼛
𥼜
𥼝
𥼞
𥼟
𥼠
𥼡
𥼢
𥼤
𥼥
𥼦
𥼧
𥼨
𥼩
𥼪
𥼫
𥼬
𥼭
𥼮
𥼯
𥼰
𥼱
𥼲
𥼳
𥼴
𥼵
𦄼
𦄽
𦄾
𦄿
𦅀
𦅁
𦅂
𦅃
𦅄
𦅅
𦅆
𦅇
𦅈
𦅉
𦅊
𦅋
𦅌
𦅍
𦅎
𦅏
𦅐
𦅑
𦅒
𦅓
𦅔
𦅕
𦅖
𦅗
𦅘
𦅙
𦅚
𦅛
𦅜
𦅝
𦅞
𦅟
𦅠
𦅡
𦅢
𦅣
𦅤
𦅥
𦅦
𦅧
𦅨
𦅩
𦅪
𦅫
𦅬
𦅭
𦅮
𦅯
𦅰
𦅱
𦅲
𦅳
𦅴
𦉕
𦉖
𦉗
𦉘
𦌟
𦌠
𦌡
𦌢
𦌣
𦌤
𦌥
𦌦
𦌧
𦌨
𦌩
𦏅
𦏆
𦏇
𦏈
𦏉
𦏊
𦏋
𦏌
𦏍
𦏎
𦏏
𦏐
𦏑
𦏒
𦏓
𦏔
𦒍
𦒎
𦒏
𦒐
𦒑
𦒒
𦒓
𦒔
𦒕
𦒖
𦒗
𦒘
𦒙
𦒚
𦒛
𦒟
𦓊
𦔛
𦔜
𦔝
𦔞
𦔠
𦔡
𦔢
𦔣
𦔤
𦗟
𦗠
𦗡
𦗢
𦗣
𦗤
𦗥
𦗦
𦗧
𦗨
𦗩
𦗪
𦗫
𦗬
𦗭
𦗮
𦗯
𦗰
𦗱
𦗲
𦡎
𦡰
𦡱
𦡲
𦡳
𦡴
𦡵
𦡶
𦡷
𦡸
𦡹
𦡺
𦡻
𦡼
𦡽
𦡾
𦡿
𦢀
𦢁
𦢂
𦢃
𦢄
𦢅
𦢆
𦢇
𦢈
𦢉
𦣲
𦣳
𦤥
𦥏
𦥐
𦦡
𦦢
𦦣
𦦤
𦦥
𦦦
𦦧
𦦨
𦧴
𦧵
𦧶
𦨀
𦪑
𦪒
𦪓
𦪔
𦪕
𦪖
𦪗
𦪘
𦪙
𦪚
𦪛
𦪜
𦪝
𦪞
𦪟
𦪠
𦪡
𦪢
𦪣
𦪤
𦪥
𦪦
𦪧
𦻇
𦾪
𦾫
𦾬
𦾭
𦾮
𦾯
𦾰
𦾱
𦾲
𦾳
𦾴
𦾵
𦾶
𦾷
𦾸
𦾹
𦾺
𦾻
𦾼
𦾽
𦾾
𦾿
𦿀
𦿁
𦿂
𦿃
𦿄
𦿅
𦿆
𦿇
𦿈
𦿉
𦿊
𦿋
𦿌
𦿍
𦿎
𦿏
𦿐
𦿑
𦿒
𦿓
𦿖
𦿗
𦿘
𦿙
𦿚
𦿛
𦿜
𦿞
𦿟
𦿠
𦿢
𦿣
𦿤
𦿥
𦿦
𦿧
𦿨
𦿩
𦿪
𦿫
𦿬
𦿭
𦿮
𦿯
𦿰
𦿱
𦿲
𦿳
𦿴
𦿵
𦿹
𦿺
𦿻
𦿼
𦿽
𦿾
𦿿
𧀀
𧀁
𧀂
𧀃
𧀄
𧀅
𧀆
𧀇
𧀈
𧀉
𧀊
𧀋
𧀌
𧀍
𧀎
𧀏
𧀐
𧀑
𧀒
𧀓
𧀔
𧀕
𧀖
𧀗
𧀘
𧀙
𧀚
𧀛
𧀜
𧀝
𧀞
𧀟
𧇻
𧇼
𧇽
𧇾
𧇿
𧈀
𧈁
𧈃
𧈄
𧐰
𧑄
𧑅
𧑆
𧑇
𧑈
𧑊
𧑋
𧑌
𧑍
𧑎
𧑏
𧑐
𧑑
𧑒
𧑓
𧑔
𧑕
𧑖
𧑗
𧑘
𧑙
𧑚
𧑛
𧑜
𧑝
𧑞
𧑟
𧑠
𧑡
𧑢
𧑣
𧑤
𧑥
𧑦
𧑧
𧑨
𧑩
𧑪
𧑫
𧑬
𧑭
𧑮
𧑯
𧑰
𧑱
𧑲
𧑳
𧑴
𧑵
𧑶
𧑷
𧑸
𧑹
𧑺
𧑻
𧑼
𧑽
𧑾
𧑿
𧒀
𧒁
𧒂
𧒃
𧒄
𧒅
𧒆
𧒇
𧒈
𧒉
𧒊
𧒋
𧒌
𧒍
𧗎
𧗏
𧗐
𧗑
𧗒
𧗓
𧘂
𧘃
𧝱
𧝲
𧝳
𧝴
𧝵
𧝶
𧝷
𧝸
𧝹
𧝺
𧝻
𧝼
𧝽
𧝾
𧝿
𧞀
𧞁
𧞂
𧞃
𧞄
𧞅
𧞆
𧞇
𧞈
𧞉
𧞊
𧞋
𧞌
𧠀
𧠁
𧢂
𧢃
𧢄
𧢅
𧢆
𧢇
𧢈
𧢉
𧢊
𧢋
𧤯
𧤰
𧤱
𧤲
𧤳
𧤴
𧤵
𧤶
𧤷
𧤸
𧤹
𧫒
𧫓
𧫔
𧫕
𧫖
𧫗
𧫘
𧫙
𧫚
𧫛
𧫜
𧫝
𧫞
𧫟
𧫠
𧫡
𧫢
𧫣
𧫤
𧫥
𧫦
𧫧
𧫨
𧫩
𧫪
𧫫
𧫬
𧫭
𧫮
𧫯
𧫰
𧫱
𧫲
𧫳
𧫴
𧫵
𧫶
𧫷
𧫸
𧫹
𧫺
𧫻
𧫼
𧫽
𧯊
𧰃
𧰄
𧰅
𧰆
𧰇
𧱻
𧱼
𧱽
𧱾
𧱿
𧲀
𧲁
𧴁
𧴂
𧴃
𧴄
𧴅
𧴇
𧴈
𧴉
𧴊
𧴋
𧷞
𧷟
𧷠
𧷡
𧷢
𧷣
𧷤
𧷥
𧷦
𧷧
𧷨
𧷩
𧷪
𧷫
𧷬
𧷭
𧷮
𧷯
𧷰
𧷱
𧷲
𧷳
𧷴
𧷵
𧷶
𧷷
𧷸
𧷹
𧷺
𧷻
𧹶
𧹷
𧽞
𧽟
𧽠
𧽡
𧽢
𧽣
𧽤
𧽥
𧽦
𧽧
𧽨
𧽩
𧽪
𧽫
𧽬
𧽭
𧽮
𧽯
𧽰
𧽱
𧽲
𧽳
𧽴
𧽵
𨄃
𨄅
𨄆
𨄇
𨄈
𨄉
𨄊
𨄋
𨄌
𨄍
𨄎
𨄏
𨄐
𨄑
𨄒
𨄓
𨄔
𨄕
𨄖
𨄗
𨄘
𨄙
𨄚
𨄛
𨄜
𨄝
𨄞
𨄟
𨄠
𨄡
𨄢
𨄣
𨄤
𨄥
𨄦
𨄧
𨄨
𨄩
𨄪
𨄫
𨄬
𨄭
𨄮
𨄯
𨄰
𨄱
𨄲
𨄳
𨄴
𨄵
𨄶
𨄷
𨄸
𨄹
𨄺
𨄻
𨄼
𨄽
𨄾
𨄿
𨅀
𨅁
𨅂
𨅃
𨅄
𨅅
𨅆
𨅇
𨅈
𨅉
𨅚
𨉹
𨉺
𨉻
𨉼
𨉽
𨉾
𨎊
𨎋
𨎌
𨎍
𨎎
𨎏
𨎐
𨎑
𨎒
𨎓
𨎔
𨎕
𨎖
𨎗
𨎘
𨎙
𨎚
𨎛
𨎜
𨎝
𨎞
𨎟
𨎠
𨎡
𨎢
𨎣
𨐰
𨐱
𨐲
𨐳
𨐴
𨘡
𨘢
𨘣
𨘤
𨘥
𨘦
𨘧
𨘨
𨘩
𨘪
𨘫
𨘬
𨘭
𨘮
𨘯
𨘰
𨘱
𨘲
𨘳
𨘴
𨘵
𨘶
𨟍
𨟎
𨟏
𨟐
𨟑
𨟒
𨟓
𨟔
𨟕
𨟖
𨟗
𨟘
𨢡
𨢢
𨢣
𨢤
𨢥
𨢦
𨢧
𨢨
𨢩
𨢪
𨢫
𨢬
𨢭
𨢮
𨢯
𨢰
𨢱
𨢲
𨢳
𨢴
𨢵
𨢶
𨢷
𨢸
𨢹
𨢺
𨢻
𨢼
𨤝
𨤴
𨤵
𨤶
𨤷
𨪇
𨪈
𨪉
𨪊
𨪋
𨪌
𨪍
𨪎
𨪏
𨪐
𨪑
𨪒
𨪓
𨪔
𨪕
𨪖
𨪗
𨪘
𨪚
𨪛
𨪜
𨪝
𨪞
𨪟
𨪠
𨪡
𨪢
𨪣
𨪤
𨪥
𨪦
𨪧
𨪨
𨪩
𨪪
𨪫
𨪬
𨪭
𨪮
𨪯
𨪰
𨪱
𨪲
𨪳
𨪴
𨪵
𨪶
𨪷
𨪸
𨪹
𨪺
𨪻
𨪼
𨪽
𨪾
𨪿
𨫀
𨫁
𨫂
𨫃
𨫄
𨫅
𨫆
𨫇
𨫈
𨫉
𨫊
𨫋
𨫌
𨫎
𨱕
𨱖
𨲥
𨲦
𨲧
𨲨
𨲩
𨲪
𨲫
𨲬
𨶀
𨶁
𨶂
𨶃
𨶄
𨶅
𨶆
𨶇
𨶈
𨶉
𨶊
𨶋
𨶌
𨶍
𨶎
𨶏
𨶐
𨶑
𨶒
𨶓
𨶔
𨶕
𨶖
𨶗
𨶘
𨶙
𨶚
𨶛
𨽖
𨽗
𨽘
𨽙
𨽚
𨽛
𨽜
𨽝
𨽞
𨽟
𨽠
𨽡
𨾀
𨾁
𩀗
𩀘
𩀙
𩀚
𩀛
𩀜
𩀝
𩀞
𩀟
𩀠
𩀡
𩀢
𩀣
𩃾
𩄗
𩄘
𩄙
𩄚
𩄛
𩄜
𩄝
𩄞
𩄟
𩄠
𩄡
𩄢
𩄣
𩄤
𩄥
𩄦
𩄧
𩄨
𩄩
𩄪
𩄫
𩄬
𩄭
𩄯
𩄰
𩄱
𩄲
𩄳
𩄴
𩄵
𩄶
𩄷
𩄸
𩄹
𩄺
𩇠
𩇽
𩈲
𩈳
𩈴
𩈵
𩈶
𩈷
𩋟
𩋠
𩋡
𩋢
𩋣
𩋤
𩋥
𩋦
𩋧
𩋨
𩋩
𩋪
𩋫
𩋬
𩋭
𩋮
𩋯
𩋰
𩋱
𩋲
𩋳
𩋴
𩋵
𩋶
𩋷
𩋸
𩋹
𩋺
𩋻
𩋼
𩋽
𩋾
𩋿
𩌀
𩌁
𩌂
𩏅
𩏆
𩏇
𩏈
𩏉
𩏊
𩏋
𩏌
𩏍
𩏎
𩐈
𩐱
𩐲
𩐳
𩐴
𩔀
𩔁
𩔂
𩔃
𩔄
𩔅
𩔆
𩔇
𩔈
𩔉
𩔊
𩔋
𩔌
𩔍
𩔎
𩔏
𩔐
𩔑
𩔒
𩔓
𩔔
𩔕
𩔖
𩔗
𩔘
𩘅
𩘆
𩘇
𩘈
𩘉
𩘊
𩘋
𩘌
𩘍
𩘏
𩘐
𩘑
𩘒
𩘓
𩘔
𩘕
𩘖
𩘗
𩘘
𩘙
𩘚
𩘛
𩙵
𩝙
𩝚
𩝛
𩝜
𩝝
𩝞
𩝟
𩝠
𩝡
𩝢
𩝣
𩝤
𩝥
𩝦
𩝧
𩝨
𩝩
𩝪
𩝫
𩝬
𩝭
𩝮
𩝯
𩝰
𩝱
𩝲
𩝳
𩝵
𩝶
𩝷
𩝸
𩝹
𩝺
𩝻
𩝼
𩠪
𩠫
𩠬
𩠭
𩡌
𩡍
𩡎
𩡐
𩡑
𩡒
𩣭
𩣮
𩣯
𩣰
𩣱
𩣲
𩣳
𩣴
𩣵
𩣶
𩣷
𩣸
𩣹
𩣺
𩣻
𩣼
𩣽
𩣾
𩣿
𩤀
𩤁
𩤂
𩤃
𩤄
𩤅
𩤆
𩤇
𩤈
𩤉
𩤊
𩤋
𩤌
𩤍
𩤎
𩤏
𩤐
𩤑
𩤒
𩤓
𩤔
𩤕
𩤖
𩤞
𩨐
𩩭
𩩮
𩩯
𩩰
𩩱
𩩳
𩩴
𩩵
𩩶
𩩷
𩩸
𩩹
𩩺
𩩻
𩩼
𩩽
𩩾
𩩿
𩫚
𩫛
𩫜
𩫝
𩭞
𩭟
𩭠
𩭡
𩭢
𩭣
𩭤
𩭥
𩭦
𩭧
𩭨
𩭩
𩭪
𩭫
𩭬
𩭭
𩭮
𩭯
𩭰
𩭱
𩭲
𩭳
𩭴
𩭵
𩭶
𩭷
𩭸
𩭹
𩰓
𩰔
𩰣
𩰾
𩰿
𩱀
𩱁
𩱂
𩳵
𩳶
𩳷
𩳸
𩳹
𩳺
𩳻
𩳼
𩳽
𩳾
𩳿
𩴀
𩴁
𩴂
𩴃
𩴄
𩴅
𩷍
𩷎
𩷏
𩷐
𩷑
𩷒
𩷓
𩷔
𩷕
𩷖
𩷗
𩷘
𩷙
𩷚
𩷜
𩷝
𩷞
𩷟
𩷠
𩷡
𩷢
𩷣
𩷤
𩷥
𩷦
𩷧
𩷨
𩷩
𩷪
𩷫
𩷬
𩷭
𩷮
𩷯
𩷰
𩷱
𩷲
𩷳
𩷴
𩷵
𩷶
𪁊
𪁋
𪁌
𪁍
𪁎
𪁏
𪁐
𪁑
𪁒
𪁓
𪁔
𪁕
𪁖
𪁗
𪁘
𪁙
𪁚
𪁛
𪁜
𪁝
𪁞
𪁟
𪁠
𪁡
𪁢
𪁣
𪁤
𪁥
𪁦
𪁧
𪁨
𪁩
𪁪
𪁫
𪁬
𪁭
𪁮
𪁯
𪁰
𪁱
𪁲
𪁳
𪁴
𪁵
𪁶
𪉣
𪉤
𪉥
𪊴
𪊵
𪊶
𪊷
𪊸
𪊹
𪊺
𪊻
𪊼
𪊽
𪊾
𪊿
𪋀
𪋁
𪋂
𪋃
𪌭
𪌮
𪌯
𪌰
𪌱
𪌲
𪌳
𪌴
𪌵
𪌶
𪌷
𪌸
𪌹
𪌺
𪌻
𪎐
𪎣
𪎤
𪏂
𪏃
𪏄
𪏅
𪏿
𪐀
𪐿
𪑀
𪑁
𪑂
𪑃
𪑄
𪑅
𪑆
𪑇
𪓋
𪓚
𪓛
𪓜
𪓝
𪓞
𪓟
𪓠
𪔈
𪔐
𪔑
𪔒
𪔓
𪕉
𪕊
𪕋
𪕌
𪕍
𪕎
𪕏
𪕐
𪕑
𪖕
𪖖
𪖗
𪖘
𪖙
𪗇
𪗈
𪗘
𪗙
𪗚
𪚨
𪝷
𪝸
𪝹
𪞼
𪟻
𪢙
𪢚
𪢛
𪢜
𪢝
𪢞
𪤬
𪤭
𪤮
𪤯
𪥢
𪦬
𪦭
𪦮
𪦯
𪧰
𪧱
𪧲
𪩩
𪪈
𪪩
𪫇
𪫛
𪫜
𪬺
𪬻
𪬼
𪬽
𪬾
𪮻
𪮼
𪮽
𪮾
𪮿
𪯀
𪯛
𪯜
𪱎
𪱏
𪱐
𪴉
𪴊
𪴋
𪴌
𪴍
𪴎
𪴏
𪵢
𪷳
𪷴
𪷵
𪷶
𪷷
𪷸
𪷹
𪹼
𪹽
𪹾
𪹿
𪺀
𪺡
𪻋
𪼧
𪼨
𪽣
𪾙
𪿸
𪿹
𪿺
𫀣
𫀥
𫁇
𫁈
𫁜
𫂠
𫂡
𫂢
𫂣
𫂤
𫃏
𫃐
𫃑
𫄁
𫄂
𫄃
𫄄
𫅋
𫅝
𫅞
𫅰
𫅱
𫅸
𫅿
𫆐
𫆑
𫆼
𫆽
𫇉
𫇌
𫇒
𫇟
𫉵
𫉶
𫉷
𫉸
𫉹
𫉺
𫉻
𫉼
𫉽
𫉾
𫉿
𫊀
𫊁
𫊂
𫊃
𫊄
𫋚
𫋛
𫋜
𫋝
𫋞
𫋰
𫌓
𫌔
𫌤
𫍉
𫍊
𫍋
𫍌
𫎄
𫎡
𫎬
𫎰
𫎾
𫎿
𫏜
𫏝
𫏞
𫏟
𫏯
𫏾
𫏿
𫑐
𫑑
𫑮
𫑯
𫑰
𫑻
𫒸
𫒹
𫒺
𫒻
𫒼
𫒽
𫒾
𫔐
𫔑
𫕘
𫕜
𫕫
𫖃
𫖙
𫖢
𫖣
𫖾
𫖿
𫗘
𫗿
𫘋
𫘌
𫘍
𫘎
𫘳
𫘴
𫙀
𫙁
𫙠
𫙡
𫙢
𫙣
𫚦
𫚼
𫚽
𫚾
𫚿
𫛀
𫜅
𫜈
𫜎
𫜤
𫜯
𫝝
𫝿
𫞒
𫟂
𫟱
𫠘
𫡁
𫡂
𫣹
𫣺
𫣻
𫣼
𫣽
𫣿
𫤀
𫤁
𫤃
𫤇
𫤈
𫤣
𫤤
𫤥
𫤦
𫤳
𫥝
𫥭
𫦜
𫦝
𫦞
𫬒
𫬓
𫬔
𫬕
𫬖
𫬗
𫬘
𫬙
𫬚
𫬛
𫬜
𫬡
𫬢
𫬱
𫮶
𫮷
𫮸
𫮹
𫮼
𫯇
𫲐
𫲑
𫲒
𫲓
𫲔
𫲙
𫴘
𫴙
𫴚
𫴛
𫵩
𫵪
𫶞
𫶺
𫶻
𫶼
𫷞
𫸇
𫸈
𫸕
𫸣
𫹁
𫹊
𫹧
𫹨
𫻐
𫻒
𫻔
𫻖
𫻗
𫻘
𫾓
𫾗
𫾘
𫾥
𫿛
𫿜
𫿝
𬀘
𬀙
𬀚
𬀛
𬁜
𬂕
𬂖
𬄷
𬄸
𬄹
𬄺
𬄽
𬄾
𬄿
𬅀
𬅳
𬆎
𬆸
𬇈
𬉖
𬉜
𬉝
𬉠
𬉡
𬉣
𬋑
𬋓
𬋖
𬋗
𬌎
𬍌
𬎕
𬎗
𬎘
𬎙
𬎚
𬏖
𬏗
𬏾
𬐶
𬐷
𬑶
𬒤
𬒥
𬒦
𬔔
𬕭
𬕮
𬕯
𬕰
𬕱
𬕲
𬖷
𬖸
𬖹
𬖺
𬗻
𬗼
𬗽
𬗾
𬗿
𬘀
𬘁
𬙩
𬙾
𬚑
𬚧
𬛜
𬛝
𬛾
𬞭
𬞳
𬞴
𬞵
𬞶
𬞸
𬞻
𬞼
𬞽
𬞾
𬞿
𬟀
𬟁
𬟂
𬟃
𬟄
𬟅
𬟆
𬟇
𬟈
𬟉
𬟊
𬟌
𬟍
𬟓
𬟱
𬠪
𬠭
𬠮
𬠰
𬡰
𬡱
𬡻
𬢂
𬢄
𬣅
𬣆
𬣇
𬤮
𬥋
𬥦
𬥧
𬥿
𬦝
𬦞
𬧊
𬧋
𬧌
𬧍
𬧎
𬧏
𬧐
𬧯
𬧰
𬧻
𬧼
𬧽
𬩥
𬩨
𬩪
𬪞
𬪟
𬪶
𬫳
𬫴
𬫵
𬫶
𬫷
𬫸
𬫹
𬫺
𬫻
𬫽
𬫾
𬭺
𬭻
𬭽
𬮏
𬮐
𬮑
𬰈
𬰊
𬰝
𬰞
𬰧
𬰮
𬱊
𬱋
𬱱
𬱴
𬲊
𬳟
𬳠
𬳭
𬳮
𬳯
𬴍
𬴙
𬴚
𬴫
𬴬
𬴰
𬵒
𬵓
𬵔
𬵖
𬵘
𬶣
𬶩
𬷓
𬷔
𬷖
𬷗
𬷘
𬷙
𬷚
𬷛
𬸬
𬸯
𬸳
𬹏
𬹑
𬹕
𬹖
𬹟
𬹨
𬹭
𬺎
𬺏
𬺐
𬺑
𬺚
𭀆
𭀇
𭀈
𭀉
𭀊
𭀋
𭀹
𭀺
𭂧
𭂨
𭄛
𭅬
𭋝
𭋱
𭋲
𭋳
𭋴
𭋵
𭋶
𭋷
𭋸
𭋹
𭋺
𭋻
𭋾
𭋿
𭌀
𭌁
𭌂
𭌃
𭌄
𭌅
𭌆
𭌇
𭌈
𭌉
𭌎
𭌐
𭌕
𭌖
𭌙
𭍶
𭐁
𭐂
𭐃
𭐄
𭐰
𭑁
𭒧
𭒩
𭒪
𭒫
𭒬
𭒭
𭒮
𭔟
𭔠
𭔡
𭔣
𭕷
𭕸
𭗥
𭗧
𭗨
𭗩
𭗪
𭗫
𭗬
𭗱
𭘐
𭘺
𭘻
𭙇
𭚅
𭚆
𭚇
𭚈
𭛌
𭟋
𭟌
𭟍
𭟎
𭟐
𭟑
𭟓
𭟗
𭢷
𭢽
𭢿
𭣁
𭣃
𭣅
𭣟
𭤎
𭤏
𭥇
𭥈
𭧿
𭨀
𭨁
𭨂
𭨃
𭨄
𭨅
𭨆
𭨇
𭨈
𭨉
𭨊
𭨋
𭩏
𭩐
𭩑
𭬒
𭬓
𭬔
𭬕
𭬖
𭬘
𭬙
𭬚
𭬛
𭬞
𭬟
𭭷
𭮤
𭮥
𭮧
𭯂
𭯪
𭯵
𭲲
𭳐
𭳑
𭳒
𭳓
𭳔
𭳕
𭳖
𭳗
𭳘
𭳙
𭳡
𭳢
𭶚
𭶛
𭶜
𭶝
𭶞
𭶟
𭶡
𭶢
𭷈
𭷎
𭸮
𭸰
𭸱
𭺆
𭺉
𭺋
𭺌
𭺷
𭻲
𭻳
𭼮
𭼯
𭽡
𭽢
𭽶
𭽷
𭾒
𭿢
𭿣
𭿥
𭿧
𭿫
𮁋
𮁍
𮁎
𮁏
𮁒
𮂞
𮃲
𮄛
𮄝
𮆇
𮆈
𮆉
𮆊
𮆋
𮆎
𮆏
𮆐
𮆓
𮆕
𮆗
𮇻
𮇼
𮇽
𮉄
𮉆
𮉈
𮉊
𮉌
𮉎
𮉏
𮉹
𮉻
𮊜
𮊞
𮊳
𮋍
𮋕
𮋻
𮌾
𮌿
𮍂
𮍄
𮒗
𮒘
𮒙
𮒚
𮒛
𮒜
𮒝
𮒞
𮒟
𮒡
𮒢
𮒣
𮒤
𮒦
𮒧
𮒨
𮒪
𮒱
𮓭
𮔻
𮔼
𮔽
𮔾
𮔿
𮕀
𮕁
𮕂
𮕆
𮖶
𮖷
𮖸
𮖹
𮗇
𮗛
𮗜
𮘰
𮘱
𮘲
𮘳
𮘴
𮘵
𮘶
𮘷
𮘸
𮘺
𮙖
𮚞
𮚠
𮚥
𮜉
𮜊
𮜋
𮜍
𮜎
𮜏
𮜑
𮜒
𮜓
𮝣
𮝤
𮝥
𮝫
𮝽
𮟝
𮟞
𮟟
𮟠
𮟡
𮠐
𮠑
𮠒
𮠽
𮠾
𮠿
𮡂
𮡑
𮡛
𮡜
𮢨
𮢩
𮢪
𮢫
𮢬
𮢮
𮢯
𮢰
𮢲
𮢳
𮢴
𮢽
𮣷
𮤃
𮤄
𮤜
𮤝
𮥯
𮦁
𮦦
𮦨
𮦩
𮦪
𮦫
𮧏
𮧟
𮧠
𮧡
𮧢
𮧲
𮨕
𮨖
𮩄
𮩆
𮩈
𮩉
𮩊
𮩥
𮩦
𮪈
𮪉
𮪊
𮪋
𮪌
𮪒
𮪱
𮪲
𮪺
𮫉
𮫊
𮫋
𮫌
𮫔
𮫡
𮫣
𮫺
𮫻
𮫼
𮫽
𮬢
𮬹
𮬺
𮬻
𮭂
𮭬
𮭵
𮭶
𮭷
𮭹
𮮋
𮮒
𮮧
𮮭
𮮿
𮯅
𮱠
𮳙
𮴷
𮵟
𮵸
𮶎
𮶚
𮶷
𮸹
𮸺
𡓤
懲
㩬
䈧
糨
糣
罺
䗗
蟡
𨵷
馧
䳭
𰀨
𰃂
𰃃
𰃄
𰃅
𰃆
𰅙
𰅩
𰆀
𰆁
𰈾
𰈿
𰉀
𰉁
𰉂
𰊻
𰊼
𰊽
𰊾
𰊿
𰋀
𰌱
𰍡
𰎼
𰎽
𰎾
𰏎
𰐅
𰐹
𰒘
𰒚
𰒞
𰔶
𰔸
𰔹
𰕜
𰕥
𰖳
𰖴
𰖵
𰗂
𰗏
𰘻
𰘼
𰘽
𰚳
𰚴
𰝢
𰝣
𰝤
𰝥
𰝦
𰝧
𰝨
𰝩
𰝪
𰝫
𰟪
𰟫
𰟬
𰟭
𰟮
𰟯
𰡨
𰢠
𰤅
𰤆
𰤇
𰥆
𰦄
𰦅
𰦆
𰦣
𰨔
𰨼
𰨽
𰩜
𰩝
𰩞
𰪗
𰪘
𰪙
𰫑
𰫒
𰫓
𰫳
𰫴
𰭀
𰭁
𰭆
𰭻
𰯖
𰯡
𰯢
𰯻
𰰉
𰰓
𰰛
𰲈
𰲉
𰳛
𰳜
𰳯
𰵅
𰶟
𰷍
𰷎
𰷏
𰷐
𰷭
𰷻
𰷾
𰸪
𰹣
𰺡
𰺪
𰼐
𰼑
𰼒
𰽂
𰽃
𰾾
𰾿
𰿀
𰿁
𰿕
𱀼
𱀽
𱀾
𱀿
𱁋
𱁸
𱁹
𱁺
𱂌
𱂒
𱂓
𱂻
𱃇
𱃈
𱃉
𱃬
𱃭
𱄍
𱄣
𱅰
𱅱
𱅲
𱆜
𱆝
𱆭
𱆮
𱆯
𱆰
𱆱
𱆲
𱈉
𱈊
𱈋
𱈌
𱈍
𱈎
𱈨
𱈩
𱈪
𱈫
𱈬
𱊪
𱊫
𱊬
𱊭
𱊮
𱊯
𱊰
𱊹
𱊾
𱊿
𱋨
𱋩
𱋪
𱋯
𱌆
𱌋
𱌓
𱌺
𱌻
𱌼
𱌽
𱍈
𱏜
𱏝
𱏷
𱏸
𱐦
𱑃
𱑮
𱑯
𱕓
𱕔
𱕕
𱕖
𱕗
𱕘
𱕙
𱕚
𱕛
𱕜
𱘓
𱘔
𱚂
𱛁
𱛂
𱜓
𱜖
𱜹
𱜺
𱜻
𱝁
𱝂
𱝎
𱝧
𱟖
𱟘
𱡄
𱡅
𱡇
𱡈
𱡊
𱡋
𱢰
𱢱
𱢷
𱤦
𱤧
𱤨
𱤩
𱤪
𱤫
𱤺
𱥭
𱩫
𱩰
𱩱
𱩲
𱩳
𱩴
𱩵
𱩶
𱩷
𱩸
𱩹
𱩺
𱬝
𱬞
𱬟
𱬠
𱬡
𱬢
𱬣
𱭈
𱭋
𱭨
𱭱
𱮪
𱮫
𱮬
𱮭
𱯭
𱯱
𱯴
𱯵
𱯷
𱯸
𱯹
𱯺
𱰑
𱰒
𱱧
𱱨
𱱩
𱱪
𱲇
𱲚
𱲛
𱲜
𱲝
𱳊
𱳋
𱳌
𱳍
𱳎
𱳏
𱳧
𱴷
𱴸
𱵬
𱵭
𱵯
𱵰
𱵺
𱶦
𱶧
𱶨
𱷗
𱷘
𱸥
𱸦
𱸧
𱸨
𱹞
𱹟
𱹠
𱹡
𱺆
𱺇
𱺈
𱺯
𱻒
𱻓
𱻤
𱻶
𱼚
𱼛
𱼠
𱼡
𱽂
𱾬
𱾮
𱾯
𱾰
𱾱
𱾵
𱿕
𲀈
𲀉
𲀊
𲀋
𲀢
𲀣
𲁃
𲁄
𲁏
𲁴
𲁵
𲃒
𲄁
𲄂
𲄃
𲄄
𲄅
𲄻
𲄼
𲄽
𲅈
𲆢
𲆣
𲆺
𲇔
𲇕
𲇖
𲇗
𲇘
𲇙
𲇚
𲇛
𲇜
𲈝
𲈞
𲈯
𲈰
𲉣
𲊂
𲊘
𲊙
𲊚
𲊣
𲊤
𲊩
𲊳
𲊴
𲋂
𲋆
𲋛
𲋞
𲋭
𲌏
𲌟
𲌠
𲌤
𲌪
𲌫
𲌬
𲌮
𲌵
𲌶
𲌷
𲍟
𲍠
𲍡
𲍢
𲎇
𲎓
𲎔
𲎙