㐦
㒡
㒢
㒣
㔑
㘐
㘑
㘒
㙾
㙿
㜲
㜳
㜴
㜵
㞡
㠠
㠡
㠢
㠣
㢝
㣸
㦥
㦦
㦧
㩬
㩭
㬩
㬪
㯾
㯿
㰀
㰁
㰂
㰃
㰄
㰅
㰆
㰇
㰈
㱊
㲱
㶄
㶅
㶆
㶇
㶈
㶉
㶊
㶋
㸆
㸇
㸉
㹙
㺡
㺢
㼃
㼄
㼅
㼆
㽈
㽉
㽭
㿑
㿒
㿓
㿧
䀊
䃰
䄢
䆾
䇕
䉏
䉛
䉜
䉝
䉞
䉟
䉠
䉡
䉢
䊪
䊫
䊬
䌜
䌝
䌞
䌟
䌠
䌡
䌢
䍁
䍤
䑆
䑇
䑈
䕞
䕟
䕡
䕢
䕣
䕤
䕥
䖜
䗴
䗵
䗶
䗷
䗸
䗹
䗺
䗻
䙤
䚏
䚐
䚑
䚒
䚓
䚨
䚩
䚬
䜋
䜍
䜎
䜏
䜐
䜑
䝐
䝑
䝣
䝥
䝦
䞈
䟇
䠣
䠤
䠥
䠦
䠧
䠿
䡲
䡳
䡴
䡵
䢱
䤎
䤏
䤐
䤑
䤒
䥈
䥉
䥊
䥋
䥌
䥍
䥎
䥏
䥐
䥑
䥒
䥓
䦋
䧮
䨫
䨬
䨭
䨮
䨯
䩶
䩷
䩸
䩹
䩺
䩻
䪙
䪚
䪡
䪢
䪮
䪯
䫞
䫟
䫠
䫡
䫢
䫣
䫤
䫥
䫦
䫧
䬘
䬙
䬚
䭐
䭑
䭒
䭓
䭔
䭮
䮜
䮝
䮞
䮟
䮠
䮡
䮢
䯝
䯞
䯟
䯠
䯪
䰄
䰅
䰆
䰇
䰨
䰩
䱙
䱚
䱛
䱜
䱝
䱞
䱟
䱠
䱡
䱢
䱣
䱤
䱥
䱦
䱧
䱨
䱩
䱪
䳝
䳞
䳟
䳠
䳡
䳢
䳣
䳤
䳥
䴖
䴧
䴹
䴺
䴻
䴼
䴽
䵌
䵨
䵩
䶀
䶅
䶌
䶕
䶖
䶯
儳
儴
劖
匶
嚦
嚧
嚪
嚫
嚯
嚰
壛
壡
夒
夓
嬹
嬽
嬿
寴
屫
巃
巄
巅
巆
幰
廭
彟
徿
懯
懻
攇
攈
攉
攊
攋
攌
攍
攎
攐
攑
攒
攚
旜
旝
旟
曟
曡
曢
櫋
櫌
櫍
櫏
櫕
櫖
櫘
櫠
櫢
櫥
櫦
櫫
櫵
殰
氌
瀖
瀗
瀙
瀜
瀠
瀤
瀥
瀩
瀫
瀭
瀮
瀯
瀳
爂
爅
爈
爉
爊
爎
爑
犣
犤
犥
犦
獹
璷
瓃
瓄
瓅
瓆
瓇
癟
癠
癣
皩
矃
矄
矅
矈
矉
矊
矋
矌
矎
礗
礘
礝
礟
礢
礣
礤
穤
穦
穨
穬
簬
簴
簵
簹
簺
簼
籁
籂
籆
籈
糩
糪
糬
糭
繬
繮
繯
繲
繴
繶
繷
繺
纄
缵
罊
罋
羄
羷
翽
翾
耯
聸
聼
臋
臔
臕
舚
艡
艧
藮
藼
藽
蘁
蘃
蘈
蘉
蘍
蘎
蘏
蘔
蘕
蘟
蘣
蟕
蟰
蟸
蟺
蟿
蠀
蠈
蠉
蠌
蠞
襣
襥
襧
覴
覵
覶
覸
觹
謽
謿
譂
譄
譈
譊
譋
譐
譒
譓
譕
譗
譢
譪
谶
豶
豷
貚
贆
贌
趫
趬
趭
蹨
蹪
蹫
蹮
蹱
蹳
蹵
蹷
蹸
蹹
蹺
蹽
蹾
蹿
躂
躉
軂
軃
軄
轏
轐
轑
轒
轓
轕
邍
酁
酃
酄
醭
醰
鏀
鏂
鏄
鏉
鏋
鏍
鏏
鏒
鏓
鏔
鏕
鏙
鏚
鏛
鏣
鏦
鏩
鏪
鏫
鏬
鏭
鏮
鏯
鏰
鏲
鐅
鐆
鐊
鐌
鐯
鐹
镲
镽
闙
闛
闝
隵
雡
霦
霨
霫
霬
霭
鞵
鞶
鞷
鞸
鞹
韝
韟
韠
韼
顜
颤
颽
飀
饄
饇
騔
騕
騗
騘
騛
騜
騞
騟
騡
騢
騣
騥
騦
騩
騪
騲
骥
髇
髈
髉
髋
髌
鬉
鬊
鬋
鬍
鬎
鬏
鬷
魐
魓
鯕
鯙
鯚
鯜
鯞
鯟
鯠
鯦
鯩
鯬
鯭
鯴
鰎
鳓
鳔
鳕
鳖
鳗
鳘
鳙
鳚
鳛
鵦
鵨
鵪
鵭
鵮
鵱
鵴
鵵
鵸
鵹
鵻
鵽
鵿
鶀
鶁
鶂
鶃
鶅
鶆
鶈
鶋
鶌
鶎
鶐
鶑
鶓
鶜
鶧
麔
麖
麳
黀
黢
黣
鼄
鼭
鼮
齍
齖
龏
龻
鿸
鿹
懶
羅
襤
臘
櫓
蘆
壟
廬
礪
麗
簾
藺
識
瀞
韛
𠁺
𠄊
𠆝
𠐻
𠐼
𠐽
𠐾
𠐿
𠑀
𠑁
𠑂
𠑃
𠑄
𠑅
𠑆
𠑇
𠑈
𠑉
𠑋
𠑌
𠓋
𠓌
𠓎
𠔸
𠔹
𠔺
𠘢
𠘣
𠚟
𠠡
𠠢
𠠣
𠣄
𠣅
𠤫
𠥦
𠥧
𠧎
𠬔
𠬘
𠬙
𠮑
𠮒
𡃠
𡃡
𡃢
𡃣
𡃤
𡃥
𡃦
𡃧
𡃨
𡃩
𡃪
𡃫
𡃬
𡃭
𡃮
𡃯
𡃱
𡃲
𡃳
𡃴
𡃵
𡃶
𡃷
𡃸
𡃹
𡃺
𡃻
𡃼
𡃽
𡃾
𡃿
𡄀
𡄁
𡄂
𡄃
𡄄
𡄅
𡄆
𡄇
𡄈
𡄉
𡄊
𡄋
𡄌
𡄍
𡄎
𡄏
𡄐
𡈳
𡈴
𡓀
𡓌
𡓐
𡓑
𡓒
𡓓
𡓔
𡓕
𡓖
𡓗
𡓘
𡓙
𡓚
𡓛
𡓜
𡓝
𡓞
𡓟
𡓠
𡓡
𡓢
𡓣
𡓤
𡓥
𡕋
𡕌
𡖀
𡗋
𡗌
𡗐
𡚘
𡚙
𡚚
𡣽
𡣾
𡣿
𡤀
𡤁
𡤂
𡤃
𡤄
𡤅
𡤆
𡤇
𡤈
𡤉
𡤊
𡤋
𡤌
𡤍
𡤞
𡦭
𡦮
𡦯
𡦰
𡫬
𡫭
𡫮
𡫯
𡫰
𡫱
𡫲
𡫳
𡫴
𡫵
𡫶
𡭑
𡮼
𡮽
𡮾
𡳬
𡳭
𡳮
𡳯
𡳰
𡾘
𡾙
𡾚
𡾛
𡾜
𡾝
𡾞
𡾟
𡾡
𡾢
𡾣
𡾤
𡾥
𡾦
𡾧
𡾨
𡾩
𡾪
𡾫
𡾬
𡾭
𢀉
𢀊
𢀯
𢅭
𢅮
𢅯
𢅰
𢅱
𢅲
𢅳
𢅴
𢅵
𢅶
𢅷
𢆫
𢋮
𢋯
𢋰
𢋱
𢋲
𢋳
𢋴
𢋵
𢋶
𢋷
𢋸
𢋹
𢋺
𢍵
𢐸
𢐹
𢐺
𢐻
𢐼
𢐽
𢐾
𢑷
𢑸
𢑹
𢑺
𢖘
𢖙
𢖚
𢖛
𢖜
𢤦
𢤧
𢤨
𢤩
𢤪
𢤫
𢤬
𢤭
𢤮
𢤯
𢤰
𢤱
𢤲
𢤳
𢤴
𢤵
𢤶
𢤷
𢤸
𢤹
𢤺
𢤻
𢤼
𢤽
𢤾
𢤿
𢥀
𢥁
𢥂
𢥃
𢥄
𢥅
𢥆
𢥇
𢥈
𢥉
𢥊
𢨚
𢨛
𢨜
𢨝
𢸣
𢸤
𢸥
𢸦
𢸧
𢸨
𢸩
𢸪
𢸫
𢸬
𢸭
𢸮
𢸯
𢸰
𢸱
𢸲
𢸳
𢸴
𢸵
𢸶
𢸷
𢸸
𢸹
𢸺
𢸻
𢸼
𢸽
𢸾
𢸿
𢹀
𢹁
𢹂
𢹃
𢹄
𢹅
𢹆
𢹇
𢹈
𢹉
𢹊
𢹋
𢹌
𣀛
𣀜
𣀝
𣀞
𣀟
𣀠
𣀡
𣀢
𣁧
𣂏
𣃑
𣃒
𣃓
𣄤
𣋰
𣋲
𣋳
𣋴
𣋵
𣋶
𣋷
𣋸
𣋹
𣋺
𣋻
𣋼
𣋽
𣋾
𣍖
𣍗
𣝙
𣞐
𣞑
𣞒
𣞓
𣞔
𣞕
𣞖
𣞗
𣞘
𣞙
𣞚
𣞛
𣞜
𣞝
𣞞
𣞟
𣞠
𣞡
𣞢
𣞣
𣞤
𣞥
𣞦
𣞧
𣞨
𣞩
𣞪
𣞫
𣞬
𣞭
𣞮
𣞯
𣞰
𣞱
𣞲
𣞳
𣞴
𣞵
𣞶
𣞷
𣞸
𣞹
𣞺
𣞻
𣞼
𣞽
𣞾
𣞿
𣟀
𣟁
𣟂
𣟃
𣟑
𣤬
𣤭
𣤮
𣤯
𣤰
𣦬
𣦭
𣩷
𣩸
𣫘
𣫙
𣫚
𣫛
𣫜
𣫝
𣬀
𣬖
𣰫
𣰬
𣰭
𣰮
𣰯
𣰰
𤂝
𤂡
𤂳
𤂴
𤂵
𤂶
𤂷
𤂸
𤂹
𤂺
𤂻
𤂼
𤂽
𤂾
𤂿
𤃀
𤃁
𤃂
𤃃
𤃄
𤃅
𤃆
𤃇
𤃈
𤃉
𤃊
𤃋
𤃌
𤃍
𤃎
𤃏
𤃐
𤃑
𤃒
𤃓
𤃔
𤃕
𤃖
𤃗
𤃘
𤃙
𤃚
𤃛
𤃜
𤃝
𤃞
𤃟
𤃠
𤃡
𤃢
𤃣
𤃤
𤃥
𤃦
𤃧
𤑒
𤑓
𤑔
𤑕
𤑖
𤑗
𤑘
𤑙
𤑚
𤑛
𤑜
𤑝
𤑞
𤑟
𤑠
𤑡
𤑢
𤑣
𤑤
𤑥
𤑦
𤑧
𤑨
𤑩
𤑪
𤑫
𤑬
𤑭
𤑮
𤑯
𤑰
𤑱
𤑲
𤔺
𤔿
𤕀
𤕁
𤖠
𤖡
𤛻
𤛼
𤛽
𤛾
𤛿
𤜀
𤜁
𤣅
𤣆
𤣇
𤣈
𤣉
𤣊
𤣋
𤣌
𤪩
𤪪
𤪫
𤪬
𤪭
𤪮
𤪯
𤪰
𤪱
𤪲
𤪳
𤪵
𤪶
𤪷
𤪸
𤪹
𤪺
𤪻
𤪼
𤪽
𤮠
𤮡
𤯻
𤯼
𤯽
𤯾
𤯿
𤰎
𤳩
𤳪
𤳫
𤳬
𤳭
𤳮
𤳯
𤳰
𤳲
𤻕
𤻖
𤻗
𤻘
𤻙
𤻚
𤻛
𤻜
𤻝
𤻞
𤻟
𤻠
𤻡
𤻢
𤻣
𤻤
𤻥
𤻦
𤻧
𤻨
𤻩
𤻪
𤻫
𤻬
𤻭
𤻮
𤻯
𤾫
𤾬
𤾭
𤾮
𤾯
𤾰
𤾱
𤾲
𤾳
𥀫
𥀬
𥀭
𥀮
𥂻
𥃁
𥃂
𥃃
𥃄
𥃅
𥃆
𥋿
𥌀
𥌁
𥌂
𥌃
𥌄
𥌅
𥌆
𥌇
𥌈
𥌉
𥌊
𥌋
𥌌
𥌍
𥌎
𥌏
𥌐
𥌑
𥌒
𥌓
𥌔
𥌕
𥌖
𥌗
𥌘
𥌙
𥎖
𥎗
𥎘
𥎙
𥎚
𥎛
𥎜
𥐌
𥐍
𥐎
𥐏
𥖪
𥖫
𥖬
𥖭
𥖮
𥖯
𥖰
𥖱
𥖲
𥖳
𥖴
𥖵
𥖶
𥖷
𥖸
𥖹
𥖺
𥜚
𥜛
𥜜
𥜝
𥜞
𥜟
𥣊
𥣕
𥣖
𥣗
𥣘
𥣙
𥣚
𥣛
𥣜
𥣝
𥣞
𥣟
𥣠
𥣡
𥣣
𥣤
𥣥
𥣦
𥣧
𥨪
𥨫
𥨬
𥨭
𥨮
𥨯
𥨲
𥪺
𥫅
𥫆
𥫇
𥴡
𥴢
𥴣
𥴤
𥴥
𥴦
𥴧
𥴨
𥴩
𥴪
𥴫
𥴬
𥴭
𥴮
𥴯
𥴰
𥴱
𥴲
𥴳
𥴴
𥴵
𥴶
𥴷
𥴸
𥴹
𥴺
𥴻
𥴼
𥴽
𥴾
𥴿
𥵀
𥵁
𥵂
𥵃
𥵄
𥵅
𥵆
𥵇
𥵈
𥵉
𥵊
𥵋
𥵌
𥵍
𥵎
𥵏
𥵐
𥵑
𥵒
𥵓
𥵔
𥵕
𥵖
𥵗
𥵘
𥵙
𥵚
𥵛
𥼶
𥼷
𥼸
𥼹
𥼺
𥼻
𥼼
𥼽
𥼾
𥼿
𥽀
𥽁
𥽂
𥽃
𥽄
𥽅
𥽆
𥽇
𥽈
𥽉
𥽊
𥽋
𥽌
𥽍
𥽎
𦅵
𦅶
𦅷
𦅸
𦅹
𦅺
𦅻
𦅼
𦅽
𦅾
𦅿
𦆀
𦆁
𦆂
𦆃
𦆄
𦆅
𦆆
𦆇
𦆈
𦆉
𦆊
𦆋
𦆌
𦆍
𦆎
𦆏
𦆐
𦆑
𦆒
𦆓
𦆔
𦆕
𦆖
𦆗
𦆘
𦆙
𦆚
𦆛
𦆥
𦉙
𦉚
𦉛
𦉜
𦌪
𦌫
𦌬
𦌭
𦌮
𦌯
𦌰
𦌱
𦌲
𦌳
𦌴
𦏕
𦏖
𦏗
𦏘
𦏙
𦏚
𦏛
𦒜
𦒝
𦒠
𦒡
𦔟
𦔥
𦔦
𦔧
𦔨
𦗳
𦗴
𦗵
𦗶
𦗷
𦗸
𦗹
𦗺
𦗻
𦗼
𦗽
𦘧
𦢊
𦢋
𦢌
𦢍
𦢎
𦢏
𦢐
𦢑
𦢒
𦢓
𦢔
𦢕
𦢖
𦢗
𦢘
𦢙
𦢚
𦢛
𦢜
𦢝
𦢞
𦢟
𦢠
𦢡
𦢢
𦢣
𦢤
𦤦
𦤧
𦤨
𦤩
𦤪
𦦩
𦦪
𦦫
𦦬
𦦯
𦧷
𦪨
𦪩
𦪪
𦪫
𦪬
𦪭
𦪮
𦪯
𦪰
𦿔
𦿕
𦿝
𧀠
𧀡
𧀢
𧀣
𧀤
𧀥
𧀦
𧀧
𧀨
𧀩
𧀪
𧀫
𧀬
𧀭
𧀮
𧀯
𧀰
𧀱
𧀲
𧀳
𧀴
𧀵
𧀶
𧀷
𧀸
𧀹
𧀺
𧀻
𧀼
𧀽
𧀾
𧀿
𧁀
𧁁
𧁂
𧁃
𧁄
𧁅
𧁆
𧁇
𧁈
𧁉
𧁊
𧁋
𧁌
𧁍
𧁎
𧁏
𧁐
𧁑
𧁒
𧁓
𧁔
𧁕
𧁖
𧁗
𧁘
𧁙
𧁚
𧁛
𧁜
𧁝
𧁞
𧁟
𧁠
𧁡
𧁢
𧁣
𧁤
𧁥
𧁦
𧁧
𧁨
𧁩
𧁪
𧁫
𧁬
𧁭
𧁮
𧁯
𧁰
𧁱
𧁲
𧁳
𧁴
𧁵
𧁶
𧁷
𧁸
𧁹
𧁺
𧃌
𧈂
𧈅
𧈆
𧈇
𧈈
𧈉
𧈊
𧈐
𧒎
𧒏
𧒐
𧒑
𧒒
𧒓
𧒔
𧒕
𧒖
𧒗
𧒘
𧒙
𧒚
𧒛
𧒜
𧒝
𧒞
𧒟
𧒠
𧒡
𧒢
𧒣
𧒤
𧒥
𧒦
𧒧
𧒨
𧒩
𧒪
𧒫
𧒬
𧒭
𧒮
𧒯
𧒰
𧒱
𧒲
𧒳
𧒴
𧒵
𧒶
𧒷
𧒸
𧒹
𧒺
𧒻
𧒼
𧒽
𧒾
𧒿
𧓀
𧓁
𧓂
𧓃
𧓄
𧓅
𧓆
𧓇
𧓈
𧗔
𧗕
𧘄
𧞍
𧞎
𧞏
𧞐
𧞑
𧞒
𧞓
𧞔
𧞕
𧞖
𧞘
𧞙
𧞚
𧞛
𧞜
𧞝
𧞞
𧞟
𧞠
𧞡
𧞢
𧞣
𧞤
𧞥
𧞦
𧠂
𧢌
𧢍
𧢎
𧢏
𧢐
𧢑
𧤺
𧤻
𧤼
𧤽
𧤾
𧤿
𧥀
𧥁
𧥂
𧥃
𧫾
𧫿
𧬀
𧬁
𧬂
𧬃
𧬄
𧬅
𧬆
𧬇
𧬈
𧬉
𧬊
𧬋
𧬌
𧬍
𧬎
𧬏
𧬐
𧬑
𧬒
𧬓
𧬔
𧬕
𧬖
𧬗
𧬘
𧬙
𧬚
𧬛
𧬜
𧬝
𧬞
𧬟
𧬠
𧬡
𧬢
𧬣
𧬤
𧬥
𧬦
𧯋
𧯌
𧯍
𧯎
𧯏
𧯐
𧯑
𧯒
𧰉
𧰊
𧰋
𧰌
𧰍
𧰎
𧰏
𧰐
𧲂
𧲃
𧲄
𧲅
𧲆
𧴆
𧴌
𧴍
𧴎
𧴏
𧴑
𧴒
𧴓
𧴔
𧴕
𧷼
𧷽
𧷾
𧷿
𧸀
𧸁
𧸂
𧸃
𧸄
𧸅
𧸆
𧸇
𧸈
𧸉
𧸊
𧸋
𧸌
𧸍
𧸎
𧸏
𧸑
𧸒
𧸓
𧸔
𧸕
𧹸
𧹹
𧹺
𧹻
𧹼
𧽶
𧽷
𧽸
𧽹
𧽺
𧽻
𧽼
𧽽
𧽾
𧽿
𧾀
𧾁
𧾂
𧾃
𧾄
𧾅
𧾆
𧾇
𧾈
𧾉
𧾊
𧾋
𧾌
𨅊
𨅋
𨅌
𨅍
𨅎
𨅏
𨅐
𨅑
𨅒
𨅓
𨅔
𨅕
𨅖
𨅗
𨅘
𨅙
𨅛
𨅜
𨅝
𨅞
𨅟
𨅠
𨅡
𨅢
𨅣
𨅤
𨅥
𨅦
𨅧
𨅨
𨅩
𨅪
𨅫
𨅬
𨅭
𨅮
𨅯
𨅰
𨅱
𨅲
𨅳
𨅴
𨅵
𨅶
𨅷
𨅸
𨅹
𨅺
𨅻
𨅼
𨅽
𨅾
𨅿
𨆀
𨉿
𨊀
𨊁
𨊃
𨊄
𨊅
𨊆
𨊇
𨊈
𨊉
𨊊
𨊋
𨊌
𨎤
𨎥
𨎦
𨎧
𨎨
𨎩
𨎪
𨎫
𨎬
𨎭
𨎮
𨎯
𨎰
𨎱
𨐵
𨐶
𨐷
𨐸
𨐹
𨑊
𨘷
𨘸
𨘹
𨘺
𨘻
𨘽
𨘾
𨘿
𨙀
𨙁
𨟙
𨟚
𨟛
𨟜
𨟝
𨟞
𨟟
𨢽
𨢾
𨢿
𨣀
𨣁
𨣂
𨣃
𨣄
𨣅
𨣆
𨣇
𨣈
𨣉
𨣊
𨣋
𨣌
𨣍
𨣎
𨣏
𨣐
𨣑
𨣒
𨣓
𨣔
𨣕
𨫏
𨫐
𨫑
𨫒
𨫓
𨫔
𨫕
𨫖
𨫗
𨫘
𨫙
𨫚
𨫛
𨫜
𨫞
𨫟
𨫠
𨫡
𨫢
𨫣
𨫥
𨫦
𨫧
𨫨
𨫩
𨫪
𨫫
𨫬
𨫭
𨫮
𨫯
𨫰
𨫱
𨫲
𨫳
𨫴
𨫵
𨫶
𨫷
𨫸
𨫹
𨫺
𨫻
𨫼
𨫽
𨫾
𨫿
𨬀
𨬁
𨬂
𨬃
𨬄
𨬅
𨬆
𨬇
𨬈
𨬉
𨬊
𨬋
𨬌
𨲭
𨲮
𨲯
𨲰
𨲱
𨲲
𨶜
𨶝
𨶞
𨶟
𨶠
𨶡
𨶢
𨶣
𨶤
𨶥
𨶦
𨶧
𨶨
𨶩
𨶪
𨶫
𨽢
𨽣
𨽤
𨽥
𩀤
𩀥
𩀦
𩀧
𩀨
𩀩
𩀪
𩀫
𩀬
𩀭
𩀮
𩀯
𩀰
𩀱
𩀲
𩀳
𩄻
𩄼
𩄽
𩄾
𩄿
𩅀
𩅁
𩅂
𩅃
𩅄
𩅅
𩅆
𩅇
𩅈
𩅉
𩅊
𩅋
𩅌
𩅍
𩅎
𩅏
𩅐
𩅑
𩅒
𩅓
𩅔
𩅕
𩅖
𩅗
𩅘
𩅙
𩅚
𩅛
𩅜
𩇡
𩈸
𩈹
𩈺
𩌃
𩌄
𩌅
𩌆
𩌇
𩌈
𩌉
𩌊
𩌋
𩌌
𩌍
𩌎
𩌏
𩌐
𩌑
𩌒
𩌓
𩌔
𩌕
𩌖
𩌗
𩌘
𩌙
𩌚
𩌛
𩌜
𩌝
𩌞
𩌟
𩌠
𩌡
𩌢
𩌣
𩌤
𩌥
𩏏
𩏐
𩏑
𩏒
𩏓
𩏔
𩏕
𩏖
𩏗
𩐉
𩐊
𩐵
𩐶
𩐷
𩐸
𩔙
𩔚
𩔛
𩔜
𩔝
𩔞
𩔟
𩔠
𩔡
𩔢
𩔣
𩔤
𩔥
𩔦
𩔧
𩔨
𩔩
𩔪
𩔫
𩔬
𩔭
𩔮
𩔯
𩔰
𩔱
𩔲
𩖗
𩘎
𩘜
𩘝
𩘞
𩘟
𩘠
𩘡
𩘢
𩘣
𩘤
𩘥
𩘦
𩘧
𩘨
𩘩
𩘪
𩘫
𩘬
𩙶
𩙷
𩙸
𩝴
𩝽
𩝾
𩝿
𩞀
𩞁
𩞂
𩞃
𩞄
𩞅
𩞆
𩞇
𩞈
𩞉
𩞊
𩞋
𩞌
𩞍
𩞎
𩞏
𩞐
𩞑
𩞒
𩞓
𩞔
𩞕
𩞖
𩞗
𩞘
𩞙
𩞚
𩞛
𩞜
𩞝
𩞞
𩞟
𩞠
𩠮
𩠯
𩠱
𩡓
𩡔
𩡕
𩡖
𩡗
𩡘
𩤗
𩤘
𩤙
𩤚
𩤛
𩤜
𩤝
𩤟
𩤠
𩤡
𩤢
𩤣
𩤤
𩤥
𩤦
𩤧
𩤨
𩤩
𩤪
𩤫
𩤬
𩤭
𩤮
𩤯
𩤰
𩤱
𩤲
𩤳
𩤴
𩤵
𩤶
𩤸
𩤹
𩤺
𩤻
𩤼
𩪀
𩪁
𩪂
𩪃
𩪄
𩪅
𩪇
𩪈
𩫞
𩫟
𩭺
𩭻
𩭼
𩭽
𩭾
𩭿
𩮀
𩮁
𩮂
𩮃
𩮄
𩮅
𩮆
𩮇
𩮈
𩮉
𩮊
𩮋
𩮌
𩮍
𩮎
𩮏
𩮐
𩮑
𩮒
𩮓
𩮔
𩮕
𩱃
𩱄
𩱅
𩱆
𩴆
𩴇
𩴈
𩴉
𩴊
𩴋
𩴌
𩴍
𩴎
𩴏
𩷷
𩷸
𩷹
𩷺
𩷻
𩷼
𩷽
𩷾
𩷿
𩸀
𩸁
𩸂
𩸃
𩸄
𩸅
𩸆
𩸇
𩸈
𩸉
𩸊
𩸋
𩸌
𩸍
𩸎
𩸏
𩸐
𩸑
𩸒
𩸓
𩸔
𩸖
𩸗
𩸘
𩸙
𩸚
𩸛
𩸜
𩸝
𩸞
𩸟
𩸠
𩸡
𩸢
𩸣
𩸤
𩸥
𩸦
𩸧
𩸨
𩸩
𩸪
𩸫
𩸬
𩸭
𩸮
𩸯
𩸰
𩸱
𩸲
𩸳
𩸴
𩸵
𩸶
𩸷
𩸸
𩸹
𩸺
𩸻
𩸼
𩾌
𪁷
𪁸
𪁹
𪁺
𪁻
𪁼
𪁽
𪁾
𪁿
𪂀
𪂁
𪂃
𪂄
𪂅
𪂆
𪂇
𪂈
𪂉
𪂊
𪂋
𪂌
𪂍
𪂎
𪂏
𪂐
𪂑
𪂒
𪂓
𪂔
𪂕
𪂖
𪂗
𪂘
𪂙
𪂚
𪂛
𪂜
𪂝
𪂞
𪂟
𪂠
𪂡
𪂢
𪂣
𪂤
𪂥
𪂦
𪂧
𪂨
𪂩
𪂪
𪂫
𪂬
𪂭
𪂮
𪂯
𪂰
𪂱
𪂲
𪂳
𪂴
𪂵
𪉦
𪉧
𪉨
𪉩
𪉪
𪉫
𪉬
𪋄
𪋅
𪋆
𪋇
𪋈
𪋉
𪋊
𪋋
𪋌
𪋍
𪌼
𪌽
𪌾
𪌿
𪍀
𪍁
𪍂
𪍃
𪍄
𪍅
𪍆
𪍇
𪍈
𪍉
𪍊
𪍋
𪎥
𪎦
𪎧
𪏆
𪏇
𪏈
𪏉
𪏊
𪏋
𪏌
𪏍
𪏎
𪏏
𪏐
𪏑
𪏒
𪐁
𪑈
𪑉
𪑊
𪑋
𪑌
𪑍
𪑎
𪑏
𪑐
𪑑
𪓡
𪓢
𪓣
𪓤
𪓥
𪓦
𪔔
𪔕
𪔖
𪔗
𪔘
𪔙
𪔚
𪔛
𪕒
𪕓
𪕔
𪕕
𪕖
𪕗
𪕘
𪕙
𪕟
𪖚
𪖛
𪖜
𪖝
𪖞
𪖟
𪖠
𪗉
𪗊
𪗛
𪗜
𪗝
𪗞
𪗟
𪗠
𪗡
𪗢
𪗣
𪗤
𪚑
𪚒
𪚓
𪚔
𪚩
𪚪
𪜦
𪝺
𪝻
𪝼
𪞆
𪞽
𪢟
𪢠
𪢡
𪤰
𪦰
𪦱
𪨟
𪨠
𪩞
𪩿
𪪉
𪪪
𪬿
𪭀
𪯁
𪰃
𪰄
𪱘
𪴐
𪴑
𪴒
𪴓
𪴔
𪴕
𪷺
𪷻
𪷼
𪷽
𪷾
𪷿
𪺁
𪺂
𪻌
𪼩
𪼪
𪼫
𪽺
𪾚
𪿁
𪿻
𪿼
𪿽
𫁮
𫂥
𫂦
𫃒
𫃓
𫃔
𫃕
𫄅
𫄆
𫄇
𫄈
𫄉
𫄊
𫄋
𫄿
𫅌
𫆒
𫆾
𫆿
𫇘
𫊅
𫊆
𫊇
𫊈
𫊉
𫊊
𫊋
𫋟
𫋠
𫋡
𫋢
𫌕
𫍍
𫍎
𫍏
𫎢
𫏠
𫏡
𫏢
𫏰
𫐀
𫐙
𫑼
𫑽
𫒅
𫒿
𫓀
𫓁
𫓂
𫓃
𫔒
𫔩
𫕬
𫕭
𫕼
𫖤
𫗀
𫗁
𫗂
𫗙
𫗚
𫗹
𫘏
𫘐
𫘑
𫙂
𫙤
𫙥
𫙦
𫙧
𫚧
𫚨
𫛁
𫛂
𫛃
𫛄
𫛅
𫛆
𫛇
𫛈
𫜆
𫜐
𫜗
𫜝
𫞞
𫟣
𫠁
𫠒
𫠙
𫤄
𫤅
𫤆
𫤧
𫤴
𫤵
𫤼
𫥮
𫥯
𫦟
𫦠
𫧊
𫧬
𫬝
𫬞
𫬟
𫬠
𫬣
𫬤
𫬥
𫬦
𫬧
𫬨
𫬩
𫬪
𫬫
𫬯
𫬴
𫮺
𫮻
𫮽
𫮾
𫰂
𫲕
𫲖
𫲗
𫲘
𫲛
𫲳
𫴜
𫴝
𫴞
𫴟
𫵫
𫵬
𫶟
𫶠
𫶢
𫶣
𫷒
𫷓
𫸉
𫸊
𫻓
𫻕
𫻙
𫻞
𫻟
𫾖
𫾙
𫾚
𫿞
𫿟
𫿠
𫿡
𫿢
𫿲
𫿾
𬀜
𬀝
𬁞
𬂗
𬅁
𬅃
𬅄
𬅇
𬅈
𬅉
𬅊
𬆏
𬆐
𬆜
𬆻
𬉟
𬉢
𬉤
𬋔
𬋕
𬋘
𬋙
𬋷
𬌏
𬌐
𬐸
𬐹
𬐺
𬐻
𬐼
𬑪
𬑷
𬒧
𬒨
𬓜
𬔂
𬕳
𬕴
𬕵
𬕶
𬕷
𬕸
𬕹
𬕺
𬖻
𬖽
𬘂
𬘆
𬙔
𬙿
𬛞
𬛯
𬛿
𬜀
𬜏
𬜐
𬟎
𬟏
𬟐
𬟑
𬟒
𬟔
𬟕
𬟲
𬠯
𬠱
𬡳
𬡴
𬡵
𬡶
𬢃
𬣈
𬣉
𬣊
𬤯
𬤰
𬤸
𬥌
𬥨
𬦟
𬧑
𬧒
𬧓
𬧔
𬧖
𬨕
𬩫
𬩬
𬩮
𬪠
𬪡
𬪢
𬫿
𬬀
𬬁
𬬂
𬬃
𬬄
𬬈
𬭾
𬮒
𬰉
𬲚
𬳚
𬳡
𬳢
𬳣
𬳤
𬴎
𬴛
𬴜
𬴭
𬴮
𬴷
𬵕
𬵗
𬵙
𬵚
𬵛
𬵟
𬶫
𬶬
𬶭
𬶯
𬷜
𬷝
𬷞
𬷟
𬷠
𬷡
𬸹
𬸿
𬹃
𬹎
𬹗
𬹯
𬹲
𬺒
𬼼
𭀍
𭀎
𭀏
𭀐
𭀑
𭁝
𭁲
𭄜
𭌊
𭌋
𭌌
𭌍
𭌏
𭌑
𭌒
𭌓
𭌔
𭌗
𭌘
𭌚
𭌛
𭌜
𭌝
𭌞
𭌟
𭌠
𭌡
𭌧
𭌫
𭍷
𭐆
𭐇
𭐉
𭐊
𭐚
𭐱
𭑦
𭒯
𭓜
𭔢
𭔤
𭕃
𭕹
𭕺
𭗭
𭗮
𭗯
𭗰
𭗳
𭘼
𭚉
𭚊
𭚋
𭜊
𭟏
𭟔
𭟕
𭟘
𭟙
𭟞
𭣀
𭣂
𭣄
𭣇
𭣉
𭣊
𭣋
𭣌
𭣍
𭣎
𭥉
𭥊
𭨌
𭩒
𭩓
𭩔
𭩕
𭬠
𭬡
𭬢
𭬣
𭬤
𭬥
𭬦
𭬧
𭬨
𭬩
𭬱
𭭗
𭯃
𭯄
𭯫
𭳜
𭳝
𭳟
𭳠
𭳣
𭳤
𭳥
𭳦
𭳧
𭳨
𭳩
𭳪
𭳫
𭳭
𭶣
𭶤
𭷶
𭺎
𭺐
𭺧
𭺨
𭻴
𭻵
𭼰
𭼱
𭼲
𭼳
𭼴
𭽸
𭽹
𭾓
𭾔
𭿩
𭿪
𭿬
𭿭
𮁐
𮁑
𮁔
𮂟
𮃳
𮄞
𮄟
𮄠
𮄡
𮄽
𮄾
𮆌
𮆔
𮆖
𮆘
𮆙
𮆚
𮆛
𮆜
𮆝
𮆞
𮆠
𮆡
𮆰
𮇾
𮉋
𮉍
𮊝
𮊴
𮋔
𮋗
𮍇
𮍈
𮒂
𮒩
𮒫
𮒬
𮒭
𮒯
𮒰
𮒲
𮒳
𮒴
𮒵
𮒶
𮒷
𮒼
𮒾
𮓮
𮕃
𮕄
𮕅
𮕇
𮖻
𮖼
𮖾
𮗚
𮗝
𮗶
𮘹
𮘻
𮘼
𮘽
𮙂
𮙑
𮙗
𮙤
𮙬
𮚡
𮚢
𮚣
𮚤
𮚦
𮚿
𮜔
𮜕
𮜖
𮜗
𮜘
𮜺
𮝦
𮝧
𮝨
𮟢
𮟣
𮡁
𮡃
𮡄
𮡝
𮡡
𮢵
𮢶
𮢷
𮢸
𮢹
𮢺
𮢻
𮢼
𮤅
𮤟
𮤠
𮤡
𮥜
𮥰
𮦬
𮦮
𮧣
𮧤
𮧥
𮧨
𮧩
𮧼
𮧽
𮨗
𮨘
𮨙
𮨚
𮨛
𮨰
𮩋
𮩌
𮩎
𮩏
𮩫
𮩬
𮪍
𮪎
𮪏
𮪐
𮪑
𮪓
𮪔
𮪳
𮫍
𮫎
𮫤
𮫾
𮫿
𮬂
𮬣
𮬼
𮬽
𮬾
𮭀
𮭁
𮭃
𮭭
𮭮
𮭼
𮭽
𮮨
𮯀
𮯁
𮯇
𮱙
𮱚
𮲼
𮴸
𮶸
𮶹
𮹀
嬾
嬾
寳
懶
櫛
獺
瓊
𥲀
繅
𦾱
虩
蠁
䗹
䩶
鵧
鼖
𰃇
𰃈
𰃕
𰉃
𰉄
𰉅
𰋁
𰋂
𰎇
𰎿
𰏀
𰏁
𰒛
𰒜
𰒝
𰒟
𰔺
𰕘
𰖶
𰖷
𰖸
𰘾
𰘿
𰙀
𰙁
𰙂
𰙃
𰙄
𰙺
𰚊
𰚵
𰝬
𰝭
𰝮
𰝯
𰟰
𰟱
𰟲
𰟳
𰠥
𰡩
𰡪
𰡫
𰢕
𰢖
𰣛
𰤈
𰥇
𰦇
𰦈
𰧩
𰪚
𰪛
𰭲
𰯠
𰯤
𰯧
𰯷
𰲊
𰲋
𰲌
𰲍
𰲎
𰲏
𰲐
𰳝
𰳞
𰳟
𰳠
𰴦
𰵆
𰵇
𰵈
𰶏
𰶠
𰶡
𰷑
𰷒
𰷓
𰷔
𰷕
𰷖
𰷗
𰸫
𰸬
𰸭
𰸮
𰸯
𰹇
𰹤
𰹥
𰹦
𰹧
𰺢
𰺣
𰺤
𰺫
𰼀
𰼓
𰼔
𰽄
𰽅
𰿂
𰿔
𱀮
𱁀
𱁁
𱁂
𱁌
𱁣
𱁰
𱁻
𱁼
𱂚
𱂛
𱂜
𱃊
𱃮
𱃯
𱄊
𱄤
𱄥
𱄦
𱄧
𱄨
𱅬
𱆂
𱆃
𱆄
𱆞
𱆟
𱆳
𱆴
𱈏
𱈐
𱈑
𱈭
𱈮
𱈯
𱈰
𱊱
𱊼
𱋃
𱋫
𱋬
𱋰
𱋳
𱋷
𱋸
𱌇
𱌈
𱌎
𱌏
𱌔
𱌚
𱌛
𱌜
𱏞
𱏰
𱑕
𱕝
𱕞
𱕟
𱕠
𱕡
𱕢
𱕣
𱕤
𱘕
𱘖
𱘗
𱘾
𱜜
𱜼
𱝏
𱝘
𱟦
𱟧
𱡆
𱡉
𱡌
𱡍
𱡯
𱤬
𱤭
𱤮
𱤯
𱤰
𱥉
𱥊
𱩤
𱩻
𱩼
𱩽
𱩾
𱩿
𱪀
𱪁
𱪂
𱪃
𱪄
𱪅
𱪆
𱪇
𱬤
𱬥
𱬦
𱬧
𱭉
𱭖
𱭲
𱯶
𱯻
𱯼
𱯽
𱯾
𱯿
𱰛
𱰣
𱱁
𱱂
𱱃
𱱫
𱱬
𱳐
𱳑
𱳒
𱳓
𱳔
𱳕
𱴹
𱴺
𱴻
𱴼
𱴽
𱴾
𱵱
𱵲
𱵳
𱶩
𱶪
𱶫
𱷙
𱸩
𱸪
𱹢
𱹣
𱹤
𱺉
𱺊
𱼢
𱼣
𱽃
𱾳
𱾴
𱾶
𱾷
𱾸
𱾹
𲀌
𲁅
𲁆
𲁞
𲁶
𲁷
𲁸
𲁹
𲂚
𲂛
𲂟
𲃈
𲃓
𲄆
𲄇
𲄬
𲆅
𲆆
𲆛
𲆜
𲆻
𲇝
𲇞
𲇟
𲇠
𲈢
𲈱
𲈲
𲈳
𲈴
𲊄
𲊅
𲊆
𲊇
𲊟
𲊵
𲊶
𲋃
𲋟
𲋱
𲋺
𲋼
𲌐
𲌸
𲌹
𲌺
𲍘
𲎈
𲎌
𲎭
𲑦
𲑧
𲒜
𲒢
𲗨
𲗩
𲗪
𲗫
𲗬
𲗭
𲗮
𲗯
𲗰
𲗱
𲗲
𲗳
𲗴
𲗵
𲗶
𲗷
𲗸
𲗹
𲗺
𲗻
𲗼
𲚟
𲚠
𲚡
𲚢
𲚣
𲚤
𲚺
𲛷
𲛸
𲛹
𲛺
𲜜
𲝂
𲞗
𲞘
𲞙
𲞿
𲟐
𲟟
𲠽
𲠾
𲠿
𲡁
𲡂
𲡔
𲣒
𲣗
𲣘
𲣛
𲣜
𲣝
𲣞
𲣱
𲥋
𲥌
𲥍
𲥕
𲥩
𲥪
𲧔
𲧕
𲧖
𲧗
𲧵
𲧶
𲧽
𲨭
𲪦
𲪧
𲪨
𲪩
𲪪
𲪫
𲪬
𲬦
𲬧
𲬨
𲬩
𲬪
𲬫
𲯋
𲯏
𲯑
𲰌
𲰍
𲱷
𲱸
𲴑
𲴒
𲴓
𲴔
𲴕
𲴽
𲴾
𲴿
𲵘
𲶝
𲶞
𲶟
𲶠
𲶡
𲶢
𲷚
𲷛
𲷜
𲷝
𲷞
𲷟
𲸚
𲸛
𲸜
𲸝
𲸞
𲸟
𲸠
𲸼
𲹞
𲹟
𲹼
𲹽
𲹾
𲺽
𲻊
𲻍
𲻎
𲻘
𲽠
𲽡
𲽢
𲽣
𲽤
𲽥
𲽦
𲽧
𲿹
𲿺
𲿻
𲿼
𲿽
𲿾
𲿿
𳀀
𳀁
𳀗
𳀩
𳁋
𳁒
𳁣
𳁤
𳁹
𳂐
𳂢
𳂣
𳂤
𳂱
𳂲
𳃄
𳃡
𳃢
𳃣
𳃤
𳄏
𳄐
𳄑
𳄕
𳄺
𳅧
𳅭
𳆧
𳆨
𳆩
𳆪
𳆫
𳆬
𳆭
𳆮
𳆯
𳆰
𳆱
𳆲
𳆳
𳆴
𳆵
𳆶
𳈇
𳈈
𳈉
𳈊
𳈋
𳉥
𳉦
𳉧
𳉨
𳉩
𳉪
𳉫
𳉬
𳊣
𳊤
𳊥
𳊪
𳊶
𳊷
𳊸
𳊹
𳋐
𳋣
𳌎
𳌥
𳌦
𳌧
𳌼
𳌽
𳌾
𳍘
𳍙
𳍚
𳍛
𳍜
𳍝
𳎢
𳎣
𳎼
𳎽
𳎾
𳎿
𳏀
𳏁
𳏂
𳏃
𳏄
𳏅
𳏆
𳏇
𳏈
𳏉
𳏊
𳏋
𳐙
𳐲
𳐳
𳐴
𳐵
𳐶
𳑆
𳑇
𳑗
𳑘
𳑙
𳑚
𳑸