㐜
㐝
㐞
㐟
㐠
㑗
㑘
㑙
㑚
㑛
㑜
㑝
㑞
㑟
㑠
㑡
㑢
㒸
㓂
㓎
㓏
㓧
㓨
㓩
㓪
㓫
㔜
㕊
㕟
㖀
㖁
㖂
㖃
㖄
㖅
㖆
㖇
㖈
㖉
㖊
㖋
㖌
㖍
㖎
㘢
㘶
㘷
㘸
㘹
㘺
㘻
㘼
㘽
㘾
㚅
㚆
㚇
㚚
㚛
㛂
㛃
㛄
㛅
㛆
㛇
㛈
㛉
㛊
㛋
㛌
㝁
㝓
㝔
㝕
㝖
㞀
㞁
㞒
㞓
㞔
㞕
㞖
㟄
㟅
㟆
㡁
㡂
㡃
㡄
㡅
㡆
㡼
㡽
㡾
㡿
㢀
㢁
㢂
㢥
㢲
㢳
㢴
㢵
㢶
㢷
㣚
㣛
㣜
㣝
㣞
㣟
㣠
㣡
㤍
㤎
㤙
㤛
㤜
㤝
㤞
㤡
㤢
㤤
㤥
㤦
㤧
㤨
㤬
㤭
㤺
㦳
㧁
㧂
㧘
㧡
㧢
㧣
㧤
㧥
㧦
㧧
㧨
㧩
㧪
㧫
㧮
㧯
㧰
㪃
㪄
㪅
㪆
㪵
㪼
㪽
㫆
㫈
㫛
㫜
㫝
㫞
㫟
㫠
㫡
㫢
㫣
㫤
㭑
㭒
㭓
㭔
㭕
㭖
㭗
㰣
㰤
㰥
㰧
㰨
㱒
㱓
㱔
㱞
㱟
㱠
㲋
㲒
㳖
㳗
㳘
㳙
㳚
㳛
㳜
㳝
㳞
㳠
㳡
㳢
㳣
㶫
㶬
㶭
㶮
㶯
㶰
㶱
㶲
㸖
㸛
㸰
㸱
㸲
㸳
㸴
㹫
㹬
㹭
㹮
㹯
㹰
㺱
㺷
㺹
㺺
㺻
㺼
㺽
㺾
㼉
㼊
㼚
㼛
㽘
㽙
㽚
㽸
㽹
㽺
㽻
㽼
㿞
㿫
㿬
㿼
㿽
䀕
䀖
䀗
䀘
䀙
䀚
䀛
䀜
䀝
䀞
䂇
䂚
䂛
䂜
䂝
䂞
䃽
䃾
䃿
䄀
䄮
䄯
䄰
䄱
䄲
䄳
䄴
䄵
䆓
䆔
䆕
䆖
䇅
䇆
䇖
䉺
䊶
䊷
䊸
䊹
䌶
䍂
䍑
䍒
䍓
䍔
䎛
䎟
䎠
䎢
䏞
䏟
䏠
䏡
䏢
䏣
䏤
䏥
䑒
䑡
䑢
䑣
䒊
䒦
䒧
䒨
䒩
䒪
䒫
䒬
䒭
䒮
䒯
䖉
䖞
䖟
䖠
䘜
䘝
䘞
䙲
䚮
䚰
䜪
䟓
䟔
䡂
䡃
䢂
䢐
䢑
䢻
䢼
䢾
䢿
䣀
䣁
䣂
䣥
䣦
䧄
䧅
䧆
䧇
䧈
䶭
䶮
临
举
乹
乺
乻
乼
亯
亱
亲
侰
侱
侳
侴
侷
侸
侺
侻
侼
侽
俀
俁
俆
俇
俈
俌
俍
俓
俕
俖
俙
俜
俞
俧
俨
俩
俪
俫
俬
俭
兘
兙
兹
冟
凁
凂
剅
剈
剎
剐
剑
勀
勂
勄
勋
匧
匨
匩
匽
卼
厗
厙
厛
叜
叝
呲
咟
咣
咧
咪
咰
咱
咴
咵
咶
咹
咻
哅
哊
哋
哌
响
哏
哐
哑
哒
哓
哔
哕
哖
哗
哙
哚
哛
哜
哝
哞
哟
哪
唌
垌
垍
垎
垏
垐
垑
垒
垔
垕
垖
垗
垘
垙
垛
垟
垡
垥
垦
垧
垩
垫
垭
垮
垯
垱
垲
垴
垵
垹
埅
埩
壵
夈
奊
奒
奓
奖
姕
姘
姛
姟
姠
姡
姢
姩
姭
姯
姰
姱
姲
姳
姴
姵
姷
姹
姺
姼
姽
姾
娀
娂
娄
娅
娆
娇
娈
娫
娰
婙
孪
宨
宩
宪
宫
尛
尜
尝
尮
尯
屌
峆
峈
峊
峌
峍
峎
峏
峑
峓
峔
峕
峖
峗
峘
峚
峛
峜
峝
峞
峟
峢
峣
峤
峥
峦
峧
峫
峸
巬
巭
巹
巺
帞
帠
帡
帢
帣
帤
带
帧
庛
庡
庢
庣
庤
庰
弫
弮
彥
徆
徍
徔
怣
怷
怸
怹
总
怼
恀
恄
恅
恈
恉
恎
恑
恓
恔
恗
恘
恛
恜
恞
恡
恦
恮
恱
恲
恸
恹
恺
恻
恼
恽
恾
战
扂
拪
拫
拰
拴
拸
拹
拺
拻
挀
挄
挅
挆
挋
挎
挏
挒
挓
挔
挕
挖
挗
挜
挝
挞
挠
挡
挢
挣
挤
挥
挦
挪
挷
捓
捛
攱
敀
敁
敂
敃
斪
斾
旀
昚
昝
昣
昦
昩
昬
昮
昲
昷
昸
昹
昻
昽
显
朎
朐
朑
枮
枱
枵
枺
枼
枾
枿
柂
柅
柇
柋
柌
柍
柕
柖
柟
柠
柣
查
柦
柨
柪
柫
柭
柲
柶
柸
柺
柽
栀
栅
栆
标
栈
栉
栊
栋
栌
栍
栎
栏
树
桏
桞
欨
欩
欪
殅
殇
殶
毠
毡
氞
氟
氠
氡
氢
沯
泴
泵
泶
泿
洁
洂
洃
洅
洆
洇
洈
洉
洏
洐
洑
洓
洔
洕
洘
洚
洝
洠
洡
洢
洣
洨
洬
洭
洷
洺
浀
浂
浃
浇
浈
浉
浊
测
浌
浍
济
浏
浐
浑
浒
浓
浔
浕
涏
炠
炡
炢
炣
炥
炦
炧
炨
炩
炪
炰
炲
炴
炵
炶
炼
炽
炾
炿
烀
烁
烂
烃
爮
爯
牁
牉
牊
牭
牰
牱
牳
牵
狊
狟
狣
狤
狥
狦
狧
狨
狪
狫
狮
狯
狰
狱
狲
狿
玴
玶
玸
玽
玾
珃
珄
珆
珇
珌
珐
珑
瓳
瓴
瓵
甭
甮
畇
畓
疤
疦
疧
疨
疩
疪
疬
疭
疮
疯
疺
癹
皅
皍
盄
盇
盶
盷
盹
盺
盽
盿
眀
眂
眃
眅
眆
眍
眨
矨
砃
砄
砇
砈
砊
砋
砎
砏
砑
砓
砖
砗
砘
砚
砛
砜
祍
祏
祑
祒
祔
祙
秎
秏
秐
秓
秗
穼
穾
窀
窆
竐
竔
竖
竗
竼
竾
笀
笁
笃
籷
籸
籺
类
籼
籽
籿
粀
紁
绑
绒
结
绔
绕
绖
绗
绘
给
绚
绛
络
绝
绞
统
罚
羍
羏
羾
耇
耉
耍
耏
胂
胇
胈
胉
胋
胍
胐
胑
胒
胓
胜
胟
胢
胣
胧
胨
胩
胪
胫
舣
舤
芔
茍
茔
茙
茞
茟
茠
茡
茤
茥
茦
茧
茩
茪
茬
茮
茳
茷
茽
茿
荁
荂
荆
荈
荋
荌
荍
荎
荓
荖
荙
荚
荛
荜
荝
荞
荟
荠
荡
荤
荨
荩
荪
荫
荬
荭
荮
药
虳
虴
虶
虸
虼
虽
虾
虿
蚀
蚁
蚂
蚃
衁
衎
衭
衳
衴
衶
衸
衹
衻
衼
袀
袄
袆
袇
覌
觇
览
觉
觓
訄
訅
訆
訇
诪
诫
诬
语
诮
误
诰
诱
诲
诳
说
诵
诶
貟
贰
贱
贲
贳
贴
贵
贶
贷
贸
费
贺
贻
赲
赵
趴
轱
轲
轳
轴
轵
轶
轷
轸
轹
轺
轻
迶
迼
迾
迿
逄
逇
选
逊
郖
郙
郚
郠
郣
郥
郦
郧
釓
釔
钘
钙
钚
钛
钜
钝
钞
钟
钠
钡
钢
钣
钤
钥
钦
钧
钨
钩
钪
钫
钬
钭
钮
钯
閁
闺
闻
闼
闽
闾
闿
阀
阁
阂
陖
陗
陙
陠
陧
陨
险
韨
顸
项
顺
须
飐
飑
飒
饵
饶
饷
饸
饹
饺
饻
饼
骁
骂
骃
骄
骅
骆
骇
骈
骉
鸥
鸦
鸧
鸨
鸩
龪
鿍
鿒
鿗
契
洛
郎
陋
拏
怒
便
省
拾
亮
咽
玲
柳
流
律
茶
洞
降
並
勇
奔
流
荒
華
𣏕
𠀵
𠀶
𠀷
𠀸
𠀹
𠀺
𠀻
𠁭
𠁮
𠁯
𠂴
𠂷
𠂸
𠃲
𠃳
𠃴
𠃵
𠃶
𠃷
𠄰
𠄱
𠄲
𠄳
𠄴
𠅓
𠅔
𠅕
𠈭
𠈮
𠈯
𠈰
𠈱
𠈲
𠈳
𠈴
𠈵
𠈶
𠈷
𠈸
𠈹
𠈺
𠈻
𠈼
𠈽
𠈾
𠈿
𠉀
𠉁
𠉂
𠉃
𠉄
𠉅
𠉆
𠉇
𠉈
𠉉
𠉊
𠉋
𠉌
𠉍
𠉎
𠉏
𠉐
𠉑
𠉒
𠉓
𠉔
𠉕
𠉖
𠉗
𠉘
𠉙
𠉚
𠉛
𠉜
𠉝
𠉞
𠉟
𠉠
𠉡
𠉢
𠒌
𠒍
𠒎
𠒏
𠓪
𠓫
𠓬
𠔒
𠔓
𠔔
𠔕
𠔖
𠔗
𠔘
𠕛
𠕜
𠖇
𠖈
𠖉
𠖊
𠖋
𠗈
𠗉
𠗊
𠗋
𠗌
𠗍
𠗎
𠗏
𠗐
𠗑
𠗒
𠗓
𠗔
𠗕
𠗗
𠙏
𠙐
𠙑
𠚎
𠚏
𠚐
𠚑
𠜐
𠜑
𠜒
𠜓
𠜔
𠜕
𠜖
𠜗
𠜘
𠜙
𠜚
𠜛
𠜜
𠜝
𠜞
𠜟
𠜠
𠜡
𠜢
𠜣
𠜤
𠜥
𠜦
𠜧
𠜨
𠜩
𠜪
𠜫
𠜬
𠜭
𠜮
𠜯
𠜰
𠡞
𠡟
𠡠
𠡡
𠡢
𠡣
𠡤
𠡥
𠡦
𠡧
𠡨
𠡩
𠡪
𠣞
𠣟
𠣠
𠣡
𠣢
𠣣
𠤗
𠤘
𠤙
𠤚
𠤛
𠤜
𠤝
𠤼
𠤽
𠤾
𠤿
𠥀
𠥁
𠥂
𠥃
𠥄
𠥅
𠥆
𠥇
𠥈
𠥴
𠥵
𠧩
𠧪
𠧫
𠧬
𠧭
𠧮
𠧯
𠧰
𠧱
𠧲
𠨙
𠨚
𠨛
𠨜
𠨝
𠩗
𠩘
𠩙
𠩚
𠩛
𠩜
𠩝
𠩞
𠩟
𠩠
𠩡
𠩢
𠩣
𠩤
𠩥
𠩦
𠫰
𠫱
𠫲
𠫳
𠫴
𠫵
𠫶
𠫷
𠫸
𠬿
𠭀
𠭁
𠭂
𠭃
𠭄
𠭅
𠭆
𠭇
𠭈
𠭉
𠱐
𠱑
𠱒
𠱓
𠱔
𠱕
𠱖
𠱗
𠱘
𠱙
𠱚
𠱛
𠱜
𠱝
𠱞
𠱟
𠱠
𠱡
𠱢
𠱣
𠱤
𠱥
𠱦
𠱧
𠱨
𠱩
𠱪
𠱫
𠱬
𠱭
𠱮
𠱯
𠱰
𠱱
𠱲
𠱳
𠱴
𠱵
𠱶
𠱷
𠱸
𠱹
𠱺
𠱻
𠱼
𠱽
𠱾
𠱿
𠲀
𠲁
𠲂
𠲃
𠲄
𠲅
𠲆
𠲇
𠲈
𠲉
𠲊
𠲋
𠲌
𠲍
𠲎
𠲏
𠲐
𠲑
𠲒
𠲓
𠲔
𠲕
𠲖
𠲗
𠲘
𠲙
𠲚
𠲛
𠲜
𠲝
𠲞
𠲟
𠲠
𠲡
𠲢
𠲣
𠲤
𠲥
𠲦
𠲧
𠲨
𠲩
𠲪
𠲫
𡇒
𡇓
𡇔
𡇕
𡇖
𡇗
𡇘
𡇙
𡇚
𡇛
𡇜
𡇝
𡇞
𡇟
𡊷
𡊸
𡊹
𡊺
𡊻
𡊼
𡊽
𡊾
𡊿
𡋀
𡋁
𡋂
𡋃
𡋄
𡋅
𡋆
𡋇
𡋈
𡋉
𡋊
𡋋
𡋌
𡋍
𡋎
𡋏
𡋐
𡋑
𡋒
𡋓
𡋔
𡋕
𡋖
𡋘
𡋙
𡋚
𡋛
𡋜
𡋝
𡋞
𡋟
𡋠
𡋡
𡋢
𡋣
𡋥
𡋦
𡋧
𡋨
𡋩
𡋪
𡋫
𡋬
𡔠
𡔡
𡔢
𡖐
𡖑
𡘍
𡘎
𡘏
𡘐
𡘑
𡘒
𡘓
𡘔
𡘕
𡘖
𡘗
𡘘
𡘙
𡘚
𡘛
𡘜
𡜂
𡜃
𡜄
𡜅
𡜇
𡜈
𡜉
𡜊
𡜋
𡜌
𡜍
𡜎
𡜏
𡜐
𡜑
𡜒
𡜓
𡜔
𡜕
𡜖
𡜗
𡜘
𡜙
𡜚
𡜛
𡜜
𡜝
𡜞
𡜟
𡜠
𡜡
𡜢
𡜣
𡜤
𡜥
𡜦
𡜧
𡜨
𡜩
𡜪
𡜫
𡜬
𡜭
𡥛
𡥜
𡥝
𡥞
𡥟
𡥠
𡥡
𡥢
𡥣
𡥤
𡥥
𡥦
𡥧
𡧩
𡧪
𡧫
𡧬
𡧭
𡧮
𡧯
𡧰
𡧱
𡧲
𡧳
𡧴
𡧵
𡧶
𡧷
𡧸
𡧹
𡧺
𡧻
𡧼
𡧽
𡧾
𡧿
𡬧
𡬨
𡬩
𡬪
𡬫
𡬬
𡭪
𡭫
𡭬
𡭭
𡭮
𡭯
𡭰
𡭱
𡭲
𡭳
𡯢
𡯣
𡯤
𡯥
𡯦
𡯧
𡱌
𡱍
𡱎
𡱏
𡱐
𡱑
𡱒
𡱓
𡱔
𡱕
𡱗
𡱘
𡱙
𡱚
𡱛
𡱜
𡱝
𡱞
𡱟
𡱠
𡱡
𡴎
𡴏
𡴐
𡴑
𡴒
𡴓
𡴔
𡶫
𡶬
𡶭
𡶮
𡶯
𡶰
𡶱
𡶲
𡶳
𡶴
𡶵
𡶶
𡶸
𡶹
𡶺
𡶻
𡶼
𡶽
𡶾
𡶿
𡷀
𡷁
𡷂
𡷃
𡷄
𡷅
𡷆
𡷇
𡷈
𡷉
𡷊
𡷋
𡷌
𡷍
𡷎
𡷏
𡷐
𡷑
𡷒
𡷓
𡷔
𡿷
𡿸
𡿹
𡿻
𢀠
𢀹
𢀺
𢀻
𢂐
𢂑
𢂒
𢂓
𢂔
𢂕
𢂖
𢂗
𢂘
𢂙
𢂚
𢂛
𢂜
𢂝
𢂞
𢂟
𢂠
𢂡
𢂢
𢂣
𢂤
𢂥
𢂦
𢂧
𢂨
𢂩
𢂪
𢂫
𢂬
𢂭
𢂮
𢂯
𢂰
𢆑
𢆒
𢆓
𢆔
𢆕
𢆿
𢇀
𢇂
𢈇
𢈈
𢈉
𢈊
𢈋
𢈌
𢈍
𢈎
𢈏
𢈐
𢈑
𢈒
𢈓
𢈔
𢈕
𢈖
𢈗
𢌠
𢌡
𢌢
𢌣
𢌤
𢌥
𢌴
𢌼
𢍂
𢍃
𢍄
𢍅
𢍆
𢍇
𢍈
𢍉
𢍊
𢍋
𢍌
𢎆
𢎇
𢎈
𢎉
𢎊
𢏔
𢏕
𢏖
𢏗
𢏘
𢏙
𢏚
𢏛
𢏜
𢏝
𢏞
𢏟
𢏠
𢏡
𢏢
𢏣
𢑗
𢑘
𢑙
𢑚
𢒎
𢓜
𢓝
𢓞
𢓟
𢓠
𢓡
𢓢
𢓣
𢓤
𢓥
𢓦
𢓧
𢓨
𢓩
𢘴
𢘵
𢘶
𢘷
𢘸
𢘹
𢘺
𢘻
𢘼
𢘽
𢘾
𢘿
𢙀
𢙁
𢙂
𢙃
𢙄
𢙅
𢙆
𢙇
𢙈
𢙉
𢙊
𢙋
𢙌
𢙍
𢙎
𢙏
𢙐
𢙑
𢙒
𢙓
𢙔
𢙕
𢙖
𢙗
𢙘
𢙙
𢙚
𢙛
𢙜
𢙝
𢙞
𢙟
𢙠
𢙡
𢙢
𢙣
𢙤
𢙥
𢙦
𢙧
𢙨
𢙩
𢙪
𢙫
𢙬
𢙭
𢙮
𢙯
𢙰
𢦦
𢦧
𢦨
𢦩
𢦪
𢦫
𢦬
𢦭
𢦮
𢦯
𢦰
𢦱
𢦲
𢦳
𢦴
𢦵
𢦶
𢨶
𢨷
𢨸
𢨹
𢨺
𢨻
𢨼
𢨽
𢨾
𢨿
𢩀
𢩁
𢩂
𢩃
𢩄
𢫤
𢫥
𢫦
𢫧
𢫨
𢫩
𢫪
𢫫
𢫬
𢫭
𢫮
𢫯
𢫰
𢫱
𢫲
𢫳
𢫴
𢫵
𢫶
𢫷
𢫸
𢫹
𢫺
𢫻
𢫼
𢫽
𢫾
𢫿
𢬀
𢬁
𢬂
𢬃
𢬄
𢬅
𢬆
𢬇
𢬈
𢬉
𢬊
𢬋
𢬌
𢬍
𢬎
𢬏
𢬐
𢬑
𢬒
𢬓
𢬔
𢬕
𢬖
𢬗
𢬘
𢬙
𢬚
𢬛
𢬜
𢬝
𢬞
𢬟
𢬠
𢬡
𢬢
𢬣
𢬤
𢬥
𢬦
𢬧
𢬨
𢬩
𢬪
𢬫
𢬬
𢬭
𢬮
𢺾
𢺿
𢻀
𢼉
𢼊
𢼋
𢼌
𢼍
𢼎
𢼏
𢼐
𢼑
𢼒
𢼓
𢼔
𢼕
𢼖
𢼗
𢼘
𢼙
𢼚
𣁆
𣁇
𣁈
𣁉
𣁱
𣁲
𣂙
𣂚
𣃝
𣃞
𣃟
𣃠
𣃡
𣃢
𣃣
𣃤
𣃥
𣄰
𣅷
𣅸
𣅹
𣅺
𣅻
𣅼
𣅽
𣅾
𣅿
𣆀
𣆁
𣆂
𣆃
𣆄
𣆅
𣆆
𣆇
𣆈
𣆉
𣆊
𣆋
𣆌
𣆍
𣆎
𣆏
𣆐
𣆑
𣌧
𣌨
𣌩
𣌪
𣌫
𣌬
𣍥
𣍦
𣍧
𣍨
𣍩
𣍪
𣍫
𣍬
𣐈
𣐉
𣐊
𣐋
𣐌
𣐍
𣐎
𣐏
𣐐
𣐑
𣐒
𣐓
𣐔
𣐕
𣐖
𣐗
𣐘
𣐙
𣐚
𣐛
𣐜
𣐝
𣐞
𣐟
𣐠
𣐡
𣐢
𣐣
𣐤
𣐥
𣐦
𣐧
𣐨
𣐩
𣐪
𣐫
𣐬
𣐭
𣐮
𣐯
𣐰
𣐱
𣐲
𣐳
𣐴
𣢗
𣢘
𣢙
𣢚
𣢛
𣢜
𣢝
𣢞
𣢟
𣢠
𣢡
𣢢
𣢣
𣢤
𣢥
𣢦
𣥢
𣥣
𣥤
𣧝
𣧞
𣧟
𣧠
𣧡
𣧢
𣧣
𣧤
𣧥
𣧦
𣧧
𣧨
𣧩
𣧪
𣧫
𣧬
𣧭
𣧮
𣧯
𣧰
𣧱
𣪅
𣪆
𣪇
𣫳
𣬸
𣬹
𣬺
𣬻
𣬼
𣬽
𣬾
𣬿
𣭀
𣭁
𣭂
𣭃
𣭄
𣭅
𣭆
𣭇
𣭈
𣭉
𣭊
𣭋
𣭌
𣭍
𣭎
𣭏
𣭐
𣭑
𣭒
𣭓
𣭔
𣭕
𣭖
𣭗
𣭘
𣭙
𣭚
𣭛
𣱇
𣱈
𣱉
𣱊
𣱜
𣱝
𣱞
𣱟
𣱠
𣳤
𣳥
𣳦
𣳧
𣳨
𣳩
𣳪
𣳫
𣳬
𣳭
𣳮
𣳯
𣳰
𣳱
𣳲
𣳳
𣳴
𣳵
𣳶
𣳷
𣳸
𣳹
𣳺
𣳻
𣳼
𣳽
𣳿
𣴁
𣴂
𣴃
𣴄
𣴅
𣴆
𣴇
𣴈
𣴉
𣴊
𣴋
𣴌
𣴍
𣴐
𣴑
𣴒
𣴓
𣴔
𣴕
𣴖
𣴗
𣴘
𣴙
𣴚
𣴛
𣴜
𣴝
𣶒
𤆼
𤆽
𤆾
𤆿
𤇀
𤇁
𤇂
𤇃
𤇄
𤇅
𤇇
𤇈
𤇉
𤇊
𤇋
𤇌
𤇍
𤇎
𤇏
𤇐
𤇑
𤇒
𤇓
𤇔
𤇕
𤇖
𤇗
𤇘
𤇙
𤇚
𤇛
𤇜
𤇝
𤇞
𤇟
𤇠
𤇡
𤇢
𤇣
𤇤
𤇥
𤇦
𤇧
𤇨
𤇩
𤇪
𤇫
𤇬
𤇭
𤇮
𤓽
𤓾
𤓿
𤔀
𤔁
𤔂
𤔃
𤔄
𤔅
𤔆
𤔇
𤔈
𤔉
𤔊
𤔋
𤕒
𤕞
𤕟
𤕲
𤕳
𤕴
𤕵
𤖱
𤖲
𤖳
𤖴
𤖵
𤖶
𤖷
𤖸
𤖹
𤘇
𤘸
𤘹
𤘺
𤘻
𤘼
𤘽
𤘾
𤘿
𤙀
𤙁
𤙂
𤙃
𤙄
𤙅
𤙆
𤙇
𤙈
𤙉
𤙊
𤙋
𤙌
𤙍
𤙎
𤙏
𤙐
𤝯
𤝰
𤝱
𤝲
𤝳
𤝴
𤝶
𤝷
𤝸
𤝹
𤝺
𤝻
𤝼
𤝽
𤝾
𤝿
𤞀
𤞁
𤞂
𤞃
𤞄
𤞅
𤞆
𤞇
𤞈
𤞉
𤞊
𤞋
𤞌
𤞍
𤞎
𤞏
𤞐
𤞑
𤞒
𤞓
𤞔
𤞕
𤞖
𤞗
𤞘
𤞣
𤣦
𤤏
𤤐
𤤑
𤤒
𤤓
𤤔
𤤕
𤤖
𤤗
𤤘
𤤙
𤤚
𤤛
𤤜
𤤝
𤤞
𤤟
𤤠
𤤡
𤤢
𤤣
𤤤
𤤥
𤤦
𤤧
𤤨
𤤩
𤤪
𤤫
𤤬
𤤭
𤤮
𤤯
𤤰
𤤱
𤤲
𤤳
𤫫
𤫬
𤫭
𤫮
𤫯
𤬬
𤬭
𤬮
𤬯
𤬰
𤬱
𤬲
𤯁
𤯂
𤯃
𤯄
𤯘
𤯙
𤯚
𤯛
𤯜
𤯝
𤯞
𤰩
𤰪
𤰫
𤰬
𤰭
𤰮
𤰯
𤰰
𤰱
𤰲
𤰳
𤰴
𤰵
𤰶
𤰷
𤰸
𤰹
𤰺
𤰻
𤰼
𤰽
𤰾
𤰿
𤱀
𤱁
𤱂
𤱃
𤱄
𤱅
𤱆
𤱇
𤱈
𤱉
𤱊
𤱋
𤴘
𤴷
𤴸
𤴹
𤴺
𤴻
𤴼
𤴽
𤴾
𤴿
𤵀
𤵁
𤵂
𤵃
𤵄
𤵅
𤵆
𤵇
𤵈
𤵉
𤵊
𤵋
𤵌
𤵍
𤵎
𤵏
𤵐
𤵑
𤵒
𤵓
𤵔
𤵕
𤵖
𤼧
𤼨
𤽈
𤽉
𤽊
𤽋
𤽌
𤽍
𤽎
𤽏
𤽐
𤽑
𤽒
𤽓
𤽔
𤽕
𤽖
𤽗
𤿎
𤿏
𤿐
𤿑
𤿒
𤿓
𤿔
𥁆
𥁇
𥁈
𥁉
𥁋
𥁌
𥁍
𥄃
𥄄
𥄅
𥄆
𥄇
𥄈
𥄉
𥄊
𥄋
𥄌
𥄍
𥄎
𥄏
𥄐
𥄑
𥄒
𥄓
𥄔
𥄕
𥄖
𥄗
𥄘
𥄙
𥄚
𥄛
𥄜
𥄝
𥄞
𥄟
𥄠
𥄡
𥄣
𥄤
𥄥
𥄦
𥄧
𥄨
𥄩
𥄪
𥄫
𥄬
𥄭
𥄮
𥄯
𥄰
𥍟
𥍠
𥎩
𥎪
𥎫
𥎬
𥎭
𥎮
𥎯
𥐩
𥐪
𥐫
𥐬
𥐭
𥐯
𥐰
𥐱
𥐲
𥐳
𥐴
𥐵
𥐶
𥐷
𥐸
𥐹
𥐺
𥐻
𥐼
𥐽
𥐾
𥐿
𥑀
𥑁
𥑂
𥑃
𥑄
𥑅
𥘫
𥘬
𥘭
𥘮
𥘯
𥘰
𥘱
𥘲
𥘳
𥘴
𥘵
𥘶
𥘷
𥘸
𥘹
𥘺
𥘻
𥘼
𥘽
𥘾
𥘿
𥙀
𥙁
𥙂
𥙃
𥙄
𥙅
𥙆
𥙇
𥙈
𥙉
𥙊
𥙋
𥙌
𥙍
𥝣
𥝤
𥝥
𥝦
𥝧
𥝨
𥝩
𥝪
𥝫
𥝬
𥝭
𥝮
𥝯
𥝰
𥝲
𥝳
𥝴
𥝵
𥝶
𥝷
𥝸
𥝹
𥝺
𥝻
𥝼
𥝽
𥤴
𥤵
𥤶
𥤷
𥤸
𥤹
𥤺
𥤻
𥤼
𥤽
𥤾
𥤿
𥥀
𥥁
𥥂
𥥃
𥥄
𥥅
𥥆
𥩙
𥩛
𥩜
𥩝
𥩞
𥩟
𥫝
𥫞
𥫟
𥫠
𥫡
𥫢
𥫥
𥫦
𥫧
𥫨
𥫩
𥫪
𥫫
𥫬
𥫭
𥫮
𥸫
𥸬
𥸭
𥸯
𥸰
𥸱
𥸲
𥾌
𥾍
𥾎
𥾏
𥾐
𥾑
𥾒
𥾓
𥾔
𥾕
𥾖
𥾗
𥾘
𦈉
𦈣
𦈤
𦈥
𦊁
𦊂
𦊃
𦊄
𦊅
𦊇
𦊈
𦊉
𦊊
𦊋
𦊌
𦊍
𦍑
𦍒
𦍓
𦍔
𦍕
𦍖
𦏴
𦏵
𦏶
𦏷
𦏸
𦏹
𦏺
𦏻
𦏼
𦏽
𦏾
𦏿
𦐀
𦐁
𦒶
𦒷
𦒸
𦒹
𦓨
𦓩
𦓪
𦔷
𦔸
𦔹
𦔺
𦔻
𦘔
𦙪
𦙫
𦙬
𦙭
𦙮
𦙯
𦙰
𦙱
𦙲
𦙳
𦙴
𦙵
𦙶
𦙷
𦙸
𦙹
𦙺
𦙻
𦙼
𦙽
𦙿
𦚀
𦚁
𦚂
𦚃
𦚄
𦚅
𦚆
𦚇
𦚈
𦚉
𦚊
𦚋
𦚌
𦚍
𦚎
𦚏
𦚐
𦚑
𦚒
𦚓
𦚔
𦚕
𦚖
𦚗
𦚘
𦚙
𦚚
𦚛
𦚜
𦣟
𦣾
𦣿
𦤀
𦤶
𦤷
𦤸
𦥗
𦥘
𦥚
𦥛
𦥜
𦥧
𦧇
𦨎
𦨏
𦨐
𦨑
𦨒
𦨓
𦨔
𦫋
𦫓
𦬷
𦬸
𦬹
𦬺
𦬻
𦬼
𦬽
𦬾
𦬿
𦭀
𦭁
𦭂
𦭃
𦭄
𦭅
𦭆
𦭇
𦭈
𦭉
𦭊
𦭋
𦭌
𦭍
𦭎
𦭏
𦭐
𦭑
𦭒
𦭓
𦭔
𦭕
𦭖
𦭗
𦭘
𦭙
𦭚
𦭛
𦭜
𦭝
𦭞
𦭟
𦭠
𦭡
𦭢
𦭣
𦭤
𦭥
𦭦
𦭧
𦭨
𦭩
𦭪
𦭫
𦭬
𧆜
𧆝
𧆞
𧈨
𧈩
𧈪
𧈫
𧈬
𧈭
𧈮
𧈯
𧈰
𧈱
𧈲
𧈳
𧈴
𧈵
𧈶
𧈷
𧈸
𧈹
𧈺
𧖪
𧗡
𧗢
𧗣
𧗤
𧗥
𧘝
𧘞
𧘟
𧘠
𧘡
𧘢
𧘣
𧘤
𧘥
𧘦
𧘧
𧘨
𧘩
𧘪
𧘫
𧘬
𧘭
𧘮
𧘯
𧘰
𧘲
𧘳
𧘴
𧘵
𧘶
𧘷
𧘸
𧘹
𧘺
𧘻
𧘼
𧟤
𧟥
𧟦
𧠈
𧢴
𧢵
𧢶
𧥠
𧯚
𧰩
𧲡
𧴤
𧴥
𧴦
𧴧
𧴨
𧴩
𧹒
𧹙
𧹚
𧺈
𧺉
𧺊
𧺋
𧺌
𧺍
𧺎
𧾺
𧾻
𧾼
𧾽
𧾾
𧾿
𧿀
𨈒
𨊠
𨊡
𨊢
𨊣
𨊤
𨊥
𨊦
𨐇
𨒥
𨒦
𨒧
𨒨
𨒩
𨒪
𨒫
𨒬
𨒭
𨒮
𨒯
𨒰
𨒱
𨒲
𨒳
𨒴
𨒵
𨒶
𨒷
𨒸
𨒹
𨒺
𨒻
𨒼
𨒽
𨒾
𨒿
𨓀
𨓁
𨓂
𨓃
𨓄
𨛋
𨛌
𨛍
𨛎
𨛏
𨛐
𨛑
𨛒
𨛓
𨛔
𨛕
𨛖
𨛘
𨛙
𨛚
𨛛
𨛜
𨛝
𨛞
𨛟
𨛠
𨛡
𨛢
𨛣
𨛤
𨛥
𨛦
𨛧
𨛨
𨛩
𨛪
𨱀
𨱁
𨱂
𨱙
𨳉
𨸄
𨸅
𨹘
𨹙
𨹚
𨹛
𨹜
𨹝
𨹞
𨹟
𨹠
𨹡
𨹢
𨹣
𨹤
𨹥
𨹦
𨹧
𨹨
𨹩
𨹪
𨹫
𨹬
𨹭
𨹮
𨹯
𨹰
𨹱
𨹲
𨹳
𩁶
𩏽
𩏾
𩑋
𩙥
𩙦
𩙱
𩚂
𩠃
𩠐
𩧮
𩧰
𩧱
𩧲
𩧳
𩧴
𩧵
𩧶
𪉁
𪉂
𪉃
𪎍
𪛟
𪜄
𪜉
𪜍
𪜕
𪜻
𪜼
𪜽
𪜾
𪜿
𪝀
𪝁
𪝂
𪞀
𪞟
𪞠
𪞡
𪟆
𪟇
𪟜
𪟪
𪟯
𪠂
𪠇
𪠈
𪠉
𪠊
𪠜
𪠩
𪠪
𪠺
𪠻
𪠼
𪠽
𪠾
𪠿
𪡀
𪡁
𪡂
𪡃
𪢪
𪣋
𪣌
𪣍
𪣎
𪣏
𪣐
𪣑
𪣒
𪣓
𪤹
𪥍
𪥎
𪥏
𪥱
𪥲
𪥳
𪥴
𪥵
𪦻
𪧊
𪧋
𪧌
𪨍
𪨎
𪨯
𪨰
𪨱
𪨲
𪨳
𪨴
𪩢
𪪋
𪪐
𪪑
𪪯
𪪼
𪪽
𪫭
𪫮
𪫯
𪫰
𪫱
𪫲
𪫳
𪫴
𪭋
𪭌
𪭘
𪭫
𪭬
𪭭
𪭮
𪭯
𪭰
𪭱
𪭲
𪭳
𪯉
𪯊
𪯣
𪯫
𪯴
𪰏
𪰐
𪰑
𪰒
𪰓
𪰔
𪰕
𪰖
𪰗
𪰘
𪱜
𪱝
𪱺
𪱻
𪱼
𪱽
𪱾
𪱿
𪲀
𪲁
𪲂
𪴪
𪴫
𪵀
𪵁
𪵙
𪵚
𪵤
𪵷
𪵸
𪵹
𪵺
𪵻
𪵼
𪵽
𪸘
𪸙
𪸚
𪸛
𪸜
𪸝
𪸞
𪸟
𪸠
𪸡
𪸢
𪺎
𪺪
𪺫
𪺺
𪺻
𪻕
𪻖
𪼴
𪼷
𪼸
𪽉
𪽊
𪽋
𪽌
𪽨
𪽩
𪽪
𪽫
𪽻
𪽼
𪾇
𪾊
𪾋
𪾡
𪾢
𪾣
𪿆
𪿈
𪿉
𪿑
𪿒
𪿓
𫀄
𫀅
𫀆
𫀨
𫀩
𫁊
𫁟
𫁱
𫂳
𫂴
𫃜
𫃝
𫄠
𫄡
𫄢
𫄣
𫅁
𫅢
𫆙
𫆚
𫆛
𫆜
𫇚
𫇮
𫇯
𫇰
𫇱
𫇲
𫇳
𫇴
𫇵
𫊝
𫊞
𫊥
𫊦
𫋲
𫋳
𫋴
𫌨
𫌩
𫍧
𫍨
𫍩
𫍪
𫎀
𫎎
𫎦
𫎧
𫐈
𫐉
𫐊
𫐥
𫑝
𫑞
𫑟
𫓧
𫓨
𫓩
𫓪
𫓫
𫔘
𫔱
𫕁
𫕂
𫕃
𫖪
𫗤
𫗥
𫘠
𫘡
𫛚
𫛛
𫛜
𫛝
𫛞
𫝌
𫝍
𫝎
𫝐
𫝔
𫝙
𫝧
𫝨
𫝴
𫝸
𫝻
𫞂
𫞃
𫞢
𫞪
𫞰
𫟃
𫟈
𫟌
𫟍
𫟤
𫟯
𫟴
𫟵
𫠈
𫠖
𫠮
𫡙
𫡚
𫡛
𫡩
𫢞
𫢟
𫢡
𫢢
𫢣
𫢤
𫢦
𫢧
𫢨
𫢩
𫢪
𫢬
𫢭
𫢮
𫢯
𫤙
𫤮
𫤹
𫤺
𫥌
𫥍
𫥎
𫦀
𫦁
𫦩
𫦪
𫦫
𫦬
𫦭
𫦰
𫧓
𫧡
𫧢
𫧮
𫧯
𫨉
𫨊
𫨨
𫨩
𫨺
𫨻
𫩫
𫩬
𫩭
𫩮
𫩯
𫩰
𫩱
𫩲
𫩳
𫩴
𫩷
𫩹
𫩺
𫩻
𫩼
𫪀
𫭇
𫭈
𫭩
𫭪
𫭫
𫭬
𫭭
𫭮
𫭯
𫯁
𫯂
𫯣
𫯤
𫯥
𫰜
𫰝
𫰞
𫰠
𫰡
𫰢
𫰤
𫰥
𫰦
𫰧
𫰨
𫰩
𫲥
𫳁
𫳂
𫳃
𫳄
𫳅
𫳆
𫳋
𫴼
𫴽
𫵙
𫵚
𫵛
𫵜
𫵝
𫵺
𫵻
𫶭
𫷅
𫷟
𫷨
𫷩
𫸓
𫸬
𫸮
𫸯
𫸰
𫸲
𫹒
𫹓
𫹻
𫹾
𫹿
𫺀
𫺂
𫺃
𫺆
𫺈
𫺊
𫻫
𫻬
𫼊
𫼜
𫼠
𫼢
𫼣
𫼤
𫼥
𫼦
𫼧
𫼨
𫼩
𫼪
𫼫
𫼬
𫼭
𫼮
𫼰
𫼳
𫼼
𫼾
𫾩
𫿮
𫿯
𬀬
𬀭
𬀮
𬁹
𬂥
𬂦
𬅠
𬅡
𬅺
𬅻
𬆑
𬆒
𬆡
𬆢
𬆶
𬇀
𬇌
𬇐
𬇜
𬇠
𬇡
𬇢
𬇣
𬇤
𬇥
𬊁
𬊂
𬋦
𬋿
𬌀
𬌁
𬌝
𬌮
𬌯
𬌱
𬍗
𬍘
𬍙
𬍚
𬍛
𬍜
𬍝
𬎣
𬎳
𬏝
𬏞
𬏟
𬏠
𬐄
𬐅
𬐆
𬐒
𬐘
𬐙
𬑆
𬑇
𬑽
𬑾
𬑿
𬒀
𬒁
𬒂
𬒬
𬒰
𬒱
𬒲
𬒳
𬓡
𬓢
𬓣
𬓤
𬔆
𬔇
𬔘
𬔙
𬔚
𬔭
𬔱
𬖏
𬗃
𬗄
𬘟
𬘠
𬘡
𬘢
𬘣
𬘤
𬘥
𬘦
𬘧
𬘩
𬙙
𬙬
𬚋
𬚒
𬚓
𬚵
𬛸
𬛹
𬜒
𬜨
𬜩
𬜪
𬜫
𬜬
𬜭
𬜮
𬟧
𬟴
𬟵
𬡄
𬡇
𬡈
𬡉
𬡊
𬢈
𬢉
𬢊
𬢚
𬢛
𬣶
𬣷
𬣸
𬣹
𬣼
𬣽
𬣿
𬤻
𬥎
𬥴
𬥵
𬥶
𬦠
𬨄
𬨅
𬨤
𬨥
𬩴
𬩻
𬩼
𬩽
𬬫
𬬬
𬬭
𬬮
𬬯
𬬰
𬬱
𬬲
𬬳
𬬴
𬬵
𬬶
𬮢
𬮣
𬮤
𬮥
𬮦
𬮧
𬮿
𬯀
𬰳
𬰴
𬱸
𬱹
𬱺
𬱻
𬲴
𬲵
𬲶
𬲷
𬲸
𬲹
𬳹
𬳺
𬳻
𬳼
𬳽
𬳾
𬷿
𬸀
𬸁
𬺜
𬻙
𬻚
𬻛
𬻜
𬻝
𬻴
𬻼
𬼨
𬼩
𬼪
𬼫
𬼿
𬽀
𬽊
𬽋
𬽌
𬽍
𬾅
𬾆
𬾇
𬾈
𬾉
𬾊
𬾋
𬾌
𬾍
𬾎
𬾏
𬾐
𬾑
𬾒
𬾓
𬾔
𬾕
𬾖
𬾗
𬾘
𬾙
𬾜
𬾞
𭀥
𭁀
𭁌
𭁍
𭁎
𭁏
𭁪
𭁫
𭁺
𭂏
𭂐
𭂳
𭂴
𭃣
𭃤
𭃦
𭃧
𭃪
𭄧
𭄨
𭄩
𭄪
𭄫
𭅋
𭅟
𭅡
𭅢
𭆅
𭆛
𭆜
𭆝
𭆬
𭆭
𭆮
𭇞
𭇟
𭇠
𭇡
𭇢
𭇣
𭇤
𭇥
𭇦
𭇧
𭇨
𭇩
𭇪
𭇫
𭇬
𭇭
𭇮
𭇯
𭇰
𭇱
𭇲
𭇳
𭇴
𭇻
𭇼
𭍞
𭍟
𭎏
𭎐
𭎑
𭎒
𭎓
𭎔
𭎕
𭎖
𭎗
𭎘
𭎙
𭎚
𭎛
𭐢
𭐣
𭐤
𭑍
𭑎
𭑶
𭑷
𭑸
𭑹
𭓁
𭓂
𭓆
𭓢
𭓩
𭓪
𭓫
𭓬
𭓭
𭓮
𭓯
𭔭
𭔮
𭔯
𭕊
𭕙
𭕚
𭕛
𭕜
𭕝
𭖕
𭖖
𭖗
𭖘
𭖙
𭖚
𭖛
𭖜
𭖝
𭖞
𭖟
𭖮
𭘀
𭘇
𭘍
𭘛
𭘜
𭘝
𭘞
𭙁
𭙚
𭙛
𭚖
𭚬
𭚭
𭚮
𭚯
𭚰
𭛏
𭛧
𭛨
𭛩
𭛮
𭜙
𭜝
𭜣
𭜤
𭜥
𭜦
𭜧
𭜬
𭜭
𭜱
𭜲
𭜴
𭟳
𭠃
𭠄
𭠆
𭠞
𭠠
𭠢
𭠣
𭠤
𭠥
𭠦
𭠨
𭠩
𭠪
𭠬
𭠭
𭠮
𭠯
𭠱
𭠹
𭣗
𭣘
𭣥
𭣦
𭣧
𭣨
𭣩
𭤕
𭤖
𭤗
𭤘
𭤙
𭤡
𭤢
𭤭
𭤮
𭤯
𭤰
𭤲
𭤳
𭤴
𭥡
𭥣
𭥤
𭥥
𭥦
𭥧
𭥨
𭥩
𭥪
𭥫
𭥬
𭥭
𭥿
𭨙
𭨚
𭨮
𭨯
𭨱
𭩣
𭩤
𭩥
𭩦
𭩧
𭩨
𭩩
𭩪
𭩫
𭩬
𭩭
𭩮
𭩯
𭩰
𭩲
𭭞
𭭟
𭭠
𭮆
𭮇
𭮈
𭯈
𭯊
𭯓
𭯔
𭯕
𭯖
𭯗
𭰇
𭰋
𭰌
𭰍
𭰎
𭰏
𭰐
𭰑
𭰒
𭰓
𭰔
𭰕
𭰖
𭰜
𭴒
𭴓
𭴔
𭴕
𭴖
𭴗
𭴘
𭴙
𭴚
𭴤
𭶫
𭷂
𭷊
𭷋
𭷐
𭷚
𭷛
𭷜
𭷝
𭷿
𭸁
𭸄
𭸅
𭸆
𭸇
𭸈
𭸉
𭸽
𭸿
𭹀
𭹁
𭹂
𭹃
𭹅
𭺗
𭺹
𭺾
𭺿
𭻀
𭻁
𭻂
𭻃
𭻄
𭻅
𭻆
𭻿
𭼆
𭼇
𭼾
𭼿
𭽋
𭽌
𭽍
𭽼
𭾞
𭾟
𭾠
𭾡
𭾢
𭾤
𭾥
𭿾
𭿿
𮀍
𮀎
𮁠
𮁡
𮁢
𮁣
𮂱
𮂲
𮂳
𮂴
𮂵
𮂶
𮂷
𮂸
𮂹
𮃹
𮄨
𮇅
𮈁
𮈂
𮉤
𮉥
𮉦
𮉰
𮉿
𮊁
𮊄
𮊢
𮊣
𮊤
𮋬
𮋭
𮌃
𮌉
𮌊
𮌌
𮌍
𮌎
𮌏
𮍴
𮍵
𮎨
𮎩
𮎪
𮎫
𮎬
𮎭
𮎮
𮎯
𮎰
𮎱
𮎲
𮎳
𮎴
𮎵
𮎶
𮎷
𮎸
𮏌
𮓛
𮓜
𮓳
𮓴
𮓵
𮓶
𮓷
𮕢
𮕬
𮕭
𮕯
𮕰
𮗷
𮗸
𮙉
𮙚
𮙥
𮙭
𮛂
𮝴
𮞏
𮞐
𮞑
𮟷
𮟸
𮠖
𮠗
𮣳
𮤳
𮥀
𮥁
𮥂
𮥄
𮥅
𮥋
𮥴
𮧯
𮧰
𮩛
𮩴
𮩵
𮭡
𮭢
𮭣
𮮃
𮰊
𮰘
𮰝
𮰞
𮰟
𮰠
𮰡
𮰱
𮰲
𮰵
𮰿
𮱀
𮱁
𮱂
𮱃
𮱨
𮱩
𮱵
𮱶
𮱷
𮱼
𮲅
𮲓
𮲖
𮲞
𮲪
𮲯
𮳅
𮳆
𮳣
𮳤
𮳽
𮴉
𮴊
𮴋
𮴌
𮴍
𮴎
𮵄
𮵆
𮵊
𮵋
𮵌
𮵘
𮵙
𮵠
𮵥
𮶗
𮶟
𮶠
𮶡
𮶻
𮷋
𮷍
𮷙
𮷟
𮷠
𮷷
𮷸
𮷹
𮷺
𮷻
𮷼
𮷽
𮸥
𮸴
𮸽
𮹆
侻
剆
勇
勉
卑
卽
咢
𡛪
㞁
岍
㡼
舁
形
悁
㤺
㤜
悔
捐
𢬌
㫤
冒
柺
汧
派
海
炭
𤜵
㺸
𤰶
甾
𥃲
𥄙
眞
祖
紀
者
舁
𦬼
虐
𧙧
𠣞
𰀎
𰀏
𰀐
𰀑
𰀥
𰁄
𰁅
𰁆
𰁇
𰁈
𰁘
𰂅
𰂆
𰂇
𰂈
𰂉
𰂊
𰂋
𰂌
𰂍
𰂎
𰃚
𰃛
𰃡
𰃾
𰄬
𰄭
𰄮
𰄯
𰄰
𰄱
𰄲
𰅜
𰅝
𰅶
𰅷
𰆄
𰆅
𰆆
𰆐
𰆙
𰆚
𰆮
𰆾
𰆿
𰇔
𰇕
𰇖
𰇗
𰇘
𰇙
𰇚
𰇛
𰇜
𰇝
𰇞
𰇟
𰇠
𰇡
𰇢
𰇣
𰉥
𰉦
𰉧
𰉨
𰉩
𰉪
𰉫
𰉬
𰉭
𰋠
𰋡
𰋽
𰋾
𰋿
𰌀
𰌁
𰌂
𰌃
𰌦
𰌧
𰌻
𰌼
𰌽
𰍫
𰍮
𰍵
𰍶
𰍷
𰎔
𰎕
𰎖
𰎗
𰎘
𰎙
𰎚
𰎛
𰎜
𰎝
𰎞
𰏃
𰏄
𰏗
𰏘
𰏱
𰏵
𰏶
𰐕
𰐖
𰐨
𰑋
𰑎
𰑑
𰑒
𰑓
𰑖
𰑘
𰑙
𰑚
𰑛
𰒦
𰒧
𰒨
𰓍
𰓎
𰓏
𰓑
𰓒
𰓖
𰓗
𰓘
𰓜
𰓝
𰓞
𰓟
𰓠
𰓡
𰓢
𰓣
𰓤
𰓥
𰓧
𰓨
𰓩
𰕇
𰕚
𰕧
𰕸
𰕹
𰕺
𰕻
𰕼
𰕽
𰕾
𰗅
𰗘
𰗙
𰗚
𰗛
𰙌
𰙠
𰙡
𰙢
𰙣
𰚒
𰚓
𰚔
𰚕
𰚸
𰚾
𰚿
𰛕
𰛘
𰛙
𰛞
𰛟
𰛠
𰛡
𰛢
𰛤
𰛥
𰛦
𰛧
𰛨
𰛩
𰞁
𰞂
𰞃
𰞄
𰞅
𰞇
𰟽
𰠋
𰠌
𰠑
𰠛
𰠜
𰠝
𰠡
𰠭
𰠮
𰠯
𰠰
𰠱
𰠲
𰠳
𰡈
𰡉
𰡊
𰡋
𰡌
𰡍
𰡲
𰡳
𰡴
𰡵
𰡶
𰢢
𰢧
𰢨
𰢫
𰢰
𰢹
𰢺
𰢻
𰢼
𰢽
𰢾
𰣢
𰣣
𰣤
𰣥
𰣦
𰣧
𰣨
𰤎
𰥑
𰥒
𰥓
𰥔
𰦎
𰦔
𰦕
𰦥
𰦦
𰦧
𰦨
𰦩
𰦪
𰦫
𰦬
𰧱
𰧲
𰨝
𰨞
𰩄
𰩠
𰩡
𰩬
𰩭
𰪧
𰪨
𰪩
𰪪
𰫘
𰫙
𰬌
𰬍
𰬎
𰬏
𰬐
𰬑
𰬒
𰬓
𰬔
𰬕
𰭈
𰭉
𰭩
𰭬
𰭳
𰮄
𰮆
𰮒
𰮓
𰮗
𰮙
𰮚
𰯮
𰯴
𰰔
𰰫
𰰬
𰰭
𰰮
𰰯
𰰰
𰰱
𰲪
𰴕
𰴖
𰴠
𰴨
𰴩
𰵧
𰵨
𰵩
𰵪
𰵫
𰵬
𰵭
𰵮
𰵯
𰶐
𰶤
𰶥
𰶱
𰷢
𰸁
𰹼
𰹽
𰹾
𰹿
𰺀
𰺁
𰺂
𰺃
𰺮
𰺶
𰽜
𰽝
𰽞
𰽟
𰽠
𰽡
𰽢
𰽣
𰽤
𰿮
𱀋
𱀌
𱀍
𱀎
𱀏
𱀐
𱂄
𱂅
𱂠
𱃖
𱃗
𱃸
𱃹
𱃺
𱃻
𱅉
𱅊
𱅋
𱅌
𱅍
𱅎
𱅏
𱅐
𱅑
𱅒
𱇍
𱉍
𱉎
𱉏
𱉐
𱉑
𱉒
𱉓
𱉔
𱋄
𱋅
𱎇
𱎮
𱎯
𱎰
𱎱
𱎲
𱏲
𱏴
𱐄
𱐅
𱐆
𱐎
𱐏
𱐚
𱐛
𱐰
𱐸
𱑊
𱑖
𱑤
𱑥
𱑷
𱒔
𱒕
𱒖
𱒗
𱒘
𱒙
𱒚
𱒛
𱒜
𱒝
𱒞
𱒟
𱒠
𱒡
𱒢
𱒣
𱒤
𱒥
𱕺
𱕻
𱕼
𱕽
𱖝
𱖞
𱖟
𱖠
𱖡
𱖢
𱖣
𱖤
𱖥
𱖦
𱖧
𱖨
𱖩
𱘰
𱙎
𱙏
𱙐
𱙑
𱙒
𱙓
𱙺
𱚆
𱚠
𱚥
𱚷
𱚸
𱚹
𱛜
𱛝
𱛞
𱛟
𱛠
𱛡
𱛢
𱛣
𱛤
𱛥
𱛦
𱛧
𱜤
𱜥
𱝃
𱝄
𱝒
𱝠
𱝯
𱞉
𱞍
𱞎
𱞒
𱞔
𱞕
𱟲
𱟴
𱟶
𱟸
𱡽
𱡾
𱢸
𱣆
𱣇
𱣈
𱣉
𱣊
𱣋
𱣌
𱥀
𱥁
𱥌
𱥍
𱥖
𱥞
𱥟
𱥽
𱦄
𱦅
𱦇
𱦈
𱦉
𱦊
𱦌
𱦍
𱦎
𱦏
𱦐
𱦑
𱦒
𱦓
𱦔
𱦖
𱦗
𱦘
𱦟
𱪱
𱪲
𱪳
𱪴
𱪵
𱪶
𱪷
𱪸
𱪹
𱪺
𱪻
𱪼
𱬸
𱬹
𱭏
𱭚
𱭪
𱭫
𱭬
𱭹
𱭺
𱭻
𱮷
𱮸
𱮹
𱰦
𱰧
𱰨
𱰩
𱰪
𱰫
𱰬
𱰭
𱱋
𱱌
𱱵
𱱶
𱲋
𱲌
𱲍
𱲦
𱲧
𱲨
𱲩
𱲪
𱲫
𱳩
𱳪
𱳫
𱳬
𱳭
𱳮
𱳯
𱳰
𱳱
𱳲
𱳳
𱵆
𱵹
𱵽
𱵾
𱶱
𱶲
𱷣
𱷯
𱸴
𱺚
𱺛
𱺴
𱺶
𱺷
𱺸
𱺹
𱺺
𱺻
𱻲
𱻷
𱼭
𱼶
𱽇
𱽑
𱽒
𱽔
𱽕
𱽖
𱽗
𱽘
𱽙
𱽚
𱽟
𱽡
𱽣
𱿙
𲀛
𲀜
𲀦
𲁔
𲂋
𲂌
𲂍
𲂾
𲂿
𲃀
𲃁
𲃔
𲅓
𲅔
𲅕
𲅖
𲆐
𲆑
𲇱
𲇲
𲇳
𲇴
𲇵
𲇶
𲈹
𲈺
𲈻
𲈼
𲉎
𲉏
𲊥
𲊹
𲋐
𲋥
𲍭
𲍮
𲎳
𲎻
𲏧
𲏨
𲏩
𲏪
𲐣
𲐤
𲐥
𲐦
𲐧
𲐨
𲐩
𲐪
𲐫
𲑺
𲒎
𲒏
𲒐
𲒑
𲒠
𲒨
𲒩
𲒪
𲒫
𲓄
𲓒
𲓥
𲓦
𲓻
𲓼
𲔟
𲔠
𲔡
𲔢
𲔣
𲔤
𲔥
𲔦
𲔧
𲔨
𲔩
𲔪
𲘢
𲘣
𲙂
𲙃
𲙄
𲙅
𲙆
𲚴
𲚿
𲛀
𲛾
𲜍
𲜷
𲝑
𲝒
𲝓
𲝔
𲝕
𲝖
𲝗
𲝘
𲝙
𲝚
𲞮
𲞻
𲟣
𲟵
𲟹
𲟼
𲟾
𲡤
𲡦
𲡧
𲡩
𲡪
𲡫
𲣪
𲣫
𲣽
𲤒
𲤓
𲤔
𲤕
𲤖
𲤗
𲥒
𲥙
𲥲
𲥳
𲥴
𲥵
𲥶
𲧫
𲧲
𲧸
𲧹
𲨉
𲨙
𲨾
𲩀
𲩁
𲩃
𲩄
𲩅
𲩆
𲩇
𲩈
𲩉
𲩋
𲫓
𲫔
𲫕
𲫖
𲭃
𲭇
𲭌
𲭔
𲭞
𲭻
𲭼
𲭽
𲭾
𲭿
𲯚
𲯛
𲯝
𲰚
𲰹
𲰺
𲱒
𲲏
𲲛
𲲜
𲲝
𲲞
𲳋
𲳌
𲳍
𲳎
𲳏
𲳐
𲳑
𲳒
𲴣
𲵦
𲶶
𲶷
𲶸
𲶹
𲷩
𲷪
𲸽
𲹒
𲹓
𲹩
𲺅
𲺊
𲺋
𲺌
𲻆
𲻴
𲾋
𲾌
𲾍
𳁓
𳁧
𳂑
𳂴
𳄖
𳄚
𳄛
𳄜
𳇩
𳈔
𳈚
𳐂
𳐃
𳐄