㐤
㑳
㑴
㑵
㑶
㑷
㑸
㑹
㑺
㒽
㓃
㓔
㓕
㓷
㓸
㓹
㓺
㓻
㔡
㔩
㔸
㕎
㕠
㖶
㖷
㖸
㖹
㖺
㖻
㖼
㖽
㖾
㖿
㗀
㗁
㗂
㗃
㗄
㗆
㗇
㗈
㗉
㗊
㗋
㗌
㗍
㗎
㗏
㗐
㗑
㙎
㙏
㙐
㙑
㙒
㙓
㙔
㙕
㙖
㙗
㙘
㚃
㚊
㚟
㛮
㛯
㛰
㛱
㛲
㛳
㛴
㛵
㛶
㛷
㛸
㛹
㛺
㛻
㛼
㛽
㛾
㛿
㜀
㜁
㜂
㜃
㜄
㝄
㝣
㝷
㝹
㞇
㞈
㞚
㞛
㟦
㟧
㟩
㟪
㟫
㟬
㟭
㟮
㟯
㠭
㡏
㡐
㡑
㡒
㡓
㡔
㡕
㡖
㡫
㡬
㢍
㢎
㢏
㢐
㢽
㢾
㢿
㣏
㣐
㣪
㣫
㣬
㣭
㣮
㥁
㥈
㥋
㥎
㥐
㥑
㥕
㥖
㥚
㥛
㥜
㥝
㥞
㥟
㥠
㥡
㥢
㥥
㥧
㥩
㥪
㥫
㦸
㨇
㨉
㨊
㨋
㨎
㨏
㨐
㨑
㨒
㨓
㨔
㨕
㨖
㨗
㨘
㩾
㪏
㪐
㪑
㪒
㪓
㪔
㪕
㪖
㪗
㪘
㪙
㪚
㪸
㫀
㫍
㫵
㫶
㫷
㫸
㫹
㫺
㫻
㫼
㫽
㫾
㫿
㬀
㬸
㬹
㭶
㭸
㭹
㭺
㭻
㭼
㭽
㭾
㭿
㮀
㮁
㮂
㮃
㮄
㮅
㮆
㮉
㮊
㰲
㰳
㰴
㰵
㰶
㰸
㱕
㱖
㱤
㱥
㱦
㱧
㱨
㱩
㲁
㲂
㲃
㲛
㲜
㲝
㲞
㳼
㴅
㴇
㴏
㴐
㴒
㴓
㴔
㴕
㴖
㴗
㴘
㴙
㴚
㴛
㴜
㴝
㴟
㴠
㴡
㴢
㴣
㴤
㷂
㷃
㷄
㷅
㷆
㷇
㷈
㷉
㷊
㷋
㷌
㷍
㸜
㹁
㹂
㹃
㺁
㺂
㺄
㺅
㺆
㻑
㻒
㻓
㻔
㻕
㻖
㻘
㻙
㻚
㻛
㻜
㼏
㼧
㼨
㼩
㼪
㽒
㽟
㽠
㾓
㾔
㾕
㾖
㾗
㾘
㾙
㾚
㾛
㾜
㾝
㾞
㾟
㾠
㾡
㿱
䀃
䀯
䀰
䀱
䀲
䀳
䀴
䀵
䀶
䀷
䀸
䀺
䀻
䀼
䀽
䀾
䀿
䁀
䂰
䂱
䂲
䂳
䂴
䂵
䂶
䄇
䄈
䄉
䄊
䅋
䅌
䅍
䅎
䅐
䅑
䅒
䅓
䆡
䆢
䆣
䆤
䆥
䇌
䇍
䇧
䇨
䇩
䇪
䇫
䇬
䇭
䇯
䇰
䇱
䇲
䇴
䊁
䊂
䊃
䊄
䊅
䊆
䋕
䋗
䋘
䋙
䋚
䋛
䋜
䋞
䌺
䌻
䍊
䍙
䍚
䍮
䍯
䍰
䎇
䎈
䎉
䎊
䎜
䎝
䎞
䎷
䏼
䏽
䏾
䏿
䐀
䐁
䐂
䐃
䐄
䐅
䐆
䐇
䐉
䐊
䐋
䐌
䑪
䑫
䑬
䑭
䑮
䓕
䓗
䓘
䓙
䓚
䓛
䓜
䓝
䓞
䓟
䓠
䓡
䓢
䓣
䓤
䓥
䓦
䓧
䓨
䓩
䓪
䓫
䓬
䓭
䖐
䖑
䖭
䖮
䖯
䖰
䖱
䖲
䖳
䖴
䖵
䘖
䘨
䘩
䘪
䘫
䘬
䘭
䘮
䙵
䙶
䙼
䙽
䙾
䙿
䛄
䛅
䛆
䛇
䛈
䛉
䛊
䛋
䛌
䛍
䛎
䛏
䛐
䛑
䛒
䛓
䜬
䜭
䜵
䝚
䝛
䝩
䝪
䝫
䝬
䝭
䝮
䝯
䞝
䞞
䞟
䞠
䞡
䞢
䞣
䞤
䟟
䟠
䟡
䟢
䟣
䟤
䟥
䟦
䟧
䟨
䟩
䟪
䟫
䟬
䟭
䠲
䠳
䠴
䠵
䠶
䡏
䡐
䡑
䡒
䢜
䢝
䢞
䢟
䢠
䣐
䣑
䣒
䣮
䣯
䣰
䣲
䣳
䤝
䤞
䤟
䤠
䥺
䥻
䥼
䦎
䦏
䦐
䦑
䧗
䧘
䧙
䧴
䧵
䧶
䨌
䨍
䨿
䩐
䩑
䩒
䪦
䪧
䪨
䪱
䪲
䫹
䬣
䬤
䬥
䭴
䯇
䯧
䯭
䯮
䰲
䶼
䶾
亁
亴
亵
偨
傂
傃
傄
傆
傉
傊
傋
傌
傎
傏
傐
傗
傛
傝
傟
傠
傡
傢
傤
傥
傧
储
傩
僃
僆
兟
凒
凓
凔
凕
凲
凿
勜
匑
厧
厫
叅
啙
啺
啿
喅
喌
喒
喓
喔
喕
喖
喗
喛
喠
喡
喢
喣
喤
喥
喦
喱
喲
喳
喴
喷
喸
喹
喺
喻
喼
喽
喾
嗏
嗖
嗗
嗞
嗴
嘅
圌
圎
圐
堖
堗
堘
堚
堛
堜
堟
堢
堣
堥
堦
堨
堩
堫
堬
堭
堮
堳
堶
堷
堸
堻
堼
堾
堿
塂
塃
塄
塅
塆
塇
塈
塟
塠
塦
塭
夡
奡
奣
奤
婣
婸
婹
婻
婽
媀
媁
媂
媃
媅
媆
媇
媈
媉
媊
媍
媏
媑
媓
媔
媕
媗
媘
媙
媝
媡
媣
媤
媥
媦
媨
媩
媪
媫
媬
媭
媮
媯
媶
嫅
寊
寋
寍
寏
寑
寕
尌
尳
崲
崳
崴
崵
崶
崷
崸
崺
崻
崼
崽
崾
崿
嵀
嵁
嵃
嵄
嵅
嵈
嵉
嵍
嵏
嵑
嵔
嵕
嵖
嵗
嵘
嵙
嵚
嵛
嵝
嵫
巯
帿
幁
幂
幆
幈
庽
廀
廄
强
弻
徚
徥
徦
徫
悹
惁
惄
惉
惌
惎
惒
惖
惢
惥
惩
惪
惫
惼
惽
惾
惿
愄
愅
愇
愊
愋
愌
愑
愔
愖
愘
愝
愠
愢
愣
愤
愦
愲
慅
戠
扊
掰
掱
揁
揂
揇
揈
揊
揋
揌
揍
揎
揑
揓
揗
揘
揙
揝
揞
揟
揢
揦
揨
揪
揯
揰
揳
揸
揹
揻
揼
揽
揾
揿
搀
搁
搂
搃
搄
搅
搑
搰
搽
摒
摡
敜
敟
敠
敡
敤
敥
敨
敩
敪
斞
斮
斱
旐
旑
旤
晱
晲
晵
晹
晼
晽
晾
晿
暂
暏
朂
朜
朠
棇
棎
棑
棓
棛
棜
棝
棞
棢
棪
棫
棳
棴
棵
棶
棸
棽
棾
棿
椂
椆
椉
椐
椑
椓
椔
椕
椖
椗
椝
椞
椟
椠
椤
椧
椩
椫
椬
椭
椮
楇
楛
楧
楰
欻
欼
欿
歄
歮
殔
殗
殙
殚
毰
毲
毴
毵
毶
毽
氬
氭
氮
氯
氰
淾
渘
渜
渨
渪
渰
渱
渳
渷
渹
渻
渽
渿
湀
湁
湂
湅
湆
湇
湐
湒
湙
湚
湝
湠
湡
湢
湤
湥
湦
湨
湩
湪
湭
湰
湱
湳
湵
湷
湸
湹
湺
湻
湼
湽
溁
溃
溄
溅
溆
溇
溈
溉
溊
溋
溚
溞
溠
溬
溾
焛
焝
焟
焢
焣
焤
焥
焧
焨
焩
焪
焬
焭
焲
焳
焴
焵
焷
焸
焹
焺
焻
焽
焾
焿
煀
煚
煡
煱
牍
牚
犃
犄
犅
犆
犈
犉
犊
犋
猆
猋
猌
猢
猣
猤
猦
猭
猰
猲
猵
猸
獀
獇
珷
琔
琕
琖
琗
琘
琙
琜
琝
琟
琠
琡
琣
琩
琭
琸
琻
琼
琽
瑘
瓽
瓾
甀
畮
痗
痚
痜
痡
痥
痦
痨
痪
痫
皒
皔
皳
盙
盚
睂
睃
睄
睅
睈
睉
睊
睋
睌
睏
睐
睑
硜
硞
硠
硡
硢
硣
硥
硦
硧
硩
硰
硱
硳
硵
硶
硷
祻
祼
祽
祾
禂
禃
禆
禇
秿
稁
稂
稄
稅
稇
稉
稌
窙
窛
窜
窝
竤
笿
筀
筂
筃
筄
筊
筓
筗
筘
筙
筚
筛
筜
粞
粩
粪
粬
紪
絍
絑
絒
絔
絕
絗
絘
絝
絟
絠
絤
絥
絧
絩
絫
絬
絭
絯
絴
絷
絾
綁
綎
綖
缂
缃
缄
缅
缆
缇
缈
缉
缊
缋
缌
缎
缏
缐
缑
缒
缓
缔
缕
编
缗
缘
缿
罀
罥
罦
羠
羡
羢
翓
翖
翗
翘
翙
翚
耠
聎
聏
聐
聑
聓
联
聠
胔
胾
脔
脺
脻
脼
脿
腀
腁
腂
腃
腄
腅
腇
腈
腉
腌
腍
腏
腒
腖
腗
腘
腙
腚
腡
臦
臮
臯
臰
臵
臶
臷
臸
臹
舃
舽
舾
舿
艵
茒
茻
萦
萫
萭
萮
萯
萰
萲
萳
萴
萶
萷
萺
萻
萾
萿
葀
葁
葂
葃
葄
葅
葇
葋
葌
葍
葐
葓
葔
葕
葖
葘
葝
葞
葠
葤
葧
葨
葪
葲
葴
葻
葽
葾
葿
蒀
蒃
蒆
蒇
蒈
蒉
蒌
蒍
蒎
蒏
蒢
蒫
蓃
蓇
蔇
虝
蛐
蛒
蛓
蛘
蛚
蛜
蛝
蛠
蛡
蛢
蛥
蛧
蛨
蛪
蛫
蛰
蛱
蛲
蛳
蛴
衇
衈
衉
衕
衖
袲
裇
裋
裌
裍
裐
裖
裗
裞
裢
裣
裤
裥
覄
覕
覙
觌
觍
觛
觞
訸
訹
訽
詀
詂
詃
詄
詉
詊
詋
詌
詏
詓
詖
詗
詙
詚
詜
詟
谟
谠
谡
谢
谣
谤
谥
谦
谧
豞
豟
豠
豾
豿
貀
貁
貃
貱
貵
貹
貺
貾
赋
赌
赍
赎
赏
赐
赑
赒
赓
赔
赕
趂
趃
趆
趇
趈
趉
趋
跅
跇
跉
跊
跍
跒
跓
跔
跕
跘
跜
跞
軤
軥
軦
軧
軨
軩
軪
軬
軮
軯
軰
軱
軲
軳
軴
軵
軶
軷
辇
辈
辉
辊
辋
辌
辍
辎
辝
逿
遀
遆
遈
遌
遗
遚
鄌
鄍
鄎
鄏
鄐
鄑
鄓
鄗
鄚
酟
酠
酦
释
釽
釾
鈀
鈂
鈃
鈄
鈅
鈆
鈈
鈉
鈋
鈌
鈏
鈓
鈘
鈙
鈚
鈛
鈜
鈝
鈟
鈠
鈡
鈢
鈣
鈤
鈥
鈦
鈧
鈨
鈪
鈫
鉯
铸
铹
铺
铻
铼
铽
链
铿
销
锁
锂
锃
锄
锅
锆
锇
锈
锉
锊
锋
锌
锍
锎
锏
锐
锑
锒
锓
锔
锕
镻
閐
閒
閕
閗
阑
阒
阓
阔
阕
隑
隒
隓
隖
隞
雂
雃
雈
雬
雮
雱
雳
靓
靔
靟
靬
靯
靰
靸
韩
頇
颉
颊
颋
颌
颍
颎
颏
颩
飓
飨
馇
馈
馉
馊
馋
骗
骘
骙
骚
骛
骪
骫
骬
骮
鱿
鲀
鲁
鲂
鲃
鹀
鹁
鹂
鹃
鹄
鹅
鹆
鹇
鹈
鼋
龂
龫
鿃
鿌
鿏
鿓
鿕
鿘
鿟
鿺
鿾
滑
喇
落
嵐
勞
復
葉
量
裂
惡
痢
裡
晴
喙
嗢
塚
徭
慎
揄
搜
摒
晴
滛
煮
盛
絛
䀹
𠁆
𠁇
𠁈
𠁉
𠁊
𠁋
𠁴
𠁵
𠃃
𠃄
𠄛
𠄻
𠅨
𠅩
𠅪
𠅫
𠅬
𠅭
𠅮
𠅯
𠅰
𠅱
𠅲
𠋭
𠋮
𠋯
𠋰
𠋱
𠋲
𠋳
𠋴
𠋵
𠋶
𠋷
𠋸
𠋹
𠋺
𠋻
𠋼
𠋽
𠋾
𠋿
𠌀
𠌁
𠌂
𠌃
𠌄
𠌅
𠌆
𠌇
𠌈
𠌉
𠌊
𠌋
𠌌
𠌍
𠌎
𠌏
𠌐
𠌑
𠌒
𠌓
𠌔
𠌕
𠌖
𠌗
𠌘
𠌙
𠌚
𠌛
𠌜
𠌝
𠌞
𠌟
𠌠
𠌡
𠌢
𠌣
𠌤
𠌥
𠌦
𠌧
𠌨
𠌩
𠒞
𠒟
𠒠
𠒡
𠒢
𠒣
𠓲
𠓳
𠔞
𠔟
𠔠
𠔡
𠔢
𠔣
𠔤
𠔥
𠔦
𠔧
𠕣
𠕤
𠕥
𠖔
𠖕
𠖖
𠖗
𠖘
𠖙
𠗱
𠗲
𠗳
𠗴
𠗵
𠗶
𠗷
𠗸
𠗹
𠙟
𠙠
𠙡
𠙢
𠙣
𠚘
𠝿
𠞀
𠞁
𠞂
𠞃
𠞄
𠞅
𠞆
𠞇
𠞈
𠞉
𠞊
𠞋
𠞌
𠞍
𠞎
𠞏
𠞐
𠞑
𠞒
𠞓
𠞔
𠞕
𠞖
𠞗
𠞘
𠞙
𠞚
𠞛
𠞜
𠞝
𠞞
𠞟
𠞠
𠞡
𠞢
𠞣
𠞤
𠢅
𠢆
𠢇
𠢈
𠢉
𠢊
𠢋
𠢌
𠢍
𠢎
𠢏
𠢐
𠢑
𠢒
𠣵
𠣶
𠣷
𠤣
𠤤
𠥐
𠥑
𠥒
𠥓
𠥔
𠥕
𠦰
𠦱
𠦲
𠦳
𠨀
𠨁
𠨂
𠨃
𠨄
𠨟
𠨠
𠨡
𠪇
𠪈
𠪉
𠪊
𠪋
𠪌
𠪍
𠪎
𠪏
𠪐
𠫿
𠬀
𠬁
𠬂
𠬃
𠬄
𠬅
𠭥
𠭦
𠭧
𠭨
𠭩
𠭪
𠭫
𠭬
𠭭
𠭮
𠶷
𠶸
𠶹
𠶺
𠶻
𠶼
𠶽
𠶾
𠶿
𠷀
𠷁
𠷂
𠷃
𠷄
𠷅
𠷆
𠷇
𠷈
𠷉
𠷊
𠷋
𠷌
𠷍
𠷎
𠷏
𠷐
𠷑
𠷒
𠷓
𠷔
𠷕
𠷖
𠷗
𠷘
𠷙
𠷚
𠷛
𠷜
𠷝
𠷞
𠷟
𠷠
𠷣
𠷤
𠷥
𠷦
𠷧
𠷨
𠷩
𠷪
𠷫
𠷬
𠷭
𠷮
𠷯
𠷰
𠷱
𠷲
𠷳
𠷴
𠷵
𠷶
𠷷
𠷸
𠷹
𠷺
𠷻
𠷼
𠷽
𠷾
𠷿
𠸀
𠸁
𠸂
𠸃
𠸄
𠸅
𠸆
𠸇
𠸈
𠸉
𠸊
𠸋
𠸌
𠸍
𠸎
𠸏
𠸐
𠸑
𠸒
𠸓
𠸔
𠸕
𠸖
𠸗
𠸘
𠸙
𠸚
𠸛
𠸜
𠸝
𠸞
𠸟
𠸠
𠸡
𠸢
𠸣
𠸤
𠸥
𠸦
𠸧
𠸨
𠸩
𠸪
𠸫
𠸬
𠸭
𠸮
𠸯
𠸰
𠸱
𠸲
𠸳
𠸴
𠸵
𠸻
𠸼
𠸽
𠸾
𡇼
𡇽
𡇾
𡇿
𡈂
𡈃
𡈄
𡈅
𡈆
𡈇
𡈈
𡈉
𡍤
𡍥
𡍦
𡍧
𡍨
𡍩
𡍪
𡍫
𡍬
𡍭
𡍮
𡍯
𡍰
𡍱
𡍲
𡍳
𡍴
𡍵
𡍶
𡍷
𡍸
𡍹
𡍺
𡍻
𡍼
𡍽
𡍾
𡍿
𡎀
𡎁
𡎂
𡎃
𡎄
𡎅
𡎆
𡎇
𡎈
𡎉
𡎊
𡎋
𡎌
𡎍
𡎎
𡎏
𡎐
𡎑
𡎒
𡎓
𡎔
𡎕
𡎖
𡎗
𡎘
𡎙
𡎚
𡎛
𡎜
𡎝
𡎞
𡎟
𡎠
𡎡
𡎢
𡎣
𡎤
𡎥
𡎦
𡎧
𡎨
𡎩
𡎪
𡎫
𡎬
𡎭
𡔮
𡔯
𡔱
𡕭
𡖦
𡖧
𡖨
𡖩
𡖪
𡖫
𡖬
𡖭
𡖮
𡖰
𡙈
𡙉
𡙊
𡙋
𡙌
𡙍
𡙎
𡙏
𡙐
𡙑
𡙒
𡙓
𡙔
𡙕
𡙖
𡙗
𡙘
𡙙
𡙚
𡞜
𡞝
𡞞
𡞟
𡞠
𡞡
𡞢
𡞣
𡞤
𡞥
𡞦
𡞧
𡞨
𡞩
𡞪
𡞫
𡞬
𡞭
𡞮
𡞯
𡞰
𡞱
𡞲
𡞳
𡞴
𡞵
𡞶
𡞷
𡞸
𡞹
𡞺
𡞻
𡞼
𡞽
𡞾
𡞿
𡟀
𡟁
𡟂
𡟃
𡟄
𡟅
𡟆
𡟇
𡟈
𡟉
𡟊
𡟋
𡟌
𡟍
𡟎
𡟏
𡟐
𡟑
𡟒
𡟓
𡟔
𡟕
𡟖
𡟗
𡟘
𡟙
𡟚
𡟛
𡟜
𡟝
𡟞
𡟟
𡟠
𡟡
𡟢
𡟣
𡟤
𡟥
𡟦
𡟧
𡠣
𡥶
𡥷
𡥸
𡥹
𡥺
𡥻
𡥼
𡥽
𡥾
𡥿
𡦀
𡦁
𡦂
𡨽
𡨾
𡨿
𡩀
𡩁
𡩂
𡩃
𡩄
𡩅
𡩆
𡩇
𡩈
𡩉
𡩊
𡩋
𡩌
𡩍
𡩎
𡩏
𡩐
𡩑
𡩒
𡩓
𡩔
𡩕
𡩖
𡩗
𡩘
𡩙
𡩚
𡩛
𡩜
𡩝
𡩞
𡬳
𡬴
𡬵
𡬶
𡬷
𡬸
𡮎
𡮏
𡮐
𡮑
𡮒
𡮓
𡮔
𡮕
𡮖
𡮗
𡯹
𡯺
𡯻
𡯼
𡯽
𡯾
𡯿
𡰀
𡰁
𡰂
𡲔
𡲕
𡲖
𡲗
𡲘
𡲙
𡲚
𡲛
𡲜
𡲝
𡲞
𡲟
𡲠
𡲡
𡲢
𡲣
𡲤
𡲥
𡲦
𡲧
𡲨
𡲩
𡲪
𡲫
𡴝
𡴞
𡴟
𡴠
𡴡
𡴢
𡴣
𡹪
𡹫
𡹬
𡹭
𡹮
𡹯
𡹰
𡹱
𡹲
𡹳
𡹴
𡹵
𡹶
𡹷
𡹸
𡹹
𡹺
𡹻
𡹼
𡹽
𡹾
𡹿
𡺀
𡺁
𡺂
𡺃
𡺄
𡺅
𡺆
𡺇
𡺈
𡺉
𡺊
𡺋
𡺌
𡺍
𡺎
𡺏
𡺐
𡺑
𡺒
𡺓
𡺔
𡺕
𡺖
𡺗
𡺘
𡺙
𡺚
𡺛
𡺜
𡺝
𡺞
𡺟
𡺠
𡺡
𡺢
𡺣
𡺤
𡺥
𡺦
𡺧
𡺨
𡺩
𢀁
𢀤
𢀥
𢁅
𢁆
𢁇
𢁈
𢁉
𢃫
𢃬
𢃭
𢃮
𢃯
𢃰
𢃱
𢃲
𢃳
𢃴
𢃵
𢃶
𢃷
𢃸
𢃹
𢃺
𢃻
𢃼
𢃽
𢃾
𢃿
𢄀
𢄁
𢄂
𢄃
𢄄
𢄅
𢄆
𢄇
𢄈
𢄉
𢆛
𢆜
𢆝
𢇊
𢉛
𢉜
𢉝
𢉞
𢉟
𢉠
𢉡
𢉢
𢉣
𢉤
𢉥
𢉦
𢉧
𢉨
𢉩
𢉪
𢉫
𢉬
𢉭
𢉮
𢉯
𢉰
𢉱
𢉲
𢉳
𢉴
𢉵
𢉶
𢉷
𢉸
𢉹
𢉺
𢉻
𢉽
𢉾
𢌫
𢍚
𢍛
𢍜
𢍝
𢍞
𢍟
𢍠
𢍡
𢎎
𢐀
𢐁
𢐂
𢐃
𢐄
𢐅
𢐆
𢐇
𢐈
𢐉
𢑢
𢑣
𢑤
𢒞
𢒟
𢒠
𢒡
𢒢
𢒣
𢔟
𢔠
𢔡
𢔢
𢔣
𢔤
𢔥
𢔦
𢔧
𢔨
𢔩
𢔪
𢔫
𢔬
𢔭
𢔮
𢔯
𢔰
𢔱
𢜨
𢜩
𢜪
𢜫
𢜬
𢜭
𢜮
𢜯
𢜰
𢜱
𢜲
𢜳
𢜴
𢜵
𢜶
𢜷
𢜸
𢜹
𢜺
𢜻
𢜼
𢜽
𢜾
𢜿
𢝀
𢝁
𢝂
𢝃
𢝄
𢝅
𢝆
𢝇
𢝈
𢝉
𢝊
𢝋
𢝌
𢝍
𢝎
𢝏
𢝐
𢝑
𢝒
𢝓
𢝔
𢝕
𢝖
𢝗
𢝘
𢝙
𢝚
𢝛
𢝜
𢝝
𢝞
𢝟
𢝠
𢝡
𢝢
𢝣
𢝤
𢝥
𢝦
𢝧
𢝨
𢝩
𢝪
𢝫
𢝬
𢝭
𢝮
𢝯
𢝰
𢝱
𢝲
𢝳
𢝴
𢝵
𢝶
𢝷
𢝸
𢝹
𢝺
𢝻
𢝼
𢝽
𢝾
𢝿
𢞀
𢞁
𢞂
𢞃
𢞄
𢞅
𢞆
𢞇
𢞈
𢞉
𢞊
𢞋
𢞌
𢧈
𢧉
𢧊
𢧋
𢧌
𢧍
𢧎
𢧏
𢧐
𢧑
𢧒
𢧓
𢩑
𢩒
𢩓
𢩔
𢩕
𢯩
𢯪
𢯫
𢯬
𢯭
𢯮
𢯯
𢯰
𢯱
𢯲
𢯳
𢯴
𢯵
𢯶
𢯷
𢯸
𢯹
𢯺
𢯻
𢯼
𢯽
𢯾
𢯿
𢰀
𢰁
𢰂
𢰃
𢰄
𢰅
𢰆
𢰇
𢰈
𢰉
𢰊
𢰋
𢰌
𢰍
𢰎
𢰏
𢰐
𢰑
𢰒
𢰓
𢰔
𢰕
𢰖
𢰗
𢰘
𢰙
𢰚
𢰛
𢰜
𢰞
𢰟
𢰠
𢰡
𢰢
𢰣
𢰥
𢰦
𢰧
𢰨
𢰩
𢰪
𢰫
𢰬
𢰭
𢰮
𢰯
𢰰
𢰱
𢰲
𢰳
𢰴
𢰵
𢰶
𢰷
𢰸
𢰹
𢰺
𢰻
𢰼
𢰽
𢰾
𢱀
𢱁
𢱂
𢱃
𢱄
𢱅
𢱆
𢱇
𢱈
𢱉
𢱊
𢱋
𢱌
𢱍
𢱎
𢱏
𢱐
𢱑
𢱒
𢱓
𢱔
𢱕
𢱖
𢱗
𢱘
𢱙
𢱚
𢱛
𢱜
𢱝
𢱞
𢻎
𢻏
𢻐
𢻑
𢻒
𢻓
𢻔
𢽚
𢽛
𢽝
𢽞
𢽟
𢽠
𢽡
𢽢
𢽣
𢽤
𢽥
𢽦
𢽧
𢽨
𢽩
𢽪
𢽫
𢽬
𢽭
𢽮
𢽯
𢽰
𢽱
𢽲
𢽳
𢽴
𢽵
𢽶
𢽸
𢽹
𢽺
𢽻
𢽼
𢽽
𢽾
𢾣
𣁔
𣁕
𣁖
𣁼
𣁽
𣁾
𣁿
𣂀
𣂡
𣂢
𣂣
𣂤
𣂥
𣂦
𣂧
𣂨
𣂩
𣂪
𣂬
𣂭
𣃼
𣃽
𣃾
𣃿
𣄀
𣄁
𣄂
𣄃
𣄄
𣄅
𣄆
𣄇
𣄴
𣄵
𣇢
𣇣
𣇤
𣇥
𣇦
𣇧
𣇨
𣇩
𣇪
𣇫
𣇬
𣇭
𣇮
𣇯
𣇰
𣇱
𣇲
𣇳
𣇴
𣇶
𣇷
𣇸
𣇹
𣇺
𣇻
𣇼
𣇽
𣇾
𣇿
𣈀
𣈁
𣈂
𣈃
𣈄
𣈅
𣈆
𣈇
𣈈
𣈉
𣈊
𣈋
𣈌
𣈍
𣈎
𣈏
𣈐
𣈑
𣈒
𣈓
𣈔
𣈕
𣈖
𣈗
𣈘
𣈙
𣈚
𣈛
𣈜
𣈝
𣈞
𣈟
𣈠
𣈡
𣈢
𣈣
𣌻
𣌼
𣌽
𣍷
𣍸
𣍹
𣍺
𣍻
𣍼
𣍽
𣍾
𣍿
𣎀
𣎁
𣎂
𣎃
𣓁
𣓂
𣓃
𣓄
𣓅
𣓆
𣓇
𣓈
𣓉
𣓊
𣓋
𣓌
𣓍
𣓎
𣓏
𣓐
𣓑
𣓒
𣓓
𣓔
𣓕
𣓖
𣓗
𣓘
𣓙
𣓚
𣓛
𣓜
𣓝
𣓞
𣓟
𣓠
𣓡
𣓢
𣓣
𣓥
𣓦
𣓧
𣓨
𣓩
𣓪
𣓫
𣓬
𣓭
𣓮
𣓯
𣓰
𣓱
𣓲
𣓳
𣓴
𣓵
𣓶
𣓷
𣓸
𣓹
𣓺
𣓻
𣓼
𣓽
𣓾
𣓿
𣔀
𣔁
𣔂
𣔃
𣔄
𣔅
𣔆
𣔇
𣔈
𣔉
𣔊
𣔋
𣔌
𣔍
𣔎
𣔏
𣔐
𣔑
𣔒
𣔓
𣔔
𣔕
𣔖
𣔗
𣔘
𣔙
𣔚
𣔛
𣔜
𣔝
𣔞
𣔟
𣔠
𣔡
𣔢
𣔣
𣔤
𣔥
𣔦
𣔧
𣔨
𣔩
𣔪
𣔫
𣔬
𣔭
𣔮
𣔯
𣔰
𣣈
𣣉
𣣊
𣣋
𣣌
𣣍
𣣎
𣣏
𣣐
𣣑
𣣒
𣣓
𣣔
𣣕
𣣖
𣣗
𣣘
𣣙
𣣚
𣣛
𣣜
𣥹
𣥺
𣥻
𣥼
𣥽
𣥾
𣥿
𣦀
𣦁
𣦂
𣦃
𣦄
𣦅
𣦆
𣨖
𣨗
𣨘
𣨙
𣨚
𣨛
𣨜
𣨝
𣨞
𣨟
𣨠
𣨡
𣨢
𣨣
𣨤
𣨥
𣨦
𣨧
𣨨
𣨩
𣨪
𣨫
𣨬
𣨭
𣨮
𣨯
𣨰
𣪙
𣪚
𣪛
𣪜
𣪝
𣪞
𣪟
𣮈
𣮉
𣮊
𣮋
𣮌
𣮍
𣮎
𣮏
𣮐
𣮑
𣮒
𣮓
𣮔
𣮕
𣮖
𣮗
𣮘
𣮙
𣮚
𣮛
𣮜
𣮝
𣮞
𣮟
𣮠
𣮡
𣮢
𣮣
𣮤
𣮥
𣮦
𣮧
𣱢
𣱤
𣱥
𣷼
𣷽
𣷾
𣷿
𣸀
𣸁
𣸂
𣸃
𣸄
𣸅
𣸆
𣸇
𣸈
𣸉
𣸋
𣸌
𣸍
𣸎
𣸏
𣸐
𣸑
𣸒
𣸓
𣸔
𣸕
𣸖
𣸗
𣸘
𣸙
𣸚
𣸛
𣸜
𣸝
𣸞
𣸟
𣸠
𣸡
𣸢
𣸣
𣸤
𣸥
𣸦
𣸧
𣸨
𣸩
𣸪
𣸫
𣸬
𣸭
𣸮
𣸯
𣸰
𣸱
𣸲
𣸳
𣸴
𣸵
𣸶
𣸷
𣸸
𣸹
𣸺
𣸻
𣸼
𣸽
𣸾
𣸿
𣹀
𣹁
𣹂
𣹃
𣹄
𣹅
𣹆
𣹇
𣹈
𣹉
𣹊
𣹋
𣹌
𣹍
𣹎
𣹏
𣹐
𣹑
𣹒
𣹓
𣹔
𣹕
𣹖
𣹗
𣹘
𣹙
𣹚
𣹛
𣹜
𤉢
𤉣
𤉤
𤉥
𤉦
𤉧
𤉨
𤉩
𤉪
𤉫
𤉬
𤉭
𤉮
𤉯
𤉰
𤉱
𤉲
𤉳
𤉴
𤉵
𤉶
𤉷
𤉸
𤉹
𤉺
𤉻
𤉼
𤉽
𤉾
𤉿
𤊀
𤊁
𤊂
𤊃
𤊄
𤊅
𤊆
𤊇
𤊈
𤊉
𤊊
𤊋
𤊌
𤊍
𤊎
𤊏
𤊐
𤊑
𤊒
𤊓
𤊔
𤊕
𤊖
𤊗
𤊘
𤊙
𤊚
𤊛
𤊜
𤊝
𤊞
𤊟
𤊠
𤊡
𤊢
𤊣
𤊤
𤊥
𤊦
𤊧
𤊨
𤊩
𤊪
𤊫
𤊬
𤊭
𤊮
𤊯
𤊰
𤊱
𤔔
𤔕
𤔖
𤔗
𤔘
𤔙
𤔚
𤔛
𤕖
𤕗
𤕣
𤖄
𤖅
𤖆
𤖇
𤖈
𤖉
𤖊
𤖋
𤗇
𤗈
𤗉
𤗊
𤗋
𤗌
𤗍
𤗎
𤗏
𤗐
𤗑
𤗒
𤗓
𤗔
𤗕
𤗖
𤗗
𤘌
𤘍
𤘎
𤘏
𤙯
𤙰
𤙱
𤙲
𤙳
𤙴
𤙵
𤙶
𤙷
𤙸
𤙹
𤙺
𤙻
𤙼
𤙽
𤙾
𤙿
𤚀
𤚁
𤚂
𤚃
𤚄
𤚅
𤚆
𤚇
𤚈
𤚉
𤚊
𤚋
𤚌
𤟜
𤟝
𤟞
𤟟
𤟠
𤟡
𤟢
𤟣
𤟤
𤟥
𤟦
𤟧
𤟨
𤟩
𤟪
𤟫
𤟬
𤟭
𤟮
𤟯
𤟰
𤟲
𤟳
𤟴
𤟶
𤟷
𤟸
𤟹
𤟺
𤟻
𤟼
𤟽
𤟾
𤟿
𤠀
𤠁
𤠂
𤠃
𤠄
𤠅
𤠆
𤠇
𤠈
𤠉
𤠊
𤠋
𤠌
𤣧
𤥻
𤥼
𤥽
𤥾
𤥿
𤦀
𤦁
𤦂
𤦃
𤦄
𤦅
𤦆
𤦇
𤦈
𤦉
𤦊
𤦋
𤦌
𤦍
𤦎
𤦏
𤦐
𤦑
𤦒
𤦓
𤦔
𤦕
𤦖
𤦗
𤦘
𤦙
𤦚
𤦛
𤦜
𤦝
𤦞
𤦟
𤦠
𤦡
𤦢
𤦣
𤦤
𤦥
𤦦
𤦧
𤦨
𤦩
𤦪
𤦫
𤦬
𤦭
𤦮
𤫺
𤫻
𤫼
𤫽
𤫾
𤫿
𤬀
𤭌
𤭍
𤭎
𤭏
𤭐
𤭑
𤭒
𤭓
𤭔
𤭕
𤭗
𤭘
𤭙
𤭚
𤯆
𤯦
𤯧
𤯨
𤯩
𤯪
𤯫
𤰉
𤱻
𤱼
𤱽
𤱾
𤱿
𤲀
𤲁
𤲂
𤲃
𤲄
𤲅
𤲆
𤲇
𤲈
𤲉
𤲊
𤲋
𤲌
𤲍
𤲎
𤲏
𤲐
𤴙
𤴚
𤴛
𤶕
𤶖
𤶗
𤶘
𤶙
𤶚
𤶛
𤶜
𤶝
𤶞
𤶟
𤶠
𤶡
𤶢
𤶣
𤶤
𤶥
𤶦
𤶧
𤶨
𤶩
𤶪
𤶫
𤶬
𤶭
𤶮
𤶯
𤶰
𤶱
𤶲
𤶳
𤶴
𤶵
𤶶
𤶷
𤶸
𤶹
𤶺
𤶻
𤶼
𤶽
𤶾
𤶿
𤷀
𤷁
𤼯
𤼰
𤼱
𤼲
𤽬
𤽭
𤽮
𤽯
𤽰
𤽱
𤽲
𤽳
𤽴
𤽵
𤽶
𤽷
𤽸
𤿧
𤿨
𤿩
𤿪
𤿫
𤿬
𤿭
𤿮
𤿰
𤿱
𤿲
𥁬
𥁭
𥁮
𥁯
𥁰
𥁱
𥁲
𥁳
𥁴
𥁵
𥁶
𥆊
𥆋
𥆌
𥆍
𥆎
𥆏
𥆐
𥆑
𥆒
𥆓
𥆔
𥆕
𥆖
𥆗
𥆘
𥆙
𥆚
𥆛
𥆜
𥆝
𥆞
𥆟
𥆠
𥆡
𥆢
𥆣
𥆤
𥆥
𥆦
𥆧
𥆨
𥆪
𥆫
𥆬
𥆭
𥆮
𥆯
𥆰
𥆱
𥆲
𥆳
𥆴
𥆵
𥆶
𥆷
𥆸
𥆹
𥆺
𥆻
𥆼
𥆽
𥆾
𥆿
𥇀
𥇁
𥇂
𥇃
𥇄
𥇆
𥇇
𥇈
𥇫
𥍪
𥍫
𥍬
𥍭
𥍮
𥍯
𥍰
𥍱
𥏎
𥏏
𥏐
𥏑
𥏒
𥏓
𥏔
𥏕
𥏖
𥏗
𥒪
𥒫
𥒬
𥒭
𥒮
𥒯
𥒰
𥒱
𥒲
𥒳
𥒴
𥒵
𥒶
𥒷
𥒸
𥒹
𥒺
𥒻
𥒼
𥒽
𥒾
𥒿
𥓀
𥓁
𥓂
𥓃
𥓄
𥓅
𥓆
𥓇
𥓈
𥓉
𥚈
𥚉
𥚊
𥚋
𥚌
𥚍
𥚎
𥚏
𥚐
𥚑
𥚒
𥚓
𥚔
𥚕
𥚖
𥚗
𥚘
𥚙
𥚚
𥚛
𥚜
𥚝
𥚞
𥚟
𥚠
𥚡
𥚢
𥚣
𥚤
𥚥
𥜿
𥝀
𥝁
𥝂
𥞲
𥞳
𥞵
𥞶
𥞷
𥞸
𥞹
𥞺
𥞻
𥞼
𥞽
𥞾
𥞿
𥟀
𥟁
𥟂
𥟃
𥟄
𥟆
𥟇
𥟈
𥟉
𥟊
𥟋
𥥶
𥥷
𥥸
𥥹
𥥺
𥥻
𥥼
𥥽
𥥾
𥥿
𥦀
𥦁
𥦂
𥦃
𥦄
𥦅
𥦆
𥦇
𥦈
𥦉
𥦊
𥦋
𥦌
𥦍
𥦎
𥦏
𥦐
𥦑
𥦒
𥦓
𥦔
𥦕
𥦖
𥦗
𥦘
𥦙
𥦚
𥩾
𥩿
𥪀
𥪁
𥪂
𥪃
𥪄
𥪅
𥪆
𥪇
𥪈
𥪉
𥬪
𥬫
𥬬
𥬭
𥬮
𥬯
𥬰
𥬱
𥬲
𥬳
𥬴
𥬵
𥬶
𥬷
𥬸
𥬹
𥬺
𥬻
𥬼
𥬽
𥬾
𥭀
𥭁
𥭂
𥭃
𥭄
𥭅
𥭆
𥭇
𥭈
𥭉
𥭊
𥭋
𥭌
𥭍
𥭎
𥭏
𥹗
𥹚
𥹛
𥹜
𥹝
𥹞
𥹟
𥹠
𥹡
𥹣
𥹤
𥹦
𥹧
𥹨
𥹩
𥹪
𥹫
𥹬
𥹭
𥹮
𥹯
𥹰
𥿦
𥿧
𥿨
𥿩
𥿪
𥿫
𥿬
𥿭
𥿮
𥿯
𥿰
𥿱
𥿲
𥿳
𥿴
𥿵
𥿶
𥿷
𥿸
𥿹
𥿺
𥿼
𥿽
𥿾
𥿿
𦀀
𦀁
𦀂
𦀃
𦀄
𦀅
𦀆
𦀇
𦀈
𦀉
𦀊
𦀋
𦀍
𦀎
𦀏
𦀐
𦀑
𦈑
𦈒
𦈓
𦈔
𦈕
𦈯
𦈰
𦈱
𦈲
𦈳
𦊼
𦊽
𦊾
𦊿
𦋀
𦋁
𦋂
𦋃
𦋄
𦋑
𦍹
𦍺
𦍻
𦍼
𦍽
𦍾
𦍿
𦎀
𦎁
𦎂
𦎃
𦎄
𦎅
𦐣
𦐤
𦐥
𦐦
𦐧
𦐨
𦐩
𦐪
𦐫
𦐬
𦐭
𦐮
𦐯
𦐰
𦐱
𦐲
𦐳
𦐴
𦐵
𦐶
𦐷
𦓔
𦓕
𦓯
𦓰
𦓱
𦓲
𦓳
𦕠
𦕡
𦕢
𦕤
𦕥
𦕦
𦕧
𦕨
𦕩
𦕪
𦕫
𦕬
𦕭
𦕮
𦕯
𦕰
𦕱
𦕲
𦕳
𦕴
𦘘
𦘙
𦘚
𦜆
𦜇
𦜈
𦜉
𦜊
𦜋
𦜌
𦜍
𦜎
𦜏
𦜐
𦜑
𦜒
𦜓
𦜔
𦜕
𦜖
𦜗
𦜘
𦜙
𦜚
𦜛
𦜜
𦜞
𦜟
𦜠
𦜡
𦜢
𦜣
𦜤
𦜥
𦜦
𦜧
𦜨
𦜩
𦜪
𦜫
𦜬
𦜭
𦜮
𦜯
𦜰
𦜱
𦜲
𦜳
𦜴
𦜵
𦜶
𦜷
𦜸
𦜹
𦜺
𦜻
𦜼
𦜽
𦜾
𦜿
𦝀
𦝁
𦝂
𦝃
𦝄
𦝅
𦝆
𦝇
𦝈
𦝉
𦝊
𦝋
𦝌
𦝍
𦝎
𦝏
𦝐
𦝑
𦝒
𦝓
𦝔
𦝕
𦝖
𦝗
𦝘
𦝙
𦣦
𦣧
𦣨
𦣩
𦤐
𦤑
𦤒
𦤓
𦤿
𦥀
𦥭
𦥮
𦥰
𦥱
𦥲
𦧕
𦧖
𦧗
𦧘
𦧙
𦧚
𦧛
𦧜
𦨯
𦨰
𦨱
𦨲
𦨴
𦨵
𦨶
𦨷
𦨸
𦨹
𦨺
𦨻
𦨼
𦫎
𦫚
𦯱
𦰖
𦰪
𦰫
𦰬
𦰭
𦰮
𦰯
𦰰
𦰱
𦰲
𦰳
𦰴
𦰵
𦰶
𦰷
𦰸
𦰹
𦰺
𦰻
𦰼
𦰽
𦰾
𦰿
𦱀
𦱁
𦱂
𦱃
𦱄
𦱅
𦱆
𦱇
𦱈
𦱉
𦱊
𦱋
𦱌
𦱍
𦱎
𦱏
𦱐
𦱑
𦱒
𦱓
𦱔
𦱕
𦱖
𦱗
𦱘
𦱙
𦱚
𦱛
𦱜
𦱝
𦱞
𦱟
𦱠
𦱡
𦱢
𦱣
𦱤
𦱥
𦱦
𦱧
𦱨
𦱩
𦱪
𦱫
𦱬
𦱭
𦱮
𦱯
𦱰
𦱱
𦱲
𦱴
𦱵
𦱶
𦱷
𦱸
𦱹
𦱺
𦱻
𦱼
𦱽
𦱾
𦱿
𦲀
𦲁
𦲂
𦲃
𦲄
𦲅
𦲆
𦲇
𦲈
𦲉
𦲊
𦲋
𦲌
𦲍
𦲎
𦲏
𦲐
𦲑
𦲒
𦲓
𦲔
𦲕
𦲖
𦲗
𦲘
𦲙
𦲚
𦲛
𦲜
𦲝
𦲞
𦲟
𦲠
𦲡
𦲢
𦲣
𦲤
𦲥
𦲦
𦲧
𦲨
𦲩
𦲪
𦲫
𦲬
𦲭
𦲮
𦲯
𦲰
𦲱
𦲲
𦲳
𦲴
𦲵
𦲶
𦲷
𦲸
𦲹
𦲺
𦲻
𦲼
𦲽
𦲾
𦲿
𦳀
𧆱
𧆲
𧆳
𧆴
𧆵
𧆶
𧆷
𧆸
𧆹
𧊏
𧊐
𧊑
𧊒
𧊓
𧊔
𧊕
𧊖
𧊗
𧊘
𧊙
𧊚
𧊛
𧊜
𧊝
𧊞
𧊟
𧊠
𧊡
𧊢
𧊣
𧊤
𧊥
𧊦
𧊧
𧊨
𧊩
𧊪
𧊬
𧊭
𧊯
𧊰
𧊱
𧊲
𧊳
𧊴
𧊵
𧊶
𧊷
𧊸
𧊹
𧊺
𧊻
𧊼
𧊽
𧊾
𧊿
𧋀
𧋁
𧋂
𧋃
𧋄
𧋅
𧋆
𧋇
𧖳
𧖴
𧗫
𧗬
𧗭
𧗮
𧗯
𧗰
𧗱
𧚀
𧚁
𧚂
𧚃
𧚅
𧚆
𧚇
𧚈
𧚉
𧚊
𧚋
𧚌
𧚍
𧚎
𧚏
𧚐
𧚑
𧚒
𧚔
𧚕
𧚖
𧚗
𧚘
𧚙
𧚚
𧚛
𧚜
𧚝
𧚞
𧚟
𧚠
𧚡
𧚢
𧚣
𧟭
𧟮
𧠜
𧠝
𧠞
𧠟
𧠠
𧠡
𧠢
𧠣
𧠤
𧠥
𧠦
𧠧
𧣑
𧣒
𧣓
𧣔
𧣕
𧣖
𧣗
𧣘
𧣙
𧣚
𧣛
𧣜
𧣝
𧣞
𧣟
𧣠
𧦜
𧦝
𧦞
𧦟
𧦠
𧦡
𧦢
𧦣
𧦤
𧦥
𧦦
𧦧
𧦨
𧦩
𧦪
𧦫
𧦬
𧦭
𧦮
𧦯
𧦰
𧦱
𧦲
𧦳
𧦴
𧦵
𧦶
𧦷
𧦸
𧦹
𧦺
𧦻
𧦼
𧦽
𧦾
𧦿
𧧀
𧧁
𧧂
𧮴
𧯠
𧯡
𧯢
𧯣
𧯤
𧰵
𧰶
𧰷
𧰸
𧰹
𧰺
𧰻
𧰼
𧰽
𧰾
𧲬
𧲭
𧲮
𧲯
𧲰
𧲱
𧲲
𧲳
𧲴
𧲵
𧲶
𧲷
𧲹
𧲺
𧲻
𧲼
𧲽
𧵉
𧵊
𧵋
𧵌
𧵍
𧵎
𧵏
𧵐
𧵑
𧵒
𧵓
𧵔
𧵕
𧵖
𧵗
𧵘
𧵙
𧵚
𧵛
𧵜
𧵝
𧵞
𧵟
𧵠
𧵡
𧵢
𧹔
𧹕
𧹖
𧹝
𧹞
𧹟
𧺶
𧺷
𧺸
𧺹
𧺺
𧺻
𧺼
𧺽
𧺾
𧺿
𧻀
𧻁
𧻂
𧻃
𧻄
𧻅
𧻆
𧻇
𧻈
𧻉
𧻊
𧻋
𧻌
𧻍
𧻎
𧻏
𧿲
𧿳
𧿴
𧿵
𧿶
𧿷
𧿸
𧿹
𧿺
𧿻
𧿼
𧿽
𧿾
𧿿
𨀀
𨀁
𨀂
𨀃
𨀄
𨀅
𨀆
𨀇
𨀈
𨀉
𨀊
𨀋
𨀌
𨀍
𨀎
𨀏
𨀐
𨀑
𨀒
𨀓
𨀔
𨈩
𨈪
𨈫
𨈬
𨈭
𨈮
𨈯
𨈰
𨈱
𨈲
𨈳
𨈴
𨈵
𨈶
𨈷
𨋎
𨋏
𨋐
𨋑
𨋒
𨋓
𨋔
𨋕
𨋖
𨋗
𨋘
𨋙
𨋚
𨋛
𨋜
𨋝
𨋞
𨋟
𨋠
𨋡
𨋢
𨋣
𨋤
𨋥
𨋦
𨋧
𨐒
𨐓
𨔎
𨔝
𨔞
𨔟
𨔡
𨔢
𨔣
𨔤
𨔥
𨔦
𨔧
𨔨
𨔩
𨔪
𨔫
𨔬
𨔭
𨔮
𨔯
𨔰
𨔱
𨔲
𨔳
𨔴
𨔵
𨔶
𨔷
𨔸
𨔹
𨔺
𨔻
𨔼
𨔽
𨔾
𨔿
𨕀
𨕁
𨕂
𨕃
𨕄
𨕅
𨕆
𨕇
𨕈
𨕉
𨕊
𨕋
𨕌
𨕍
𨕎
𨕏
𨕐
𨕑
𨕒
𨕓
𨕔
𨕕
𨕖
𨕗
𨕘
𨕙
𨕚
𨕛
𨕜
𨜗
𨜲
𨜳
𨜴
𨜵
𨜶
𨜷
𨜸
𨜹
𨜺
𨜻
𨜼
𨜽
𨜾
𨜿
𨝀
𨝁
𨝂
𨝃
𨝄
𨝅
𨝆
𨝇
𨝈
𨝉
𨝊
𨠋
𨠌
𨠍
𨠎
𨠏
𨠐
𨠑
𨠒
𨠓
𨠔
𨠕
𨠖
𨠗
𨠘
𨠙
𨠚
𨠛
𨠜
𨠝
𨠞
𨠟
𨠠
𨠡
𨠢
𨠣
𨤦
𨤧
𨤨
𨤩
𨥊
𨥋
𨥌
𨥍
𨥎
𨥏
𨥐
𨥑
𨥒
𨥓
𨥔
𨥕
𨥖
𨥗
𨥘
𨥙
𨥚
𨥛
𨥜
𨥝
𨥞
𨥟
𨥠
𨥡
𨥢
𨥣
𨥤
𨱇
𨱈
𨱦
𨱧
𨱨
𨱩
𨱪
𨱫
𨱬
𨱭
𨱮
𨱯
𨱰
𨱱
𨳗
𨳘
𨳙
𨳚
𨳛
𨳜
𨳝
𨳞
𨳟
𨳠
𨳡
𨳢
𨳣
𨳤
𨳥
𨳦
𨳧
𨳨
𨳩
𨳪
𨳫
𨳬
𨳭
𨳮
𨳯
𨳰
𨳱
𨳲
𨸆
𨸇
𨸈
𨻀
𨻁
𨻂
𨻃
𨻄
𨻅
𨻆
𨻇
𨻈
𨻉
𨻊
𨻋
𨻌
𨻍
𨻎
𨻏
𨻐
𨻑
𨻒
𨻓
𨻔
𨻕
𨻖
𨻗
𨻘
𨻙
𨻚
𨻛
𨻜
𨻝
𨻞
𨻟
𨻠
𨻡
𨻢
𨻣
𨻤
𨻥
𨻦
𨻧
𨻨
𨻩
𨻪
𨻬
𨻭
𨾒
𨾓
𨾔
𨾕
𨾖
𨾗
𨾘
𨾙
𨾚
𨾛
𨾜
𨾝
𨾞
𨾟
𩂂
𩂃
𩂄
𩂅
𩂆
𩂇
𩂈
𩂉
𩂊
𩂋
𩂌
𩂍
𩂎
𩂏
𩂐
𩂑
𩇖
𩇗
𩇭
𩇮
𩇯
𩇰
𩇱
𩇲
𩇳
𩇴
𩈃
𩈄
𩈅
𩉝
𩉞
𩉟
𩉠
𩎒
𩐗
𩑐
𩑑
𩑒
𩑓
𩑔
𩑕
𩑖
𩑗
𩑘
𩖚
𩖛
𩖜
𩖝
𩖞
𩖟
𩖠
𩖡
𩙨
𩙩
𩙪
𩚕
𩚖
𩚗
𩚘
𩚙
𩚚
𩚛
𩚜
𩚝
𩚞
𩚟
𩚠
𩚡
𩚢
𩚣
𩚤
𩚥
𩚦
𩚧
𩠊
𩠋
𩠓
𩡩
𩡪
𩡫
𩡬
𩡭
𩡮
𩡯
𩧾
𩧿
𩨀
𩨁
𩨂
𩨃
𩨅
𩨆
𩨇
𩨈
𩨉
𩨊
𩨔
𩨕
𩨖
𩨗
𩨘
𩨙
𩨚
𩨛
𩫴
𩫵
𩫶
𩫷
𩫸
𩱽
𩱾
𩱿
𩲀
𩲁
𩲂
𩲃
𩲄
𩲅
𩲆
𩲇
𩲈
𩲉
𩽹
𩽺
𩽻
𩾏
𩾐
𩾑
𪉌
𪉍
𪌛
𪎋
𪐗
𪔂
𪜙
𪜚
𪜝
𪜤
𪝖
𪝗
𪝘
𪝙
𪝚
𪝛
𪝜
𪝝
𪝞
𪝟
𪞉
𪞔
𪞩
𪞪
𪞹
𪟎
𪟏
𪟐
𪟡
𪟢
𪠑
𪠒
𪠟
𪠭
𪠮
𪡜
𪡝
𪡞
𪡟
𪡠
𪡡
𪡢
𪡣
𪡤
𪡥
𪡦
𪡧
𪡨
𪡩
𪣲
𪣳
𪣴
𪣵
𪣶
𪣷
𪣸
𪣹
𪣺
𪣻
𪣼
𪣽
𪤼
𪥖
𪥗
𪥘
𪦆
𪦇
𪦈
𪦉
𪦊
𪦋
𪦌
𪦍
𪦎
𪦏
𪦐
𪦿
𪧔
𪧕
𪧖
𪧗
𪧘
𪧙
𪧚
𪧺
𪨇
𪨕
𪨖
𪨗
𪨘
𪩂
𪩃
𪩄
𪩅
𪩆
𪩇
𪩥
𪩭
𪩮
𪩸
𪩹
𪩺
𪪄
𪪚
𪪛
𪪶
𪫀
𪫁
𪫑
𪫒
𪫓
𪬇
𪬈
𪬉
𪬊
𪬋
𪬌
𪬍
𪬎
𪬏
𪬐
𪬑
𪬒
𪭑
𪮌
𪮍
𪮎
𪮐
𪮑
𪮒
𪮓
𪮔
𪮕
𪮖
𪯎
𪯏
𪯥
𪯦
𪯧
𪯹
𪯺
𪯻
𪯼
𪰩
𪰪
𪰫
𪰬
𪰭
𪰮
𪱣
𪲟
𪲠
𪲡
𪲢
𪲣
𪲤
𪲥
𪲦
𪲧
𪲨
𪲩
𪲪
𪲫
𪲬
𪲭
𪲮
𪲯
𪴮
𪴸
𪵅
𪵌
𪵍
𪵎
𪵝
𪵞
𪶗
𪶘
𪶙
𪶚
𪶛
𪶜
𪶝
𪶞
𪶟
𪶠
𪶡
𪶢
𪶣
𪶤
𪶥
𪶦
𪶧
𪶨
𪶩
𪸳
𪸴
𪸵
𪸶
𪸷
𪸸
𪸹
𪸺
𪸻
𪸼
𪸽
𪸾
𪸿
𪹀
𪹁
𪹂
𪹃
𪺐
𪺑
𪺒
𪺓
𪺟
𪺥
𪺨
𪺯
𪺹
𪻂
𪻃
𪻄
𪻅
𪻦
𪻧
𪻨
𪻩
𪻪
𪻫
𪻬
𪻭
𪻮
𪻯
𪻰
𪻱
𪻲
𪽀
𪽓
𪽔
𪽕
𪽖
𪽗
𪽰
𪽱
𪽾
𪽿
𪾏
𪾐
𪾫
𪾬
𪿇
𪿞
𪿟
𪿠
𪿡
𪿢
𪿣
𫀐
𫀑
𫀒
𫀓
𫀔
𫀕
𫀖
𫀗
𫀘
𫀙
𫀲
𫀳
𫀴
𫀵
𫀶
𫀷
𫀸
𫁎
𫁏
𫁐
𫁣
𫁤
𫁼
𫁽
𫂽
𫂾
𫂿
𫃀
𫃢
𫃣
𫃤
𫄬
𫄭
𫄮
𫅓
𫅔
𫅥
𫅦
𫅧
𫅺
𫅻
𫆂
𫆃
𫆢
𫆣
𫆤
𫆥
𫇆
𫇊
𫈐
𫈑
𫈒
𫈓
𫈔
𫈕
𫈖
𫈗
𫈘
𫈙
𫈚
𫈛
𫈜
𫈝
𫈞
𫈟
𫈠
𫈰
𫊠
𫊡
𫊳
𫊴
𫊵
𫊶
𫊷
𫊸
𫊹
𫊺
𫊻
𫊼
𫋮
𫋽
𫌝
𫌶
𫌷
𫌸
𫌹
𫍵
𫍶
𫍷
𫍸
𫎔
𫎕
𫎩
𫎭
𫎲
𫏄
𫏅
𫏆
𫏴
𫏵
𫐎
𫐏
𫐐
𫐑
𫐚
𫐳
𫐴
𫐵
𫐶
𫐷
𫐸
𫐹
𫑥
𫑦
𫒀
𫒂
𫒊
𫒋
𫒌
𫒍
𫒎
𫓵
𫓶
𫓷
𫔚
𫔛
𫕎
𫕏
𫕚
𫕟
𫕠
𫖓
𫖮
𫖯
𫖰
𫖱
𫗉
𫗍
𫗫
𫗬
𫗭
𫗮
𫗯
𫘨
𫘩
𫘵
𫚋
𫚌
𫚍
𫚮
𫛫
𫛬
𫛭
𫛮
𫛯
𫜒
𫜨
𫜳
𫜽
𫝟
𫝬
𫝼
𫞆
𫞇
𫞧
𫟆
𫟋
𫟚
𫟛
𫟢
𫟨
𫟩
𫟼
𫠏
𫠶
𫡞
𫡼
𫣄
𫣅
𫣆
𫣇
𫣈
𫣉
𫣊
𫣋
𫣌
𫣍
𫣎
𫣏
𫣐
𫤜
𫤝
𫤪
𫤱
𫥕
𫥖
𫥢
𫥥
𫥦
𫦋
𫦍
𫦎
𫦏
𫦐
𫦑
𫦴
𫦵
𫧄
𫧕
𫧣
𫧥
𫧱
𫧲
𫧼
𫨑
𫨒
𫨓
𫨔
𫨕
𫨖
𫨗
𫩄
𫩅
𫪱
𫪲
𫪳
𫪴
𫪵
𫪶
𫪷
𫪸
𫪹
𫪺
𫪻
𫪽
𫪾
𫫀
𫫁
𫫂
𫭍
𫭎
𫭏
𫮆
𫮇
𫮈
𫮊
𫮋
𫮌
𫮍
𫮎
𫮏
𫮐
𫯑
𫯒
𫯩
𫯪
𫯫
𫯬
𫯭
𫯮
𫯯
𫱃
𫱄
𫱅
𫱆
𫱇
𫱉
𫱊
𫱋
𫱌
𫱍
𫱎
𫱏
𫱐
𫱑
𫲪
𫳚
𫳛
𫳜
𫳞
𫳟
𫳡
𫳢
𫳣
𫳫
𫴮
𫴯
𫵅
𫵑
𫵡
𫶆
𫶇
𫶈
𫶉
𫶋
𫶸
𫶹
𫷈
𫷉
𫷠
𫷡
𫷶
𫷷
𫷸
𫷹
𫸞
𫸟
𫸹
𫸺
𫹅
𫹆
𫹙
𫹚
𫹛
𫺖
𫺗
𫺚
𫺛
𫺜
𫺞
𫺢
𫺣
𫺤
𫺥
𫺧
𫺨
𫺪
𫺫
𫺬
𫺭
𫺰
𫺼
𫻴
𫻷
𫻸
𫻹
𫻺
𫻻
𫻼
𫻽
𫻾
𫼏
𫼐
𫽗
𫽘
𫽙
𫽛
𫽜
𫽝
𫽞
𫽟
𫽠
𫽢
𫽤
𫽥
𫽦
𫽧
𫽨
𫾹
𫾺
𫾻
𫾼
𫾽
𫾾
𫾿
𫿀
𫿁
𫿱
𫿵
𫿻
𫿼
𬀉
𬀊
𬀻
𬀼
𬀾
𬀿
𬁀
𬁁
𬁥
𬁦
𬁧
𬁿
𬂂
𬂃
𬂅
𬂸
𬂽
𬂾
𬂿
𬃀
𬃁
𬃂
𬃃
𬃄
𬃆
𬃇
𬃈
𬃉
𬃊
𬃋
𬃍
𬃎
𬃏
𬃐
𬃒
𬃓
𬃝
𬃟
𬅩
𬅪
𬆁
𬆂
𬆃
𬆖
𬆘
𬆚
𬆨
𬆹
𬇻
𬇾
𬈄
𬈅
𬈆
𬈇
𬈈
𬈉
𬈊
𬈋
𬈌
𬈍
𬈎
𬈏
𬈐
𬈑
𬈒
𬈓
𬈔
𬈕
𬊗
𬊘
𬊙
𬊚
𬊛
𬊜
𬊝
𬊞
𬊟
𬊠
𬊡
𬊢
𬊣
𬊤
𬊥
𬊦
𬊧
𬊨
𬋫
𬋬
𬌃
𬌄
𬌅
𬌆
𬌇
𬌈
𬌡
𬌢
𬌸
𬌹
𬌺
𬌻
𬌼
𬍞
𬍠
𬍪
𬍫
𬍬
𬍭
𬍮
𬍯
𬍰
𬍱
𬍲
𬍳
𬍷
𬎬
𬎭
𬎶
𬏇
𬏈
𬏉
𬏊
𬏭
𬏮
𬏯
𬏱
𬐂
𬐊
𬐕
𬐟
𬐠
𬐡
𬑖
𬑗
𬑲
𬑳
𬒍
𬒎
𬒏
𬒐
𬒑
𬒾
𬒿
𬓀
𬓃
𬓅
𬓆
𬓇
𬓈
𬓪
𬓫
𬓬
𬔋
𬔌
𬔞
𬔟
𬔠
𬔺
𬔻
𬔼
𬔽
𬔾
𬔿
𬕀
𬕁
𬖙
𬖚
𬖛
𬖜
𬗋
𬗌
𬗍
𬗎
𬗏
𬗑
𬗒
𬗓
𬘰
𬘱
𬘲
𬘳
𬘴
𬘵
𬘶
𬘸
𬙏
𬙞
𬙟
𬙱
𬙲
𬙳
𬚐
𬚗
𬚘
𬚙
𬚸
𬚺
𬛂
𬛄
𬛅
𬛆
𬛇
𬛥
𬛳
𬜓
𬜔
𬜝
𬝌
𬝍
𬝎
𬝏
𬝐
𬝑
𬝒
𬝓
𬝔
𬝕
𬝖
𬝗
𬝘
𬝙
𬝪
𬟪
𬠂
𬠃
𬠄
𬠅
𬠆
𬠇
𬠊
𬠼
𬡑
𬡓
𬡗
𬡚
𬡜
𬡞
𬡽
𬢎
𬢑
𬢕
𬢡
𬢢
𬤐
𬤑
𬤒
𬤓
𬤔
𬤕
𬤗
𬤲
𬥓
𬥹
𬦉
𬦊
𬦋
𬦨
𬦩
𬦪
𬦫
𬧢
𬧲
𬧳
𬧴
𬨌
𬨗
𬨘
𬨙
𬨳
𬨶
𬨷
𬨸
𬨹
𬪌
𬪍
𬪎
𬪏
𬪐
𬪨
𬪻
𬪼
𬪽
𬫂
𬫃
𬫄
𬫅
𬭊
𬭋
𬭌
𬭍
𬭎
𬭏
𬭐
𬭒
𬮇
𬮈
𬮱
𬮲
𬮳
𬮴
𬮵
𬯋
𬯌
𬯍
𬯎
𬯏
𬯐
𬯪
𬯹
𬯺
𬱀
𬱛
𬱜
𬱝
𬱞
𬱟
𬱠
𬱡
𬱢
𬱾
𬱿
𬲀
𬲋
𬲌
𬲍
𬲎
𬳃
𬳄
𬳅
𬳆
𬳇
𬴃
𬴄
𬴔
𬴲
𬴽
𬶅
𬶆
𬶇
𬶈
𬶉
𬷕
𬸍
𬸎
𬸏
𬸐
𬸑
𬸵
𬸺
𬹺
𬹻
𬹼
𬹽
𬻦
𬻧
𬻨
𬻭
𬻸
𬼲
𬼳
𬼴
𬽂
𬽒
𬽓
𬽔
𬾽
𬾾
𬾿
𬿂
𬿃
𬿄
𬿅
𬿆
𬿇
𬿈
𬿊
𬿋
𬿌
𬿍
𬿎
𬿏
𬿠
𭀩
𭀪
𭀫
𭀬
𭀭
𭁔
𭁕
𭁖
𭁰
𭁱
𭂀
𭂙
𭂚
𭂛
𭂷
𭂾
𭃿
𭄀
𭄁
𭄂
𭄃
𭄄
𭄅
𭄷
𭄸
𭄹
𭅍
𭅥
𭅦
𭆎
𭆏
𭆐
𭆳
𭆴
𭈯
𭈱
𭈲
𭈳
𭈴
𭈵
𭈶
𭈷
𭈸
𭈹
𭈻
𭈼
𭈽
𭈾
𭈿
𭉀
𭉁
𭉂
𭉃
𭉄
𭉅
𭉆
𭉇
𭉈
𭉉
𭉊
𭉍
𭉎
𭉏
𭉐
𭉑
𭉒
𭉓
𭉔
𭉕
𭉖
𭉗
𭉘
𭉙
𭉡
𭉥
𭉫
𭉷
𭉸
𭍩
𭍪
𭎶
𭎷
𭎸
𭎹
𭎺
𭎻
𭎼
𭎽
𭎾
𭎿
𭏀
𭏁
𭏂
𭏃
𭏄
𭏅
𭏆
𭏇
𭏈
𭏉
𭏊
𭏋
𭏖
𭏘
𭐔
𭐕
𭐹
𭐺
𭐻
𭑗
𭑘
𭑙
𭑚
𭑛
𭒅
𭒆
𭒇
𭒈
𭒉
𭒊
𭒋
𭒌
𭒐
𭓏
𭓑
𭓒
𭓓
𭓔
𭔀
𭔁
𭔂
𭔃
𭔄
𭔅
𭔈
𭔌
𭔶
𭔷
𭔸
𭔹
𭕋
𭕤
𭕭
𭖪
𭖲
𭖳
𭖴
𭖵
𭖶
𭖷
𭖸
𭖹
𭖺
𭖻
𭖼
𭖽
𭖿
𭘎
𭘏
𭘥
𭘨
𭘩
𭘪
𭘫
𭘬
𭘭
𭘮
𭘱
𭙤
𭙥
𭙦
𭙧
𭙨
𭙪
𭙬
𭙭
𭙰
𭚤
𭚺
𭚻
𭚼
𭚾
𭚿
𭛀
𭛁
𭛑
𭛒
𭛷
𭛸
𭛹
𭛺
𭛻
𭛼
𭝌
𭝍
𭝒
𭝓
𭝖
𭝙
𭝛
𭝜
𭝝
𭝠
𭝣
𭝧
𭝬
𭝭
𭝰
𭝳
𭝽
𭞅
𭠇
𭠈
𭠉
𭡋
𭡍
𭡎
𭡙
𭡞
𭡟
𭡠
𭡡
𭡢
𭡥
𭡦
𭡧
𭡨
𭡩
𭡪
𭡫
𭡬
𭡭
𭡮
𭡯
𭡱
𭡶
𭡷
𭢁
𭣚
𭣶
𭣷
𭣸
𭣹
𭣺
𭣻
𭤻
𭤼
𭤽
𭤾
𭦙
𭦚
𭦛
𭦜
𭦝
𭦞
𭦟
𭦠
𭦡
𭦢
𭦣
𭦤
𭦥
𭦦
𭦧
𭦲
𭦺
𭨝
𭨹
𭨺
𭨻
𭨼
𭨽
𭪘
𭪙
𭪚
𭪛
𭪜
𭪝
𭪞
𭪟
𭪢
𭪣
𭪤
𭪥
𭪦
𭪨
𭪩
𭪪
𭪫
𭪬
𭪭
𭪯
𭪰
𭪲
𭪳
𭪴
𭪵
𭪺
𭫎
𭭍
𭭎
𭭏
𭭦
𭭧
𭭨
𭭩
𭮗
𭮘
𭮲
𭮳
𭮴
𭮵
𭮶
𭯐
𭯑
𭯛
𭯜
𭯝
𭰣
𭱃
𭱄
𭱅
𭱆
𭱇
𭱈
𭱊
𭱋
𭱌
𭱍
𭱎
𭱏
𭱐
𭱑
𭱒
𭱓
𭱔
𭱖
𭱗
𭱘
𭱙
𭱚
𭱜
𭱝
𭱞
𭱟
𭱠
𭱧
𭱫
𭱳
𭴸
𭴹
𭴺
𭴻
𭴼
𭴽
𭴾
𭴿
𭵀
𭵁
𭵂
𭵃
𭵄
𭵅
𭵆
𭵇
𭵈
𭵋
𭵌
𭵍
𭵔
𭵖
𭶱
𭶲
𭷒
𭷤
𭷥
𭷦
𭷧
𭷨
𭷩
𭷪
𭷫
𭷬
𭷭
𭸔
𭸗
𭸘
𭸚
𭸛
𭸜
𭸝
𭸞
𭸟
𭹎
𭹕
𭹖
𭹗
𭹘
𭹙
𭹚
𭹜
𭹝
𭹞
𭹟
𭹠
𭹡
𭹢
𭹪
𭹬
𭺣
𭺵
𭺻
𭻔
𭻕
𭻖
𭻗
𭻘
𭻙
𭻚
𭼎
𭼏
𭼐
𭼑
𭼒
𭽘
𭽫
𭾂
𭾆
𭾳
𭾴
𭾵
𭾶
𭾸
𮀙
𮀚
𮀛
𮀜
𮀝
𮀞
𮀟
𮀠
𮀡
𮀤
𮀥
𮁸
𮁹
𮁻
𮁼
𮁽
𮁾
𮁿
𮂁
𮂂
𮃅
𮃆
𮃽
𮃿
𮄀
𮄯
𮄰
𮅇
𮅈
𮅊
𮅋
𮅌
𮅎
𮅏
𮅐
𮇓
𮇔
𮇕
𮇖
𮇘
𮇙
𮇚
𮇛
𮇜
𮇝
𮈋
𮈌
𮈍
𮈎
𮈏
𮈐
𮉭
𮊆
𮊇
𮊧
𮊨
𮊽
𮊾
𮊿
𮋀
𮋁
𮋂
𮋜
𮋨
𮋩
𮌄
𮌑
𮌚
𮌛
𮌝
𮌞
𮌟
𮌠
𮍙
𮍢
𮍨
𮍩
𮍪
𮍫
𮍬
𮎋
𮎌
𮎑
𮏑
𮏣
𮏤
𮏥
𮏦
𮏧
𮏨
𮏫
𮏬
𮏭
𮏮
𮏯
𮏰
𮏱
𮏲
𮏳
𮏴
𮏵
𮏶
𮏷
𮏸
𮏹
𮏺
𮏻
𮏼
𮏽
𮏾
𮏿
𮐀
𮐁
𮐂
𮐄
𮐕
𮐘
𮓣
𮓤
𮔁
𮔃
𮔄
𮔅
𮔆
𮔇
𮔈
𮕠
𮕹
𮕺
𮕻
𮖁
𮖂
𮖃
𮖅
𮖆
𮖉
𮖌
𮖍
𮖏
𮗁
𮗂
𮗃
𮗎
𮗪
𮗿
𮘀
𮘁
𮘂
𮘃
𮘄
𮘅
𮘆
𮘇
𮙒
𮙜
𮙝
𮙞
𮙨
𮙩
𮙹
𮙺
𮙻
𮙼
𮙽
𮙾
𮙿
𮚀
𮚶
𮚷
𮛏
𮛐
𮛑
𮛒
𮛓
𮛔
𮛕
𮛖
𮜰
𮝆
𮝇
𮝈
𮝉
𮝊
𮝋
𮝌
𮞦
𮞩
𮞪
𮞬
𮞭
𮞮
𮞯
𮞰
𮞲
𮞴
𮞵
𮟶
𮠀
𮠁
𮠂
𮠡
𮠢
𮠣
𮠤
𮡓
𮡧
𮡨
𮡩
𮡪
𮡫
𮡬
𮡭
𮤈
𮤉
𮤌
𮤷
𮥒
𮥗
𮥷
𮥸
𮥹
𮥺
𮦆
𮦇
𮦈
𮦉
𮧄
𮧉
𮧶
𮧷
𮨴
𮨷
𮩝
𮩟
𮩲
𮪣
𮪤
𮫙
𮫜
𮬛
𮭦
𮭧
𮮆
𮰅
𮰖
𮰥
𮰦
𮰧
𮱍
𮱎
𮱏
𮱐
𮱽
𮲈
𮲉
𮲗
𮲘
𮲙
𮲤
𮲴
𮲵
𮳋
𮳌
𮳍
𮳎
𮳏
𮳫
𮳬
𮳭
𮳮
𮳼
𮴟
𮴠
𮴡
𮴢
𮴣
𮴤
𮴥
𮵂
𮵢
𮵧
𮵰
𮶋
𮶌
𮶍
𮶒
𮶓
𮶦
𮶧
𮶨
𮷔
𮷕
𮷛
𮷢
𮷣
𮷬
𮷭
𮸉
𮸊
𮸋
𮸌
𮸍
𮸎
𮸏
𮸩
𮸱
𮸻
𮸾
𮹓
割
勤
博
卿
善
善
喙
喫
喳
堲
奢
㛮
屠
嵃
𡷦
嵫
巽
帽
𢛔
惇
慌
慌
揤
𢯱
敬
最
栟
𣢧
𣪍
港
湮
滋
𠔥
𤠔
瑇
甤
䀹
𥚚
𦈨
䍙
羕
䐋
𦰶
蚈
蜎
裗
裞
䛇
貫
跋
𨜮
䧦
䪲
𰀖
𰀗
𰀘
𰀭
𰀮
𰀯
𰁍
𰁞
𰁟
𰂢
𰂣
𰂤
𰂥
𰂦
𰂧
𰂨
𰂩
𰃎
𰃫
𰄅
𰄆
𰄇
𰅔
𰅣
𰆇
𰆈
𰆠
𰆡
𰆢
𰆣
𰆤
𰆥
𰆦
𰆯
𰇂
𰇃
𰇿
𰈀
𰈁
𰈂
𰈃
𰈄
𰈅
𰈆
𰈇
𰈈
𰈉
𰈊
𰈋
𰈌
𰈍
𰈎
𰈏
𰈐
𰊁
𰊂
𰊃
𰊄
𰊅
𰊆
𰊇
𰊈
𰊉
𰊊
𰊋
𰊌
𰋏
𰋑
𰋒
𰋨
𰋩
𰋪
𰋫
𰋬
𰌌
𰌍
𰌎
𰌬
𰌭
𰍆
𰍇
𰍈
𰍉
𰍊
𰍋
𰍌
𰍍
𰍿
𰎀
𰎈
𰎩
𰎪
𰎫
𰎬
𰎭
𰏚
𰏛
𰏜
𰏩
𰏪
𰏫
𰏼
𰏽
𰐜
𰐝
𰐞
𰐫
𰐴
𰐵
𰑧
𰑨
𰑩
𰑭
𰑰
𰑱
𰑳
𰑹
𰑺
𰒫
𰒴
𰓽
𰔀
𰔃
𰔄
𰔆
𰔇
𰔈
𰔉
𰔋
𰔍
𰔎
𰔏
𰕋
𰕌
𰕍
𰕎
𰕟
𰕬
𰕭
𰖍
𰖎
𰖏
𰖐
𰖑
𰖒
𰖓
𰖔
𰖕
𰖿
𰗀
𰗈
𰗉
𰗱
𰗲
𰗳
𰗴
𰗵
𰗶
𰗷
𰗸
𰗹
𰙏
𰙐
𰙑
𰙫
𰙬
𰙭
𰙮
𰚞
𰚟
𰚠
𰚡
𰚢
𰚣
𰛃
𰛾
𰜁
𰜂
𰜅
𰜆
𰜇
𰜉
𰜊
𰜌
𰜍
𰜎
𰜐
𰜑
𰜒
𰜓
𰜔
𰜕
𰜖
𰜗
𰜘
𰜙
𰜚
𰜛
𰜜
𰜝
𰜞
𰜟
𰜠
𰜡
𰜢
𰜣
𰜤
𰞭
𰞮
𰞯
𰞰
𰞱
𰞲
𰞳
𰞴
𰞵
𰞶
𰞷
𰞸
𰞹
𰠁
𰠂
𰠃
𰠄
𰠍
𰠕
𰠘
𰠟
𰠶
𰠷
𰡞
𰡟
𰡠
𰡿
𰢁
𰢂
𰢄
𰢝
𰢪
𰢮
𰣋
𰣭
𰣮
𰣯
𰤐
𰤙
𰤨
𰤩
𰤪
𰤺
𰤻
𰥢
𰥣
𰥤
𰥥
𰥦
𰥧
𰥨
𰥩
𰦗
𰦼
𰦽
𰦾
𰦿
𰧀
𰧁
𰧂
𰧃
𰧄
𰧅
𰧈
𰨀
𰨁
𰨂
𰨃
𰨚
𰨩
𰨪
𰨫
𰨬
𰩋
𰩌
𰩍
𰩎
𰩏
𰩸
𰩹
𰩺
𰪶
𰪷
𰪸
𰪹
𰪺
𰪻
𰪼
𰫢
𰫣
𰫤
𰬫
𰬬
𰬭
𰬮
𰬯
𰬰
𰭎
𰭏
𰭐
𰭙
𰭢
𰮞
𰮢
𰮣
𰮬
𰮭
𰮯
𰮰
𰮱
𰮲
𰮳
𰮴
𰯱
𰯶
𰰀
𰱏
𰱐
𰱑
𰱒
𰱓
𰱔
𰱕
𰱖
𰱗
𰱘
𰱙
𰱚
𰱛
𰱜
𰲞
𰲟
𰲸
𰲹
𰳨
𰳪
𰳹
𰳺
𰴎
𰴏
𰴐
𰴢
𰴣
𰴫
𰴬
𰵹
𰵺
𰵻
𰵼
𰵽
𰵾
𰵿
𰶑
𰶒
𰶙
𰶚
𰶦
𰶼
𰶽
𰶾
𰶿
𰷣
𰷤
𰷥
𰷴
𰸻
𰸼
𰸽
𰹍
𰹎
𰹏
𰹐
𰺉
𰺊
𰺋
𰺌
𰺍
𰺎
𰺏
𰺐
𰺑
𰺾
𰺿
𰻀
𰻁
𰻂
𰻃
𰻄
𰻅
𰻧
𰻲
𰻳
𰼅
𰼆
𰼡
𰼢
𰼣
𰽾
𰽿
𰾀
𰾁
𰾂
𰾃
𰾄
𰾅
𰾆
𰾇
𰾈
𰾉
𰾊
𰾋
𰿜
𰿝
𰿴
𰿵
𰿶
𱀅
𱀡
𱀢
𱀣
𱀤
𱀥
𱀦
𱀧
𱀨
𱀩
𱁉
𱁱
𱁿
𱂏
𱂣
𱂤
𱂥
𱂦
𱂧
𱂨
𱃜
𱃝
𱄀
𱄁
𱄂
𱄃
𱄄
𱄑
𱅜
𱅝
𱅞
𱅟
𱅴
𱅵
𱅶
𱆊
𱆖
𱇐
𱇑
𱇒
𱇓
𱇔
𱇕
𱇖
𱇗
𱇘
𱇙
𱉴
𱉵
𱉶
𱉷
𱉸
𱉹
𱉺
𱉻
𱉼
𱉽
𱉾
𱉿
𱋊
𱋋
𱋌
𱋍
𱋎
𱋏
𱌙
𱌪
𱍇
𱍠
𱍡
𱍵
𱎌
𱎍
𱎿
𱏀
𱏁
𱏂
𱏃
𱏄
𱏩
𱐈
𱐉
𱐊
𱐐
𱐡
𱑇
𱑋
𱑗
𱑚
𱑨
𱑩
𱑪
𱑼
𱓖
𱓗
𱓘
𱓙
𱓚
𱓛
𱓜
𱓝
𱓞
𱓟
𱓠
𱓡
𱓢
𱓣
𱓤
𱓥
𱓦
𱓧
𱓨
𱓩
𱖃
𱖄
𱗋
𱗌
𱗍
𱗎
𱗏
𱗐
𱗑
𱗒
𱗓
𱗔
𱗕
𱗖
𱗗
𱗘
𱗙
𱗚
𱘶
𱘷
𱘸
𱙝
𱙞
𱙟
𱙾
𱚍
𱚎
𱚦
𱚧
𱚼
𱛷
𱛸
𱛹
𱛺
𱛻
𱛼
𱛽
𱛾
𱛿
𱜀
𱜗
𱜞
𱜮
𱜯
𱜰
𱜱
𱜾
𱝆
𱝓
𱝴
𱝵
𱝶
𱞝
𱞡
𱞥
𱞪
𱞫
𱞬
𱞭
𱞮
𱞯
𱞰
𱞳
𱞴
𱞵
𱞶
𱞷
𱞸
𱞺
𱞻
𱟜
𱟢
𱠌
𱠑
𱠔
𱠕
𱠖
𱠗
𱠘
𱠙
𱠚
𱠛
𱠜
𱠝
𱠟
𱡙
𱡚
𱡛
𱡜
𱡝
𱡤
𱡥
𱡦
𱡫
𱡴
𱡵
𱡶
𱢉
𱢊
𱢋
𱢌
𱢍
𱢎
𱢺
𱣥
𱣦
𱣧
𱣨
𱣩
𱣪
𱣫
𱣬
𱣭
𱣮
𱣯
𱣰
𱣱
𱣲
𱣳
𱣵
𱥃
𱥏
𱥐
𱥑
𱥫
𱧆
𱧇
𱧈
𱧉
𱧊
𱧋
𱧌
𱧍
𱧎
𱧏
𱧐
𱧑
𱧒
𱧓
𱧔
𱧕
𱧖
𱧗
𱧘
𱧚
𱧛
𱧜
𱧝
𱧞
𱧟
𱧠
𱧡
𱧢
𱧣
𱧤
𱧥
𱧦
𱧧
𱧨
𱧩
𱧪
𱧫
𱧬
𱧭
𱫑
𱫒
𱫓
𱫔
𱫕
𱫖
𱫗
𱫘
𱫙
𱫚
𱫛
𱫜
𱫝
𱫞
𱫟
𱬾
𱬿
𱭑
𱭒
𱭓
𱭜
𱭝
𱭞
𱭿
𱮁
𱮈
𱮉
𱮊
𱮋
𱮌
𱮍
𱮎
𱮏
𱮐
𱮑
𱯂
𱯄
𱯅
𱯆
𱯇
𱯈
𱰌
𱰘
𱰟
𱰶
𱰷
𱱕
𱱖
𱱷
𱲷
𱲸
𱲹
𱲺
𱲻
𱲼
𱳜
𱳟
𱳠
𱴁
𱴂
𱴃
𱴄
𱴅
𱴆
𱴇
𱴈
𱴉
𱴊
𱴋
𱵍
𱵎
𱵏
𱵐
𱵑
𱵒
𱵓
𱵔
𱶇
𱶈
𱶉
𱶊
𱶋
𱶽
𱶾
𱶿
𱷀
𱷁
𱷂
𱷧
𱷨
𱷶
𱷷
𱷸
𱷹
𱷺
𱷻
𱷼
𱷽
𱸻
𱸼
𱸽
𱸾
𱸿
𱹀
𱹁
𱹂
𱹃
𱹰
𱹱
𱹲
𱹳
𱺦
𱺧
𱺨
𱺩
𱻄
𱻙
𱻬
𱻹
𱻺
𱼫
𱼮
𱼯
𱼹
𱼺
𱽉
𱽞
𱽭
𱽮
𱽯
𱽰
𱽱
𱽲
𱽷
𱽻
𱿏
𱿐
𱿟
𱿠
𱿡
𲀞
𲀪
𲀫
𲀬
𲀭
𲀮
𲁊
𲁚
𲁛
𲂝
𲂤
𲂥
𲂪
𲂫
𲂬
𲃂
𲃃
𲃋
𲃚
𲃛
𲃜
𲄜
𲄴
𲅟
𲅠
𲅡
𲅢
𲅣
𲅤
𲅥
𲆗
𲆘
𲇁
𲇅
𲇇
𲇽
𲇾
𲇿
𲈀
𲈧
𲉁
𲉂
𲉃
𲉒
𲉗
𲉘
𲉩
𲉲
𲋑
𲋨
𲌖
𲍉
𲍊
𲍋
𲍷
𲍸
𲍹
𲍺
𲍻
𲍼
𲎏
𲎧
𲎷
𲎽
𲏄
𲏅
𲏶
𲏷
𲏸
𲐈
𲐏
𲐐
𲑁
𲑂
𲑃
𲑄
𲑅
𲑆
𲑰
𲒆
𲒖
𲒲
𲓇
𲓈
𲓩
𲓾
𲔈
𲔉
𲔊
𲕗
𲕘
𲕙
𲕚
𲕛
𲕜
𲕝
𲕞
𲕟
𲕠
𲕡
𲕢
𲕣
𲕤
𲕥
𲕦
𲕧
𲕨
𲕩
𲕪
𲕫
𲕬
𲕭
𲕮
𲕯
𲘨
𲙟
𲙠
𲙡
𲙢
𲙣
𲙤
𲙥
𲙦
𲙧
𲙨
𲙩
𲙪
𲚷
𲛄
𲛜
𲛝
𲛞
𲛟
𲛠
𲛡
𲜁
𲜐
𲜑
𲜒
𲜓
𲜔
𲜢
𲜣
𲜬
𲜭
𲜮
𲜯
𲜺
𲜻
𲝭
𲝮
𲝯
𲝰
𲝱
𲝲
𲞜
𲞡
𲞩
𲞱
𲞲
𲞳
𲞾
𲟈
𲟥
𲠇
𲠊
𲠋
𲠌
𲠍
𲠎
𲠑
𲠓
𲠔
𲡏
𲡺
𲡻
𲡼
𲡽
𲡾
𲡿
𲢀
𲢁
𲢂
𲢄
𲢅
𲢆
𲣸
𲤞
𲤟
𲤠
𲤡
𲤢
𲤣
𲥝
𲥞
𲥟
𲥠
𲦅
𲦆
𲦇
𲦈
𲦉
𲦊
𲦋
𲦌
𲧭
𲧺
𲧻
𲧼
𲨏
𲨞
𲨟
𲨠
𲨡
𲨢
𲩍
𲩜
𲩟
𲩠
𲩡
𲩢
𲩣
𲩥
𲩦
𲩧
𲩩
𲩪
𲩫
𲩬
𲩭
𲫦
𲫧
𲫨
𲫩
𲫪
𲫫
𲫬
𲫭
𲫮
𲫯
𲬼
𲬽
𲭄
𲭗
𲭘
𲭠
𲭡
𲭢
𲮖
𲮗
𲮘
𲮙
𲮚
𲮛
𲮜
𲮝
𲮞
𲮟
𲮠
𲮡
𲯠
𲯡
𲯢
𲯤
𲰝
𲰞
𲰯
𲰰
𲰾
𲰿
𲱀
𲱚
𲱛
𲱜
𲱝
𲱞
𲱟
𲲁
𲲈
𲲑
𲲢
𲲣
𲲤
𲲥
𲳞
𲳟
𲳠
𲳡
𲳢
𲳣
𲳤
𲴦
𲵉
𲵊
𲵋
𲵟
𲵷
𲵸
𲵹
𲷃
𲷄
𲷅
𲷮
𲷯
𲷰
𲷱
𲷲
𲷳
𲷴
𲷵
𲷶
𲸾
𲹄
𲹕
𲹬
𲺄
𲺏
𲺒
𲺔
𲺘
𲺙
𲺚
𲺛
𲺜
𲺝
𲺞
𲻌
𲻞
𲼇
𲼈
𲼉
𲼊
𲼋
𲼌
𲼍
𲼎
𲼏
𲼐
𲼑
𲼒
𲼓
𲼔
𲼕
𲾕
𲾖
𲾗
𲾘
𲾙
𲾚
𲾛
𲾜
𲾝
𲾞
𲾟
𲾠
𳀜
𳀝
𳀞
𳀲
𳁕
𳁖
𳁞
𳁭
𳁾
𳂊
𳂔
𳂮
𳂯
𳂸
𳂹
𳃋
𳃌
𳃍
𳃎
𳃏
𳄃
𳄄
𳄅
𳄢
𳄣
𳅐
𳅑
𳅰
𳅱
𳅲
𳇫
𳇸
𳈦
𳉂
𳉃
𳋀
𳋁
𳋍
𳌱
𳎒
𳎓
𳎔
𳐊
𳐋