㒿
㘘
㜺
㠧
㡩
㡪
㦫
㦬
㬬
㬭
㰗
㰘
㱌
㶗
㶙
㸎
㹛
㽊
㿘
䀌
䂁
䃸
䃹
䆎
䆏
䇁
䉮
䉯
䉰
䉱
䊰
䌪
䌬
䌭
䍽
䏊
䑏
䒐
䕸
䕹
䕺
䘅
䘆
䘇
䘈
䘉
䙫
䜟
䜠
䜡
䜲
䝓
䞊
䟍
䟎
䟏
䠬
䡺
䡻
䤕
䤖
䥧
䥨
䥩
䥪
䥫
䥬
䥭
䥮
䦵
䨈
䨲
䨳
䨴
䨼
䩎
䪅
䪆
䪜
䪰
䫲
䫳
䫴
䭝
䭞
䭟
䭠
䮲
䮳
䮴
䮵
䮶
䯣
䯫
䰎
䰝
䰫
䰬
䰭
䱾
䱿
䲀
䲁
䲂
䲃
䲄
䲅
䲆
䲇
䲈
䳷
䳸
䳹
䳺
䳻
䳼
䳽
䴩
䵁
䵂
䵅
䵚
䵸
䶇
䶜
䶝
䶬
囇
囋
囌
圝
壧
奱
孊
孋
孍
巎
巔
巕
廲
戂
戵
攟
攠
攦
攧
櫷
欆
欇
欈
欉
欎
氍
灒
灖
灗
爜
爞
爠
爡
獿
玀
玂
瓕
瓗
瓙
瓤
皭
矔
礵
礶
礷
禵
穱
籚
籛
籜
籝
籧
糱
耱
耲
臞
蘱
蘻
蘽
蘾
蠥
蠦
蠪
蠬
蠭
蠴
襳
襶
覾
觻
譾
讄
讅
讆
讉
豄
贕
贗
贘
躐
躒
躕
躖
躗
躚
轠
鑂
鑃
鑆
鑇
鑈
鑋
鑌
鑍
鑎
鑏
鑐
鑔
鑖
鑧
镵
镶
闧
霼
韀
韂
韄
韣
頀
顩
顪
顭
饔
驈
驋
驏
驐
驑
驓
驔
髝
鬙
鬛
鬝
鰳
鰴
鰵
鰸
鰼
鰽
鰿
鱂
鱄
鱋
鱌
鱑
鳤
鷐
鷑
鷒
鷕
鷘
鷛
鷜
鷞
鷩
鷬
鷵
鹳
鹴
黰
黱
鼘
鼜
鼲
鼳
鼴
鼵
齂
齫
龓
鿜
鿥
鿳
蘿
邏
籠
聾
讀
轢
鶴
變
齃
𠁻
𠑤
𠑥
𠑦
𠑧
𠑨
𠑩
𠓓
𠓔
𠕲
𠖪
𠘥
𠥪
𠥹
𠥺
𠫋
𠮕
𡅗
𡅘
𡅙
𡅚
𡅛
𡅜
𡅝
𡅞
𡅟
𡅠
𡅡
𡅢
𡅤
𡅥
𡅦
𡅧
𡅨
𡅩
𡅪
𡅫
𡅬
𡅭
𡅮
𡅯
𡓺
𡔂
𡔃
𡔄
𡔅
𡔆
𡔇
𡔈
𡔉
𡕏
𡕐
𡕑
𡚞
𡚟
𡤡
𡤢
𡤣
𡤤
𡤥
𡤦
𡤧
𡤨
𡤩
𡤪
𡦷
𡬄
𡬅
𡬆
𡬇
𡬈
𡬉
𡬊
𡬋
𡰟
𡰠
𡳸
𡳹
𡳺
𡴬
𡿇
𡿈
𡿉
𡿊
𡿋
𡿌
𡿍
𡿎
𡿏
𡿐
𡿑
𢀌
𢀍
𢅾
𢅿
𢆀
𢆁
𢇖
𢌈
𢌉
𢌊
𢌋
𢌌
𢍶
𢑊
𢑽
𢒸
𢒹
𢒺
𢖥
𢥥
𢥦
𢥧
𢥨
𢥩
𢥪
𢥫
𢥬
𢥭
𢥮
𢺂
𢺃
𢺄
𢺅
𢺆
𢺇
𢺈
𢺉
𢺊
𢺋
𢺌
𢺍
𢺎
𢺏
𢺐
𢺑
𢺒
𢺓
𢺔
𢺕
𣀳
𣀴
𣃖
𣄧
𣄨
𣌍
𣌎
𣌏
𣌐
𣌑
𣌒
𣌓
𣌔
𣌕
𣎰
𣠂
𣠙
𣠚
𣠛
𣠜
𣠝
𣠞
𣠟
𣠠
𣠡
𣠢
𣠣
𣠥
𣠦
𣠧
𣠨
𣠩
𣠪
𣠫
𣠬
𣠭
𣠮
𣠯
𣠰
𣠱
𣠲
𣠳
𣠴
𣠵
𣠶
𣤶
𣤹
𣤺
𣤻
𣤼
𣦯
𣦰
𣩾
𣬁
𣬙
𣰻
𣰼
𣰽
𣰾
𤄶
𤄷
𤄸
𤄹
𤄺
𤄻
𤄼
𤄽
𤄾
𤄿
𤅀
𤅁
𤅂
𤅃
𤅄
𤅅
𤅆
𤅇
𤅈
𤅉
𤒩
𤒺
𤒻
𤒽
𤒾
𤒿
𤓀
𤓁
𤓂
𤓃
𤓄
𤓅
𤓆
𤓇
𤖣
𤜌
𤜍
𤜎
𤜏
𤜐
𤣗
𤣘
𤣙
𤣚
𤫔
𤫕
𤫖
𤫗
𤫘
𤬞
𤬟
𤮭
𤮮
𤮯
𤯑
𤰁
𤰂
𤰏
𤳿
𤴀
𤴁
𤴤
𤼋
𤼌
𤼍
𤼎
𤼏
𤾻
𤾼
𤾽
𥀶
𥀷
𥀸
𥃓
𥃔
𥃕
𥃖
𥃗
𥌺
𥌻
𥌼
𥌽
𥌾
𥌿
𥍀
𥍁
𥍃
𥍄
𥍅
𥍆
𥍇
𥐑
𥐒
𥗝
𥗞
𥗟
𥗠
𥗡
𥗢
𥗣
𥗤
𥗥
𥗦
𥗧
𥗨
𥗩
𥗪
𥜪
𥜫
𥜬
𥜭
𥜮
𥜯
𥤆
𥤇
𥤈
𥤉
𥩉
𥫐
𥫑
𥶵
𥶶
𥶷
𥶸
𥶹
𥶺
𥶻
𥶼
𥶽
𥶾
𥶿
𥷀
𥷁
𥷂
𥷃
𥷄
𥷅
𥷆
𥷇
𥷈
𥷉
𥷊
𥷋
𥷌
𥷍
𥷎
𥷏
𥷐
𥷑
𥷒
𥷓
𥽡
𥽤
𥽥
𥽦
𥽧
𥽨
𥽩
𥽪
𥽫
𦇂
𦇔
𦇕
𦇖
𦇗
𦇘
𦇙
𦇚
𦇛
𦇜
𦇝
𦇞
𦇟
𦇠
𦇡
𦇢
𦇣
𦇤
𦇥
𦇦
𦉡
𦏨
𦏩
𦒧
𦒭
𦒮
𦒯
𦓢
𦘊
𦘋
𦘌
𦢿
𦣀
𦣁
𦣂
𦣃
𦣄
𦣅
𦣶
𦦹
𦧺
𦨃
𦪽
𦪾
𦪿
𦫀
𦫁
𦫂
𧄎
𧄏
𧄐
𧄑
𧄒
𧄓
𧄔
𧄕
𧄖
𧄗
𧄘
𧄙
𧄚
𧄛
𧄜
𧄝
𧄞
𧄟
𧄠
𧄡
𧄢
𧄣
𧄤
𧄥
𧄦
𧄧
𧄨
𧄩
𧄪
𧄫
𧄬
𧄭
𧄮
𧄯
𧄰
𧄱
𧄲
𧄳
𧄴
𧄵
𧈘
𧈙
𧔝
𧔞
𧔟
𧔠
𧔡
𧔢
𧔣
𧔤
𧔥
𧔦
𧔧
𧔨
𧔩
𧔪
𧔫
𧔬
𧔭
𧔮
𧔯
𧔰
𧔱
𧔲
𧔳
𧔴
𧔵
𧔶
𧔷
𧔸
𧔹
𧔺
𧔻
𧔼
𧔽
𧔾
𧔿
𧕀
𧕁
𧕂
𧗙
𧗚
𧘆
𧟃
𧟄
𧟅
𧟆
𧟇
𧢜
𧢝
𧢞
𧢟
𧢠
𧢡
𧥌
𧥍
𧥎
𧥏
𧥐
𧭑
𧭜
𧭝
𧭞
𧭟
𧭠
𧭡
𧭢
𧭣
𧭤
𧭥
𧭦
𧭧
𧭨
𧭩
𧭪
𧭫
𧭬
𧭭
𧭮
𧭯
𧭰
𧭱
𧭲
𧭳
𧭴
𧭵
𧭶
𧭷
𧰙
𧰚
𧰛
𧰜
𧲐
𧲑
𧲒
𧲓
𧲗
𧴟
𧸱
𧸲
𧸳
𧸴
𧸵
𧸶
𧸷
𧸸
𧸹
𧸺
𧸻
𧸼
𧸿
𧺀
𧺁
𧾡
𧾢
𧾣
𧾤
𧾥
𧾦
𧾧
𨇁
𨇂
𨇃
𨇄
𨇅
𨇆
𨇇
𨇈
𨇉
𨇊
𨇋
𨇌
𨇍
𨇎
𨇏
𨇐
𨇑
𨇒
𨇓
𨇔
𨇕
𨊘
𨊙
𨊚
𨏑
𨏒
𨏓
𨏔
𨏕
𨏖
𨏗
𨏘
𨏙
𨏚
𨏛
𨏜
𨏝
𨐾
𨐿
𨑌
𨙙
𨙚
𨙛
𨙜
𨙝
𨙞
𨟨
𨣮
𨣯
𨣰
𨣱
𨣲
𨣳
𨣴
𨣵
𨤡
𨮒
𨮓
𨮔
𨮕
𨮖
𨮗
𨮘
𨮙
𨮚
𨮛
𨮜
𨮝
𨮞
𨮟
𨮠
𨮡
𨮢
𨮣
𨮤
𨮥
𨮦
𨮧
𨮨
𨮩
𨮪
𨮫
𨮬
𨮭
𨮮
𨮯
𨮰
𨮱
𨮲
𨮳
𨮴
𨮵
𨮶
𨮷
𨲻
𨲼
𨲽
𨲾
𨲿
𨷔
𨷘
𨷙
𨷚
𨷛
𨷜
𨷝
𨷞
𨽮
𨽯
𨾄
𩁓
𩁔
𩁕
𩁖
𩁗
𩁘
𩁙
𩁚
𩁛
𩆑
𩆒
𩆓
𩆔
𩆕
𩆖
𩆗
𩆘
𩆙
𩆚
𩆛
𩆜
𩆝
𩆞
𩆟
𩆠
𩆡
𩆢
𩆣
𩉊
𩉋
𩍓
𩍔
𩍕
𩍖
𩍗
𩍘
𩍙
𩍚
𩍛
𩍜
𩍝
𩍞
𩍟
𩍠
𩍡
𩍢
𩍣
𩍤
𩏨
𩏩
𩏪
𩏫
𩏬
𩏭
𩐑
𩐒
𩐓
𩑂
𩑃
𩑄
𩑅
𩑆
𩕟
𩕠
𩕡
𩕢
𩕣
𩕤
𩕥
𩕦
𩕧
𩕨
𩕩
𩕪
𩕫
𩙈
𩙉
𩙊
𩙋
𩙌
𩙍
𩙼
𩙽
𩟓
𩟔
𩟕
𩟖
𩟗
𩟘
𩟙
𩟚
𩟛
𩟜
𩟝
𩟞
𩟟
𩟠
𩟡
𩟢
𩟣
𩠴
𩡢
𩡣
𩦂
𩦃
𩦄
𩦅
𩦆
𩦇
𩦈
𩦉
𩦊
𩦋
𩦌
𩦍
𩦎
𩦏
𩦐
𩦑
𩦒
𩦓
𩦔
𩦕
𩦖
𩦗
𩦘
𩦙
𩦚
𩦛
𩦜
𩦝
𩪠
𩪡
𩪢
𩪣
𩪤
𩪥
𩪦
𩪧
𩪨
𩪩
𩪪
𩪫
𩫧
𩯃
𩯄
𩯅
𩯆
𩯇
𩯈
𩯉
𩯊
𩯋
𩯌
𩯍
𩯎
𩯏
𩯐
𩯑
𩯒
𩯓
𩯔
𩯕
𩯖
𩯗
𩯘
𩯙
𩯚
𩰙
𩰚
𩰧
𩱒
𩱓
𩱔
𩱕
𩴮
𩴯
𩴰
𩺭
𩺮
𩺯
𩺰
𩺱
𩺲
𩺳
𩺴
𩺵
𩺶
𩺷
𩺸
𩺹
𩺺
𩺻
𩺼
𩺽
𩺾
𩺿
𩻀
𩻁
𩻂
𩻃
𩻅
𩻆
𩻇
𩻈
𩻉
𩻊
𩻋
𩻌
𩻍
𩻎
𩻏
𩻐
𩻑
𩻒
𩻓
𩻔
𩻕
𩻖
𩻗
𪄭
𪄮
𪄯
𪄰
𪄱
𪄲
𪄳
𪄴
𪄵
𪄶
𪄷
𪄸
𪄹
𪄺
𪄻
𪄼
𪄽
𪄾
𪄿
𪅀
𪅁
𪅂
𪅃
𪅄
𪅅
𪅆
𪅇
𪅈
𪅉
𪅊
𪅋
𪅌
𪅍
𪅎
𪅏
𪅐
𪅑
𪅒
𪅓
𪅔
𪅕
𪅖
𪅗
𪅘
𪅙
𪅚
𪅛
𪅜
𪅝
𪅞
𪅟
𪅠
𪅡
𪅢
𪅣
𪅤
𪅥
𪅦
𪅧
𪅨
𪅩
𪅪
𪅫
𪅬
𪅭
𪅮
𪉺
𪉻
𪉼
𪉽
𪉾
𪋜
𪋝
𪋞
𪋟
𪋠
𪍣
𪍤
𪍥
𪍦
𪍧
𪍨
𪍩
𪍪
𪍫
𪍬
𪍭
𪍮
𪍯
𪍰
𪍱
𪎬
𪏟
𪏠
𪏡
𪏢
𪏣
𪐋
𪑾
𪑿
𪒀
𪒁
𪒂
𪒃
𪒄
𪒅
𪒆
𪒇
𪒈
𪒉
𪒊
𪒋
𪒌
𪒍
𪒎
𪓮
𪓯
𪓰
𪓱
𪓲
𪓳
𪓴
𪓵
𪓶
𪔉
𪔦
𪔧
𪔨
𪔩
𪔪
𪔫
𪔬
𪔭
𪕫
𪕬
𪕭
𪕮
𪕯
𪕰
𪕱
𪕲
𪕳
𪕴
𪖭
𪖮
𪗍
𪘎
𪘏
𪘐
𪘑
𪘒
𪘓
𪘔
𪘕
𪘖
𪘗
𪘘
𪘙
𪘛
𪘜
𪘝
𪘞
𪘟
𪘠
𪘡
𪘢
𪘣
𪘤
𪚜
𪚝
𪚞
𪚟
𪢥
𪤴
𪥀
𪨡
𪩠
𪩪
𪪹
𪭅
𪭆
𪭛
𪯃
𪴟
𪴠
𪴡
𪸈
𪸉
𪺆
𪺇
𪼿
𪾜
𫁯
𫂬
𫃗
𫃘
𫃙
𫄒
𫄓
𫄔
𫅠
𫅡
𫅲
𫇂
𫇙
𫇡
𫇢
𫇣
𫊔
𫊕
𫊖
𫋨
𫌗
𫎣
𫎤
𫓖
𫓗
𫓘
𫓙
𫓚
𫕳
𫕴
𫖋
𫖨
𫗃
𫗄
𫗜
𫗝
𫘃
𫘗
𫙰
𫙱
𫙲
𫙳
𫙴
𫙵
𫙶
𫚬
𫛐
𫜡
𫜦
𫝞
𫞺
𫟝
𫠕
𫡎
𫢄
𫤒
𫤓
𫬹
𫯈
𫯉
𫯙
𫰅
𫲞
𫲟
𫴢
𫴤
𫴥
𫸍
𫸎
𫻢
𫾟
𫾠
𫾢
𫿩
𬀢
𬀣
𬅐
𬅒
𬅓
𬅵
𬆴
𬋹
𬏘
𬐁
𬑁
𬑂
𬒩
𬖀
𬖁
𬖂
𬖃
𬖄
𬖅
𬗀
𬘍
𬘏
𬚁
𬛠
𬛪
𬟡
𬟢
𬟣
𬟤
𬠹
𬣔
𬣕
𬥍
𬥯
𬥰
𬥱
𬦄
𬧙
𬧛
𬧿
𬨀
𬬒
𬬓
𬬔
𬬕
𬬖
𬬗
𬬙
𬯨
𬯵
𬰑
𬰒
𬰓
𬰔
𬱏
𬲟
𬳛
𬳱
𬴝
𬴞
𬴟
𬴸
𬵤
𬵥
𬵧
𬵨
𬵩
𬵫
𬶷
𬷮
𬷯
𬷰
𬹁
𬹄
𬹓
𬹙
𬹚
𬹩
𬹪
𬹰
𬺕
𬻱
𬼕
𭀒
𭌷
𭌻
𭌼
𭌽
𭌾
𭐏
𭐲
𭔧
𭔨
𭚏
𭚐
𭚞
𭟦
𭟧
𭣒
𭤒
𭬸
𭬼
𭯭
𭳸
𭳹
𭺔
𭺕
𭻹
𭼸
𭿲
𮂖
𮂤
𮂦
𮄣
𮆲
𮆶
𮆷
𮆹
𮆺
𮆻
𮆼
𮆽
𮉗
𮊷
𮎗
𮓎
𮓐
𮓑
𮓒
𮕎
𮕒
𮕓
𮗊
𮙅
𮙆
𮙙
𮚬
𮚭
𮜠
𮜢
𮜥
𮝯
𮝰
𮝱
𮝲
𮡌
𮣙
𮣛
𮣜
𮣝
𮣡
𮣢
𮦷
𮦸
𮦹
𮦺
𮦻
𮧭
𮧿
𮨡
𮨲
𮩑
𮩕
𮩖
𮩯
𮪵
𮫐
𮫑
𮬋
𮬌
𮬍
𮭊
𮭐
𮭑
𮭒
𮭓
𮭔
𮭕
𮮁
𮯚
𮯜
𦇚
㰘
變
鱀
䳸
𰅚
𰉌
𰋅
𰌛
𰐆
𰐢
𰔽
𰔾
𰖼
𰚶
𰝳
𰝴
𰢚
𰢡
𰤊
𰥉
𰦋
𰧫
𰨘
𰩂
𰫖
𰫸
𰫹
𰯫
𰲖
𰳥
𰴉
𰴍
𰷛
𰸶
𰸷
𰹪
𰹫
𰻜
𰻿
𰼖
𰽎
𰽏
𰽐
𰽑
𰿈
𰿤
𱁎
𱁏
𱁤
𱃎
𱃏
𱄲
𱄳
𱄴
𱅳
𱆇
𱆽
𱆾
𱈗
𱈘
𱈹
𱊵
𱋀
𱋁
𱋽
𱌞
𱌿
𱍊
𱕭
𱕮
𱕯
𱕰
𱘛
𱘿
𱙀
𱚛
𱝻
𱡒
𱡓
𱥙
𱪓
𱪔
𱪕
𱬭
𱮯
𱰃
𱰓
𱱰
𱱱
𱷟
𱷠
𱸰
𱺎
𱻔
𱻥
𱿂
𱿃
𱿅
𱿆
𲀑
𲁾
𲂧
𲂶
𲄎
𲄏
𲄐
𲆉
𲆊
𲆡
𲆤
𲇄
𲉥
𲉦
𲊋
𲊌
𲋉
𲋊
𲋠
𲌁
𲌂
𲌢
𲌽
𲌾
𲌿
𲍀
𲍥
𲎍
𲎐
𲎟
𲎢