䦹
䦺
䦻
䦼
䦽
䦾
䦿
䧀
䧁
䧂
䧃
䧄
䧅
䧆
䧇
䧈
䧉
䧊
䧋
䧌
䧍
䧎
䧏
䧐
䧑
䧒
䧓
䧔
䧕
䧖
䧗
䧘
䧙
䧚
䧛
䧜
䧝
䧞
䧟
䧠
䧡
䧢
䧣
䧤
䧥
䧦
䧨
䧩
䧪
䧫
䧬
䧭
䧮
䧯
䧰
阞
队
阠
阢
阣
阤
阥
阦
阧
阩
阫
阭
阰
阱
阵
阶
阷
阸
阹
阺
阽
阾
陃
际
陆
陇
陈
陉
陊
陎
陑
陒
陓
陔
陕
陖
陗
陙
陚
陠
陧
陨
险
陫
陭
陮
陯
陱
陴
陹
陻
陼
陾
陿
隀
隁
隃
隇
隉
隌
隐
隑
隒
隓
隖
隞
隟
隡
隢
隦
隫
隬
隭
隮
隵
鿧
陋
陵
阮
陸
隣
降
﨩
陼
𠁲
𨸏
𨸐
𨸑
𨸒
𨸓
𨸔
𨸕
𨸖
𨸗
𨸘
𨸙
𨸚
𨸛
𨸜
𨸝
𨸞
𨸠
𨸡
𨸢
𨸣
𨸤
𨸥
𨸦
𨸧
𨸨
𨸩
𨸪
𨸫
𨸬
𨸭
𨸮
𨸯
𨸰
𨸱
𨸲
𨸳
𨸴
𨸵
𨸷
𨸸
𨸹
𨸺
𨸻
𨸼
𨸽
𨸾
𨸿
𨹀
𨹁
𨹂
𨹃
𨹄
𨹅
𨹆
𨹇
𨹈
𨹉
𨹊
𨹋
𨹌
𨹍
𨹎
𨹏
𨹐
𨹑
𨹒
𨹓
𨹔
𨹕
𨹖
𨹗
𨹘
𨹙
𨹚
𨹛
𨹜
𨹝
𨹞
𨹟
𨹠
𨹡
𨹢
𨹣
𨹤
𨹥
𨹦
𨹧
𨹨
𨹩
𨹪
𨹫
𨹬
𨹭
𨹮
𨹯
𨹰
𨹱
𨹲
𨹳
𨹵
𨹶
𨹷
𨹸
𨹹
𨹺
𨹻
𨹼
𨹽
𨹾
𨹿
𨺀
𨺁
𨺂
𨺃
𨺄
𨺅
𨺆
𨺇
𨺈
𨺊
𨺋
𨺌
𨺍
𨺎
𨺏
𨺐
𨺑
𨺒
𨺓
𨺔
𨺕
𨺖
𨺗
𨺘
𨺙
𨺚
𨺛
𨺜
𨺝
𨺞
𨺟
𨺠
𨺡
𨺢
𨺣
𨺤
𨺥
𨺦
𨺧
𨺨
𨺩
𨺪
𨺫
𨺬
𨺭
𨺮
𨺯
𨺰
𨺱
𨺲
𨺳
𨺴
𨺵
𨺶
𨺷
𨺸
𨺹
𨺺
𨺻
𨺼
𨺽
𨺾
𨺿
𨻀
𨻁
𨻂
𨻃
𨻄
𨻅
𨻆
𨻇
𨻈
𨻉
𨻊
𨻋
𨻌
𨻍
𨻎
𨻏
𨻐
𨻑
𨻒
𨻓
𨻔
𨻕
𨻖
𨻗
𨻘
𨻙
𨻚
𨻛
𨻜
𨻝
𨻞
𨻟
𨻠
𨻡
𨻢
𨻣
𨻤
𨻥
𨻦
𨻧
𨻨
𨻩
𨻪
𨻬
𨻭
𨻮
𨻯
𨻰
𨻱
𨻲
𨻳
𨻴
𨻵
𨻶
𨻷
𨻸
𨻹
𨻺
𨻻
𨻼
𨻽
𨻾
𨻿
𨼀
𨼁
𨼂
𨼃
𨼄
𨼅
𨼆
𨼇
𨼈
𨼉
𨼊
𨼋
𨼌
𨼍
𨼎
𨼏
𨼐
𨼑
𨼒
𨼓
𨼔
𨼕
𨼖
𨼗
𨼘
𨼙
𨼚
𨼛
𨼜
𨼝
𨼞
𨼟
𨼠
𨼡
𨼢
𨼣
𨼤
𨼥
𨼦
𨼧
𨼨
𨼩
𨼪
𨼫
𨼬
𨼭
𨼮
𨼯
𨼰
𨼱
𨼳
𨼴
𨼵
𨼶
𨼷
𨼸
𨼹
𨼺
𨼻
𨼼
𨼽
𨼾
𨼿
𨽀
𨽁
𨽂
𨽃
𨽄
𨽅
𨽆
𨽇
𨽈
𨽉
𨽊
𨽋
𨽌
𨽍
𨽎
𨽏
𨽐
𨽑
𨽒
𨽓
𨽔
𨽕
𨽖
𨽗
𨽘
𨽙
𨽚
𨽛
𨽜
𨽝
𨽞
𨽟
𨽠
𨽡
𨽢
𨽣
𨽤
𨽥
𨽦
𨽧
𨽨
𨽩
𨽪
𨽫
𨽬
𨽭
𨽮
𨽯
𨽰
𨽱
𨽲
𨽳
𨽴
𨽵
𫔺
𫔻
𫔼
𫔽
𫔾
𫔿
𫕀
𫕁
𫕂
𫕃
𫕄
𫕅
𫕆
𫕇
𫕈
𫕉
𫕊
𫕋
𫕌
𫕍
𫕎
𫕏
𫕐
𫕑
𫕒
𫕓
𫕔
𫕕
𫕖
𫕗
𫕘
𫠃
𬮺
𬮻
𬮼
𬮽
𬮾
𬮿
𬯀
𬯁
𬯂
𬯃
𬯄
𬯅
𬯆
𬯇
𬯈
𬯉
𬯊
𬯋
𬯌
𬯍
𬯎
𬯏
𬯐
𬯑
𬯒
𬯓
𬯔
𬯕
𬯖
𬯗
𬯘
𬯙
𬯚
𬯛
𬯜
𬯝
𬯞
𬯟
𬯠
𬯡
𬯢
𬯣
𬯤
𬯥
𬯦
𬯧
𬯨
𬯩
𮤹
𮤺
𮤻
𮤼
𮤽
𮤾
𮤿
𮥀
𮥁
𮥂
𮥃
𮥄
𮥅
𮥆
𮥇
𮥈
𮥉
𮥊
𮥋
𮥌
𮥍
𮥎
𮥏
𮥐
𮥑
𮥒
𮥓
𮥔
𮥕
𮥖
𮥗
𮥘
𮥙
𮥚
𮥛
𮥜
𮥝
𮥞
𮥟
𮥠
𮥡
𮥢
𮥣
𮥤
𮥥
𮥦
𮥧
𮥨
𮥩
𮥪
𮥫
𮥬
𮥭
𮥮
𮥯
𮥰
𮥱
𮥲
𮥳
𮸨
𮸩
𮸪
䧦
𱀁
𱀂
𱀃
𱀄
𱀅
𱀆
𱀇
𱀈
𱀉
𱀊
𱀋
𱀌
𱀍
𱀎
𱀏
𱀐
𱀑
𱀒
𱀓
𱀔
𱀕
𱀖
𱀗
𱀘
𱀙
𱀚
𱀛
𱀜
𱀝
𱀞
𱀟
𱀠
𱀡
𱀢
𱀣
𱀤
𱀥
𱀦
𱀧
𱀨
𱀩
𱀪
𱀫
𱀬
𱀭
𱀮
𱀯
𱀰
𱀱
𱀲
𱀳
𱀴
𱀵
𱀶
𱀷
𱀸
𱀹
𱀺
𱀻
𱀼
𱀽
𱀾
𱀿
𱁀
𱁁
𱁂
𱁃
𱁄
𲉉
𲉊
𲉋
𲉌
𲉍
𲉎
𲉏
𲉐
𲉑
𲉒
𲉓
𲉔
𲉕
𲉖
𲉗
𲉘
𲉙
𲉚
𲉛
𲉜
𲉝
𲉞
𲉟
𲉠
𲉡
𲉢
𲉣
𲉤
𲉥
𲉦