㽱
㽳
㽴
㽶
㽸
㽹
㽺
㽻
㽼
㽽
㽾
㽿
㾀
㾁
㾂
㾃
㾄
㾅
㾆
㾇
㾈
㾉
㾊
㾋
㾌
㾍
㾎
㾏
㾐
㾑
㾒
㾓
㾔
㾕
㾖
㾗
㾘
㾙
㾚
㾛
㾜
㾝
㾞
㾟
㾠
㾡
㾢
㾣
㾤
㾥
㾦
㾧
㾨
㾩
㾪
㾫
㾬
㾭
㾯
㾰
㾱
㾲
㾳
㾴
㾵
㾶
㾷
㾸
㾹
㾺
㾻
㾼
㾽
㾾
㾿
㿀
㿁
㿂
㿃
㿄
㿅
㿆
㿇
㿈
㿊
㿋
㿌
㿍
㿎
㿏
㿐
㿑
㿒
㿓
㿔
㿕
㿖
㿘
㿙
㿚
㿛
㿜
疓
疕
疖
疗
疘
疙
疛
疜
疞
疟
疠
疡
疤
疦
疧
疨
疩
疪
疬
疭
疮
疯
疴
疶
疺
疻
痁
痄
痈
痉
痋
痌
痐
痑
痖
痗
痚
痜
痡
痥
痦
痨
痪
痫
痭
痯
痵
痶
痷
痸
痻
痽
瘄
瘅
瘆
瘊
瘌
瘎
瘐
瘑
瘒
瘔
瘗
瘚
瘝
瘣
瘩
瘪
瘫
瘬
瘮
瘯
瘱
瘲
瘶
瘷
瘸
瘹
瘺
瘽
瘾
瘿
癀
癄
癅
癊
癍
癎
癏
癐
癑
癓
癔
癗
癙
癚
癛
癝
癞
癟
癠
癣
癦
癫
癳
癴
癵
癩
療
痢
瘝
瘟
𤴥
𤴦
𤴧
𤴨
𤴩
𤴪
𤴫
𤴬
𤴭
𤴮
𤴯
𤴰
𤴱
𤴲
𤴳
𤴴
𤴵
𤴶
𤴷
𤴸
𤴹
𤴺
𤴻
𤴼
𤴽
𤴾
𤴿
𤵀
𤵁
𤵂
𤵃
𤵄
𤵅
𤵆
𤵇
𤵈
𤵉
𤵊
𤵋
𤵌
𤵍
𤵎
𤵏
𤵐
𤵑
𤵒
𤵓
𤵔
𤵕
𤵖
𤵗
𤵘
𤵙
𤵚
𤵛
𤵜
𤵝
𤵞
𤵟
𤵠
𤵡
𤵢
𤵣
𤵤
𤵥
𤵦
𤵧
𤵨
𤵩
𤵪
𤵫
𤵬
𤵭
𤵮
𤵯
𤵰
𤵱
𤵲
𤵳
𤵴
𤵵
𤵶
𤵷
𤵸
𤵹
𤵺
𤵻
𤵼
𤵽
𤵾
𤵿
𤶀
𤶁
𤶂
𤶃
𤶄
𤶅
𤶆
𤶇
𤶈
𤶉
𤶊
𤶋
𤶌
𤶍
𤶎
𤶏
𤶐
𤶑
𤶒
𤶓
𤶔
𤶕
𤶖
𤶗
𤶘
𤶙
𤶚
𤶛
𤶜
𤶝
𤶞
𤶟
𤶠
𤶡
𤶢
𤶣
𤶤
𤶥
𤶦
𤶧
𤶨
𤶩
𤶪
𤶫
𤶬
𤶭
𤶮
𤶯
𤶰
𤶱
𤶲
𤶳
𤶴
𤶵
𤶶
𤶷
𤶸
𤶹
𤶺
𤶻
𤶼
𤶽
𤶾
𤶿
𤷀
𤷁
𤷂
𤷃
𤷄
𤷅
𤷆
𤷇
𤷈
𤷉
𤷊
𤷋
𤷌
𤷍
𤷎
𤷏
𤷐
𤷑
𤷒
𤷓
𤷔
𤷕
𤷖
𤷗
𤷘
𤷙
𤷚
𤷛
𤷜
𤷝
𤷞
𤷟
𤷠
𤷡
𤷢
𤷣
𤷤
𤷥
𤷦
𤷧
𤷨
𤷩
𤷪
𤷫
𤷬
𤷭
𤷮
𤷯
𤷰
𤷱
𤷲
𤷳
𤷴
𤷵
𤷶
𤷷
𤷸
𤷹
𤷺
𤷻
𤷼
𤷽
𤷾
𤷿
𤸀
𤸁
𤸂
𤸃
𤸄
𤸅
𤸆
𤸇
𤸈
𤸉
𤸊
𤸋
𤸌
𤸍
𤸏
𤸐
𤸑
𤸒
𤸓
𤸔
𤸕
𤸖
𤸗
𤸘
𤸙
𤸚
𤸛
𤸜
𤸝
𤸞
𤸟
𤸠
𤸡
𤸢
𤸣
𤸤
𤸥
𤸦
𤸧
𤸨
𤸩
𤸪
𤸫
𤸬
𤸭
𤸮
𤸯
𤸰
𤸱
𤸲
𤸳
𤸴
𤸵
𤸶
𤸸
𤸹
𤸺
𤸻
𤸼
𤸽
𤸾
𤸿
𤹀
𤹁
𤹂
𤹃
𤹄
𤹅
𤹆
𤹇
𤹈
𤹉
𤹊
𤹋
𤹌
𤹍
𤹎
𤹏
𤹐
𤹑
𤹒
𤹓
𤹔
𤹕
𤹖
𤹗
𤹘
𤹙
𤹚
𤹛
𤹜
𤹝
𤹞
𤹟
𤹠
𤹡
𤹢
𤹣
𤹤
𤹥
𤹦
𤹧
𤹨
𤹩
𤹫
𤹬
𤹭
𤹮
𤹯
𤹰
𤹱
𤹲
𤹳
𤹴
𤹵
𤹶
𤹷
𤹸
𤹹
𤹺
𤹻
𤹼
𤹽
𤹾
𤹿
𤺀
𤺁
𤺂
𤺃
𤺄
𤺅
𤺆
𤺇
𤺈
𤺉
𤺊
𤺌
𤺍
𤺎
𤺏
𤺐
𤺑
𤺒
𤺓
𤺔
𤺕
𤺖
𤺗
𤺘
𤺙
𤺚
𤺛
𤺜
𤺝
𤺞
𤺟
𤺠
𤺡
𤺢
𤺣
𤺤
𤺥
𤺦
𤺧
𤺨
𤺩
𤺪
𤺫
𤺬
𤺭
𤺮
𤺯
𤺰
𤺱
𤺲
𤺳
𤺴
𤺵
𤺶
𤺷
𤺸
𤺹
𤺺
𤺻
𤺼
𤺽
𤺾
𤺿
𤻀
𤻁
𤻂
𤻃
𤻄
𤻅
𤻆
𤻇
𤻈
𤻉
𤻊
𤻋
𤻌
𤻍
𤻎
𤻏
𤻐
𤻑
𤻒
𤻓
𤻔
𤻕
𤻖
𤻗
𤻘
𤻙
𤻚
𤻛
𤻜
𤻝
𤻞
𤻟
𤻠
𤻡
𤻢
𤻣
𤻤
𤻥
𤻦
𤻧
𤻨
𤻩
𤻪
𤻫
𤻬
𤻭
𤻮
𤻯
𤻰
𤻱
𤻲
𤻳
𤻴
𤻵
𤻶
𤻷
𤻸
𤻹
𤻺
𤻻
𤻼
𤻽
𤻾
𤻿
𤼀
𤼁
𤼂
𤼃
𤼄
𤼅
𤼆
𤼇
𤼈
𤼉
𤼊
𤼋
𤼌
𤼍
𤼎
𤼏
𤼐
𤼑
𤼒
𤼓
𤼔
𤼕
𤼖
𤼗
𤼘
𤼙
𤼚
𤼛
𤼜
𤼝
𤼞
𤼟
𤼠
𤼡
𤼢
𤼣
𤼤
𪽨
𪽩
𪽪
𪽫
𪽬
𪽭
𪽮
𪽯
𪽰
𪽱
𪽲
𪽳
𪽴
𪽵
𪽶
𪽷
𪽸
𪽹
𪽺
𫞬
𫞭
𬏚
𬏛
𬏜
𬏝
𬏞
𬏟
𬏠
𬏡
𬏢
𬏣
𬏤
𬏥
𬏦
𬏧
𬏨
𬏩
𬏪
𬏫
𬏬
𬏭
𬏮
𬏯
𬏰
𬏱
𬏲
𬏳
𬏴
𬏵
𬏶
𬏷
𬏸
𬏹
𬏺
𬏻
𬏼
𬏽
𬏾
𬏿
𬐀
𬐁
𭼆
𭼇
𭼈
𭼉
𭼊
𭼋
𭼌
𭼍
𭼎
𭼏
𭼐
𭼑
𭼒
𭼓
𭼔
𭼕
𭼖
𭼗
𭼘
𭼙
𭼚
𭼛
𭼜
𭼝
𭼞
𭼟
𭼠
𭼡
𭼢
𭼣
𭼤
𭼥
𭼦
𭼧
𭼨
𭼩
𭼪
𭼫
𭼬
𭼭
𭼮
𭼯
𭼰
𭼱
𭼲
𭼳
𭼴
𭼵
𭼶
𭼷
𭼸
𭼹
𭼺
𭼻
𭼼
瘐
𰣢
𰣣
𰣤
𰣥
𰣦
𰣧
𰣨
𰣩
𰣪
𰣫
𰣬
𰣭
𰣮
𰣯
𰣰
𰣱
𰣲
𰣳
𰣴
𰣵
𰣶
𰣷
𰣸
𰣹
𰣺
𰣻
𰣼
𰣽
𰣾
𰣿
𰤀
𰤁
𰤂
𰤃
𰤄
𰤅
𰤆
𰤇
𰤈
𰤉
𰤊
𰤋
𱱉
𱱊
𱱋
𱱌
𱱍
𱱎
𱱏
𱱐
𱱑
𱱒
𱱓
𱱔
𱱕
𱱖
𱱗
𱱘
𱱙
𱱚
𱱛
𱱜
𱱝
𱱞
𱱟
𱱠
𱱡
𱱢
𱱣
𱱤
𱱥
𱱦
𱱧
𱱨
𱱩
𱱪
𱱫
𱱬
𱱭
𱱮
𱱯
𱱰
𱱱
𱱲
𱱳
𲱒
𲱓
𲱔
𲱕
𲱖
𲱗
𲱘
𲱙
𲱚
𲱛
𲱜
𲱝
𲱞
𲱟
𲱠
𲱡
𲱢
𲱣
𲱤
𲱥
𲱦
𲱧
𲱨
𲱩
𲱪
𲱫
𲱬
𲱭
𲱮
𲱯
𲱰
𲱱
𲱲
𲱳
𲱴
𲱵
𲱶
𲱷
𲱸
𲱹
𲱺
𲱻
𲱼
𲱽