㐙
㐚
㐛
㐨
㐩
㐭
㑉
㑊
㑋
㑌
㑍
㑎
㑏
㑐
㑑
㑒
㑓
㑔
㑕
㑖
㒬
㒺
㓉
㓊
㓋
㓌
㓍
㓡
㓢
㓣
㓤
㓥
㓦
㔙
㔚
㔛
㔬
㔽
㕁
㕈
㕉
㕞
㕷
㕸
㕹
㕺
㕻
㕼
㕽
㕾
㕿
㘠
㘡
㘱
㘲
㘳
㘴
㘵
㚉
㚔
㚕
㚖
㚗
㚘
㚙
㚰
㚱
㚲
㚳
㚴
㚵
㚶
㚷
㚸
㚹
㚺
㚻
㚼
㚽
㚾
㚿
㛀
㛁
㝀
㝒
㝵
㝾
㝿
㞏
㞐
㞑
㞹
㞺
㞻
㞼
㞽
㞾
㞿
㟀
㟁
㟂
㟃
㠰
㠽
㠾
㠿
㡀
㡴
㡵
㡶
㡷
㡸
㡹
㡺
㡻
㢠
㢮
㢯
㢰
㢱
㣇
㣋
㣌
㣍
㣘
㣙
㤁
㤂
㤅
㤌
㤏
㤐
㤑
㤒
㤓
㤔
㤕
㤖
㤘
㦰
㦱
㦲
㦿
㧀
㧒
㧓
㧔
㧕
㧖
㧗
㧙
㧚
㧛
㧜
㧝
㧞
㧟
㧠
㩺
㪁
㪂
㪴
㫄
㫘
㫙
㫚
㬳
㭇
㭈
㭉
㭊
㭋
㭌
㭍
㭎
㭏
㭐
㰟
㰠
㰡
㰢
㱚
㱛
㱜
㱝
㱽
㲍
㲎
㲏
㲐
㲑
㲴
㳋
㳌
㳍
㳎
㳏
㳐
㳑
㳒
㳓
㳔
㳕
㶦
㶧
㶨
㶩
㶪
㸒
㸓
㸚
㸝
㸞
㸫
㸬
㸭
㸮
㸯
㹜
㹡
㹢
㹣
㹤
㹥
㹦
㹧
㹨
㹩
㹪
㺰
㺲
㺳
㺴
㺵
㺶
㼘
㼙
㽳
㽴
㽵
㽶
㿪
㿻
䀐
䀑
䀒
䀓
䀔
䂆
䂘
䂙
䄨
䄩
䄪
䄫
䄬
䄭
䆒
䇃
䇄
䊵
䍐
䏐
䏒
䏓
䏔
䏕
䏖
䏗
䏘
䏙
䏚
䏛
䏜
䏝
䑠
䒚
䒛
䒜
䒝
䒞
䒟
䒠
䒡
䒢
䒣
䒤
䒥
䖈
䘚
䘛
䜳
䢌
䢍
䢎
䢏
䢸
䢹
䢺
䧁
䧂
䧃
䶺
䶻
丧
丳
乴
乵
乶
乷
乸
亝
佌
佪
佫
佬
佭
佮
佱
佲
佴
佷
佸
佹
佺
佽
佾
侀
侁
侂
侄
侅
侇
侉
侊
侌
侎
侐
侒
侓
侔
侕
侗
侙
侚
侜
侞
侟
侢
侣
侤
侥
侦
侧
侨
侩
侪
侬
侹
俢
兓
兖
冞
冼
冾
冿
净
凮
凯
刯
刱
刲
刴
刵
刼
刽
刾
刿
剀
剁
剂
剆
劶
劷
劸
劺
劻
劽
势
勆
匊
匋
匌
匦
匼
单
卖
卥
卧
卶
卹
卺
厒
厓
厔
厕
叀
叁
叕
变
呝
呞
呠
呡
呢
呣
呤
呥
呦
呧
呩
呫
呬
呭
呮
呯
呴
呸
呹
呺
呾
呿
咁
咂
咃
咅
咇
咈
咉
咊
咍
咑
咔
咕
咖
咗
咘
咙
咚
咛
咜
咝
哎
囶
囷
囸
囻
囼
图
坢
坣
坥
坧
坨
坫
坬
坭
坮
坯
坰
坱
坲
坳
坴
坵
坶
坷
坸
坹
坺
坻
坼
坽
坾
垀
垁
垃
垄
垅
垆
垇
垊
备
夌
夝
奃
奅
奋
奌
奍
妭
妮
妯
妰
妱
妳
妴
妵
妶
妷
妸
妺
妼
妽
妿
姀
姁
姃
姄
姅
姇
姈
姌
姍
姎
姏
姗
孠
孡
孢
孧
宓
宔
宖
实
宠
审
尀
尙
尩
屄
屇
屉
岝
岞
岟
岢
岣
岤
岥
岦
岧
岪
岭
岮
岯
岰
岲
岴
岵
岹
岺
岽
岿
峀
峁
峂
峃
峄
巶
帒
帓
帔
帕
帗
帘
帜
幷
庘
庙
庝
庞
废
弆
弢
弣
弤
弨
弪
彔
录
彽
彾
忞
忢
忥
忩
态
怂
怈
怉
怊
怋
怌
怍
怑
怓
怔
怗
怚
怞
怟
怢
怬
怭
怮
怰
怲
怳
怴
怵
怶
怽
怾
怿
戕
戗
戽
戾
抦
抧
抨
抩
抪
抭
抮
抯
抰
抲
抳
抴
抶
抷
抺
抾
抿
拀
拁
拃
拄
拋
拎
拕
拖
拚
拞
拢
拣
拤
拥
拦
拧
拨
择
攽
斦
斨
斩
斺
斻
旹
旼
旽
旾
旿
昀
昁
昄
昈
昉
昋
昍
昐
昑
昒
昕
昖
昗
昘
昙
昛
曶
朊
朌
杫
杬
杮
杴
杶
杸
杹
杺
杻
杽
枀
枂
枃
构
枆
枈
枊
枍
枎
枏
枑
枒
枓
枔
枖
枘
枙
枛
枞
枟
枣
枤
枥
枧
枨
枪
枫
枬
枭
柉
柜
柹
欥
欦
歧
歨
歫
歽
歾
殁
毑
毞
氜
氝
汬
沀
沊
沝
沬
沭
沰
沲
沴
沵
沶
沷
泀
泂
泃
泆
泇
泈
泋
泍
泎
泏
泑
泒
泔
泖
泘
泜
泞
泟
泠
泦
泧
泩
泫
泬
泭
泮
泷
泸
泹
泺
泻
泼
泽
泾
炁
炂
炃
炄
炅
炆
炇
炈
炋
炌
炍
炏
炐
炑
炓
炔
炕
炖
炗
炘
炚
炛
炜
炝
炞
烎
爸
牥
牦
牨
牪
牫
牬
狀
狉
狋
狌
狍
狏
狑
狓
狔
狕
狖
狘
狚
狜
狝
狞
玜
玝
玞
玟
玠
玡
玢
玣
玤
玥
玦
玧
玨
玪
玫
玬
玭
玮
环
现
玱
珁
瓝
瓪
瓫
瓬
瓭
瓯
甙
甽
甾
甿
畀
畁
畂
畃
畅
疌
疘
疙
疛
疜
疞
疟
疠
疡
癷
皯
盰
盱
盳
盵
矤
矷
矸
矹
矺
矻
矽
矾
矿
砀
码
砐
祄
祅
祆
祊
祋
祌
祎
秄
秅
秆
秇
秈
秊
穸
穻
竎
竻
籴
籶
糼
糽
糿
线
绀
绁
绂
练
组
绅
细
织
终
绉
绊
绋
绌
绍
绎
经
绐
缷
罖
罗
罙
羋
耓
耵
肃
肏
肣
肤
肦
肧
肨
肫
肮
肰
肳
肵
肶
肷
肸
肹
肻
肼
肽
肾
肿
胀
胁
胏
臤
臽
舏
舠
艰
苐
苕
苖
苘
苚
苝
苠
苢
苤
苨
苩
苪
苬
苭
苮
苯
苰
苲
苵
苶
苷
苸
苼
苽
苾
苿
茀
茁
茇
茊
茋
茌
茏
茐
茑
茓
茔
茕
茚
虏
虭
虮
虯
虰
虲
衦
衧
衩
衪
衬
衱
规
觅
视
诓
诔
试
诖
诗
诘
诙
诚
诛
诜
话
诞
诟
诠
诡
询
诣
诤
该
详
诧
诨
诩
豖
责
贤
败
账
货
质
贩
贪
贫
贬
购
贮
贯
转
轭
轮
软
轰
迠
迡
迣
迤
迧
迨
迬
迮
迱
迲
迳
邼
邽
邾
邿
郀
郂
郃
郄
郅
郆
郇
郈
郉
郋
郍
郏
郐
郑
郓
郔
郕
郘
郱
釒
钍
钎
钏
钐
钑
钒
钓
钔
钕
钖
钗
闸
闹
陊
陎
陑
陒
陓
陔
陕
靑
靣
顶
顷
飠
饯
饰
饱
饲
饳
饴
驵
驶
驷
驸
驹
驺
驻
驼
驽
驾
驿
骀
鱼
鸢
鸣
鸤
黾
齿
龺
鿆
鿇
鿱
金
奈
拉
來
泌
若
兩
秊
念
囹
怜
例
杻
易
泥
林
狀
炙
刺
度
拓
卑
社
奄
杖
画
直
者
𠀬
𠀭
𠀮
𠀯
𠀰
𠀱
𠀲
𠀳
𠀴
𠁩
𠁪
𠁫
𠁬
𠂲
𠂳
𠂵
𠂶
𠃭
𠃮
𠃯
𠃰
𠃱
𠄙
𠄫
𠄬
𠄭
𠄮
𠄯
𠅌
𠅍
𠅎
𠅏
𠅐
𠅑
𠅒
𠈃
𠈄
𠈅
𠈆
𠈇
𠈈
𠈉
𠈊
𠈋
𠈌
𠈍
𠈎
𠈏
𠈐
𠈑
𠈒
𠈓
𠈔
𠈕
𠈖
𠈗
𠈘
𠈙
𠈚
𠈛
𠈜
𠈝
𠈞
𠈟
𠈠
𠈡
𠈢
𠈣
𠈤
𠈥
𠈦
𠈧
𠈨
𠈩
𠈪
𠈫
𠈬
𠋑
𠒃
𠒄
𠒅
𠒆
𠒇
𠒈
𠒉
𠒊
𠒋
𠓩
𠔐
𠔑
𠕖
𠕗
𠕘
𠕙
𠕚
𠖄
𠖅
𠖆
𠗀
𠗂
𠗃
𠗄
𠗅
𠗆
𠗇
𠙆
𠙇
𠙈
𠙉
𠙊
𠙋
𠙌
𠙍
𠙎
𠚋
𠚌
𠚍
𠛧
𠛨
𠛩
𠛪
𠛫
𠛬
𠛭
𠛮
𠛯
𠛰
𠛱
𠛲
𠛳
𠛴
𠛵
𠛶
𠛷
𠛸
𠛹
𠛺
𠛻
𠛼
𠛽
𠛾
𠛿
𠜀
𠜁
𠜂
𠜃
𠜄
𠜅
𠜆
𠜇
𠜈
𠜉
𠜊
𠜋
𠜌
𠜍
𠜎
𠜏
𠡑
𠡒
𠡓
𠡔
𠡕
𠡖
𠡗
𠡘
𠡙
𠡚
𠡛
𠡜
𠡝
𠣘
𠣙
𠣚
𠣛
𠣜
𠣝
𠤖
𠤸
𠤹
𠤺
𠤻
𠥳
𠦘
𠦙
𠦚
𠦛
𠦜
𠦝
𠦞
𠦟
𠦠
𠦡
𠦢
𠧞
𠧟
𠧠
𠧡
𠧢
𠧣
𠧤
𠧥
𠧦
𠧧
𠧨
𠩊
𠩋
𠩌
𠩍
𠩎
𠩏
𠩐
𠩑
𠩒
𠩓
𠩔
𠩕
𠩖
𠫩
𠫪
𠫫
𠫬
𠫭
𠫮
𠫯
𠬹
𠬺
𠬻
𠬼
𠬽
𠬾
𠰈
𠰉
𠰊
𠰋
𠰌
𠰍
𠰎
𠰏
𠰐
𠰑
𠰒
𠰓
𠰔
𠰕
𠰖
𠰗
𠰘
𠰙
𠰚
𠰛
𠰜
𠰝
𠰞
𠰟
𠰠
𠰡
𠰢
𠰣
𠰤
𠰥
𠰦
𠰧
𠰨
𠰩
𠰪
𠰫
𠰬
𠰭
𠰮
𠰯
𠰰
𠰱
𠰲
𠰳
𠰴
𠰵
𠰶
𠰷
𠰸
𠰹
𠰺
𠰻
𠰼
𠰽
𠰾
𠰿
𠱀
𠱁
𠱂
𠱃
𠱄
𠱅
𠱆
𠱇
𠱈
𠱉
𠱊
𠱋
𠱌
𠱍
𠱎
𠱏
𡇈
𡇉
𡇊
𡇋
𡇌
𡇍
𡇎
𡇏
𡇐
𡇑
𡊄
𡊅
𡊆
𡊇
𡊈
𡊉
𡊊
𡊋
𡊌
𡊍
𡊎
𡊏
𡊐
𡊑
𡊒
𡊓
𡊔
𡊕
𡊖
𡊗
𡊘
𡊙
𡊚
𡊛
𡊜
𡊝
𡊞
𡊟
𡊠
𡊡
𡊢
𡊣
𡊤
𡊥
𡊦
𡊧
𡊨
𡊩
𡊪
𡊫
𡊬
𡊭
𡊮
𡊯
𡊰
𡊱
𡊲
𡊳
𡊴
𡊵
𡊶
𡔟
𡕢
𡕣
𡕤
𡕥
𡖍
𡖎
𡖏
𡗷
𡗸
𡗹
𡗺
𡗻
𡗼
𡗽
𡗾
𡗿
𡘀
𡘁
𡘂
𡘃
𡘄
𡘅
𡘆
𡘇
𡘈
𡘉
𡘊
𡘋
𡘌
𡛙
𡛚
𡛛
𡛜
𡛝
𡛞
𡛟
𡛠
𡛡
𡛢
𡛣
𡛤
𡛥
𡛦
𡛧
𡛨
𡛩
𡛪
𡛫
𡛬
𡛭
𡛮
𡛯
𡛰
𡛱
𡛲
𡛳
𡛴
𡛵
𡛶
𡛷
𡛸
𡛹
𡛺
𡛻
𡛼
𡛽
𡛾
𡛿
𡜀
𡜁
𡥎
𡥏
𡥐
𡥑
𡥒
𡥓
𡥔
𡥕
𡥖
𡥗
𡥘
𡥙
𡥚
𡧖
𡧗
𡧘
𡧙
𡧚
𡧛
𡧜
𡧝
𡧞
𡧟
𡧠
𡧡
𡧢
𡧣
𡧤
𡧥
𡧦
𡧧
𡧨
𡬟
𡬠
𡬡
𡬢
𡬣
𡬤
𡬥
𡬦
𡭥
𡭦
𡭧
𡭨
𡭩
𡯚
𡯛
𡯜
𡯝
𡯞
𡯟
𡯠
𡯡
𡰾
𡰿
𡱀
𡱁
𡱂
𡱃
𡱄
𡱅
𡱆
𡱇
𡱈
𡱉
𡱊
𡱋
𡴋
𡴌
𡴍
𡶃
𡶄
𡶅
𡶆
𡶇
𡶈
𡶉
𡶊
𡶋
𡶌
𡶍
𡶎
𡶏
𡶐
𡶑
𡶒
𡶓
𡶔
𡶕
𡶖
𡶗
𡶘
𡶙
𡶚
𡶛
𡶜
𡶝
𡶞
𡶟
𡶠
𡶡
𡶢
𡶣
𡶤
𡶥
𡶦
𡶧
𡶨
𡶩
𡶪
𡿱
𡿲
𡿳
𡿴
𡿵
𡿶
𢀟
𢀷
𢀸
𢁻
𢁼
𢁽
𢁾
𢁿
𢂀
𢂁
𢂂
𢂃
𢂄
𢂅
𢂆
𢂇
𢂈
𢂉
𢂊
𢂋
𢂌
𢂍
𢂎
𢂏
𢆍
𢆎
𢆏
𢆐
𢆻
𢆼
𢆽
𢆾
𢇲
𢇳
𢇴
𢇵
𢇶
𢇷
𢇸
𢇹
𢇺
𢇻
𢇼
𢇽
𢇾
𢇿
𢈀
𢈁
𢈂
𢈃
𢈄
𢈅
𢈆
𢌟
𢌻
𢌽
𢌾
𢌿
𢍀
𢍁
𢎄
𢎅
𢏆
𢏇
𢏈
𢏉
𢏊
𢏋
𢏌
𢏍
𢏎
𢏏
𢏐
𢏑
𢏒
𢏓
𢑔
𢑕
𢑖
𢒉
𢒊
𢒋
𢒌
𢒍
𢓒
𢓓
𢓔
𢓕
𢓖
𢓗
𢓘
𢓙
𢓚
𢓛
𢗿
𢘀
𢘁
𢘂
𢘃
𢘄
𢘅
𢘆
𢘇
𢘈
𢘉
𢘊
𢘋
𢘌
𢘍
𢘎
𢘏
𢘐
𢘑
𢘒
𢘓
𢘔
𢘕
𢘖
𢘗
𢘘
𢘙
𢘚
𢘛
𢘜
𢘝
𢘞
𢘟
𢘠
𢘡
𢘢
𢘣
𢘤
𢘥
𢘦
𢘧
𢘨
𢘩
𢘪
𢘫
𢘬
𢘭
𢘮
𢘯
𢘰
𢘱
𢘲
𢘳
𢦚
𢦛
𢦜
𢦝
𢦞
𢦟
𢦠
𢦡
𢦢
𢦣
𢦤
𢦥
𢨯
𢨰
𢨱
𢨲
𢨳
𢨴
𢨵
𢪴
𢪵
𢪶
𢪷
𢪸
𢪹
𢪺
𢪻
𢪼
𢪽
𢪾
𢪿
𢫀
𢫁
𢫂
𢫃
𢫄
𢫅
𢫆
𢫇
𢫈
𢫉
𢫊
𢫋
𢫌
𢫍
𢫎
𢫏
𢫐
𢫑
𢫒
𢫓
𢫔
𢫕
𢫖
𢫗
𢫘
𢫙
𢫚
𢫛
𢫜
𢫝
𢫞
𢫟
𢫠
𢫡
𢫢
𢫣
𢺷
𢺸
𢺹
𢺺
𢺻
𢺼
𢺽
𢻳
𢻴
𢻵
𢻶
𢻷
𢻸
𢻹
𢻺
𢻻
𢻼
𢻽
𢻾
𢻿
𢼀
𢼁
𢼂
𢼃
𢼄
𢼅
𢼆
𢼇
𢼈
𣁃
𣁄
𣁅
𣁮
𣁯
𣁰
𣂔
𣂕
𣂖
𣂗
𣂘
𣃚
𣃛
𣃜
𣅚
𣅛
𣅜
𣅝
𣅞
𣅟
𣅠
𣅡
𣅢
𣅣
𣅤
𣅥
𣅦
𣅧
𣅨
𣅩
𣅪
𣅫
𣅬
𣅭
𣅮
𣅯
𣅰
𣅱
𣅲
𣅳
𣅴
𣅵
𣅶
𣌣
𣌤
𣌥
𣌦
𣍤
𣏔
𣏕
𣏖
𣏗
𣏘
𣏙
𣏚
𣏛
𣏜
𣏝
𣏞
𣏟
𣏠
𣏡
𣏢
𣏣
𣏤
𣏥
𣏦
𣏧
𣏨
𣏩
𣏪
𣏫
𣏬
𣏭
𣏮
𣏯
𣏰
𣏱
𣏲
𣏳
𣏴
𣏵
𣏶
𣏷
𣏸
𣏹
𣏺
𣏻
𣏼
𣏽
𣏾
𣏿
𣐀
𣐁
𣐂
𣐃
𣐄
𣐅
𣐆
𣐇
𣢉
𣢊
𣢋
𣢌
𣢍
𣢎
𣢏
𣢐
𣢑
𣢒
𣢓
𣢔
𣢕
𣢖
𣥉
𣥍
𣥎
𣥏
𣥐
𣥑
𣥒
𣥓
𣥔
𣥕
𣥖
𣥗
𣥘
𣥙
𣥚
𣥛
𣥜
𣥝
𣥞
𣥟
𣥠
𣥡
𣥥
𣧉
𣧊
𣧋
𣧌
𣧍
𣧎
𣧏
𣧐
𣧑
𣧒
𣧓
𣧔
𣧕
𣧖
𣧗
𣧘
𣧙
𣧚
𣧛
𣧜
𣪂
𣪃
𣪄
𣫯
𣫰
𣫱
𣫲
𣬄
𣬅
𣬆
𣬇
𣬩
𣬪
𣬫
𣬬
𣬭
𣬮
𣬯
𣬰
𣬱
𣬲
𣬳
𣬴
𣬵
𣬶
𣬷
𣱅
𣱆
𣱙
𣱚
𣱛
𣲲
𣲳
𣲴
𣲵
𣲶
𣲷
𣲸
𣲹
𣲺
𣲻
𣲼
𣲽
𣲾
𣲿
𣳀
𣳁
𣳂
𣳃
𣳄
𣳅
𣳆
𣳇
𣳈
𣳉
𣳊
𣳋
𣳌
𣳍
𣳎
𣳏
𣳐
𣳑
𣳒
𣳓
𣳔
𣳕
𣳖
𣳗
𣳘
𣳙
𣳚
𣳛
𣳜
𣳝
𣳞
𣳟
𣳠
𣳡
𣳢
𣳣
𤆝
𤆞
𤆟
𤆠
𤆡
𤆢
𤆣
𤆤
𤆥
𤆦
𤆧
𤆨
𤆩
𤆪
𤆫
𤆬
𤆭
𤆮
𤆯
𤆰
𤆱
𤆲
𤆳
𤆴
𤆵
𤆶
𤆷
𤆸
𤆹
𤆺
𤆻
𤓶
𤓷
𤓸
𤓹
𤓺
𤓻
𤓼
𤕐
𤕑
𤕝
𤕯
𤕰
𤕱
𤖬
𤖭
𤖮
𤖯
𤖰
𤘆
𤘜
𤘝
𤘞
𤘟
𤘠
𤘡
𤘢
𤘣
𤘤
𤘥
𤘦
𤘧
𤘨
𤘩
𤘪
𤘫
𤘬
𤘭
𤘮
𤘯
𤘰
𤘱
𤘲
𤘳
𤘴
𤘵
𤘶
𤘷
𤝏
𤝐
𤝑
𤝒
𤝓
𤝔
𤝕
𤝖
𤝗
𤝘
𤝙
𤝚
𤝛
𤝜
𤝝
𤝞
𤝟
𤝠
𤝡
𤝢
𤝣
𤝤
𤝥
𤝦
𤝧
𤝨
𤝩
𤝪
𤝫
𤝬
𤝭
𤣹
𤣺
𤣻
𤣼
𤣽
𤣾
𤣿
𤤀
𤤁
𤤂
𤤃
𤤄
𤤅
𤤆
𤤇
𤤈
𤤉
𤤊
𤤋
𤤌
𤤍
𤤎
𤫪
𤬨
𤬩
𤬪
𤬫
𤮻
𤮼
𤮽
𤮾
𤮿
𤯀
𤯕
𤯖
𤯗
𤰅
𤰆
𤰝
𤰞
𤰟
𤰠
𤰡
𤰢
𤰣
𤰤
𤰥
𤰦
𤰧
𤰨
𤴖
𤴯
𤴰
𤴱
𤴲
𤴳
𤴴
𤴵
𤴶
𤽂
𤽃
𤽄
𤽅
𤽆
𤽇
𤿈
𤿉
𤿊
𤿋
𤿌
𤿍
𥁁
𥁂
𥁃
𥁄
𥁅
𥃲
𥃳
𥃴
𥃵
𥃶
𥃷
𥃸
𥃹
𥃺
𥃻
𥃼
𥃽
𥃾
𥃿
𥄀
𥄁
𥄂
𥍞
𥎨
𥐝
𥐞
𥐟
𥐠
𥐡
𥐢
𥐣
𥐤
𥐥
𥐦
𥐧
𥐨
𥘕
𥘖
𥘗
𥘘
𥘙
𥘚
𥘛
𥘜
𥘝
𥘞
𥘟
𥘠
𥘡
𥘢
𥘣
𥘤
𥘥
𥘦
𥘧
𥘨
𥘩
𥘪
𥜼
𥝔
𥝕
𥝖
𥝗
𥝘
𥝙
𥝚
𥝛
𥝜
𥝝
𥝞
𥝟
𥝠
𥝡
𥝢
𥤧
𥤨
𥤩
𥤪
𥤫
𥤬
𥤭
𥤮
𥤯
𥤰
𥤱
𥤲
𥤳
𥩗
𥩘
𥫙
𥫚
𥫛
𥫜
𥸧
𥸨
𥸩
𥸪
𥾅
𥾆
𥾇
𥾈
𥾉
𥾊
𥾋
𦈈
𦉷
𦉸
𦉹
𦉺
𦉻
𦉼
𦉽
𦉾
𦉿
𦊀
𦍎
𦍏
𦍐
𦏲
𦒳
𦒴
𦒵
𦓎
𦓏
𦓑
𦓥
𦓦
𦓧
𦔯
𦔰
𦔱
𦔲
𦔳
𦔴
𦔵
𦔶
𦘓
𦘿
𦙀
𦙁
𦙂
𦙃
𦙄
𦙅
𦙆
𦙇
𦙈
𦙉
𦙊
𦙋
𦙌
𦙍
𦙎
𦙏
𦙐
𦙑
𦙒
𦙓
𦙔
𦙕
𦙖
𦙗
𦙘
𦙙
𦙚
𦙛
𦙜
𦙝
𦙞
𦙟
𦙠
𦙡
𦙢
𦙣
𦙤
𦙥
𦙦
𦙧
𦙨
𦙩
𦣽
𦤵
𦥕
𦥖
𦥙
𦨈
𦨉
𦨊
𦨋
𦨌
𦨍
𦬓
𦬔
𦬕
𦬖
𦬗
𦬘
𦬙
𦬚
𦬛
𦬜
𦬝
𦬞
𦬟
𦬠
𦬡
𦬢
𦬣
𦬤
𦬥
𦬦
𦬧
𦬨
𦬩
𦬪
𦬫
𦬬
𦬭
𦬮
𦬯
𦬰
𦬱
𦬲
𦬳
𦬴
𦬵
𦬶
𧆛
𧈟
𧈠
𧈡
𧈢
𧈣
𧈤
𧈥
𧈦
𧈧
𧖧
𧖨
𧖩
𧗝
𧗞
𧗟
𧗠
𧘍
𧘎
𧘏
𧘐
𧘑
𧘒
𧘓
𧘔
𧘕
𧘖
𧘗
𧘘
𧘙
𧘚
𧘛
𧘜
𧟣
𧠆
𧠇
𧢳
𧥝
𧥞
𧥟
𧰦
𧲠
𧹑
𧹘
𧺇
𧾸
𧾹
𨐅
𨐆
𨐌
𨒂
𨒃
𨒄
𨒅
𨒆
𨒇
𨒈
𨒉
𨒊
𨒋
𨒌
𨒍
𨒎
𨒏
𨒐
𨒑
𨒒
𨒓
𨒔
𨒕
𨒖
𨒗
𨒘
𨒙
𨒚
𨒛
𨒜
𨒝
𨒞
𨒟
𨒠
𨒡
𨒢
𨒣
𨒤
𨚯
𨚰
𨚱
𨚲
𨚳
𨚴
𨚵
𨚶
𨚷
𨚸
𨚹
𨚺
𨚻
𨚼
𨚽
𨚾
𨚿
𨛀
𨛁
𨛂
𨛃
𨛄
𨛅
𨛆
𨛇
𨛈
𨛉
𨛊
𨰾
𨰿
𨳇
𨳈
𨸏
𨹁
𨹂
𨹃
𨹄
𨹅
𨹆
𨹇
𨹈
𨹉
𨹊
𨹋
𨹌
𨹍
𨹎
𨹏
𨹐
𨹑
𨹒
𨹓
𨹔
𨹕
𨹖
𨹗
𩏼
𩙿
𩚀
𩚁
𩚃
𩠁
𩠂
𩧧
𩧨
𩧩
𩧪
𩧫
𩧬
𩧭
𩧯
𪜃
𪜋
𪜔
𪜵
𪜶
𪜷
𪜸
𪜹
𪜺
𪝿
𪞑
𪞞
𪞷
𪟃
𪟄
𪟅
𪟚
𪟛
𪠁
𪠅
𪠆
𪠧
𪠨
𪠶
𪠷
𪠸
𪠹
𪢩
𪣃
𪣄
𪣅
𪣆
𪣇
𪣈
𪣉
𪣊
𪤸
𪥇
𪥈
𪥉
𪥊
𪥋
𪥌
𪥭
𪥮
𪥯
𪥰
𪦺
𪧈
𪧉
𪨀
𪨌
𪨩
𪨪
𪨫
𪨬
𪨭
𪨮
𪩫
𪪎
𪪏
𪪴
𪪻
𪫌
𪫦
𪫧
𪫨
𪫩
𪫪
𪫫
𪫬
𪭣
𪭤
𪭥
𪭦
𪭧
𪭨
𪭩
𪭪
𪯆
𪯈
𪯡
𪯢
𪯱
𪯲
𪯳
𪰈
𪰉
𪰊
𪰋
𪰌
𪰍
𪰎
𪱛
𪱶
𪱷
𪱸
𪱹
𪴩
𪴵
𪵗
𪵘
𪵣
𪵱
𪵲
𪵳
𪵴
𪵵
𪵶
𪸑
𪸒
𪸓
𪸔
𪸕
𪸖
𪸗
𪺝
𪺧
𪺸
𪻎
𪻏
𪻐
𪻑
𪻒
𪻓
𪻔
𪼳
𪼶
𪽈
𪾆
𪾟
𪾠
𫀂
𫀃
𫀧
𫁞
𫁰
𫂱
𫂲
𫃚
𫃛
𫄞
𫄟
𫅀
𫅎
𫆀
𫆖
𫆗
𫆘
𫇔
𫇩
𫇪
𫇫
𫇬
𫇭
𫊤
𫍢
𫍣
𫍤
𫍥
𫍦
𫎅
𫐇
𫐢
𫐣
𫐤
𫑜
𫓦
𫔰
𫔾
𫔿
𫕀
𫖑
𫗇
𫗡
𫗢
𫗣
𫘞
𫘟
𫝇
𫝈
𫝓
𫝺
𫞈
𫞣
𫞥
𫞯
𫟉
𫟳
𫠂
𫠇
𫠊
𫠓
𫠫
𫠬
𫠭
𫡇
𫡕
𫡖
𫡗
𫡘
𫡨
𫡳
𫢙
𫢚
𫢛
𫢜
𫢝
𫢠
𫤘
𫤭
𫥉
𫥊
𫥋
𫥼
𫥽
𫥾
𫥿
𫦨
𫧑
𫧒
𫧟
𫧠
𫨅
𫨆
𫨇
𫨈
𫨹
𫩟
𫩠
𫩡
𫩢
𫩣
𫩤
𫩥
𫩦
𫩧
𫩨
𫩩
𫩪
𫩵
𫩶
𫩸
𫭅
𫭆
𫭥
𫭦
𫭧
𫭨
𫯍
𫯠
𫯡
𫯢
𫰗
𫰘
𫰙
𫰚
𫰛
𫰟
𫰣
𫲢
𫲣
𫲤
𫲾
𫲿
𫳀
𫴺
𫴻
𫵐
𫵖
𫵗
𫵘
𫵸
𫵹
𫶬
𫷃
𫷄
𫸗
𫸘
𫸙
𫸫
𫸭
𫸱
𫹄
𫹑
𫹲
𫹳
𫹵
𫹸
𫹹
𫹺
𫹼
𫹽
𫻩
𫻪
𫼉
𫼙
𫼝
𫼞
𫼟
𫼡
𫼯
𫾨
𬀀
𬀩
𬀪
𬀫
𬁡
𬁴
𬁵
𬁶
𬁷
𬁸
𬂠
𬂡
𬂢
𬂣
𬂤
𬅟
𬅹
𬆟
𬆠
𬆽
𬆾
𬆿
𬇊
𬇋
𬇏
𬇛
𬇝
𬇞
𬇟
𬉻
𬉼
𬉽
𬉾
𬉿
𬊀
𬋤
𬋥
𬌓
𬌔
𬌛
𬌜
𬌬
𬌭
𬍒
𬍓
𬍔
𬍕
𬍖
𬎦
𬎧
𬎽
𬎾
𬏀
𬏁
𬏛
𬏜
𬐗
𬑅
𬑭
𬑺
𬑻
𬑼
𬒭
𬒮
𬒯
𬔗
𬔬
𬖌
𬖍
𬖎
𬘙
𬘚
𬘛
𬘜
𬘝
𬘞
𬙖
𬙘
𬚊
𬚪
𬚰
𬚳
𬛱
𬜑
𬜦
𬜧
𬡃
𬡅
𬡆
𬣨
𬣩
𬣪
𬣫
𬣬
𬣭
𬣮
𬣯
𬣰
𬣱
𬣲
𬣳
𬣴
𬣵
𬣺
𬣻
𬥳
𬧠
𬨁
𬨂
𬨃
𬨖
𬨡
𬨢
𬨣
𬩷
𬩸
𬩹
𬬧
𬬨
𬬩
𬬪
𬮠
𬮡
𬮾
𬰲
𬱓
𬱵
𬱶
𬱷
𬲉
𬲫
𬲬
𬲭
𬲮
𬲯
𬲰
𬲱
𬲲
𬲳
𬳴
𬳵
𬳶
𬳷
𬳸
𬷾
𬺛
𬻓
𬻔
𬻕
𬻖
𬻗
𬻘
𬼋
𬼥
𬼦
𬼧
𬼺
𬼾
𬽈
𬽉
𬽻
𬽼
𬽽
𬽾
𬽿
𬾀
𬾂
𬾃
𬾄
𭀡
𭀢
𭀣
𭀿
𭁈
𭁉
𭁊
𭁋
𭁣
𭁤
𭁥
𭁦
𭁧
𭁨
𭁴
𭂋
𭂌
𭂍
𭂎
𭂱
𭂲
𭃕
𭃖
𭃗
𭃘
𭃙
𭃚
𭃛
𭃜
𭃝
𭃞
𭃟
𭃠
𭃢
𭃨
𭄡
𭄢
𭄣
𭄤
𭄥
𭄦
𭅉
𭅊
𭅑
𭅒
𭅙
𭅚
𭅶
𭅷
𭅸
𭅹
𭅺
𭆄
𭆩
𭆪
𭆫
𭇎
𭇏
𭇐
𭇑
𭇒
𭇓
𭇔
𭇕
𭇖
𭇗
𭇘
𭇙
𭇚
𭇛
𭇜
𭇝
𭍝
𭎅
𭎆
𭎇
𭎈
𭎉
𭎊
𭎋
𭎌
𭎍
𭎎
𭐒
𭐠
𭐡
𭐶
𭑆
𭑇
𭑈
𭑉
𭑊
𭑋
𭑌
𭑰
𭑱
𭑲
𭑳
𭑴
𭑵
𭒽
𭒾
𭒿
𭓀
𭓣
𭓤
𭓥
𭓦
𭓧
𭓨
𭔫
𭔬
𭕈
𭕉
𭕎
𭕕
𭕖
𭕗
𭕘
𭖌
𭖍
𭖏
𭖐
𭖑
𭖒
𭖓
𭖔
𭗿
𭘆
𭘈
𭘋
𭘌
𭘕
𭘖
𭘗
𭘘
𭘙
𭘚
𭘿
𭙀
𭙘
𭙙
𭚩
𭚪
𭚫
𭛍
𭛎
𭛓
𭛟
𭛠
𭛡
𭛢
𭛣
𭛤
𭛥
𭜑
𭜓
𭜚
𭜛
𭜜
𭜞
𭜟
𭜠
𭜡
𭜢
𭟰
𭟱
𭟲
𭠁
𭠂
𭠓
𭠔
𭠕
𭠖
𭠗
𭠘
𭠙
𭠚
𭠛
𭠜
𭠝
𭠟
𭠡
𭣤
𭤠
𭤫
𭤬
𭤱
𭥒
𭥓
𭥔
𭥕
𭥖
𭥗
𭥘
𭥙
𭥚
𭥛
𭥜
𭥞
𭥟
𭥠
𭨨
𭨩
𭨪
𭨫
𭨬
𭨭
𭨰
𭩜
𭩝
𭩞
𭩟
𭩠
𭩡
𭩢
𭩱
𭭅
𭭆
𭭛
𭭜
𭭝
𭮂
𭮃
𭮄
𭮅
𭮨
𭯒
𭯰
𭯲
𭯼
𭯾
𭯿
𭰀
𭰁
𭰂
𭰃
𭰄
𭰅
𭰆
𭰈
𭰉
𭰊
𭴈
𭴉
𭴊
𭴋
𭴌
𭴍
𭴎
𭴏
𭴐
𭴑
𭶪
𭷁
𭷃
𭷉
𭷏
𭷕
𭷖
𭷗
𭷘
𭷙
𭸀
𭸂
𭸃
𭸶
𭸷
𭸸
𭸹
𭸺
𭸻
𭸾
𭺝
𭺱
𭺲
𭺳
𭺸
𭽇
𭽈
𭽉
𭽊
𭾚
𭾛
𭾜
𭾝
𭾣
𮀋
𮀌
𮁞
𮁟
𮂰
𮃸
𮄧
𮇃
𮇄
𮉡
𮉢
𮉣
𮉽
𮋣
𮌂
𮌋
𮍥
𮎥
𮎦
𮎧
𮓘
𮓙
𮓚
𮓲
𮕝
𮕦
𮕨
𮗟
𮗠
𮚲
𮛁
𮝳
𮝾
𮞆
𮞇
𮞈
𮞉
𮞊
𮞋
𮞌
𮞍
𮞎
𮟯
𮟰
𮟱
𮟲
𮟳
𮟴
𮟵
𮠕
𮣲
𮤱
𮤲
𮤼
𮤽
𮤾
𮤿
𮧓
𮧴
𮨶
𮩜
𮰃
𮰌
𮰍
𮰑
𮰽
𮰾
𮱜
𮱢
𮱧
𮱹
𮱺
𮱻
𮲃
𮲜
𮲝
𮲬
𮲭
𮲮
𮳀
𮳝
𮳞
𮳟
𮳠
𮳡
𮳢
𮳻
𮴄
𮴅
𮴆
𮴇
𮴈
𮵅
𮵉
𮵫
𮶀
𮶁
𮶈
𮶔
𮶕
𮷗
𮷘
𮷞
𮷵
𮷶
𮹅
𮹔
丽
侮
兔
具
刻
即
周
峀
弢
弢
㣇
抱
拔
肭
䏙
㭉
𡴋
沿
泍
災
灷
玥
𥁄
直
𥃳
𥐝
𥘦
𥾆
䏕
育
劳
苦
若
黾
𰀍
𰀤
𰁁
𰁂
𰁃
𰁱
𰁲
𰁳
𰁴
𰁵
𰁶
𰁷
𰁸
𰁹
𰁺
𰁻
𰁼
𰁽
𰁾
𰁿
𰂀
𰂁
𰂂
𰂃
𰂄
𰃌
𰃗
𰃘
𰃙
𰃠
𰃻
𰃼
𰃽
𰄒
𰄧
𰄨
𰄩
𰄪
𰄫
𰅍
𰅎
𰅢
𰅵
𰆃
𰆏
𰆻
𰆼
𰆽
𰇎
𰇏
𰇐
𰇑
𰇒
𰇓
𰉏
𰉐
𰉟
𰉠
𰉡
𰉢
𰉣
𰉤
𰋐
𰋝
𰋞
𰋟
𰋼
𰌣
𰌤
𰌥
𰌹
𰌺
𰍭
𰍳
𰍴
𰎎
𰎏
𰎐
𰎑
𰎒
𰎓
𰏋
𰏕
𰏖
𰏤
𰏳
𰏴
𰐍
𰐓
𰐔
𰐧
𰐭
𰑆
𰑇
𰑈
𰑉
𰑊
𰑌
𰑍
𰑏
𰑐
𰒤
𰒥
𰓁
𰓂
𰓃
𰓅
𰓇
𰓈
𰓉
𰓌
𰓐
𰓓
𰓔
𰓕
𰕄
𰕅
𰕆
𰕝
𰕞
𰕴
𰕵
𰕶
𰕷
𰗄
𰗔
𰗕
𰗖
𰗗
𰙊
𰙋
𰙝
𰙞
𰙟
𰚎
𰚏
𰚐
𰚑
𰚼
𰚽
𰛐
𰛒
𰛓
𰛔
𰛗
𰛚
𰛛
𰛜
𰛝
𰝽
𰝾
𰝿
𰞀
𰞆
𰟼
𰠎
𰠏
𰠐
𰠙
𰠚
𰠩
𰠪
𰠫
𰠬
𰡀
𰡂
𰡃
𰡄
𰡅
𰡆
𰡇
𰡯
𰡰
𰡱
𰢸
𰤌
𰤍
𰤓
𰤔
𰤵
𰥌
𰥍
𰥎
𰥏
𰥐
𰦤
𰧭
𰧮
𰧯
𰧰
𰨜
𰪦
𰫗
𰬂
𰬃
𰬄
𰬅
𰬆
𰬇
𰬈
𰬉
𰬊
𰬋
𰭂
𰭃
𰭗
𰭿
𰮀
𰮂
𰮇
𰮊
𰮋
𰮌
𰮐
𰰕
𰰞
𰰤
𰰥
𰰧
𰰨
𰰩
𰰪
𰲩
𰳰
𰴧
𰵢
𰵣
𰵤
𰵥
𰵦
𰶗
𰷡
𰹈
𰹉
𰹶
𰹷
𰹸
𰹹
𰹺
𰹻
𰺴
𰻨
𰼘
𰽗
𰽘
𰽙
𰽚
𰽛
𰿖
𰿬
𰿭
𱀆
𱀇
𱀊
𱂃
𱃕
𱃵
𱃶
𱃷
𱅃
𱅄
𱅅
𱅆
𱅇
𱅈
𱉊
𱉋
𱉌
𱍁
𱍓
𱍔
𱍕
𱍖
𱍗
𱍭
𱍮
𱍯
𱍰
𱎆
𱎒
𱎫
𱎬
𱎭
𱐃
𱐍
𱐘
𱐙
𱑄
𱑎
𱑝
𱑣
𱑴
𱑵
𱑶
𱒏
𱒐
𱒑
𱒒
𱒓
𱕹
𱖑
𱖒
𱖓
𱖔
𱖕
𱖖
𱖗
𱖘
𱖙
𱖚
𱖛
𱖜
𱘣
𱘯
𱙋
𱙌
𱙍
𱙹
𱚅
𱚞
𱚟
𱚤
𱚵
𱚶
𱛓
𱛔
𱛕
𱛖
𱛗
𱛘
𱛙
𱛚
𱛛
𱜣
𱝔
𱝜
𱝟
𱞂
𱞃
𱞄
𱞆
𱞈
𱞊
𱞋
𱞌
𱞏
𱞐
𱟭
𱟮
𱟯
𱟰
𱟱
𱟳
𱟵
𱡱
𱡺
𱡻
𱡼
𱣀
𱣁
𱣂
𱣃
𱣄
𱣅
𱤿
𱥨
𱥩
𱥷
𱥼
𱥾
𱥿
𱦀
𱦁
𱦂
𱦃
𱪩
𱪪
𱪫
𱪬
𱪭
𱪮
𱪯
𱪰
𱬷
𱭍
𱭎
𱭣
𱭩
𱭵
𱭶
𱭷
𱭸
𱮳
𱮴
𱮵
𱮶
𱱉
𱱊
𱱻
𱲀
𱲥
𱳨
𱵼
𱶰
𱷮
𱸳
𱹫
𱺔
𱺕
𱺖
𱺗
𱺘
𱺙
𱺵
𱻉
𱻊
𱻧
𱻨
𱻰
𱼧
𱽌
𱽍
𱽎
𱽏
𱽐
𱽓
𱿘
𲀤
𲀥
𲁑
𲁒
𲁓
𲂈
𲂉
𲂊
𲂻
𲂼
𲂽
𲄗
𲅀
𲅁
𲅄
𲅐
𲅑
𲅒
𲇭
𲇮
𲇯
𲇰
𲉋
𲉌
𲉍
𲋎
𲋏
𲋣
𲋤
𲌅
𲍫
𲍬