䆑
䆒
䆓
䆔
䆕
䆖
䆗
䆘
䆙
䆚
䆛
䆜
䆝
䆞
䆟
䆠
䆡
䆢
䆣
䆤
䆥
䆦
䆧
䆨
䆩
䆪
䆫
䆬
䆭
䆮
䆯
䆰
䆱
䆲
䆳
䆵
䆶
䆷
䆸
䆹
䆺
䆻
䆼
䆽
䆾
䇀
䇁
穷
穻
穼
穾
窀
窆
窇
窉
窋
窌
窍
窎
窏
窑
窔
窙
窚
窛
窜
窝
窞
窡
窢
窤
窥
窦
窧
窨
窫
窭
窱
窲
窴
窵
窷
窸
窽
竀
竁
竂
竆
竉
窱
𥤢
𥤣
𥤤
𥤥
𥤦
𥤧
𥤨
𥤩
𥤪
𥤫
𥤬
𥤭
𥤮
𥤯
𥤰
𥤱
𥤲
𥤳
𥤴
𥤵
𥤶
𥤷
𥤸
𥤹
𥤺
𥤻
𥤼
𥤽
𥤾
𥤿
𥥀
𥥁
𥥂
𥥃
𥥄
𥥅
𥥆
𥥇
𥥈
𥥉
𥥊
𥥋
𥥌
𥥍
𥥎
𥥏
𥥐
𥥑
𥥒
𥥓
𥥔
𥥕
𥥖
𥥗
𥥘
𥥙
𥥚
𥥛
𥥜
𥥝
𥥞
𥥟
𥥠
𥥡
𥥢
𥥣
𥥤
𥥥
𥥦
𥥧
𥥨
𥥩
𥥪
𥥫
𥥬
𥥭
𥥮
𥥯
𥥰
𥥱
𥥲
𥥳
𥥴
𥥵
𥥶
𥥷
𥥸
𥥹
𥥺
𥥻
𥥼
𥥽
𥥾
𥥿
𥦀
𥦁
𥦂
𥦃
𥦄
𥦅
𥦆
𥦇
𥦈
𥦉
𥦊
𥦋
𥦌
𥦍
𥦎
𥦏
𥦐
𥦑
𥦒
𥦓
𥦔
𥦕
𥦖
𥦗
𥦘
𥦙
𥦚
𥦛
𥦜
𥦝
𥦞
𥦟
𥦠
𥦡
𥦢
𥦣
𥦤
𥦥
𥦦
𥦧
𥦨
𥦩
𥦪
𥦫
𥦬
𥦭
𥦮
𥦯
𥦰
𥦱
𥦲
𥦳
𥦴
𥦵
𥦶
𥦷
𥦸
𥦹
𥦺
𥦻
𥦼
𥦽
𥦾
𥦿
𥧀
𥧁
𥧂
𥧃
𥧅
𥧆
𥧇
𥧈
𥧉
𥧊
𥧋
𥧌
𥧍
𥧎
𥧏
𥧐
𥧑
𥧒
𥧓
𥧕
𥧖
𥧗
𥧘
𥧙
𥧚
𥧛
𥧜
𥧝
𥧞
𥧟
𥧠
𥧡
𥧣
𥧤
𥧥
𥧦
𥧧
𥧨
𥧩
𥧪
𥧫
𥧬
𥧭
𥧮
𥧯
𥧰
𥧱
𥧲
𥧳
𥧴
𥧵
𥧶
𥧷
𥧸
𥧹
𥧺
𥧻
𥧼
𥧽
𥧾
𥧿
𥨀
𥨁
𥨂
𥨃
𥨄
𥨅
𥨆
𥨇
𥨈
𥨉
𥨊
𥨋
𥨌
𥨍
𥨎
𥨏
𥨐
𥨑
𥨒
𥨓
𥨔
𥨕
𥨖
𥨗
𥨘
𥨙
𥨚
𥨛
𥨜
𥨝
𥨞
𥨟
𥨠
𥨡
𥨢
𥨣
𥨤
𥨥
𥨦
𥨧
𥨨
𥨩
𥨪
𥨫
𥨬
𥨭
𥨮
𥨯
𥨰
𥨱
𥨲
𥨳
𥨴
𥨵
𥨶
𥨷
𥨸
𥨹
𥨺
𥨻
𥨼
𥨽
𥨾
𥨿
𥩀
𥩁
𥩂
𥩃
𥩄
𥩅
𥩆
𥩇
𥩈
𥩉
𥩊
𥩋
𥩌
𥩍
𥩎
𥩏
𥩐
𥩑
𥩒
𥩓
𥩔
𫁊
𫁋
𫁌
𫁍
𫁎
𫁏
𫁐
𫁑
𫁒
𫁓
𫁔
𫁕
𫁖
𫁗
𫁘
𫁙
𫁚
𫁛
𫁜
𫁝
𫞹
𫞺
𬔅
𬔆
𬔇
𬔈
𬔉
𬔊
𬔋
𬔌
𬔍
𬔎
𬔏
𬔐
𬔑
𬔒
𬔓
𬔔
𬔕
𮃸
𮃹
𮃺
𮃻
𮃼
𮃽
𮃾
𮃿
𮄀
𮄁
𮄂
𮄃
𮄄
𮄅
𮄆
𮄇
𮄈
𮄉
𮄊
𮄋
𮄌
𮄍
𮄎
𮄏
𮄐
𮄑
𮄒
𮄓
𮄔
𮄕
𮄖
𮄗
𮄘
𮄙
𮄚
𮄛
𮄜
𮄝
𮄞
𮄟
𮄠
𮄡
𮄢
𮄣
𮄤
𮄥
𮄦
𥥼
𰩄
𰩅
𰩆
𰩇
𰩈
𰩉
𰩊
𰩋
𰩌
𰩍
𰩎
𰩏
𰩐
𰩑
𰩒
𰩓
𰩔
𰩕
𰩖
𰩗
𰩘
𰩙
𰩚
𰩛
𰩜
𰩝
𰩞
𰩟
𱶰
𱶱
𱶲
𱶳
𱶴
𱶵
𱶶
𱶷
𱶸
𱶹
𱶺
𱶻
𱶼
𱶽
𱶾
𱶿
𱷀
𱷁
𱷂
𱷃
𱷄
𱷅
𱷆
𱷇
𱷈
𱷉
𱷊
𱷋
𱷌
𱷍
𱷎
𱷏
𱷐
𱷑
𱷒
𱷓
𱷔
𱷕
𱷖
𱷗
𱷘
𱷙
𱷚
𱷛
𱷜
𱷝
𱷞
𱷟
𱷠
𱷡
𱷢