䉵
䬢
䬣
䬤
䬥
䬦
䬧
䬨
䬩
䬪
䬫
䬬
䬭
䬮
䬯
䬰
䬱
䬲
䬳
䬴
䬵
䬶
䬷
䬸
䬹
䬺
䬼
䬽
䬾
䬿
䭀
䭁
䭂
䭃
䭄
䭅
䭆
䭇
䭈
䭉
䭊
䭋
䭌
䭍
䭎
䭏
䭐
䭑
䭒
䭓
䭔
䭕
䭖
䭗
䭘
䭙
䭚
䭛
䭜
䭝
䭞
䭟
䭠
䭡
䭢
䭣
䭤
䭥
䭦
䭧
䭨
䭩
䭪
䶿
飤
飦
飨
飬
飵
飶
飷
飸
飹
飺
飻
飿
餀
餁
餂
餄
餆
餇
餋
餍
餎
餏
餑
餕
餙
餟
餢
餣
餥
餦
餧
餩
餪
餫
餭
餯
餰
餴
餵
餶
餷
餸
餹
餿
饃
饄
饇
饈
饊
饏
饓
饔
饖
饙
饚
饛
饝
饞
饡
饢
饣
饤
饥
饦
饧
饨
饩
饪
饫
饬
饭
饮
饯
饰
饱
饲
饳
饴
饵
饶
饷
饸
饹
饺
饻
饼
饽
饾
饿
馀
馁
馂
馃
馄
馅
馆
馇
馈
馉
馊
馋
馌
馍
馎
馏
馐
馑
馒
馓
馔
馕
飯
飼
館
𠋑
𡓷
𧈐
𩚀
𩚁
𩚂
𩚃
𩚄
𩚅
𩚆
𩚇
𩚈
𩚉
𩚊
𩚋
𩚌
𩚍
𩚎
𩚏
𩚐
𩚑
𩚒
𩚓
𩚔
𩚕
𩚖
𩚗
𩚘
𩚙
𩚚
𩚛
𩚜
𩚝
𩚞
𩚟
𩚠
𩚡
𩚢
𩚣
𩚤
𩚥
𩚦
𩚧
𩚨
𩚩
𩚪
𩚫
𩚬
𩚭
𩚮
𩚯
𩚰
𩚱
𩚲
𩚳
𩚴
𩚵
𩚶
𩚷
𩚸
𩚹
𩚺
𩚻
𩚼
𩚽
𩚾
𩚿
𩛀
𩛁
𩛂
𩛃
𩛄
𩛅
𩛆
𩛇
𩛈
𩛉
𩛊
𩛋
𩛌
𩛍
𩛎
𩛏
𩛐
𩛑
𩛒
𩛓
𩛔
𩛕
𩛖
𩛗
𩛘
𩛙
𩛚
𩛛
𩛜
𩛝
𩛞
𩛟
𩛠
𩛡
𩛢
𩛣
𩛤
𩛥
𩛦
𩛧
𩛨
𩛩
𩛪
𩛫
𩛬
𩛭
𩛮
𩛯
𩛱
𩛲
𩛳
𩛴
𩛵
𩛶
𩛷
𩛸
𩛹
𩛺
𩛻
𩛼
𩛽
𩛾
𩛿
𩜀
𩜁
𩜂
𩜃
𩜄
𩜅
𩜆
𩜇
𩜈
𩜉
𩜊
𩜋
𩜌
𩜍
𩜎
𩜏
𩜐
𩜑
𩜒
𩜓
𩜔
𩜕
𩜖
𩜗
𩜘
𩜚
𩜛
𩜜
𩜝
𩜞
𩜟
𩜠
𩜡
𩜢
𩜣
𩜤
𩜥
𩜦
𩜧
𩜨
𩜩
𩜪
𩜫
𩜬
𩜭
𩜮
𩜯
𩜰
𩜱
𩜲
𩜳
𩜴
𩜵
𩜶
𩜷
𩜸
𩜹
𩜺
𩜻
𩜼
𩜽
𩜾
𩜿
𩝀
𩝁
𩝂
𩝃
𩝄
𩝅
𩝆
𩝇
𩝈
𩝉
𩝊
𩝋
𩝌
𩝍
𩝎
𩝏
𩝑
𩝒
𩝓
𩝔
𩝕
𩝖
𩝗
𩝘
𩝙
𩝚
𩝛
𩝜
𩝝
𩝞
𩝟
𩝠
𩝡
𩝢
𩝣
𩝤
𩝥
𩝦
𩝧
𩝨
𩝩
𩝪
𩝫
𩝬
𩝭
𩝮
𩝯
𩝰
𩝱
𩝲
𩝳
𩝴
𩝵
𩝶
𩝷
𩝸
𩝹
𩝺
𩝻
𩝼
𩝽
𩝾
𩝿
𩞀
𩞁
𩞂
𩞃
𩞄
𩞅
𩞆
𩞇
𩞈
𩞉
𩞊
𩞋
𩞌
𩞍
𩞎
𩞏
𩞐
𩞑
𩞒
𩞓
𩞔
𩞕
𩞖
𩞗
𩞘
𩞙
𩞚
𩞛
𩞜
𩞝
𩞞
𩞟
𩞠
𩞡
𩞢
𩞣
𩞤
𩞥
𩞦
𩞧
𩞨
𩞩
𩞪
𩞫
𩞬
𩞭
𩞮
𩞯
𩞰
𩞱
𩞲
𩞳
𩞴
𩞵
𩞶
𩞷
𩞸
𩞹
𩞺
𩞻
𩞼
𩞽
𩞾
𩞿
𩟀
𩟁
𩟂
𩟃
𩟄
𩟅
𩟆
𩟇
𩟈
𩟉
𩟊
𩟋
𩟌
𩟍
𩟎
𩟏
𩟐
𩟑
𩟒
𩟓
𩟔
𩟕
𩟖
𩟗
𩟘
𩟙
𩟚
𩟛
𩟜
𩟝
𩟞
𩟟
𩟠
𩟡
𩟢
𩟣
𩟤
𩟥
𩟦
𩟧
𩟨
𩟩
𩟪
𩟫
𩟬
𩟭
𩟮
𩟯
𩟰
𩟱
𩟲
𩟳
𩟴
𩟵
𩟶
𩟷
𩟸
𩟹
𩟺
𩟻
𩟼
𩟽
𩟾
𩟿
𩠀
𩠁
𩠂
𩠃
𩠄
𩠅
𩠆
𩠇
𩠈
𩠉
𩠊
𩠋
𩠌
𩠍
𩠎
𩠏
𫗍
𫗎
𫗏
𫗐
𫗑
𫗒
𫗓
𫗔
𫗕
𫗖
𫗗
𫗘
𫗙
𫗚
𫗛
𫗜
𫗝
𫗞
𫗟
𫗠
𫗡
𫗢
𫗣
𫗤
𫗥
𫗦
𫗧
𫗨
𫗩
𫗪
𫗫
𫗬
𫗭
𫗮
𫗯
𫗰
𫗱
𫗲
𫗳
𫗴
𫗵
𬲋
𬲌
𬲍
𬲎
𬲏
𬲐
𬲑
𬲒
𬲓
𬲔
𬲕
𬲖
𬲗
𬲘
𬲙
𬲚
𬲛
𬲜
𬲝
𬲞
𬲟
𬲠
𬲡
𬲢
𬲣
𬲤
𬲥
𬲦
𬲧
𬲨
𬲩
𬲪
𬲫
𬲬
𬲭
𬲮
𬲯
𬲰
𬲱
𬲲
𬲳
𬲴
𬲵
𬲶
𬲷
𬲸
𬲹
𬲺
𬲻
𬲼
𬲽
𬲾
𬲿
𬳀
𬳁
𬳂
𬳃
𬳄
𬳅
𬳆
𬳇
𬳈
𬳉
𬳊
𬳋
𬳌
𬳍
𬳎
𬳏
𬳐
𬳑
𬳒
𬳓
𬳔
𮨷
𮨸
𮨹
𮨺
𮨻
𮨼
𮨽
𮨾
𮨿
𮩀
𮩁
𮩂
𮩃
𮩄
𮩅
𮩆
𮩇
𮩈
𮩉
𮩊
𮩋
𮩌
𮩍
𮩎
𮩏
𮩐
𮩑
𮩒
𮩓
𮩔
𮩕
𮩖
𮩗
𮩘
𮩙
𮩚
𮩛
𮩜
𮩝
𮩞
𮸾
𮸿
飢
䬳
餩
𱃡
𱃢
𱃣
𱃤
𱃥
𱃦
𱃧
𱃨
𱃩
𱃪
𱃫
𱃬
𱃭
𱃮
𱃯
𱃰
𱃱
𱃲
𱃳
𱃴
𱃵
𱃶
𱃷
𱃸
𱃹
𱃺
𱃻
𱃼
𱃽
𱃾
𱃿
𱄀
𱄁
𱄂
𱄃
𱄄
𱄅
𱄆
𱄇
𱄈
𱄉
𱄊
𲋔
𲋕
𲋖
𲋗
𲋘
𲋙
𲋚
𲋛
𲋜
𲋝
𲋞
𲋟
𲋠
𲋡
𲋢
𲋣
𲋤
𲋥
𲋦
𲋧
𲋨
𲋩
𲋪
𲋫
𲋬