䀎
䀏
䀐
䀑
䀒
䀓
䀔
䀕
䀖
䀗
䀘
䀙
䀚
䀛
䀜
䀝
䀞
䀟
䀠
䀡
䀢
䀣
䀤
䀥
䀦
䀧
䀨
䀩
䀪
䀫
䀬
䀭
䀮
䀯
䀰
䀱
䀲
䀳
䀴
䀵
䀶
䀷
䀸
䀺
䀻
䀼
䀽
䀾
䀿
䁀
䁁
䁂
䁃
䁄
䁅
䁆
䁇
䁈
䁉
䁊
䁋
䁌
䁍
䁎
䁏
䁐
䁑
䁒
䁓
䁔
䁕
䁖
䁗
䁙
䁚
䁛
䁜
䁝
䁞
䁟
䁠
䁡
䁢
䁣
䁤
䁥
䁦
䁧
䁨
䁩
䁪
䁫
䁬
䁭
䁮
䁯
䁰
䁱
䁲
䁳
䁴
䁵
䁶
䁷
䁸
䁹
䁺
䁻
䁼
䁽
䁾
䁿
䂀
䂁
䂂
䂃
䂄
䂅
盯
盰
盳
盵
盶
盷
盹
盺
盽
盿
眀
眂
眃
眅
眆
眍
眎
眏
眐
眑
眒
眓
眔
眕
眖
眘
眜
眝
眡
眢
眣
眧
眨
眪
眫
眬
眮
眯
眰
眱
眲
眳
眹
眻
眽
眾
眿
睁
睂
睃
睄
睅
睈
睉
睊
睋
睌
睏
睐
睑
睒
睓
睔
睕
睖
睗
睙
睝
睞
睤
睧
睩
睬
睭
睮
睯
睰
睱
睳
睴
睵
睶
睷
睸
睻
瞁
瞂
瞃
瞄
瞅
瞆
瞇
瞈
瞉
瞊
瞌
瞍
瞏
瞐
瞒
瞓
瞕
瞖
瞗
瞘
瞙
瞛
瞜
瞝
瞡
瞣
瞦
瞧
瞨
瞫
瞮
瞯
瞱
瞲
瞴
瞵
瞷
瞸
瞺
瞾
矀
矁
矂
矃
矄
矅
矆
矈
矉
矊
矋
矌
矎
矏
矐
矑
矒
矓
矔
矕
矖
矘
矙
鿃
省
瞧
直
睊
着
䀘
䀹
𥉉
𠌪
𢰿
𢾥
𣪭
𥃤
𥃥
𥃦
𥃧
𥃨
𥃩
𥃪
𥃫
𥃬
𥃭
𥃮
𥃯
𥃰
𥃱
𥃲
𥃳
𥃴
𥃵
𥃶
𥃷
𥃸
𥃹
𥃺
𥃻
𥃼
𥃽
𥃾
𥃿
𥄀
𥄁
𥄂
𥄃
𥄄
𥄅
𥄆
𥄇
𥄈
𥄉
𥄊
𥄋
𥄌
𥄍
𥄎
𥄏
𥄐
𥄑
𥄒
𥄓
𥄔
𥄕
𥄖
𥄗
𥄘
𥄙
𥄚
𥄛
𥄜
𥄝
𥄞
𥄟
𥄠
𥄡
𥄣
𥄤
𥄥
𥄦
𥄧
𥄨
𥄩
𥄪
𥄫
𥄬
𥄭
𥄮
𥄯
𥄰
𥄱
𥄲
𥄳
𥄴
𥄵
𥄶
𥄷
𥄸
𥄹
𥄺
𥄻
𥄼
𥄽
𥄾
𥄿
𥅀
𥅁
𥅂
𥅃
𥅄
𥅅
𥅆
𥅇
𥅈
𥅉
𥅊
𥅋
𥅌
𥅍
𥅎
𥅏
𥅐
𥅑
𥅒
𥅓
𥅔
𥅕
𥅖
𥅗
𥅘
𥅙
𥅚
𥅛
𥅜
𥅝
𥅞
𥅟
𥅠
𥅡
𥅢
𥅣
𥅤
𥅥
𥅦
𥅧
𥅨
𥅩
𥅪
𥅫
𥅬
𥅭
𥅮
𥅯
𥅰
𥅱
𥅲
𥅳
𥅴
𥅵
𥅶
𥅷
𥅸
𥅹
𥅺
𥅻
𥅼
𥅽
𥅾
𥅿
𥆀
𥆁
𥆂
𥆃
𥆄
𥆅
𥆆
𥆇
𥆈
𥆉
𥆊
𥆋
𥆌
𥆍
𥆎
𥆏
𥆐
𥆑
𥆒
𥆓
𥆔
𥆕
𥆖
𥆗
𥆘
𥆙
𥆚
𥆛
𥆜
𥆝
𥆞
𥆟
𥆠
𥆡
𥆢
𥆣
𥆤
𥆥
𥆦
𥆧
𥆨
𥆪
𥆫
𥆬
𥆭
𥆮
𥆯
𥆰
𥆱
𥆲
𥆳
𥆴
𥆵
𥆶
𥆷
𥆸
𥆹
𥆺
𥆻
𥆼
𥆽
𥆾
𥆿
𥇀
𥇁
𥇂
𥇃
𥇄
𥇅
𥇆
𥇇
𥇈
𥇉
𥇊
𥇋
𥇌
𥇎
𥇏
𥇐
𥇑
𥇒
𥇓
𥇔
𥇕
𥇖
𥇗
𥇘
𥇙
𥇚
𥇛
𥇜
𥇝
𥇞
𥇟
𥇠
𥇡
𥇢
𥇣
𥇤
𥇦
𥇧
𥇨
𥇩
𥇪
𥇫
𥇬
𥇭
𥇮
𥇯
𥇰
𥇱
𥇲
𥇳
𥇵
𥇶
𥇷
𥇸
𥇹
𥇺
𥇻
𥇼
𥇽
𥇾
𥇿
𥈀
𥈁
𥈂
𥈃
𥈄
𥈅
𥈆
𥈇
𥈈
𥈉
𥈊
𥈋
𥈌
𥈍
𥈎
𥈏
𥈐
𥈑
𥈒
𥈓
𥈔
𥈕
𥈖
𥈗
𥈘
𥈙
𥈚
𥈛
𥈜
𥈝
𥈟
𥈠
𥈡
𥈢
𥈣
𥈤
𥈥
𥈦
𥈧
𥈨
𥈩
𥈪
𥈫
𥈬
𥈭
𥈮
𥈯
𥈰
𥈱
𥈲
𥈳
𥈴
𥈵
𥈶
𥈷
𥈸
𥈹
𥈺
𥈻
𥈼
𥈽
𥈾
𥈿
𥉀
𥉁
𥉂
𥉃
𥉄
𥉅
𥉆
𥉇
𥉈
𥉉
𥉊
𥉋
𥉍
𥉎
𥉏
𥉐
𥉑
𥉒
𥉓
𥉔
𥉕
𥉖
𥉗
𥉘
𥉙
𥉚
𥉛
𥉜
𥉝
𥉞
𥉟
𥉠
𥉡
𥉢
𥉣
𥉤
𥉥
𥉦
𥉧
𥉨
𥉩
𥉪
𥉫
𥉬
𥉭
𥉮
𥉯
𥉰
𥉱
𥉲
𥉳
𥉴
𥉵
𥉶
𥉷
𥉸
𥉹
𥉺
𥉻
𥉼
𥉽
𥉾
𥉿
𥊀
𥊁
𥊂
𥊃
𥊄
𥊅
𥊆
𥊇
𥊈
𥊉
𥊊
𥊋
𥊌
𥊍
𥊎
𥊏
𥊐
𥊑
𥊒
𥊓
𥊔
𥊕
𥊖
𥊗
𥊘
𥊙
𥊚
𥊛
𥊜
𥊝
𥊞
𥊟
𥊠
𥊡
𥊢
𥊣
𥊤
𥊥
𥊦
𥊧
𥊨
𥊩
𥊪
𥊫
𥊬
𥊭
𥊮
𥊯
𥊰
𥊱
𥊲
𥊳
𥊴
𥊵
𥊶
𥊷
𥊸
𥊹
𥊺
𥊻
𥊼
𥊽
𥊾
𥊿
𥋀
𥋁
𥋂
𥋃
𥋄
𥋅
𥋆
𥋇
𥋈
𥋉
𥋊
𥋋
𥋌
𥋍
𥋎
𥋏
𥋐
𥋑
𥋒
𥋓
𥋔
𥋕
𥋖
𥋗
𥋘
𥋙
𥋚
𥋛
𥋜
𥋝
𥋞
𥋟
𥋠
𥋡
𥋢
𥋣
𥋤
𥋥
𥋦
𥋧
𥋨
𥋩
𥋪
𥋫
𥋬
𥋭
𥋮
𥋯
𥋰
𥋱
𥋲
𥋳
𥋴
𥋵
𥋶
𥋷
𥋸
𥋹
𥋺
𥋻
𥋼
𥋽
𥋾
𥋿
𥌀
𥌁
𥌂
𥌃
𥌄
𥌅
𥌆
𥌇
𥌈
𥌉
𥌊
𥌋
𥌌
𥌍
𥌎
𥌏
𥌐
𥌑
𥌒
𥌓
𥌔
𥌖
𥌗
𥌘
𥌙
𥌚
𥌛
𥌜
𥌝
𥌞
𥌟
𥌠
𥌡
𥌢
𥌣
𥌤
𥌥
𥌦
𥌧
𥌨
𥌩
𥌪
𥌫
𥌬
𥌭
𥌮
𥌯
𥌰
𥌱
𥌲
𥌳
𥌴
𥌵
𥌶
𥌷
𥌸
𥌹
𥌺
𥌻
𥌼
𥌽
𥌾
𥌿
𥍀
𥍁
𥍂
𥍃
𥍅
𥍆
𥍇
𥍈
𥍉
𥍊
𥍋
𥍌
𥍍
𥍎
𥍏
𥍐
𥍑
𥍒
𥍓
𥍔
𥍕
𥍖
𥍗
𥍘
𥍙
𥍚
𥍛
𥍜
𪛟
𪾟
𪾠
𪾡
𪾢
𪾣
𪾤
𪾥
𪾦
𪾧
𪾨
𪾩
𪾪
𪾫
𪾬
𪾭
𪾮
𪾯
𪾰
𪾱
𪾲
𪾳
𪾴
𪾵
𪾶
𪾷
𪾸
𪾹
𪾺
𪾻
𪾼
𪾽
𪾾
𪾿
𪿀
𪿁
𪿂
𪿃
𪿄
𪿅
𫞲
𫞳
𬑅
𬑆
𬑇
𬑈
𬑉
𬑊
𬑋
𬑌
𬑍
𬑎
𬑏
𬑐
𬑑
𬑒
𬑓
𬑔
𬑕
𬑖
𬑗
𬑘
𬑙
𬑚
𬑛
𬑜
𬑝
𬑞
𬑟
𬑠
𬑡
𬑢
𬑣
𬑤
𬑥
𬑦
𬑧
𬑨
𬑩
𬑪
𬑫
𬑬
𭾗
𭾘
𭾙
𭾚
𭾛
𭾜
𭾝
𭾞
𭾟
𭾠
𭾡
𭾢
𭾣
𭾤
𭾥
𭾦
𭾧
𭾨
𭾩
𭾪
𭾫
𭾬
𭾭
𭾮
𭾯
𭾰
𭾱
𭾲
𭾳
𭾴
𭾵
𭾶
𭾷
𭾸
𭾹
𭾺
𭾻
𭾼
𭾽
𭾾
𭾿
𭿀
𭿁
𭿂
𭿃
𭿄
𭿅
𭿆
𭿇
𭿈
𭿉
𭿊
𭿋
𭿌
𭿍
𭿎
𭿏
𭿐
𭿑
𭿒
𭿓
𭿔
𭿕
𭿖
𭿗
𭿘
𭿙
𭿚
𭿛
𭿜
𭿝
𭿞
𭿟
𭿠
𭿡
𭿢
𭿣
𭿤
𭿥
𭿦
𭿧
𭿨
𭿩
𭿪
𭿫
𭿬
𭿭
𭿮
𭿯
𭿰
𭿱
𭿲
𭿳
𭿴
𮵅
𮵆
𮵇
𮵈
直
𥃳
𥃲
𥄙
𥄳
眞
真
真
睊
䀹
瞋
䁆
𰥋
𰥌
𰥍
𰥎
𰥏
𰥐
𰥑
𰥒
𰥓
𰥔
𰥕
𰥖
𰥗
𰥘
𰥙
𰥚
𰥛
𰥜
𰥝
𰥞
𰥟
𰥠
𰥡
𰥢
𰥣
𰥤
𰥥
𰥦
𰥧
𰥨
𰥩
𰥪
𰥫
𰥬
𰥭
𰥮
𰥯
𰥰
𰥱
𰥲
𰥳
𰥴
𰥵
𰥶
𰥷
𰥸
𰥹
𰥺
𰥻
𰥼
𰥽
𰥾
𰥿
𰦀
𰦁
𰦂
𰦃
𰦄
𰦅
𰦆
𰦇
𰦈
𰦉
𰦊
𰦋
𰦌
𱲣
𱲤
𱲥
𱲦
𱲧
𱲨
𱲩
𱲪
𱲫
𱲬
𱲭
𱲮
𱲯
𱲰
𱲱
𱲲
𱲳
𱲴
𱲵
𱲶
𱲷
𱲸
𱲹
𱲺
𱲻
𱲼
𱲽
𱲾
𱲿
𱳀
𱳁
𱳂
𱳃
𱳄
𱳅
𱳆
𱳇
𱳈
𱳉
𱳊
𱳋
𱳌
𱳍
𱳎
𱳏
𱳐
𱳑
𱳒
𱳓
𱳔
𱳕
𱳖
𱳗
𱳘
𱳙
𱳚