㒧
㒨
㔮
㘕
㘖
㘗
㜹
㝱
㠥
㠦
㣆
㩱
㩲
㩴
㪮
㰔
㰕
㶒
㶓
㶔
㶕
㶖
㶘
㸍
㸥
㹚
㿕
㿖
㿨
䀋
䁿
䂀
䃴
䃵
䃶
䃷
䄤
䆊
䆋
䆌
䆍
䉦
䉧
䉨
䉩
䉪
䉫
䉬
䉭
䊯
䌨
䌩
䍥
䎚
䎱
䑋
䑌
䑍
䑎
䑟
䕳
䕴
䕵
䕶
䕷
䘂
䘃
䘄
䙪
䚔
䜙
䜚
䜛
䜜
䜝
䜞
䝃
䝒
䞕
䟌
䠪
䠫
䡷
䡸
䡹
䤓
䤔
䥝
䥞
䥟
䥠
䥡
䥢
䥣
䥤
䥥
䥦
䦲
䦳
䦴
䧰
䩌
䩍
䩿
䪀
䪁
䪂
䪃
䪄
䪛
䪤
䫬
䫭
䫮
䫯
䫰
䫱
䬝
䭘
䭙
䭚
䭛
䭜
䭪
䮪
䮫
䮬
䮭
䮮
䮯
䮰
䮱
䯢
䰌
䰍
䰘
䱵
䱶
䱷
䱸
䱹
䱺
䱻
䱼
䱽
䲢
䲣
䳱
䳲
䳳
䳴
䳵
䳶
䴘
䴜
䴨
䴾
䴿
䵀
䵎
䵗
䵘
䵙
䵭
䵮
䵯
䶁
䶆
䶏
䶚
䶛
䶱
䶲
䶳
儸
儹
劗
卛
嚻
囄
囆
孇
孈
寷
巐
忂
攛
攡
斕
朇
櫼
櫾
欀
欁
欃
欌
欍
灄
灅
灈
灉
灍
灏
灐
灕
爙
爚
爝
爟
犩
瓓
癫
皬
矐
矑
矓
礭
礯
礲
礳
竉
籒
籓
纅
纋
羻
羼
臝
藔
蘬
蘲
蘴
蘵
蘷
蘺
蠜
蠝
蠠
蠤
蠩
蠫
襰
襱
覼
觺
觼
譅
譳
譵
譸
譹
譺
譻
譼
讂
贑
赣
趰
躌
躎
躏
軇
轛
轞
邎
醹
醻
鏴
鐪
鐬
鐮
鐰
鐱
鐾
鐿
鑀
鑉
鑝
镾
闣
闤
闦
雤
霷
霺
霿
靀
靧
鞼
鞽
鞿
韢
顤
顨
颦
飅
飉
飊
饖
饚
饛
馩
騹
騺
騻
騼
騽
騿
驇
驉
鬗
鬹
鬺
魕
鰜
鰞
鰟
鰨
鰫
鰬
鱃
鳠
鳡
鳢
鳣
鶭
鶮
鶰
鶱
鶳
鶶
鶷
鶾
鷅
鷈
鷊
鷋
鷌
鷍
鷎
鷔
鷝
鷨
麜
麶
黫
黬
黭
鼅
鼚
鼛
鼱
齜
齤
齥
齨
龒
龡
龭
鿀
鿐
鿠
癩
爛
蠟
露
𠆞
𠑗
𠑘
𠑙
𠑚
𠑛
𠑜
𠑝
𠑟
𠑠
𠑡
𠑢
𠑣
𠓑
𠓒
𠖩
𠘤
𠙳
𠚡
𠠥
𠠪
𠠫
𠠬
𠠭
𠣇
𠧏
𠫉
𠫊
𠮓
𠮔
𡄱
𡄲
𡄳
𡄴
𡄵
𡄶
𡄷
𡄸
𡄹
𡄺
𡄻
𡄼
𡄽
𡄾
𡄿
𡅀
𡅁
𡅂
𡅃
𡅄
𡅅
𡅆
𡅇
𡅈
𡅉
𡅊
𡅋
𡅌
𡅍
𡅎
𡅏
𡅐
𡅑
𡅒
𡅓
𡅔
𡅕
𡅖
𡅣
𡈸
𡈹
𡈺
𡓱
𡓲
𡓳
𡓴
𡓵
𡓶
𡓸
𡓹
𡓻
𡓼
𡓽
𡓾
𡓿
𡔀
𡔁
𡗍
𡗎
𡚜
𡚝
𡤘
𡤙
𡤚
𡤛
𡤜
𡤝
𡤟
𡤠
𡫼
𡫽
𡫾
𡫿
𡬀
𡬁
𡬂
𡬃
𡭓
𡮿
𡰝
𡰞
𡳵
𡳶
𡳷
𡴫
𡾼
𡾽
𡾾
𡾿
𡿀
𡿁
𡿂
𡿃
𡿄
𡿅
𡿆
𢀰
𢀱
𢀲
𢅼
𢅽
𢆭
𢌄
𢌅
𢌆
𢌇
𢎖
𢑆
𢑇
𢑈
𢑉
𢒶
𢖣
𢖤
𢥗
𢥘
𢥙
𢥚
𢥛
𢥜
𢥝
𢥞
𢥟
𢥠
𢥡
𢥢
𢥣
𢥤
𢨡
𢨢
𢨣
𢩢
𢹢
𢹬
𢹭
𢹮
𢹯
𢹰
𢹱
𢹲
𢹳
𢹴
𢹵
𢹶
𢹷
𢹸
𢹹
𢹺
𢹻
𢹼
𢹽
𢹾
𢹿
𢺀
𢺁
𣀮
𣀯
𣀰
𣀱
𣀲
𣁩
𣁪
𣄦
𣌈
𣌉
𣌊
𣌋
𣌌
𣟯
𣟰
𣟱
𣟲
𣟳
𣟴
𣟵
𣟶
𣟷
𣟸
𣟹
𣟺
𣟻
𣟼
𣟽
𣟾
𣠀
𣠁
𣠃
𣠄
𣠅
𣠆
𣠇
𣠈
𣠉
𣠊
𣠋
𣠌
𣠍
𣠎
𣠏
𣠐
𣠑
𣠒
𣠓
𣠔
𣠕
𣠖
𣠗
𣠘
𣤴
𣤵
𣤷
𣤸
𣦮
𣩼
𣩽
𣫠
𣫡
𣰶
𣰷
𣰸
𣰹
𣰺
𣱯
𣱰
𤄎
𤄏
𤄐
𤄑
𤄒
𤄓
𤄔
𤄕
𤄖
𤄗
𤄘
𤄙
𤄚
𤄛
𤄜
𤄝
𤄞
𤄟
𤄠
𤄡
𤄢
𤄣
𤄤
𤄥
𤄦
𤄧
𤄨
𤄩
𤄪
𤄫
𤄬
𤄭
𤄮
𤄯
𤄰
𤄱
𤄲
𤄳
𤄴
𤄵
𤒡
𤒢
𤒣
𤒤
𤒥
𤒦
𤒧
𤒪
𤒫
𤒬
𤒭
𤒮
𤒯
𤒰
𤒱
𤒲
𤒳
𤒴
𤒵
𤒶
𤒷
𤒸
𤒹
𤕇
𤘄
𤜇
𤜈
𤜉
𤜊
𤜋
𤣑
𤣒
𤣓
𤣔
𤣕
𤣖
𤫉
𤫊
𤫋
𤫌
𤫍
𤫎
𤫏
𤫐
𤫑
𤫒
𤫓
𤬛
𤬜
𤬝
𤮦
𤮧
𤮨
𤮩
𤮪
𤮫
𤮬
𤯐
𤰀
𤳹
𤳺
𤳻
𤳼
𤳽
𤳾
𤼀
𤼁
𤼂
𤼃
𤼄
𤼅
𤼆
𤼇
𤼈
𤼉
𤼊
𤾸
𤾹
𤾺
𥀴
𥀵
𥃒
𥌭
𥌮
𥌯
𥌰
𥌱
𥌲
𥌳
𥌴
𥌵
𥌶
𥌷
𥌸
𥌹
𥍂
𥎝
𥗒
𥗓
𥗔
𥗕
𥗖
𥗗
𥗘
𥗙
𥗚
𥗛
𥗜
𥜥
𥜦
𥜧
𥜨
𥜩
𥝊
𥤀
𥤁
𥤂
𥤃
𥤄
𥤅
𥨵
𥨻
𥨼
𥨽
𥨾
𥨿
𥩀
𥩁
𥩂
𥩃
𥩄
𥩅
𥩆
𥩇
𥩈
𥫎
𥫏
𥶅
𥶆
𥶇
𥶈
𥶉
𥶊
𥶋
𥶌
𥶍
𥶎
𥶏
𥶐
𥶑
𥶒
𥶓
𥶔
𥶕
𥶖
𥶗
𥶘
𥶙
𥶚
𥶛
𥶜
𥶝
𥶞
𥶟
𥶠
𥶢
𥶣
𥶤
𥶥
𥶦
𥶧
𥶨
𥶩
𥶪
𥶫
𥶬
𥶭
𥶮
𥶯
𥶰
𥶱
𥶲
𥶳
𥶴
𥽗
𥽘
𥽙
𥽚
𥽛
𥽝
𥽞
𥽟
𥽠
𥽢
𥽣
𦆤
𦆨
𦆫
𦆻
𦆼
𦆽
𦆾
𦆿
𦇀
𦇁
𦇃
𦇄
𦇅
𦇆
𦇇
𦇈
𦇉
𦇊
𦇋
𦇌
𦇍
𦇎
𦇏
𦇐
𦇑
𦇒
𦇓
𦉟
𦉠
𦌻
𦌼
𦏢
𦏣
𦏤
𦏥
𦏦
𦏧
𦒦
𦒨
𦒩
𦒬
𦔩
𦔪
𦘅
𦘆
𦘇
𦘈
𦘉
𦢸
𦢹
𦢺
𦢻
𦢼
𦢽
𦢾
𦣴
𦣵
𦤯
𦤰
𦦶
𦦷
𦦸
𦧹
𦪶
𦪸
𦪹
𦪺
𦪻
𦪼
𧃍
𧃏
𧃐
𧃑
𧃒
𧃓
𧃔
𧃕
𧃖
𧃗
𧃘
𧃙
𧃚
𧃛
𧃜
𧃝
𧃞
𧃟
𧃠
𧃡
𧃢
𧃣
𧃤
𧃥
𧃦
𧃧
𧃨
𧃩
𧃪
𧃫
𧃬
𧃭
𧃮
𧃯
𧃰
𧃱
𧃲
𧃳
𧃵
𧃶
𧃷
𧃸
𧃹
𧃺
𧃻
𧃼
𧃽
𧃾
𧃿
𧄀
𧄁
𧄂
𧄃
𧄄
𧄅
𧄆
𧄇
𧄈
𧄉
𧄊
𧄋
𧄌
𧈑
𧈒
𧈓
𧈔
𧈕
𧈖
𧈗
𧓱
𧓲
𧓳
𧓴
𧓵
𧓶
𧓷
𧓸
𧓹
𧓺
𧓻
𧓼
𧓽
𧓾
𧓿
𧔀
𧔁
𧔂
𧔃
𧔄
𧔅
𧔆
𧔇
𧔈
𧔉
𧔊
𧔋
𧔌
𧔍
𧔎
𧔏
𧔐
𧔑
𧔒
𧔓
𧔔
𧔕
𧔖
𧔗
𧔘
𧔙
𧔚
𧔛
𧔜
𧗘
𧘅
𧞲
𧞶
𧞷
𧞸
𧞹
𧞺
𧞻
𧞼
𧞽
𧞾
𧞿
𧟀
𧟁
𧟂
𧠄
𧢘
𧢙
𧢚
𧢛
𧥈
𧥉
𧥊
𧥋
𧭂
𧭃
𧭄
𧭅
𧭆
𧭇
𧭈
𧭉
𧭊
𧭋
𧭌
𧭍
𧭎
𧭏
𧭐
𧭒
𧭓
𧭔
𧭕
𧭖
𧭗
𧭘
𧭙
𧭚
𧭛
𧯕
𧯖
𧰗
𧰘
𧲌
𧲍
𧲎
𧲏
𧴝
𧴞
𧸦
𧸧
𧸨
𧸩
𧸪
𧸫
𧸬
𧸭
𧸮
𧸯
𧸰
𧹽
𧹾
𧹿
𧾙
𧾚
𧾛
𧾜
𧾝
𧾞
𧾟
𧾠
𨆪
𨆫
𨆬
𨆭
𨆮
𨆯
𨆰
𨆱
𨆲
𨆳
𨆴
𨆵
𨆶
𨆷
𨆸
𨆹
𨆺
𨆻
𨆼
𨆽
𨆾
𨆿
𨇀
𨊓
𨊔
𨊕
𨊖
𨊗
𨏈
𨏉
𨏊
𨏋
𨏌
𨏎
𨏏
𨏐
𨐽
𨑋
𨙒
𨙓
𨙔
𨙕
𨙖
𨙗
𨙘
𨟤
𨟥
𨟦
𨟧
𨣦
𨣧
𨣨
𨣩
𨣪
𨣫
𨣬
𨣭
𨤟
𨤠
𨤹
𨤺
𨬕
𨭕
𨭖
𨭗
𨭘
𨭙
𨭚
𨭛
𨭜
𨭝
𨭞
𨭟
𨭠
𨭡
𨭢
𨭣
𨭤
𨭥
𨭦
𨭧
𨭨
𨭩
𨭪
𨭫
𨭬
𨭭
𨭮
𨭯
𨭰
𨭱
𨭲
𨭳
𨭴
𨭵
𨭶
𨭷
𨭸
𨭹
𨭺
𨭻
𨭼
𨭽
𨭾
𨭿
𨮀
𨮁
𨮂
𨮃
𨮄
𨮅
𨮆
𨮇
𨮈
𨮉
𨮊
𨮋
𨮌
𨮍
𨮎
𨮏
𨮐
𨮑
𨲸
𨲹
𨲺
𨷃
𨷄
𨷅
𨷆
𨷇
𨷈
𨷉
𨷊
𨷋
𨷌
𨷍
𨷎
𨷏
𨷐
𨷑
𨷒
𨷓
𨷕
𨷖
𨷗
𨽬
𨽭
𩁇
𩁈
𩁉
𩁊
𩁋
𩁌
𩁍
𩁎
𩁏
𩁐
𩁑
𩁒
𩅼
𩅽
𩅾
𩅿
𩆀
𩆁
𩆂
𩆃
𩆄
𩆅
𩆆
𩆇
𩆈
𩆉
𩆊
𩆋
𩆌
𩆍
𩆎
𩆏
𩆐
𩇣
𩉁
𩉂
𩉃
𩉄
𩉅
𩉆
𩉇
𩉈
𩉉
𩍃
𩍄
𩍅
𩍆
𩍇
𩍈
𩍉
𩍊
𩍋
𩍌
𩍍
𩍎
𩍏
𩍐
𩍑
𩍒
𩏠
𩏡
𩏢
𩏣
𩏤
𩏥
𩏦
𩏧
𩐌
𩐏
𩐐
𩐿
𩑀
𩑁
𩕉
𩕊
𩕋
𩕌
𩕍
𩕎
𩕏
𩕐
𩕑
𩕒
𩕓
𩕔
𩕕
𩕖
𩕗
𩕘
𩕙
𩕚
𩕛
𩕜
𩕝
𩕞
𩘸
𩘹
𩘺
𩘻
𩘼
𩘽
𩘾
𩘿
𩙀
𩙁
𩙂
𩙃
𩙄
𩙅
𩙆
𩙇
𩙺
𩙻
𩞶
𩞾
𩞿
𩟀
𩟁
𩟂
𩟃
𩟄
𩟅
𩟆
𩟇
𩟈
𩟉
𩟊
𩟋
𩟌
𩟍
𩟎
𩟏
𩟐
𩟑
𩟒
𩠳
𩡝
𩡞
𩡟
𩡠
𩡡
𩥫
𩥬
𩥭
𩥮
𩥯
𩥰
𩥱
𩥲
𩥳
𩥴
𩥵
𩥶
𩥷
𩥸
𩥹
𩥺
𩥻
𩥼
𩥽
𩥾
𩥿
𩦀
𩦁
𩪗
𩪘
𩪙
𩪚
𩪛
𩪜
𩪝
𩪞
𩪟
𩫥
𩫦
𩮯
𩮰
𩮱
𩮲
𩮳
𩮴
𩮵
𩮶
𩮷
𩮸
𩮹
𩮺
𩮻
𩮼
𩮽
𩮾
𩮿
𩯀
𩯁
𩯂
𩰖
𩰗
𩰘
𩰥
𩰦
𩱌
𩱍
𩱎
𩱏
𩱐
𩱑
𩴜
𩴝
𩴞
𩴟
𩴠
𩴡
𩴢
𩴣
𩴤
𩴥
𩴦
𩴧
𩴨
𩴩
𩴪
𩴫
𩴬
𩴭
𩹱
𩹲
𩹳
𩹴
𩹵
𩹶
𩹷
𩹸
𩹹
𩹺
𩹻
𩹼
𩹽
𩹾
𩹿
𩺀
𩺁
𩺂
𩺃
𩺄
𩺅
𩺆
𩺇
𩺈
𩺉
𩺋
𩺌
𩺍
𩺎
𩺏
𩺐
𩺑
𩺒
𩺓
𩺔
𩺕
𩺖
𩺗
𩺘
𩺙
𩺚
𩺛
𩺜
𩺝
𩺞
𩺟
𩺠
𩺡
𩺢
𩺣
𩺤
𩺥
𩺦
𩺧
𩺨
𩺩
𩺪
𩺫
𩺬
𩾍
𪃺
𪃻
𪃼
𪃽
𪃾
𪃿
𪄀
𪄁
𪄂
𪄃
𪄄
𪄅
𪄆
𪄇
𪄈
𪄉
𪄊
𪄋
𪄌
𪄍
𪄎
𪄏
𪄐
𪄑
𪄒
𪄓
𪄔
𪄕
𪄖
𪄗
𪄘
𪄙
𪄚
𪄛
𪄜
𪄝
𪄞
𪄟
𪄠
𪄡
𪄢
𪄣
𪄤
𪄥
𪄦
𪄧
𪄨
𪄩
𪄪
𪄫
𪄬
𪉵
𪉶
𪉷
𪉸
𪉹
𪋗
𪋘
𪋙
𪋚
𪋛
𪍛
𪍜
𪍝
𪍞
𪍟
𪍠
𪍡
𪍢
𪎪
𪎫
𪏙
𪏚
𪏛
𪏜
𪏝
𪏞
𪐇
𪐈
𪐉
𪐊
𪑣
𪑥
𪑦
𪑧
𪑨
𪑩
𪑪
𪑫
𪑬
𪑭
𪑮
𪑯
𪑰
𪑱
𪑲
𪑳
𪑴
𪑵
𪑶
𪑷
𪑸
𪑹
𪑺
𪑻
𪑼
𪑽
𪓍
𪓎
𪓏
𪓬
𪓭
𪔢
𪔣
𪔤
𪔥
𪕨
𪕩
𪕪
𪖥
𪖦
𪖧
𪖨
𪖩
𪖪
𪖫
𪖬
𪗎
𪗷
𪗸
𪗹
𪗺
𪗻
𪗼
𪗽
𪗾
𪗿
𪘀
𪘁
𪘃
𪘄
𪘅
𪘆
𪘇
𪘈
𪘉
𪘊
𪘋
𪘌
𪘍
𪚙
𪚧
𪚶
𪚷
𪚸
𪚹
𪚺
𪚻
𪚼
𪚽
𪛊
𪝾
𪟧
𪦳
𪦴
𪧄
𪧵
𪩟
𪪫
𪫄
𪭃
𪭄
𪯝
𪯞
𪯰
𪱑
𪱒
𪱓
𪱮
𪱯
𪴛
𪴜
𪴝
𪴞
𪸃
𪸄
𪸅
𪸆
𪸇
𪺶
𪼰
𪽥
𪽦
𪾅
𪾛
𪿃
𪿄
𪿐
𪿾
𫂨
𫂩
𫂪
𫂫
𫄏
𫄐
𫄑
𫄹
𫅍
𫇁
𫊐
𫊑
𫊒
𫊓
𫋦
𫋧
𫍒
𫏧
𫏨
𫐂
𫑖
𫑾
𫓏
𫓐
𫓑
𫓒
𫓓
𫓔
𫓕
𫔓
𫔪
𫕲
𫕾
𫖊
𫖛
𫖧
𫖺
𫘂
𫘱
𫙃
𫙆
𫙎
𫙫
𫙬
𫙭
𫙮
𫙯
𫚫
𫛌
𫛍
𫛎
𫛏
𫜛
𫜥
𫜰
𫠍
𫤋
𫤌
𫤍
𫤎
𫤐
𫤑
𫧭
𫧷
𫧸
𫨁
𫬶
𫬷
𫬸
𫭕
𫯀
𫲜
𫴡
𫴣
𫴶
𫴷
𫶤
𫶪
𫸋
𫸌
𫹃
𫻝
𫻣
𫻤
𫾞
𫿥
𫿧
𫿨
𬂙
𬅍
𬅏
𬅑
𬅴
𬉨
𬉫
𬉬
𬉭
𬉮
𬋸
𬌑
𬏿
𬐀
𬐿
𬑀
𬑫
𬑸
𬒪
𬓝
𬓟
𬔫
𬕻
𬕽
𬕾
𬕿
𬖿
𬗁
𬘊
𬘋
𬘌
𬘎
𬙪
𬚀
𬜜
𬟜
𬟝
𬟞
𬟟
𬟠
𬠸
𬡁
𬡷
𬢅
𬣌
𬣍
𬣎
𬣑
𬣒
𬣓
𬥇
𬥪
𬥫
𬥭
𬥮
𬧘
𬩯
𬩰
𬩱
𬩲
𬬋
𬬌
𬬍
𬬎
𬬏
𬬐
𬬑
𬮁
𬮔
𬮕
𬮖
𬯦
𬯧
𬯶
𬰎
𬰏
𬰐
𬰟
𬰨
𬱎
𬲝
𬲠
𬳧
𬳰
𬴠
𬴡
𬵠
𬵡
𬵢
𬵦
𬶵
𬶶
𬷨
𬷩
𬷪
𬷬
𬷭
𬸰
𬹒
𬹘
𬹢
𬹮
𬹵
𬹶
𬹷
𬺓
𬺔
𬺟
𬽟
𭌰
𭌱
𭌲
𭌳
𭌴
𭌵
𭌶
𭌸
𭌹
𭐍
𭐛
𭕻
𭗵
𭚎
𭟟
𭟠
𭟡
𭟢
𭟣
𭟥
𭣑
𭤐
𭤑
𭨑
𭨣
𭬮
𭬴
𭬵
𭬶
𭬺
𭭹
𭭺
𭭻
𭳰
𭳱
𭳳
𭳴
𭳶
𭳷
𭶽
𭺏
𭺓
𭺩
𭻸
𭾕
𭿮
𭿯
𭿱
𮁓
𮂣
𮂥
𮂧
𮂭
𮂮
𮄢
𮆣
𮆨
𮆩
𮆪
𮆫
𮆬
𮆭
𮆮
𮆯
𮆱
𮆳
𮆴
𮆵
𮇿
𮉓
𮉕
𮉖
𮉘
𮉙
𮊟
𮊵
𮊶
𮋘
𮋙
𮋾
𮋿
𮍉
𮎞
𮒹
𮒽
𮓅
𮓆
𮓇
𮓈
𮓉
𮓊
𮓋
𮓌
𮓍
𮕌
𮕍
𮕏
𮕐
𮕑
𮗉
𮙃
𮙄
𮙘
𮚪
𮚫
𮛀
𮜜
𮜞
𮜟
𮜡
𮜣
𮜤
𮜨
𮝬
𮝭
𮟧
𮠏
𮠔
𮡇
𮡉
𮡊
𮣏
𮣐
𮣑
𮣒
𮣓
𮣕
𮣖
𮣘
𮤥
𮤦
𮤧
𮤨
𮦳
𮦴
𮦵
𮦶
𮧑
𮧒
𮧪
𮧫
𮧬
𮧳
𮨞
𮨟
𮨠
𮩒
𮩓
𮩔
𮩰
𮪖
𮪗
𮪘
𮪙
𮪻
𮫗
𮬆
𮬈
𮬊
𮬐
𮭈
𮭉
𮭋
𮭌
𮭍
𮭎
𮭏
𮭺
𮭿
𮮀
𮮮
𮯄
𮯆
𮯋
𮯌
𮯎
𮰗
𮲽
𮹜
㶖
灊
䕫
𪄅
䵖
鼅
𰉊
𰉋
𰏡
𰒣
𰖹
𰖺
𰖻
𰙅
𰙆
𰙇
𰙈
𰙻
𰝲
𰟺
𰡬
𰢙
𰣝
𰥈
𰦊
𰨗
𰩀
𰩁
𰩟
𰪞
𰪟
𰪠
𰪡
𰪢
𰫵
𰫶
𰫷
𰭇
𰯥
𰲔
𰲕
𰲨
𰳤
𰵉
𰷘
𰷙
𰷚
𰸳
𰸴
𰸵
𰹩
𰺬
𰼕
𰽍
𰿆
𰿇
𱁽
𱂝
𱄮
𱄯
𱄰
𱄱
𱆆
𱆏
𱆐
𱆺
𱆻
𱆼
𱈖
𱈴
𱈵
𱈶
𱈷
𱈸
𱊴
𱋭
𱋮
𱌉
𱌾
𱏡
𱕪
𱕫
𱕬
𱕲
𱘚
𱘢
𱙳
𱚬
𱜔
𱝨
𱝩
𱝺
𱡏
𱡐
𱡑
𱡰
𱤳
𱤴
𱥝
𱪏
𱪐
𱪑
𱪒
𱬫
𱬬
𱰂
𱱭
𱲞
𱲟
𱳘
𱳙
𱵂
𱵃
𱵷
𱵻
𱷜
𱷝
𱷞
𱸯
𱹨
𱺍
𱻯
𱼥
𱼴
𱾽
𱾾
𱾿
𱿀
𱿁
𱿄
𱿖
𲀏
𲀐
𲁻
𲁼
𲁽
𲂢
𲄊
𲄋
𲄌
𲄍
𲄰
𲄾
𲆈
𲆿
𲇦
𲇧
𲈟
𲈠
𲈣
𲉯
𲊊
𲊐
𲊸
𲋒
𲋿
𲌀
𲌑
𲌡
𲌥
𲍤
𲎉
𲎜