㑽
㓊
㓱
㓸
㔁
㕻
㖣
㖦
㗢
㗳
㚐
㚵
㛒
㛚
㛥
㜍
㜓
㞳
㠀
㠉
㠽
㡏
㡖
㡠
㡧
㢄
㢏
㢥
㣚
㣛
㣠
㣫
㤏
㤱
㧺
㨂
㨃
㨮
㨶
㩉
㩸
㪌
㪗
㪷
㫞
㫡
㭻
㭼
㮔
㯓
㯚
㰯
㲂
㲇
㲈
㲥
㲪
㳆
㳘
㴞
㷹
㸗
㹗
㹥
㹺
㹿
㺐
㼒
㼕
㼥
㼧
㼯
㼺
㼿
㽆
㾑
㿒
㿡
㿩
㿯
㿴
䀞
䀺
䁎
䂈
䂢
䂻
䂿
䃥
䄈
䄝
䄻
䅊
䅯
䆃
䆑
䆚
䆵
䆸
䆹
䇺
䈇
䈋
䈱
䈳
䉎
䊭
䌅
䌈
䌦
䍇
䍜
䍝
䍮
䍶
䎐
䎓
䐛
䑗
䑜
䑬
䑲
䑽
䒅
䒭
䓁
䓠
䔲
䕆
䕋
䕨
䕱
䗳
䙞
䚎
䚒
䚵
䛌
䛠
䛫
䛬
䜚
䝤
䞒
䞬
䞴
䟓
䟝
䟫
䠬
䠮
䡴
䣊
䣘
䣣
䤅
䤾
䦒
䧜
䪚
䫸
䬞
䬢
䬦
䬭
䭚
䮓
䮴
䮵
䮻
䰤
䰸
䱏
䱰
䲍
䲽
䳉
䳋
䳴
䳾
䴀
䵉
䵔
䵚
䵬
䶀
䶁
䶱
𠁁
𠄉
𠇍
𠉤
𠉭
𠌪
𠌴
𠍀
𠍄
𠍞
𠍹
𠎯
𠏫
𠐵
𠑅
𠓝
𠓣
𠔙
𠕥
𠕭
𠖄
𠗆
𠗶
𠘀
𠘗
𠚘
𠚞
𠚡
𠚣
𠞈
𠞼
𠟅
𠠇
𠢡
𠥒
𠥪
𠦂
𠦍
𠨣
𠩁
𠩱
𠩼
𠬢
𠬥
𠱑
𠱒
𠴲
𠴼
𠵪
𠷍
𠹔
𠹣
𠹥
𠻙
𡂛
𡃯
𡄒
𡆏
𡇈
𡇧
𡇵
𡈊
𡈐
𡊹
𡌩
𡍲
𡑏
𡑹
𡓲
𡗍
𡘂
𡘷
𡙬
𡜝
𡜴
𡟳
𡠙
𡠠
𡢈
𡣐
𡦔
𡦜
𡬝
𡭠
𡯴
𡰨
𡱜
𡷠
𡺫
𡻅
𡾕
𢂓
𢃕
𢃶
𢄟
𢅱
𢈉
𢌦
𢌭
𢏕
𢑐
𢓝
𢔄
𢔅
𢔇
𢔤
𢖫
𢘐
𢛂
𢛔
𢝉
𢞠
𢟱
𢠽
𢡂
𢡓
𢢘
𢤤
𢤦
𢥨
𢦅
𢫹
𢭃
𢭏
𢮐
𢯭
𢴤
𢴳
𢶈
𢹑
𢻓
𢻿
𢽇
𢾊
𢾮
𢿤
𢿦
𢿧
𣀏
𣀓
𣁵
𣂮
𣃉
𣃘
𣄢
𣅈
𣅋
𣅣
𣆼
𣉺
𣋬
𣌾
𣎌
𣎲
𣑯
𣑸
𣒩
𣓤
𣕂
𣘛
𣚑
𣜦
𣝋
𣝥
𣠜
𣣴
𣥷
𣥺
𣥾
𣨔
𣩟
𣪌
𣪯
𣪼
𣫟
𣫤
𣭗
𣯈
𣯾
𣰆
𣰺
𣴧
𣵬
𣹊
𣹸
𣻛
𣻢
𣻭
𣽛
𣽨
𣿅
𣿘
𣿴
𤀨
𤁟
𤂵
𤂽
𤃕
𤃶
𤅋
𤆁
𤋆
𤑂
𤒻
𤒽
𤓾
𤔱
𤔶
𤗗
𤗾
𤘀
𤘸
𤙎
𤙓
𤙴
𤚈
𤚟
𤚫
𤛋
𤛒
𤛣
𤛴
𤝈
𤝰
𤞟
𤟈
𤟬
𤠐
𤠟
𤠡
𤢎
𤣫
𤧘
𤭁
𤮘
𤱭
𤳘
𤴻
𤵟
𤷆
𤷘
𤹤
𤹷
𤺄
𤺌
𤺜
𤻴
𤼆
𤼖
𤼪
𤼶
𤼷
𤼼
𤽋
𤾆
𤾇
𤾉
𤾒
𤾢
𤿆
𤿽
𥀼
𥂡
𥂬
𥂳
𥂶
𥃀
𥃂
𥃮
𥄳
𥆇
𥆖
𥈄
𥈩
𥉋
𥉌
𥉝
𥊰
𥊼
𥋡
𥏬
𥓫
𥘖
𥙤
𥙸
𥚜
𥛇
𥛈
𥜣
𥜹
𥟯
𥡟
𥢔
𥢷
𥤗
𥥔
𥥨
𥥷
𥦁
𥩌
𥩐
𥫂
𥫎
𥯕
𥰜
𥲀
𥲆
𥳘
𥵢
𥸈
𥺉
𥼽
𥽻
𥿐
𦁶
𦂀
𦂙
𦃥
𦄓
𦅌
𦆘
𦇨
𦈮
𦈹
𦋇
𦋌
𦋚
𦋜
𦍷
𦍻
𦏆
𦐇
𦐩
𦑇
𦑢
𦑲
𦑶
𦑻
𦑼
𦒇
𦒍
𦒞
𦒫
𦒺
𦔛
𦖿
𦗧
𦗴
𦙭
𦡁
𦡂
𦡪
𦢅
𦣓
𦦢
𦦪
𦦰
𦦺
𦦾
𦧛
𦧟
𦧤
𦧥
𦧭
𦧱
𦨎
𦨴
𦩄
𦩍
𦩫
𦩹
𦪙
𦪝
𦪭
𦫀
𦫁
𦱦
𦳝
𦵝
𦵺
𦶑
𦸄
𦺰
𦻢
𦻦
𦼲
𦾽
𦿆
𧀄
𧀫
𧄓
𧄠
𧄼
𧅗
𧅟
𧈐
𧈜
𧉫
𧊚
𧋚
𧌏
𧌝
𧏆
𧏪
𧐝
𧑘
𧑞
𧑥
𧒾
𧓕
𧔟
𧔶
𧖂
𧖍
𧘞
𧙥
𧛔
𧜧
𧝅
𧝌
𧝎
𧡍
𧡥
𧡸
𧢆
𧩡
𧪟
𧪦
𧪧
𧬝
𧬧
𧭔
𧭛
𧭢
𧮑
𧮡
𧯚
𧯜
𧯝
𧯞
𧯠
𧯤
𧯨
𧯫
𧯭
𧯾
𧰍
𧰐
𧰥
𧱁
𧱓
𧱵
𧲴
𧳆
𧳑
𧳝
𧳣
𧶵
𧷊
𧹝
𧺄
𧺢
𧼓
𧼤
𧼮
𧽅
𧽿
𧾊
𨀜
𨀡
𨁋
𨂆
𨂻
𨃗
𨃚
𨃠
𨄆
𨄇
𨅓
𨅞
𨅨
𨅵
𨆉
𨆐
𨆚
𨆰
𨈹
𨉔
𨉱
𨌩
𨌬
𨌭
𨍴
𨎋
𨎤
𨎴
𨑂
𨒯
𨓖
𨓛
𨓬
𨓱
𨔙
𨔝
𨔯
𨕥
𨗪
𨗱
𨙎
𨚯
𨜂
𨜳
𨜹
𨝦
𨝯
𨞱
𨟐
𨠌
𨡒
𨥪
𨧩
𨨹
𨪐
𨫒
𨭕
𨮃
𨯲
𨰍
𨰏
𨱦
𨱵
𨲌
𨲗
𨶀
𨶈
𨶜
𨷩
𨷾
𨹇
𨹋
𨹜
𨺃
𨻇
𨻉
𨽍
𨾨
𨿢
𩀚
𩀛
𩁷
𩂓
𩃹
𩇜
𩈞
𩊗
𩊪
𩊲
𩊹
𩋃
𩌇
𩌐
𩌿
𩍅
𩎽
𩏋
𩏒
𩏠
𩐤
𩐵
𩐹
𩑯
𩒗
𩔡
𩕯
𩖔
𩖙
𩗪
𩗵
𩘜
𩘼
𩘽
𩙆
𩚓
𩛽
𩛿
𩜍
𩜶
𩜻
𩝣
𩞂
𩞣
𩞦
𩞬
𩟈
𩣛
𩣯
𩣳
𩤙
𩤫
𩥁
𩥅
𩥑
𩥓
𩥱
𩦍
𩦑
𩦜
𩦶
𩧔
𩧖
𩪘
𩫊
𩬱
𩭣
𩭩
𩮱
𩮷
𩯇
𩯲
𩰑
𩰒
𩰖
𩳈
𩴝
𩵕
𩶃
𩷹
𩹴
𩹶
𩺭
𩻡
𩻵
𩼉
𩽳
𩾟
𩿢
𪀭
𪁞
𪂌
𪂝
𪇁
𪇘
𪉘
𪉰
𪌉
𪌘
𪌢
𪌷
𪌼
𪍈
𪍍
𪎨
𪎽
𪏘
𪏜
𪏡
𪐈
𪐺
𪒂
𪒿
𪔕
𪔖
𪔛
𪔜
𪔝
𪔦
𪔳
𪔶
𪕹
𪘁
𪚽
𫞑
𫟰
𬄋
𬺵
𬻞
𬼍
𬿻
𭄴
𭅊
𭇢
𭉩
𭎜
𭏕
𭗃
𭗇
𭠘
𭢧
𭳍
𭺸
𭽁
𭽸
𮂚
𮂞
𮄿
𮈋
𮑚
𮖻
𮗟
𮗠
𮘦
𮜶
𮧲
𮩁
𮪇
𮫖
𮬼
䝿
𮙲
𭔿