䤛
䤜
䤝
䤞
䤟
䤠
䤡
䤢
䤣
䤤
䤥
䤦
䤧
䤨
䤩
䤪
䤫
䤬
䤭
䤮
䤯
䤰
䤱
䤲
䤳
䤴
䤵
䤶
䤷
䤸
䤹
䤺
䤻
䤼
䤽
䤾
䤿
䥀
䥁
䥂
䥃
䥄
䥅
䥆
䥇
䥈
䥉
䥊
䥋
䥌
䥍
䥎
䥏
䥐
䥑
䥒
䥓
䥔
䥕
䥖
䥗
䥘
䥙
䥚
䥛
䥜
䥝
䥞
䥟
䥠
䥡
䥢
䥣
䥤
䥥
䥦
䥧
䥨
䥩
䥪
䥫
䥬
䥭
䥮
䥯
䥰
䥱
䥲
䥳
䥴
䥵
䥶
䥷
䥸
䥹
䥺
䥻
䥼
䥽
䥾
䥿
䦀
䦁
䦂
䦃
䦄
䦅
䦆
釒
釓
釔
釕
釗
釙
釚
釞
釠
釢
釤
釥
釨
釩
釪
釫
釬
釭
釮
釯
釰
釱
釲
釳
釴
釷
釸
釹
釺
釻
釽
釾
鈀
鈁
鈂
鈃
鈄
鈅
鈆
鈇
鈈
鈉
鈊
鈋
鈌
鈏
鈐
鈒
鈓
鈖
鈗
鈘
鈙
鈚
鈛
鈜
鈝
鈟
鈠
鈡
鈢
鈣
鈤
鈥
鈦
鈧
鈨
鈪
鈫
鈭
鈮
鈯
鈰
鈱
鈲
鈳
鈵
鈶
鈸
鈹
鈺
鈻
鈼
鈽
鈾
鉀
鉁
鉂
鉃
鉆
鉇
鉊
鉌
鉍
鉎
鉏
鉑
鉒
鉓
鉔
鉕
鉖
鉘
鉙
鉜
鉝
鉟
鉠
鉡
鉣
鉥
鉧
鉨
鉩
鉪
鉫
鉬
鉭
鉮
鉯
鉰
鉲
鉳
鉴
鉵
鉶
鉷
鉸
鉹
鉺
鉻
鉼
鉽
鉿
銁
銂
銄
銆
銇
銈
銉
銊
銋
銌
銍
銎
銏
銐
銒
銔
銗
銙
銝
銞
銟
銠
銡
銢
銣
銤
銥
銦
銧
銨
銩
銪
銫
銬
銮
銯
銰
銱
銲
銳
銴
銵
銶
銸
銺
銻
銼
銽
銾
銿
鋀
鋁
鋂
鋃
鋄
鋅
鋆
鋇
鋈
鋉
鋊
鋋
鋌
鋍
鋎
鋐
鋑
鋓
鋔
鋕
鋖
鋗
鋘
鋙
鋚
鋛
鋜
鋝
鋞
鋟
鋠
鋡
鋢
鋣
鋥
鋦
鋧
鋨
鋫
鋬
鋮
鋯
鋰
鋱
鋴
鋵
鋶
鋷
鋹
鋻
鋽
鋾
鋿
錀
錁
錂
錃
錄
錅
錇
錈
錉
錊
錋
錌
錍
錎
錑
錒
錓
錔
錕
錖
錗
錛
錜
錝
錞
錟
錡
錤
錥
錧
錩
錪
錭
錰
錱
錳
錴
錶
錷
錸
錹
錼
錽
錾
錿
鍀
鍁
鍂
鍃
鍅
鍆
鍇
鍈
鍉
鍊
鍌
鍎
鍏
鍐
鍑
鍒
鍓
鍕
鍗
鍘
鍙
鍚
鍝
鍞
鍟
鍡
鍢
鍣
鍤
鍥
鍦
鍧
鍨
鍩
鍪
鍫
鍭
鍯
鍰
鍱
鍲
鍳
鍴
鍶
鍷
鍸
鍹
鍺
鍻
鍽
鍿
鎀
鎁
鎂
鎃
鎄
鎅
鎆
鎇
鎈
鎉
鎊
鎋
鎍
鎎
鎏
鎐
鎑
鎒
鎓
鎕
鎘
鎙
鎛
鎜
鎝
鎞
鎟
鎠
鎡
鎢
鎣
鎤
鎥
鎦
鎨
鎩
鎪
鎫
鎯
鎱
鎲
鎳
鎴
鎵
鎶
鎷
鎸
鎺
鎻
鎼
鎽
鎾
鎿
鏀
鏁
鏂
鏄
鏅
鏆
鏇
鏉
鏊
鏋
鏌
鏍
鏎
鏏
鏒
鏓
鏔
鏕
鏙
鏚
鏛
鏜
鏞
鏟
鏠
鏢
鏣
鏦
鏧
鏩
鏪
鏫
鏬
鏭
鏮
鏯
鏰
鏱
鏲
鏳
鏴
鏵
鏶
鏷
鏸
鏹
鏺
鏻
鏼
鏽
鏾
鏿
鐀
鐁
鐂
鐄
鐅
鐆
鐈
鐉
鐊
鐋
鐌
鐍
鐎
鐏
鐑
鐒
鐕
鐖
鐗
鐛
鐜
鐝
鐞
鐟
鐠
鐢
鐣
鐤
鐥
鐦
鐧
鐨
鐩
鐪
鐬
鐭
鐮
鐯
鐰
鐱
鐲
鐳
鐴
鐷
鐹
鐻
鐼
鐽
鐾
鐿
鑀
鑂
鑃
鑅
鑆
鑇
鑈
鑉
鑊
鑋
鑌
鑍
鑎
鑏
鑐
鑔
鑕
鑖
鑗
鑘
鑙
鑜
鑝
鑟
鑡
鑣
鑤
鑥
鑦
鑧
鑨
鑩
鑫
鑬
鑭
鑮
鑯
鑱
鑲
鑳
鑴
鑶
鑸
鑹
鑺
鑻
钀
钂
钃
钄
钅
钆
钇
针
钉
钊
钋
钌
钍
钎
钏
钐
钑
钒
钓
钔
钕
钖
钗
钘
钙
钚
钛
钜
钝
钞
钟
钠
钡
钢
钣
钤
钥
钦
钧
钨
钩
钪
钫
钬
钭
钮
钯
钰
钱
钲
钳
钴
钵
钶
钷
钸
钹
钺
钻
钼
钽
钾
钿
铀
铁
铂
铃
铄
铅
铆
铇
铈
铉
铊
铋
铌
铍
铎
铏
铐
铑
铒
铓
铔
铕
铖
铗
铘
铙
铚
铛
铜
铝
铞
铟
铠
铡
铢
铣
铤
铥
铦
铧
铨
铩
铪
铫
铬
铭
铮
铯
铰
铱
铲
铳
铴
铵
银
铷
铸
铹
铺
铻
铼
铽
链
铿
销
锁
锂
锃
锄
锅
锆
锇
锈
锉
锊
锋
锌
锍
锎
锏
锐
锑
锒
锓
锔
锕
锖
锗
锘
错
锚
锛
锜
锝
锞
锟
锠
锡
锢
锣
锤
锥
锦
锧
锨
锩
锪
锫
锬
锭
键
锯
锰
锱
锲
锳
锴
锵
锶
锷
锸
锹
锺
锻
锼
锽
锾
锿
镀
镁
镂
镃
镄
镅
镆
镇
镈
镉
镊
镋
镌
镍
镎
镏
镐
镑
镒
镓
镔
镕
镖
镗
镘
镙
镚
镛
镜
镝
镞
镟
镠
镡
镢
镣
镤
镥
镦
镧
镨
镩
镪
镫
镬
镭
镮
镯
镰
镱
镲
镳
镴
镵
镶
龬
龯
龲
鿏
鿔
鿭
金
錄
鍊
鈴
﨧
﨨
鉶
𨤽
𨤾
𨤿
𨥀
𨥁
𨥂
𨥃
𨥄
𨥅
𨥆
𨥇
𨥈
𨥉
𨥊
𨥋
𨥌
𨥍
𨥎
𨥏
𨥐
𨥑
𨥒
𨥓
𨥔
𨥕
𨥖
𨥗
𨥘
𨥙
𨥚
𨥛
𨥜
𨥝
𨥞
𨥟
𨥠
𨥡
𨥢
𨥣
𨥤
𨥥
𨥦
𨥧
𨥨
𨥩
𨥪
𨥫
𨥬
𨥭
𨥮
𨥯
𨥰
𨥱
𨥲
𨥳
𨥴
𨥵
𨥶
𨥷
𨥸
𨥹
𨥺
𨥻
𨥼
𨥽
𨥾
𨥿
𨦀
𨦁
𨦂
𨦃
𨦄
𨦅
𨦆
𨦇
𨦈
𨦉
𨦊
𨦋
𨦌
𨦍
𨦎
𨦏
𨦐
𨦑
𨦒
𨦓
𨦔
𨦕
𨦖
𨦗
𨦘
𨦙
𨦚
𨦛
𨦜
𨦝
𨦟
𨦠
𨦡
𨦢
𨦣
𨦤
𨦥
𨦦
𨦧
𨦨
𨦩
𨦪
𨦫
𨦬
𨦭
𨦮
𨦯
𨦰
𨦱
𨦲
𨦳
𨦴
𨦵
𨦶
𨦷
𨦸
𨦹
𨦺
𨦻
𨦼
𨦽
𨦾
𨦿
𨧀
𨧁
𨧂
𨧃
𨧄
𨧅
𨧆
𨧇
𨧈
𨧉
𨧊
𨧋
𨧌
𨧍
𨧎
𨧏
𨧐
𨧑
𨧒
𨧓
𨧔
𨧕
𨧖
𨧗
𨧘
𨧙
𨧚
𨧛
𨧜
𨧝
𨧞
𨧟
𨧠
𨧡
𨧢
𨧣
𨧤
𨧥
𨧦
𨧧
𨧨
𨧩
𨧪
𨧫
𨧬
𨧭
𨧮
𨧯
𨧰
𨧱
𨧲
𨧳
𨧴
𨧵
𨧶
𨧷
𨧸
𨧹
𨧺
𨧻
𨧼
𨧽
𨧾
𨧿
𨨀
𨨁
𨨂
𨨃
𨨄
𨨅
𨨆
𨨇
𨨈
𨨉
𨨊
𨨋
𨨌
𨨍
𨨎
𨨏
𨨐
𨨑
𨨒
𨨓
𨨔
𨨕
𨨖
𨨗
𨨘
𨨙
𨨚
𨨛
𨨜
𨨝
𨨞
𨨟
𨨠
𨨡
𨨢
𨨣
𨨤
𨨥
𨨦
𨨧
𨨨
𨨩
𨨪
𨨫
𨨬
𨨭
𨨮
𨨯
𨨰
𨨱
𨨲
𨨳
𨨴
𨨵
𨨶
𨨷
𨨸
𨨹
𨨺
𨨻
𨨼
𨨽
𨨾
𨨿
𨩀
𨩁
𨩂
𨩃
𨩄
𨩅
𨩆
𨩇
𨩈
𨩉
𨩊
𨩋
𨩌
𨩍
𨩎
𨩏
𨩐
𨩑
𨩒
𨩓
𨩔
𨩕
𨩖
𨩗
𨩘
𨩙
𨩚
𨩛
𨩜
𨩝
𨩞
𨩟
𨩠
𨩡
𨩢
𨩣
𨩤
𨩥
𨩦
𨩧
𨩨
𨩩
𨩪
𨩫
𨩬
𨩭
𨩮
𨩯
𨩰
𨩱
𨩲
𨩳
𨩴
𨩵
𨩶
𨩷
𨩸
𨩹
𨩺
𨩻
𨩼
𨩽
𨩾
𨩿
𨪀
𨪁
𨪂
𨪃
𨪄
𨪅
𨪆
𨪇
𨪈
𨪉
𨪊
𨪋
𨪌
𨪍
𨪎
𨪏
𨪐
𨪑
𨪒
𨪓
𨪔
𨪕
𨪖
𨪗
𨪘
𨪙
𨪚
𨪛
𨪜
𨪝
𨪞
𨪟
𨪠
𨪡
𨪢
𨪣
𨪤
𨪥
𨪦
𨪧
𨪨
𨪩
𨪪
𨪫
𨪬
𨪭
𨪮
𨪯
𨪰
𨪱
𨪲
𨪳
𨪴
𨪵
𨪶
𨪷
𨪸
𨪹
𨪺
𨪻
𨪼
𨪽
𨪾
𨪿
𨫀
𨫁
𨫂
𨫃
𨫄
𨫅
𨫆
𨫇
𨫈
𨫉
𨫊
𨫋
𨫌
𨫍
𨫎
𨫏
𨫐
𨫑
𨫒
𨫓
𨫔
𨫕
𨫖
𨫗
𨫘
𨫙
𨫚
𨫛
𨫜
𨫝
𨫞
𨫟
𨫠
𨫡
𨫢
𨫣
𨫤
𨫥
𨫦
𨫧
𨫨
𨫩
𨫪
𨫫
𨫬
𨫭
𨫮
𨫯
𨫰
𨫱
𨫲
𨫳
𨫴
𨫵
𨫶
𨫷
𨫸
𨫹
𨫺
𨫻
𨫼
𨫽
𨫾
𨫿
𨬀
𨬁
𨬂
𨬃
𨬄
𨬅
𨬆
𨬇
𨬈
𨬉
𨬊
𨬋
𨬌
𨬍
𨬎
𨬏
𨬐
𨬑
𨬒
𨬓
𨬔
𨬕
𨬖
𨬗
𨬘
𨬙
𨬚
𨬛
𨬜
𨬝
𨬞
𨬟
𨬠
𨬡
𨬢
𨬣
𨬤
𨬥
𨬦
𨬧
𨬨
𨬩
𨬪
𨬫
𨬬
𨬭
𨬮
𨬯
𨬰
𨬱
𨬲
𨬳
𨬴
𨬵
𨬶
𨬷
𨬸
𨬹
𨬺
𨬻
𨬼
𨬽
𨬾
𨬿
𨭀
𨭁
𨭂
𨭃
𨭄
𨭅
𨭆
𨭇
𨭈
𨭉
𨭊
𨭋
𨭌
𨭍
𨭎
𨭏
𨭐
𨭑
𨭒
𨭓
𨭔
𨭕
𨭖
𨭗
𨭘
𨭙
𨭚
𨭛
𨭜
𨭝
𨭞
𨭟
𨭠
𨭡
𨭢
𨭣
𨭤
𨭥
𨭦
𨭧
𨭨
𨭩
𨭪
𨭫
𨭬
𨭭
𨭮
𨭯
𨭰
𨭱
𨭲
𨭳
𨭴
𨭵
𨭶
𨭷
𨭸
𨭹
𨭺
𨭻
𨭼
𨭽
𨭾
𨭿
𨮀
𨮁
𨮂
𨮃
𨮄
𨮅
𨮆
𨮇
𨮈
𨮉
𨮊
𨮋
𨮌
𨮍
𨮎
𨮏
𨮐
𨮑
𨮒
𨮓
𨮔
𨮕
𨮖
𨮗
𨮘
𨮙
𨮚
𨮛
𨮜
𨮝
𨮞
𨮟
𨮠
𨮡
𨮢
𨮣
𨮤
𨮥
𨮦
𨮧
𨮨
𨮩
𨮪
𨮫
𨮬
𨮭
𨮮
𨮯
𨮰
𨮱
𨮲
𨮳
𨮴
𨮵
𨮶
𨮷
𨮸
𨮹
𨮺
𨮻
𨮼
𨮽
𨮾
𨮿
𨯀
𨯁
𨯂
𨯃
𨯄
𨯅
𨯆
𨯇
𨯈
𨯉
𨯊
𨯋
𨯌
𨯍
𨯎
𨯏
𨯐
𨯑
𨯒
𨯓
𨯔
𨯕
𨯖
𨯗
𨯘
𨯙
𨯚
𨯛
𨯜
𨯝
𨯞
𨯟
𨯠
𨯡
𨯢
𨯣
𨯤
𨯥
𨯦
𨯧
𨯨
𨯩
𨯪
𨯫
𨯬
𨯭
𨯮
𨯯
𨯰
𨯱
𨯲
𨯳
𨯴
𨯵
𨯶
𨯷
𨯸
𨯹
𨯺
𨯻
𨯼
𨯽
𨯾
𨯿
𨰀
𨰁
𨰂
𨰃
𨰄
𨰅
𨰆
𨰇
𨰈
𨰉
𨰊
𨰋
𨰌
𨰍
𨰎
𨰏
𨰐
𨰑
𨰒
𨰓
𨰔
𨰕
𨰖
𨰗
𨰘
𨰙
𨰚
𨰛
𨰜
𨰝
𨰞
𨰟
𨰠
𨰡
𨰢
𨰣
𨰤
𨰥
𨰦
𨰧
𨰨
𨰩
𨰪
𨰫
𨰬
𨰭
𨰮
𨰯
𨰰
𨰱
𨰲
𨰳
𨰴
𨰵
𨰶
𨰷
𨰸
𨰹
𨰺
𨰻
𨰼
𨰽
𨰾
𨰿
𨱀
𨱁
𨱂
𨱃
𨱄
𨱅
𨱆
𨱇
𨱈
𨱉
𨱊
𨱋
𨱌
𨱍
𨱎
𨱏
𨱐
𨱑
𨱒
𨱓
𨱔
𨱕
𨱖
𫒆
𫒇
𫒈
𫒉
𫒊
𫒋
𫒌
𫒍
𫒎
𫒏
𫒐
𫒑
𫒒
𫒓
𫒔
𫒕
𫒖
𫒗
𫒘
𫒙
𫒚
𫒛
𫒜
𫒝
𫒞
𫒟
𫒠
𫒡
𫒢
𫒣
𫒤
𫒥
𫒦
𫒧
𫒨
𫒩
𫒪
𫒫
𫒬
𫒭
𫒮
𫒯
𫒰
𫒱
𫒲
𫒳
𫒴
𫒵
𫒶
𫒷
𫒸
𫒹
𫒺
𫒻
𫒼
𫒽
𫒾
𫒿
𫓀
𫓁
𫓂
𫓃
𫓄
𫓅
𫓆
𫓇
𫓈
𫓉
𫓊
𫓋
𫓌
𫓍
𫓎
𫓏
𫓐
𫓑
𫓒
𫓓
𫓔
𫓕
𫓖
𫓗
𫓘
𫓙
𫓚
𫓛
𫓜
𫓝
𫓞
𫓟
𫓠
𫓡
𫓢
𫓣
𫓤
𫓥
𫓦
𫓧
𫓨
𫓩
𫓪
𫓫
𫓬
𫓭
𫓮
𫓯
𫓰
𫓱
𫓲
𫓳
𫓴
𫓵
𫓶
𫓷
𫓸
𫓹
𫓺
𫓻
𫓼
𫓽
𫓾
𫓿
𫔀
𫔁
𫔂
𫔃
𫔄
𫔅
𫔆
𫔇
𫔈
𫔉
𫔊
𫔋
𫔌
𫔍
𫔎
𫔏
𫔐
𫔑
𫔒
𫔓
𫔔
𫔕
𫟰
𫟱
𫟲
𫟳
𫟴
𫟵
𫟶
𫟷
𫟸
𫟹
𫟺
𫟻
𫟼
𫟽
𫟾
𫟿
𫠀
𫠁
𬫂
𬫃
𬫄
𬫅
𬫆
𬫇
𬫈
𬫉
𬫊
𬫋
𬫌
𬫍
𬫎
𬫏
𬫐
𬫑
𬫒
𬫓
𬫔
𬫕
𬫖
𬫗
𬫘
𬫙
𬫚
𬫛
𬫜
𬫝
𬫞
𬫟
𬫠
𬫡
𬫢
𬫣
𬫤
𬫥
𬫦
𬫧
𬫨
𬫩
𬫪
𬫫
𬫬
𬫭
𬫮
𬫯
𬫰
𬫱
𬫲
𬫳
𬫴
𬫵
𬫶
𬫷
𬫸
𬫹
𬫺
𬫻
𬫼
𬫽
𬫾
𬫿
𬬀
𬬁
𬬂
𬬃
𬬄
𬬅
𬬆
𬬇
𬬈
𬬉
𬬊
𬬋
𬬌
𬬍
𬬎
𬬏
𬬐
𬬑
𬬒
𬬓
𬬔
𬬕
𬬖
𬬗
𬬘
𬬙
𬬚
𬬛
𬬜
𬬝
𬬞
𬬟
𬬠
𬬡
𬬢
𬬣
𬬤
𬬥
𬬦
𬬧
𬬨
𬬩
𬬪
𬬫
𬬬
𬬭
𬬮
𬬯
𬬰
𬬱
𬬲
𬬳
𬬴
𬬵
𬬶
𬬷
𬬸
𬬹
𬬺
𬬻
𬬼
𬬽
𬬾
𬬿
𬭀
𬭁
𬭂
𬭃
𬭄
𬭅
𬭆
𬭇
𬭈
𬭉
𬭊
𬭋
𬭌
𬭍
𬭎
𬭏
𬭐
𬭑
𬭒
𬭓
𬭔
𬭕
𬭖
𬭗
𬭘
𬭙
𬭚
𬭛
𬭜
𬭝
𬭞
𬭟
𬭠
𬭡
𬭢
𬭣
𬭤
𬭥
𬭦
𬭧
𬭨
𬭩
𬭪
𬭫
𬭬
𬭭
𬭮
𬭯
𬭰
𬭱
𬭲
𬭳
𬭴
𬭵
𬭶
𬭷
𬭸
𬭹
𬭺
𬭻
𬭼
𬭽
𬭾
𬭿
𬮀
𬮁
𬮂
𬮃
𮡤
𮡥
𮡦
𮡧
𮡨
𮡩
𮡪
𮡫
𮡬
𮡭
𮡮
𮡯
𮡰
𮡱
𮡲
𮡳
𮡴
𮡵
𮡶
𮡷
𮡸
𮡹
𮡺
𮡻
𮡼
𮡽
𮡾
𮡿
𮢀
𮢁
𮢂
𮢃
𮢄
𮢅
𮢆
𮢇
𮢈
𮢉
𮢊
𮢋
𮢌
𮢍
𮢎
𮢏
𮢐
𮢑
𮢒
𮢓
𮢔
𮢕
𮢖
𮢗
𮢘
𮢙
𮢚
𮢛
𮢜
𮢝
𮢞
𮢟
𮢠
𮢡
𮢢
𮢣
𮢤
𮢥
𮢦
𮢧
𮢨
𮢩
𮢪
𮢫
𮢬
𮢭
𮢮
𮢯
𮢰
𮢱
𮢲
𮢳
𮢴
𮢵
𮢶
𮢷
𮢸
𮢹
𮢺
𮢻
𮢼
𮢽
𮢾
𮢿
𮣀
𮣁
𮣂
𮣃
𮣄
𮣅
𮣆
𮣇
𮣈
𮣉
𮣊
𮣋
𮣌
𮣍
𮣎
𮣏
𮣐
𮣑
𮣒
𮣓
𮣔
𮣕
𮣖
𮣗
𮣘
𮣙
𮣚
𮣛
𮣜
𮣝
𮣞
𮣟
𮣠
𮣡
𮣢
𮣣
𮣤
𮣥
𮣦
𮣧
𮣨
𮣩
𮣪
𮣫
𮣬
𮣭
𮣮
𮣯
𮣰
𮣱
𮣲
𮣳
𮣴
𮣵
𮣶
𮣷
𮷯
𮷰
𮷱
𮷲
𮷳
𮷴
𮷵
𮷶
𮷷
𮷸
𮷹
𮷺
𮷻
𮷼
𮷽
𮷾
𮷿
𮸀
𮸁
𮸂
𮸃
𮸄
𮸅
𮸆
𮸇
𮸈
𮸉
𮸊
𮸋
𮸌
𮸍
𮸎
𮸏
𮸐
𮸑
𮸒
𮸓
𮸔
𮸕
𮸖
𮸗
𮸘
𮸙
𮸚
𮸛
𮸜
𮸝
𮸞
𮸟
𮸠
𮸡
𮸢
𮸣
鈸
鋗
鋘
鉼
鏹
鐕
𨯺
𰼟
𰼠
𰼡
𰼢
𰼣
𰼤
𰼥
𰼦
𰼧
𰼨
𰼩
𰼪
𰼫
𰼬
𰼭
𰼮
𰼯
𰼰
𰼱
𰼲
𰼳
𰼴
𰼵
𰼶
𰼷
𰼸
𰼹
𰼺
𰼻
𰼼
𰼽
𰼾
𰼿
𰽀
𰽁
𰽂
𰽃
𰽄
𰽅
𰽆
𰽇
𰽈
𰽉
𰽊
𰽋
𰽌
𰽍
𰽎
𰽏
𰽐
𰽑
𰽒
𰽓
𰽔
𰽕
𰽖
𰽗
𰽘
𰽙
𰽚
𰽛
𰽜
𰽝
𰽞
𰽟
𰽠
𰽡
𰽢
𰽣
𰽤
𰽥
𰽦
𰽧
𰽨
𰽩
𰽪
𰽫
𰽬
𰽭
𰽮
𰽯
𰽰
𰽱
𰽲
𰽳
𰽴
𰽵
𰽶
𰽷
𰽸
𰽹
𰽺
𰽻
𰽼
𰽽
𰽾
𰽿
𰾀
𰾁
𰾂
𰾃
𰾄
𰾅
𰾆
𰾇
𰾈
𰾉
𰾊
𰾋
𰾌
𰾍
𰾎
𰾏
𰾐
𰾑
𰾒
𰾓
𰾔
𰾕
𰾖
𰾗
𰾘
𰾙
𰾚
𰾛
𰾜
𰾝
𰾞
𰾟
𰾠
𰾡
𰾢
𰾣
𰾤
𰾥
𰾦
𰾧
𰾨
𰾩
𰾪
𰾫
𰾬
𰾭
𰾮
𰾯
𰾰
𰾱
𰾲
𰾳
𰾴
𰾵
𰾶
𰾷
𰾸
𰾹
𰾺
𰾻
𰾼
𰾽
𰾾
𰾿
𰿀
𰿁
𰿂
𰿃
𰿄
𰿅
𰿆
𰿇
𰿈
𰿉
𰿊
𲇅
𲇆
𲇇
𲇈
𲇉
𲇊
𲇋
𲇌
𲇍
𲇎
𲇏
𲇐
𲇑
𲇒
𲇓
𲇔
𲇕
𲇖
𲇗
𲇘
𲇙
𲇚
𲇛
𲇜
𲇝
𲇞
𲇟
𲇠
𲇡
𲇢
𲇣
𲇤
𲇥
𲇦
𲇧
𲇨
𲇩
𲇪
𲇫
𲇬
𲇭
𲇮
𲇯
𲇰
𲇱
𲇲
𲇳
𲇴
𲇵
𲇶
𲇷
𲇸
𲇹
𲇺
𲇻
𲇼
𲇽
𲇾
𲇿
𲈀
𲈁
𲈂
𲈃
𲈄
𲈅
𲈆
𲈇
𲈈
𲈉
𲈊
𲈋
𲈌
𲈍
𲈎
𲈏
𲈐
𲈑
𲈒
𲈓
𲈔
𲈕
𲈖
𲈗
𲈘
𲈙
𲈚
𲈛
𲈜
𲈝
𲈞
𲈟
𲈠
𲈡