㹜
㹝
㹞
㹟
㹡
㹢
㹣
㹤
㹥
㹧
㹩
㹪
㹫
㹬
㹭
㹮
㹯
㹰
㹱
㹲
㹳
㹴
㹵
㹶
㹷
㹸
㹹
㹺
㹻
㹼
㹽
㹾
㹿
㺀
㺁
㺂
㺄
㺅
㺆
㺇
㺈
㺉
㺊
㺋
㺌
㺍
㺎
㺏
㺐
㺑
㺒
㺓
㺕
㺖
㺗
㺘
㺙
㺚
㺛
㺜
㺝
㺞
㺟
㺠
㺡
㺢
㺣
㺤
㺥
㺦
㺧
犳
犴
犵
犷
犸
犺
犻
犼
犽
犿
狅
狇
狈
狉
狊
狋
狍
狏
狑
狓
狔
狕
狖
狘
狚
狜
狝
狞
狟
狣
狤
狥
狦
狧
狨
狪
狫
狮
狯
狰
狱
狲
狴
狵
狶
狾
狿
猀
猁
猂
猃
猄
猅
猆
猈
猉
猋
猌
猍
猎
猏
猐
猑
猓
猔
猕
猚
猞
猠
猡
猢
猣
猤
猦
猭
猰
猲
猵
猸
猺
猻
猼
獀
獁
獂
獃
獆
獇
獈
獉
獊
獋
獌
獍
獑
獓
獔
獕
獖
獘
獙
獚
獛
獜
獝
獞
獟
獠
獡
獢
獤
獥
獧
獩
獭
獳
獴
獶
獹
獽
獾
獿
玀
玂
玃
狼
獵
狀
犯
猪
𡗜
𤜚
𤜛
𤜜
𤜝
𤜞
𤜟
𤜠
𤜡
𤜢
𤜣
𤜤
𤜥
𤜦
𤜧
𤜨
𤜩
𤜪
𤜫
𤜬
𤜭
𤜮
𤜯
𤜰
𤜱
𤜲
𤜳
𤜴
𤜵
𤜶
𤜷
𤜸
𤜹
𤜺
𤜻
𤜼
𤜽
𤜾
𤜿
𤝀
𤝁
𤝂
𤝃
𤝄
𤝅
𤝆
𤝇
𤝈
𤝉
𤝊
𤝋
𤝌
𤝍
𤝎
𤝏
𤝐
𤝑
𤝒
𤝓
𤝔
𤝕
𤝖
𤝗
𤝘
𤝙
𤝚
𤝛
𤝜
𤝝
𤝞
𤝟
𤝠
𤝡
𤝢
𤝣
𤝤
𤝥
𤝦
𤝧
𤝨
𤝩
𤝪
𤝫
𤝬
𤝭
𤝮
𤝯
𤝰
𤝱
𤝲
𤝳
𤝴
𤝵
𤝶
𤝷
𤝸
𤝹
𤝺
𤝻
𤝼
𤝽
𤝾
𤝿
𤞀
𤞁
𤞂
𤞃
𤞄
𤞅
𤞆
𤞇
𤞈
𤞉
𤞊
𤞋
𤞌
𤞍
𤞎
𤞏
𤞐
𤞑
𤞒
𤞓
𤞔
𤞕
𤞖
𤞗
𤞘
𤞙
𤞚
𤞛
𤞜
𤞝
𤞞
𤞟
𤞠
𤞡
𤞢
𤞣
𤞤
𤞥
𤞦
𤞧
𤞨
𤞩
𤞪
𤞫
𤞬
𤞭
𤞮
𤞯
𤞰
𤞱
𤞲
𤞳
𤞴
𤞵
𤞶
𤞷
𤞸
𤞹
𤞺
𤞻
𤞼
𤞽
𤞾
𤞿
𤟀
𤟁
𤟂
𤟃
𤟄
𤟅
𤟆
𤟇
𤟈
𤟉
𤟊
𤟋
𤟌
𤟍
𤟎
𤟏
𤟐
𤟑
𤟒
𤟓
𤟔
𤟕
𤟖
𤟗
𤟘
𤟙
𤟚
𤟛
𤟜
𤟝
𤟞
𤟟
𤟠
𤟡
𤟢
𤟣
𤟤
𤟥
𤟦
𤟧
𤟨
𤟩
𤟪
𤟫
𤟬
𤟭
𤟮
𤟯
𤟰
𤟲
𤟳
𤟴
𤟶
𤟷
𤟸
𤟹
𤟺
𤟻
𤟼
𤟽
𤟾
𤟿
𤠀
𤠁
𤠂
𤠃
𤠄
𤠅
𤠆
𤠇
𤠈
𤠉
𤠊
𤠋
𤠌
𤠍
𤠎
𤠏
𤠐
𤠑
𤠒
𤠓
𤠔
𤠕
𤠖
𤠗
𤠘
𤠙
𤠚
𤠛
𤠜
𤠝
𤠞
𤠟
𤠠
𤠡
𤠢
𤠣
𤠤
𤠥
𤠦
𤠧
𤠨
𤠩
𤠪
𤠫
𤠬
𤠭
𤠮
𤠯
𤠰
𤠱
𤠲
𤠳
𤠴
𤠵
𤠶
𤠷
𤠸
𤠹
𤠺
𤠻
𤠼
𤠽
𤠾
𤠿
𤡀
𤡁
𤡂
𤡃
𤡄
𤡅
𤡆
𤡇
𤡈
𤡉
𤡊
𤡋
𤡌
𤡍
𤡎
𤡏
𤡐
𤡑
𤡒
𤡓
𤡔
𤡕
𤡖
𤡗
𤡘
𤡙
𤡚
𤡛
𤡜
𤡝
𤡞
𤡟
𤡠
𤡡
𤡢
𤡣
𤡤
𤡥
𤡦
𤡧
𤡨
𤡩
𤡪
𤡫
𤡬
𤡭
𤡮
𤡯
𤡰
𤡱
𤡲
𤡳
𤡴
𤡵
𤡶
𤡷
𤡸
𤡹
𤡺
𤡻
𤡼
𤡽
𤡾
𤡿
𤢀
𤢁
𤢂
𤢃
𤢄
𤢅
𤢆
𤢇
𤢈
𤢉
𤢊
𤢋
𤢌
𤢍
𤢎
𤢏
𤢐
𤢑
𤢒
𤢓
𤢔
𤢕
𤢗
𤢘
𤢙
𤢚
𤢛
𤢜
𤢝
𤢞
𤢟
𤢠
𤢡
𤢢
𤢣
𤢤
𤢥
𤢦
𤢧
𤢨
𤢩
𤢪
𤢫
𤢬
𤢭
𤢮
𤢯
𤢰
𤢱
𤢲
𤢳
𤢴
𤢵
𤢶
𤢷
𤢸
𤢹
𤢺
𤢻
𤢼
𤢽
𤢾
𤢿
𤣀
𤣁
𤣂
𤣃
𤣄
𤣅
𤣆
𤣇
𤣈
𤣉
𤣊
𤣋
𤣌
𤣍
𤣎
𤣏
𤣐
𤣑
𤣒
𤣓
𤣔
𤣕
𤣖
𤣗
𤣘
𤣙
𤣚
𤣛
𤣜
𤣝
𤣞
𤣟
𤣠
𤣡
𤣢
𤣣
𤣤
𪺷
𪺸
𪺹
𪺺
𪺻
𪺼
𪺽
𪺾
𪺿
𪻀
𪻁
𪻂
𪻃
𪻄
𪻅
𪻆
𪻇
𪻈
𪻉
𪻊
𪻋
𪻌
𫞣
𫞤
𬌩
𬌪
𬌫
𬌬
𬌭
𬌮
𬌯
𬌰
𬌱
𬌲
𬌳
𬌴
𬌵
𬌶
𬌷
𬌸
𬌹
𬌺
𬌻
𬌼
𬌽
𬌾
𬌿
𬍀
𬍁
𬍂
𬍃
𬍄
𬍅
𬍆
𬍇
𬍈
𬍉
𬍊
𬍋
𬍌
𬍍
𬍎
𬺪
𭷸
𭷹
𭷺
𭷻
𭷼
𭷽
𭷾
𭷿
𭸀
𭸁
𭸂
𭸃
𭸄
𭸅
𭸆
𭸇
𭸈
𭸉
𭸊
𭸋
𭸌
𭸍
𭸎
𭸏
𭸐
𭸑
𭸒
𭸓
𭸔
𭸕
𭸖
𭸗
𭸘
𭸙
𭸚
𭸛
𭸜
𭸝
𭸞
𭸟
𭸠
𭸡
𭸢
𭸣
𭸤
𭸥
𭸦
𭸧
𭸨
𭸩
𭸪
𭸫
𭸬
𭸭
𭸮
𭸯
𭸰
𭸱
𭸲
𭸳
𭸴
𮳽
𮳾
𮳿
𤜵
𤠔
獺
𰠽
𰠾
𰠿
𰡀
𰡁
𰡂
𰡃
𰡄
𰡅
𰡆
𰡇
𰡈
𰡉
𰡊
𰡋
𰡌
𰡍
𰡎
𰡏
𰡐
𰡑
𰡒
𰡓
𰡔
𰡕
𰡖
𰡗
𰡘
𰡙
𰡚
𰡛
𰡜
𰡝
𰡞
𰡟
𰡠
𰡡
𰡢
𰡣
𰡤
𰡥
𰡦
𰡧
𰡨
𰡩
𰡪
𰡫
𰡬
𱭳
𱭴
𱭵
𱭶
𱭷
𱭸
𱭹
𱭺
𱭻
𱭼
𱭽
𱭾
𱭿
𱮀
𱮁
𱮂
𱮃
𱮄
𱮅
𱮆
𱮇
𱮈
𱮉
𱮊
𱮋
𱮌
𱮍
𱮎
𱮏
𱮐
𱮑
𱮒
𱮓
𱮔
𱮕
𱮖
𱮗
𱮘
𱮙
𱮚
𱮛
𱮜
𱮝
𱮞
𱮟
𱮠
𱮡
𱮢
𱮣
𱮤
𱮥
𱮦
𱮧
𱮨
𱮩
𱮪
𱮫
𱮬
𱮭
𱮮
𱮯
𱮰
𱮱
𲭫
𲭬
𲭭
𲭮
𲭯
𲭰
𲭱
𲭲
𲭳
𲭴
𲭵
𲭶
𲭷
𲭸
𲭹
𲭺
𲭻
𲭼
𲭽
𲭾
𲭿
𲮀
𲮁
𲮂
𲮃
𲮄
𲮅
𲮆
𲮇
𲮈
𲮉
𲮊
𲮋
𲮌
𲮍
𲮎
𲮏
𲮐
𲮑
𲮒
𲮓
𲮔
𲮕
𲮖
𲮗
𲮘
𲮙
𲮚
𲮛
𲮜
𲮝
𲮞
𲮟
𲮠
𲮡
𲮢
𲮣
𲮤
𲮥
𲮦
𲮧
𲮨
𲮩
𲮪
𲮫
𲮬
𲮭
𲮮
𲮯
𲮰
𲮱
𲮲
𲮳
𲮴
𲮵
𲮶
𲮷
𲮸
𲮹
𲮺
𲮻
𲮼
𲮽
𲮾
𲮿
𲯀
𲯁
𲯂
𲯃
𲯄
𲯅
𲯆
𲯇
𲯈
𲯉
𲯊
𲯋
𲯌
𲯍
𲯎
𲯏
𲯐
𲯑
𲯒
𲯓
𲯔
𲯕
𲯖
𲯗
𲯘
𲯙