㒑
㒓
㒔
㒕
㒖
㒗
㒘
㓄
㔊
㕒
㕙
㗱
㗲
㗳
㗵
㗶
㗷
㗸
㗹
㗺
㙧
㙨
㙩
㙪
㙫
㙬
㙭
㙮
㙯
㚄
㜣
㜤
㜥
㜦
㜧
㜨
㝆
㝭
㝮
㝯
㝻
㞟
㞠
㠅
㠆
㠇
㠈
㠉
㠊
㠋
㠌
㠍
㠎
㠏
㠐
㠮
㡠
㢖
㢗
㢘
㢢
㣄
㣅
㣒
㣳
㣴
㥿
㦁
㦂
㦄
㦉
㦊
㦋
㦍
㦎
㦏
㦐
㦑
㦒
㦓
㦕
㦖
㦻
㦼
㨻
㨼
㩃
㩄
㩅
㩆
㩇
㩈
㩉
㩊
㩋
㩌
㩍
㩎
㩏
㩐
㩑
㪤
㪥
㪦
㪹
㫂
㫎
㫏
㬑
㬒
㬓
㬔
㬕
㬖
㬼
㬽
㬾
㮾
㮿
㯀
㯁
㯂
㯄
㯅
㯆
㯇
㯈
㯉
㯊
㯋
㯌
㯎
㯏
㯑
㯒
㯠
㱂
㱃
㱳
㱴
㲶
㵊
㵋
㵌
㵍
㵎
㵏
㵐
㵑
㵒
㵓
㵔
㵕
㵖
㵗
㵙
㵚
㵛
㵜
㷫
㷬
㷭
㷮
㷯
㷰
㷱
㷲
㹌
㹍
㹎
㹏
㹐
㺕
㺖
㺗
㺘
㺙
㻫
㻬
㻭
㻮
㻯
㻰
㻱
㻲
㻳
㻴
㼓
㼔
㼸
㼹
㼺
㽐
㽓
㽦
㽧
㽨
㾶
㾷
㾸
㾹
㾺
㾻
㾼
㾽
㾾
㾿
㿀
㿁
㿥
㿶
㿷
䁗
䁙
䁚
䁛
䁜
䁝
䁞
䁟
䁠
䁡
䃑
䃒
䃓
䃔
䃕
䃖
䃗
䄘
䄙
䅬
䅭
䅮
䅯
䅰
䅱
䅲
䅳
䅴
䅵
䅶
䆬
䆭
䆮
䈏
䈐
䈑
䈒
䈓
䈔
䈕
䈖
䈗
䈘
䈙
䈚
䈛
䈜
䈝
䈞
䈟
䈠
䈡
䈢
䈣
䈤
䈥
䈦
䈧
䈨
䈩
䊓
䊔
䊕
䊖
䊗
䊘
䊙
䋳
䋴
䋵
䋶
䋷
䋸
䋹
䋺
䋻
䋼
䋽
䋾
䋿
䌀
䌁
䌃
䌄
䌾
䌿
䍷
䎫
䎬
䎿
䏀
䐫
䐬
䐭
䐮
䐯
䐰
䐱
䐲
䐳
䐴
䑗
䑜
䑹
䑻
䔎
䔏
䔐
䔑
䔒
䔓
䔔
䔕
䔖
䔗
䔘
䔙
䔚
䔛
䔜
䔞
䔟
䔠
䔡
䔢
䔣
䔤
䔦
䔧
䔨
䔩
䔪
䔫
䔬
䕄
䖗
䗋
䗌
䗍
䗎
䗏
䗐
䗑
䗒
䗓
䗔
䗖
䘔
䙃
䙄
䙅
䙆
䙇
䙈
䙉
䙊
䙋
䙌
䙍
䚄
䚅
䚜
䚝
䚞
䚟
䚠
䛩
䛪
䛫
䛬
䛭
䛮
䛯
䛰
䛱
䛲
䛳
䛴
䛵
䛶
䛷
䛸
䜥
䜯
䜺
䝊
䝋
䝌
䝝
䝞
䝶
䝷
䝸
䝹
䝺
䝻
䝼
䝽
䝾
䝿
䞍
䞎
䞳
䞴
䞵
䞶
䞷
䞸
䟼
䟾
䟿
䠀
䠁
䠂
䠃
䠄
䠅
䠆
䠇
䠈
䠉
䠊
䠋
䠌
䠻
䡜
䡝
䡞
䡟
䢃
䢇
䢦
䢧
䢨
䢩
䣝
䣞
䣟
䣠
䣼
䣽
䣾
䣿
䤫
䤬
䤭
䤮
䤯
䤰
䤱
䤲
䦁
䦜
䦝
䦞
䦟
䦷
䧤
䧥
䧦
䧩
䧼
䧽
䨗
䨘
䨙
䩀
䩟
䪟
䪿
䫀
䫁
䫂
䬄
䬅
䬵
䬶
䬷
䬸
䬹
䬺
䭫
䭬
䭿
䮀
䮁
䮂
䮃
䮄
䮅
䯋
䯌
䯍
䯎
䯵
䯶
䰛
䰡
䰷
䰸
䰹
䰺
䰻
䰼
䰽
䰾
䲝
䲬
䲭
䲮
䲯
䲰
䲱
䲲
䲳
䲴
䲵
䲶
䲷
䲸
䴓
䴚
䴠
䴡
䴢
䴯
䴰
䵇
䵑
䵟
䶶
僶
僸
僺
僼
僽
僾
僿
儅
儇
儊
儌
儍
儎
儏
儙
凙
凚
劅
劆
劊
劋
劌
劎
劏
劐
勮
勯
匔
厱
叇
嘠
嘪
嘫
嘬
嘭
嘮
嘳
嘵
嘹
嘺
嘼
嘾
噁
噃
噄
噅
噆
噈
噊
噋
噍
噏
噒
噔
噕
噖
噗
噘
噙
噚
噜
噝
噢
噧
噵
圚
墀
墠
墡
墢
墣
墤
墥
墦
墧
墯
墰
墲
墵
墶
壿
夦
奫
嫴
嫶
嫸
嫼
嫽
嫾
嫿
嬁
嬂
嬃
嬄
嬆
嬇
嬊
嬍
嬎
嬏
嬘
嬞
寪
寭
寯
尵
屦
嵹
嶏
嶓
嶕
嶖
嶘
嶚
嶛
嶜
嶟
嶡
嶣
嶥
嶯
嶱
幜
幝
幠
幥
幩
廞
廤
徲
徺
慗
慜
慤
慦
慭
慸
慹
慿
憃
憄
憅
憉
憋
憕
憛
憞
憟
憡
憢
憣
憦
憪
憯
憰
憱
憳
憽
懂
懏
戭
摨
摰
摾
撀
撅
撆
撊
撋
撌
撍
撎
撏
撐
撔
撘
撙
撛
撜
撠
撡
撢
撣
撧
撨
撪
撬
撳
撴
撵
撷
撸
撺
擏
擑
擖
擛
敹
敻
斢
斳
暩
暪
暬
暰
暳
暶
暷
曂
曃
曏
槥
槦
槬
槱
槷
槸
槺
槼
樀
樁
樈
樉
樍
樎
樐
樖
樘
樜
樠
樦
樧
樬
樭
樯
樱
橗
橥
檛
歏
歑
歒
歶
殢
殣
殥
殦
氀
漀
漒
漦
漽
潏
潐
潓
潕
潖
潝
潣
潥
潧
潪
潫
潬
潱
潲
潵
潶
潷
潹
潻
潿
澅
澇
澊
澋
澏
澒
澓
澙
澛
澜
澝
澫
澻
濍
濎
濐
熜
熝
熞
熡
熣
熤
熦
熧
熩
熪
熫
熭
熰
熲
熴
熵
熼
熿
牅
犘
犙
犚
獋
獖
獘
獛
獜
獝
獞
獟
獠
獢
獤
瑬
瑺
瑻
瑼
瑽
璀
璂
璄
璊
璌
璎
璖
甊
甋
瘚
瘝
瘪
瘫
癊
皣
瞈
瞉
瞊
瞌
瞏
瞐
瞒
瞓
瞙
瞝
瞱
碽
碿
磂
磃
磄
磇
磉
磍
磏
磒
磗
磘
磙
磝
禜
禤
禥
稴
稶
稺
窱
窲
窴
箮
箰
箲
箳
箶
箷
箹
箺
箻
箽
箾
箿
篂
篃
篈
篍
篎
篐
篑
篒
篓
篨
糃
糆
糇
糉
糋
糌
糔
緛
緟
緥
緧
緪
緫
緭
緮
緰
緳
緵
緶
緷
緸
緼
緽
緾
緿
縀
縂
縃
縆
縇
縌
縎
縙
缬
缭
缮
缯
罶
罼
羬
羰
翧
翨
翪
翭
耧
聤
聥
聧
聩
聪
聫
聭
膒
膔
膗
膛
膞
膟
膡
膢
膷
膼
臱
艎
艐
艑
艒
艓
艔
艖
蒊
蓹
蔃
蔿
蕂
蕄
蕅
蕆
蕇
蕌
蕍
蕐
蕒
蕔
蕛
蕜
蕝
蕟
蕠
蕥
蕦
蕧
蕫
蕬
蕮
蕰
蕱
蕲
蕳
蕴
蕵
蕸
薘
薡
蜵
蝏
蝐
蝒
蝔
蝖
蝚
蝛
蝜
蝝
蝞
蝡
蝢
蝩
蝬
蝭
蝯
蝰
蝳
蝵
蝷
蝹
蝺
蝻
蝽
蝾
螀
螁
螆
螖
螝
衚
衜
褟
褠
褢
褣
褤
褦
褬
褯
褳
褴
褵
覢
覣
覤
覥
觐
觑
觬
觭
觮
觯
觰
誯
誱
誳
誴
誵
誶
誸
誺
誻
誽
諀
諁
諃
諅
諆
諈
諉
諊
諎
諑
諓
諔
諕
諘
諙
諣
諩
谳
谴
谵
谾
豍
貏
賝
賟
賥
賧
賨
賩
賫
賬
赜
趛
趜
趝
趞
趟
趠
趡
趢
趤
踑
踒
踓
踕
踗
踘
踙
踚
踛
踜
踤
踥
踦
踨
踩
踫
踬
踮
踯
踷
踺
踻
蹃
躷
躸
躹
躺
躼
輖
輘
輚
輠
輡
輢
輣
輤
輥
輧
輨
輬
辘
辳
遴
遹
遻
邆
鄳
鄵
鄶
鄸
醀
醁
醄
醆
醈
醊
醌
醏
銳
銴
銵
銶
銸
銺
銻
銼
銽
銾
鋃
鋄
鋅
鋇
鋈
鋉
鋊
鋍
鋑
鋔
鋕
鋖
鋘
鋚
鋛
鋜
鋝
鋞
鋟
鋡
鋢
鋦
鋨
鋫
鋬
鋯
鋰
鋱
鋴
鋵
鋶
錒
錓
镆
镇
镈
镉
镊
镋
镌
镍
镎
镏
镐
镑
镒
镓
镔
镕
镼
閯
閱
閳
隦
雓
霂
霃
霅
霉
靥
鞇
鞈
鞉
鞊
鞌
鞎
鞑
鞒
鞗
韏
韐
韯
頛
頜
頝
頟
頠
頢
頦
頧
頨
頩
頪
题
颙
颚
颛
颜
额
颲
颳
飘
飺
餋
餍
餑
餕
餙
馓
馔
駊
駋
駌
駍
駎
駓
駖
駗
駚
駜
駠
骣
骴
骺
骻
骿
髛
髬
髰
髲
髳
魇
魤
魧
魨
魩
魪
魭
魮
魰
魱
魸
鮔
鲠
鲡
鲢
鲣
鲤
鲥
鲦
鲧
鲨
鲩
鲪
鲫
鲬
鳷
鳸
鳹
鳺
鳻
鳼
鳽
鳾
鳿
鴀
鴁
鴄
鴅
鴌
鴍
鴔
鹝
鹞
鹟
鹠
鹡
鹢
鹣
鹤
鹶
麃
麄
麫
黅
黆
黓
鼒
齑
龉
龊
龦
龽
鿔
鿣
鿰
鿵
鿶
樂
魯
論
磊
樓
凜
樂
諾
數
諒
閭
黎
憐
撚
練
輦
瑩
寮
樂
遼
劉
戮
輪
履
隣
暴
﨧
磌
窱
調
諸
請
謁
龜
𢡊
𢡄
𥉉
𧻓
𠁓
𠁔
𠁸
𠃇
𠄜
𠅀
𠆁
𠆂
𠆃
𠆄
𠆅
𠆆
𠆇
𠆈
𠆉
𠆊
𠎷
𠎸
𠎹
𠎺
𠎻
𠎼
𠎽
𠎾
𠎿
𠏀
𠏁
𠏂
𠏃
𠏄
𠏅
𠏆
𠏇
𠏈
𠏉
𠏊
𠏋
𠏌
𠏍
𠏎
𠏏
𠏑
𠏓
𠏔
𠏕
𠏖
𠏗
𠏘
𠏙
𠏚
𠏛
𠏜
𠏝
𠏞
𠏟
𠏠
𠏡
𠏢
𠏣
𠏤
𠏥
𠏦
𠏧
𠒰
𠒱
𠒲
𠒴
𠒵
𠒶
𠒷
𠕪
𠕬
𠘊
𠘋
𠘌
𠘍
𠘎
𠘏
𠘐
𠘑
𠙫
𠙬
𠚛
𠚜
𠟠
𠟦
𠟧
𠟨
𠟩
𠟪
𠟫
𠟬
𠟭
𠟮
𠟯
𠟰
𠟱
𠟲
𠟳
𠟴
𠟵
𠟶
𠟷
𠟸
𠟹
𠢰
𠢱
𠢲
𠢳
𠢴
𠢵
𠤃
𠥜
𠥝
𠥞
𠥟
𠥠
𠥡
𠧀
𠧁
𠧂
𠧃
𠧄
𠨈
𠨉
𠨊
𠪭
𠪮
𠪯
𠪰
𠪱
𠪲
𠪳
𠪴
𠪵
𠪶
𠪷
𠪸
𠪹
𠬑
𠬒
𠮃
𠮄
𠮅
𠮆
𠹰
𠹱
𠹲
𠽡
𠽢
𠽣
𠽤
𠽥
𠽦
𠽧
𠽨
𠽩
𠽪
𠽫
𠽬
𠽭
𠽮
𠽯
𠽰
𠽱
𠽲
𠽳
𠽴
𠽵
𠽶
𠽷
𠽸
𠽹
𠽺
𠽻
𠽼
𠽽
𠽾
𠽿
𠾀
𠾁
𠾂
𠾃
𠾄
𠾅
𠾆
𠾇
𠾈
𠾉
𠾊
𠾋
𠾌
𠾍
𠾎
𠾏
𠾐
𠾑
𠾒
𠾓
𠾔
𠾕
𠾖
𠾗
𠾘
𠾙
𠾚
𠾛
𠾜
𠾝
𠾞
𠾟
𠾠
𠾡
𠾢
𠾣
𠾤
𠾥
𠾦
𠾨
𠾩
𠾪
𠾫
𠾬
𠾭
𠾮
𠾯
𠾰
𠾱
𠾲
𠾳
𠾴
𠾵
𠾶
𠾷
𠾸
𠾹
𠾺
𠾻
𠾼
𠾽
𠾾
𠾿
𠿀
𠿁
𠿂
𠿃
𠿄
𠿅
𠿆
𡀔
𡀦
𡈢
𡈣
𡈤
𡈦
𡈧
𡈨
𡈩
𡐞
𡐟
𡐠
𡐡
𡐢
𡐣
𡐤
𡐥
𡐦
𡐧
𡐨
𡐩
𡐪
𡐫
𡐬
𡐭
𡐮
𡐯
𡐰
𡐱
𡐲
𡐳
𡐴
𡐵
𡐶
𡐷
𡐸
𡐹
𡐺
𡐻
𡐼
𡐽
𡐾
𡐿
𡑀
𡑁
𡑂
𡑃
𡑄
𡑅
𡑆
𡑇
𡑈
𡑉
𡑊
𡑋
𡑌
𡑍
𡑎
𡑏
𡑐
𡑑
𡑒
𡑓
𡑔
𡑕
𡑖
𡑗
𡑘
𡑙
𡑚
𡑛
𡑜
𡑝
𡔼
𡔽
𡕶
𡕷
𡖿
𡗀
𡗁
𡙷
𡙸
𡙹
𡙺
𡙻
𡙼
𡙽
𡙾
𡙿
𡚀
𡚁
𡚂
𡚃
𡚄
𡚅
𡠖
𡠘
𡠲
𡡏
𡡐
𡡑
𡡒
𡡓
𡡔
𡡕
𡡖
𡡗
𡡘
𡡙
𡡚
𡡛
𡡜
𡡝
𡡞
𡡟
𡡠
𡡡
𡡢
𡡣
𡡤
𡡥
𡡦
𡡧
𡡨
𡡩
𡡪
𡡫
𡡬
𡡭
𡡮
𡡯
𡡰
𡡱
𡡲
𡡳
𡡴
𡡵
𡡶
𡡷
𡡸
𡡹
𡡺
𡡻
𡡼
𡡽
𡡾
𡡿
𡢀
𡢁
𡢂
𡢃
𡢄
𡢅
𡢆
𡢇
𡢈
𡢉
𡢊
𡢋
𡢌
𡢍
𡢏
𡢐
𡦗
𡦘
𡦙
𡦚
𡦛
𡦜
𡦝
𡪟
𡪠
𡪡
𡪢
𡪣
𡪤
𡪥
𡪦
𡪧
𡪨
𡪩
𡪪
𡪫
𡪬
𡪭
𡪮
𡪯
𡪰
𡪱
𡪲
𡪳
𡪴
𡪵
𡪶
𡪷
𡪸
𡪹
𡪺
𡪻
𡪼
𡪽
𡭃
𡭄
𡭅
𡭆
𡭇
𡭈
𡭉
𡮦
𡮧
𡮨
𡮩
𡮪
𡮫
𡮬
𡮭
𡮮
𡮯
𡰐
𡰑
𡰒
𡰓
𡰔
𡰕
𡳐
𡳑
𡳒
𡳓
𡳔
𡳕
𡳖
𡳗
𡳘
𡳙
𡳚
𡳛
𡳜
𡳝
𡳞
𡴦
𡴧
𡴨
𡴩
𡼊
𡼋
𡼌
𡼍
𡼎
𡼏
𡼐
𡼑
𡼒
𡼓
𡼔
𡼕
𡼖
𡼗
𡼘
𡼙
𡼚
𡼛
𡼜
𡼝
𡼟
𡼠
𡼡
𡼢
𡼣
𡼤
𡼥
𡼦
𡼧
𡼨
𡼩
𡼪
𡼫
𡼬
𡼭
𡼮
𡼯
𡼰
𡼱
𡼲
𡼳
𡼴
𡼵
𡼶
𡼷
𡼸
𡼹
𡼺
𡼻
𡼼
𢀃
𢀨
𢀩
𢀪
𢀫
𢁋
𢁌
𢄳
𢄴
𢄵
𢄶
𢄷
𢄸
𢄹
𢄺
𢄻
𢄼
𢄽
𢄾
𢄿
𢅀
𢅁
𢅂
𢅃
𢅄
𢅅
𢅆
𢅇
𢅈
𢅉
𢅊
𢅋
𢅌
𢆥
𢇐
𢇑
𢇒
𢇓
𢊭
𢊮
𢊯
𢊰
𢊱
𢊲
𢊳
𢊴
𢊵
𢊶
𢊷
𢊸
𢊹
𢊺
𢊻
𢊼
𢊽
𢊾
𢊿
𢋀
𢋁
𢍬
𢎑
𢎒
𢐞
𢐟
𢐠
𢐡
𢐢
𢐣
𢐤
𢑭
𢑮
𢒫
𢒬
𢒭
𢒮
𢒯
𢕪
𢕫
𢕬
𢕭
𢕮
𢕯
𢕰
𢕱
𢕲
𢕳
𢕴
𢕵
𢕶
𢕷
𢕸
𢠱
𢠲
𢠳
𢠴
𢠵
𢠶
𢠷
𢠸
𢠹
𢠺
𢠻
𢠼
𢠽
𢠾
𢠿
𢡀
𢡁
𢡂
𢡃
𢡄
𢡅
𢡆
𢡇
𢡈
𢡉
𢡊
𢡋
𢡌
𢡍
𢡎
𢡏
𢡐
𢡑
𢡒
𢡓
𢡔
𢡕
𢡖
𢡗
𢡘
𢡙
𢡚
𢡜
𢡝
𢡞
𢡟
𢡠
𢡡
𢡢
𢡣
𢡤
𢡥
𢡦
𢡧
𢡨
𢡩
𢡪
𢡫
𢡬
𢡭
𢡮
𢡯
𢡰
𢡱
𢡲
𢡳
𢡴
𢡵
𢡶
𢡷
𢡸
𢡹
𢡺
𢡻
𢡼
𢡽
𢡾
𢡿
𢢀
𢢁
𢢂
𢢃
𢢄
𢢅
𢢆
𢢇
𢢈
𢢉
𢢊
𢢋
𢢌
𢢍
𢢎
𢢏
𢢐
𢢑
𢧨
𢧲
𢧳
𢧴
𢧵
𢧶
𢧷
𢧸
𢧹
𢧺
𢧻
𢧼
𢧽
𢧾
𢧿
𢨀
𢨁
𢨂
𢨃
𢨄
𢨅
𢨆
𢩜
𢩝
𢩞
𢴠
𢴡
𢴢
𢴣
𢴤
𢴥
𢴦
𢴧
𢴨
𢴩
𢴪
𢴫
𢴬
𢴭
𢴮
𢴯
𢴰
𢴱
𢴲
𢴳
𢴴
𢴵
𢴶
𢴷
𢴸
𢴹
𢴺
𢴻
𢴼
𢴽
𢴾
𢴿
𢵀
𢵁
𢵂
𢵃
𢵄
𢵅
𢵆
𢵇
𢵈
𢵉
𢵊
𢵋
𢵌
𢵍
𢵎
𢵏
𢵐
𢵑
𢵒
𢵓
𢵔
𢵕
𢵖
𢵗
𢵘
𢵙
𢵚
𢵛
𢵜
𢵝
𢵞
𢵟
𢵠
𢵡
𢵢
𢵣
𢵤
𢵥
𢵦
𢵧
𢵨
𢵩
𢵪
𢵫
𢵬
𢵭
𢵮
𢵯
𢵰
𢵱
𢵲
𢵳
𢵴
𢵵
𢵶
𢵷
𢵸
𢵹
𢵺
𢵻
𢵼
𢵽
𢵾
𢷅
𢻝
𢻞
𢻟
𢿇
𢿈
𢿉
𢿊
𢿋
𢿌
𢿍
𢿎
𢿏
𢿐
𢿑
𢿒
𢿓
𢿔
𢿕
𢿖
𢿗
𢿘
𢿙
𢿚
𢿛
𢿜
𢿝
𣁚
𣁛
𣁜
𣁝
𣁞
𣁟
𣁠
𣁡
𣂉
𣂊
𣂋
𣂻
𣂼
𣂽
𣂾
𣂿
𣄔
𣄕
𣄖
𣄹
𣉻
𣉼
𣉽
𣉾
𣉿
𣊀
𣊁
𣊂
𣊃
𣊄
𣊅
𣊆
𣊇
𣊈
𣊊
𣊋
𣊌
𣊍
𣊎
𣊏
𣊐
𣊑
𣊒
𣊓
𣊔
𣊕
𣊖
𣊗
𣊘
𣊙
𣊚
𣊛
𣊜
𣊝
𣋇
𣍆
𣍇
𣍈
𣍉
𣍊
𣎒
𣎓
𣎔
𣎕
𣎖
𣎗
𣎘
𣎙
𣘕
𣘖
𣘗
𣘘
𣘙
𣘚
𣘛
𣘜
𣘝
𣘞
𣘟
𣘠
𣘡
𣘢
𣘣
𣘤
𣘥
𣘦
𣘧
𣘨
𣘩
𣘪
𣘫
𣘬
𣘭
𣘮
𣘯
𣘰
𣘱
𣘲
𣘳
𣘴
𣘵
𣘶
𣘷
𣘻
𣘼
𣘽
𣘾
𣘿
𣙀
𣙁
𣙂
𣙃
𣙄
𣙅
𣙆
𣙈
𣙉
𣙊
𣙋
𣙌
𣙍
𣙎
𣙏
𣙐
𣙑
𣙓
𣙔
𣙕
𣙖
𣙗
𣙘
𣙙
𣙚
𣙛
𣙜
𣙝
𣙞
𣙟
𣙠
𣙡
𣙢
𣙣
𣙤
𣙥
𣙦
𣙧
𣙨
𣙩
𣙪
𣙫
𣙬
𣙭
𣙮
𣙯
𣙰
𣙱
𣙲
𣙳
𣙴
𣙵
𣙶
𣙷
𣙸
𣙹
𣙺
𣛯
𣤈
𣤉
𣤊
𣤋
𣤌
𣤍
𣤎
𣤏
𣤐
𣤑
𣤒
𣤓
𣤔
𣤕
𣤖
𣤗
𣦋
𣦔
𣦕
𣦖
𣦗
𣦘
𣦙
𣦚
𣦛
𣩍
𣩎
𣩏
𣩐
𣩑
𣩒
𣩓
𣩔
𣩕
𣩖
𣩗
𣩘
𣩙
𣩚
𣩛
𣩜
𣪶
𣪷
𣪸
𣪹
𣪺
𣬒
𣯣
𣯤
𣯥
𣯦
𣯧
𣯨
𣯩
𣯪
𣯫
𣯬
𣯭
𣯮
𣯯
𣯰
𣯱
𣯲
𣯳
𣯴
𣯵
𣯶
𣯷
𣱪
𣱫
𣻴
𣼙
𣽃
𣽄
𣽅
𣽆
𣽇
𣽈
𣽉
𣽊
𣽋
𣽌
𣽍
𣽎
𣽏
𣽐
𣽑
𣽒
𣽓
𣽔
𣽕
𣽖
𣽗
𣽘
𣽙
𣽚
𣽛
𣽜
𣽝
𣽞
𣽟
𣽠
𣽡
𣽢
𣽣
𣽤
𣽥
𣽦
𣽧
𣽨
𣽩
𣽪
𣽫
𣽬
𣽭
𣽮
𣽯
𣽰
𣽱
𣽲
𣽳
𣽴
𣽵
𣽶
𣽷
𣽸
𣽹
𣽺
𣽻
𣽼
𣽽
𣽿
𣾀
𣾁
𣾂
𣾃
𣾄
𣾅
𣾆
𣾇
𣾈
𣾉
𣾊
𣾋
𣾌
𣾍
𣾎
𣾏
𣾐
𣾑
𣾒
𣾓
𣾔
𣾕
𣾖
𣾗
𣾘
𣾙
𣾚
𣾛
𣾜
𣾝
𣾞
𣾟
𣾠
𣾡
𣾢
𣾣
𣾤
𣾥
𣾦
𣾧
𣾨
𣾪
𣾫
𣾬
𣾭
𣾮
𣾯
𣾰
𣾱
𣾲
𣾳
𣾴
𣾵
𣾶
𣾷
𣾸
𣾹
𣾺
𣾻
𣾼
𣾽
𣾾
𣾿
𣿁
𣿂
𣿃
𣿄
𤌲
𤍐
𤍑
𤍒
𤍓
𤍔
𤍕
𤍖
𤍗
𤍘
𤍙
𤍚
𤍛
𤍜
𤍝
𤍞
𤍟
𤍠
𤍡
𤍢
𤍣
𤍤
𤍥
𤍦
𤍧
𤍨
𤍪
𤍫
𤍬
𤍭
𤍮
𤍯
𤍰
𤍱
𤍲
𤍳
𤍴
𤍵
𤍶
𤍷
𤍸
𤍹
𤍺
𤍻
𤍼
𤍽
𤍾
𤍿
𤎁
𤎂
𤎃
𤎄
𤎅
𤎆
𤎇
𤎈
𤎉
𤎊
𤎋
𤎌
𤎍
𤎎
𤎏
𤎐
𤎑
𤎒
𤎓
𤎔
𤎕
𤎖
𤎗
𤎘
𤎙
𤎚
𤎛
𤎜
𤔧
𤔨
𤔩
𤔪
𤔫
𤔬
𤔭
𤕦
𤕧
𤕨
𤖓
𤖔
𤖕
𤗨
𤗩
𤗪
𤗫
𤗬
𤗭
𤗮
𤗯
𤗰
𤗱
𤗲
𤘒
𤛊
𤛋
𤛌
𤛍
𤛎
𤛏
𤛐
𤛑
𤛒
𤛓
𤛔
𤛕
𤛖
𤛗
𤛘
𤛙
𤛚
𤛛
𤛜
𤛝
𤛞
𤛟
𤛠
𤡣
𤡤
𤡥
𤡦
𤡧
𤡨
𤡩
𤡪
𤡫
𤡬
𤡭
𤡮
𤡯
𤡰
𤡱
𤡲
𤡳
𤡴
𤡵
𤡶
𤡷
𤡸
𤡹
𤡺
𤡻
𤡼
𤡽
𤡾
𤡿
𤢀
𤢁
𤢂
𤢃
𤢄
𤢅
𤢆
𤢇
𤢈
𤢉
𤢊
𤢋
𤨔
𤨕
𤨖
𤨗
𤨘
𤨙
𤨚
𤨛
𤨜
𤨝
𤨞
𤨟
𤨠
𤨡
𤨢
𤨣
𤨤
𤨥
𤨦
𤨧
𤨨
𤨩
𤨪
𤨫
𤨬
𤨭
𤨮
𤨯
𤨰
𤨱
𤨲
𤨳
𤨴
𤨵
𤨶
𤨷
𤨸
𤨹
𤨺
𤨻
𤨼
𤨽
𤨾
𤨿
𤩁
𤬇
𤬍
𤬐
𤬑
𤬒
𤬓
𤬔
𤬕
𤭹
𤭺
𤭻
𤭼
𤭽
𤭾
𤭿
𤮀
𤮁
𤮂
𤮃
𤮄
𤯉
𤯊
𤯵
𤰋
𤰌
𤲷
𤲸
𤲹
𤲺
𤲻
𤲼
𤲽
𤲾
𤲿
𤳀
𤳁
𤳂
𤳃
𤳄
𤳅
𤳆
𤳇
𤴞
𤸪
𤸫
𤸬
𤸭
𤸮
𤸯
𤸰
𤸱
𤸲
𤸳
𤸴
𤸵
𤸶
𤸸
𤸹
𤸺
𤸻
𤸼
𤸽
𤸾
𤸿
𤹀
𤹁
𤹂
𤹃
𤹄
𤹅
𤹆
𤹇
𤹈
𤹉
𤹊
𤹋
𤹌
𤹍
𤹎
𤹏
𤹐
𤹑
𤹒
𤹓
𤹔
𤹕
𤹖
𤹗
𤹘
𤹙
𤹚
𤹛
𤹜
𤼷
𤼸
𤾔
𤾕
𤾖
𤾗
𤾘
𤾙
𤾚
𥀍
𥀎
𥀏
𥀐
𥀑
𥀒
𥀓
𥂇
𥂈
𥂉
𥂊
𥂋
𥂌
𥂍
𥂎
𥂏
𥂐
𥂑
𥂒
𥈼
𥈽
𥈾
𥈿
𥉀
𥉁
𥉂
𥉃
𥉄
𥉅
𥉆
𥉇
𥉈
𥉉
𥉊
𥉋
𥉍
𥉎
𥉏
𥉐
𥉑
𥉒
𥉓
𥉔
𥉕
𥉖
𥉗
𥉘
𥉙
𥉚
𥉛
𥉜
𥉝
𥉞
𥉟
𥉠
𥉡
𥉢
𥉣
𥉤
𥉥
𥉦
𥉧
𥉨
𥉩
𥉪
𥉫
𥉬
𥉭
𥉮
𥉯
𥉰
𥉱
𥉲
𥉳
𥊇
𥎂
𥎃
𥎄
𥎅
𥎆
𥎇
𥎈
𥎉
𥏲
𥏳
𥏴
𥏵
𥏶
𥏷
𥏸
𥏹
𥏺
𥔭
𥔮
𥔯
𥔰
𥔱
𥔲
𥔳
𥔴
𥔵
𥔶
𥔷
𥔸
𥔹
𥔺
𥔻
𥔼
𥔽
𥔾
𥔿
𥕀
𥕁
𥕂
𥕃
𥕄
𥕅
𥕆
𥕇
𥕈
𥕉
𥕊
𥕋
𥛘
𥛙
𥛚
𥛛
𥛜
𥛝
𥛞
𥛟
𥛠
𥛡
𥛢
𥛣
𥛤
𥛥
𥛦
𥛧
𥛨
𥛩
𥛪
𥛫
𥛬
𥛭
𥝅
𥝆
𥝇
𥠱
𥠲
𥠳
𥠴
𥠵
𥠶
𥠷
𥠸
𥠹
𥠺
𥠻
𥠼
𥠽
𥠾
𥠿
𥡀
𥡁
𥡂
𥡃
𥡄
𥡅
𥡆
𥡇
𥡈
𥡉
𥡊
𥡋
𥡌
𥡍
𥡎
𥡏
𥡐
𥡑
𥡒
𥡓
𥡔
𥡕
𥡖
𥡗
𥡘
𥡙
𥡚
𥡛
𥧐
𥧑
𥧒
𥧓
𥧕
𥧖
𥧗
𥧘
𥧙
𥧚
𥧛
𥧜
𥧝
𥧞
𥧟
𥧠
𥧡
𥧢
𥧣
𥧤
𥧥
𥧦
𥧧
𥧨
𥧩
𥧪
𥧫
𥪥
𥪦
𥪧
𥪨
𥪩
𥪪
𥪫
𥪬
𥯑
𥯒
𥯓
𥯔
𥯕
𥯖
𥯗
𥯘
𥯙
𥯚
𥯛
𥯜
𥯝
𥯞
𥯟
𥯠
𥯡
𥯢
𥯣
𥯤
𥯥
𥯦
𥯧
𥯨
𥯩
𥯪
𥯫
𥯬
𥯭
𥯮
𥯯
𥯰
𥯱
𥯲
𥯳
𥯴
𥯵
𥯶
𥯷
𥯸
𥯹
𥯺
𥯻
𥯼
𥯽
𥯾
𥯿
𥰀
𥰁
𥰂
𥰃
𥰄
𥰅
𥰆
𥰇
𥰈
𥰉
𥰊
𥰋
𥰌
𥰍
𥰎
𥰏
𥰐
𥰑
𥰒
𥰓
𥰔
𥰕
𥰖
𥰗
𥻁
𥻃
𥻄
𥻅
𥻆
𥻇
𥻈
𥻉
𥻊
𥻋
𥻌
𥻍
𥻎
𥻏
𥻐
𥻑
𥻒
𥻓
𥻔
𥻕
𥻖
𥻗
𥻙
𥻚
𥻛
𥻜
𥻝
𥻞
𥻟
𥻠
𥻡
𥻢
𥻣
𦂀
𦂁
𦂂
𦂃
𦂄
𦂅
𦂆
𦂇
𦂈
𦂉
𦂊
𦂋
𦂌
𦂍
𦂎
𦂏
𦂐
𦂑
𦂒
𦂓
𦂔
𦂕
𦂖
𦂗
𦂘
𦂙
𦂚
𦂛
𦂜
𦂝
𦂞
𦂟
𦂠
𦂡
𦂢
𦂣
𦂤
𦂥
𦂦
𦂨
𦂩
𦂪
𦂫
𦂬
𦂭
𦂮
𦂯
𦂰
𦂱
𦂲
𦂳
𦂴
𦂵
𦂶
𦂷
𦂸
𦂹
𦂺
𦂻
𦂼
𦂽
𦂾
𦂿
𦃀
𦃁
𦈛
𦈜
𦈝
𦉁
𦉂
𦉃
𦉄
𦉅
𦉆
𦉇
𦋯
𦋰
𦋱
𦋲
𦋳
𦋴
𦋵
𦋶
𦋷
𦋸
𦋹
𦋺
𦋻
𦋼
𦎢
𦎣
𦎤
𦎥
𦎦
𦎧
𦎨
𦎩
𦎪
𦎫
𦎬
𦎭
𦎮
𦑘
𦑙
𦑚
𦑛
𦑜
𦑝
𦑞
𦑟
𦑠
𦑡
𦑢
𦑣
𦑤
𦑥
𦑦
𦑧
𦑨
𦑩
𦑪
𦑫
𦑬
𦑭
𦑮
𦑯
𦑻
𦓄
𦓅
𦓘
𦓙
𦓚
𦓛
𦓜
𦔂
𦔃
𦔄
𦔅
𦔆
𦔇
𦔈
𦔉
𦔊
𦖢
𦖣
𦖤
𦖥
𦖦
𦖧
𦖨
𦖩
𦖪
𦖫
𦖬
𦖭
𦖮
𦖯
𦖰
𦖱
𦖲
𦖳
𦖴
𦖵
𦖶
𦖷
𦖸
𦖹
𦖺
𦖻
𦗇
𦘠
𦘡
𦘢
𦟘
𦟙
𦟚
𦟛
𦟜
𦟝
𦟞
𦟟
𦟠
𦟡
𦟢
𦟣
𦟤
𦟥
𦟦
𦟧
𦟨
𦟩
𦟪
𦟫
𦟬
𦟭
𦟮
𦟯
𦟰
𦟱
𦟲
𦟳
𦟴
𦟵
𦟶
𦟷
𦟸
𦟹
𦟺
𦟻
𦟼
𦟽
𦟾
𦟿
𦠀
𦠁
𦠂
𦣭
𦣯
𦤘
𦤙
𦤚
𦤛
𦤜
𦤝
𦥅
𦥆
𦥇
𦦅
𦦆
𦦇
𦦈
𦦉
𦦊
𦦋
𦦌
𦦍
𦦎
𦦔
𦧧
𦧨
𦧩
𦧪
𦧫
𦧬
𦧾
𦧿
𦩝
𦩞
𦩟
𦩠
𦩡
𦩢
𦩣
𦩤
𦩥
𦩦
𦩧
𦩨
𦩩
𦩪
𦩫
𦩬
𦩭
𦩮
𦩯
𦩰
𦩱
𦩲
𦩳
𦩿
𦫐
𦫤
𦫥
𦫦
𦫧
𦫨
𦫩
𦷿
𦸀
𦸁
𦸂
𦸃
𦸄
𦸅
𦸆
𦸇
𦸈
𦸉
𦸊
𦸋
𦸌
𦸍
𦸎
𦸏
𦸐
𦸑
𦸒
𦸓
𦸔
𦸕
𦸖
𦸗
𦸘
𦸙
𦸚
𦸛
𦸜
𦸝
𦸞
𦸟
𦸠
𦸡
𦸢
𦸣
𦸤
𦸥
𦸦
𦸧
𦸨
𦸩
𦸪
𦸫
𦸬
𦸭
𦸮
𦸯
𦸰
𦸱
𦸲
𦸳
𦸴
𦸵
𦸶
𦸷
𦸸
𦸹
𦸺
𦸻
𦸼
𦸾
𦸿
𦹁
𦹂
𦹃
𦹄
𦹅
𦹆
𦹇
𦹈
𦹉
𦹊
𦹋
𦹌
𦹍
𦹎
𦹏
𦹐
𦹑
𦹒
𦹓
𦹔
𦹕
𦹖
𦹗
𦹘
𦹙
𦹚
𦹛
𦹜
𦹝
𦹞
𦹟
𦹠
𦹡
𦹢
𦹣
𦹤
𦹦
𦹧
𦹨
𦹩
𦹪
𦹫
𦹬
𦹭
𦹮
𦹯
𦹰
𦹱
𦹲
𦹳
𦹴
𦹵
𦹶
𦹷
𦹸
𦹹
𦹺
𦹻
𦹼
𦹽
𦹾
𦹿
𦺀
𦺁
𦺂
𦺃
𦺄
𧇏
𧇐
𧇑
𧇒
𧇓
𧇔
𧇕
𧇖
𧇗
𧇘
𧇙
𧇚
𧇛
𧌰
𧍒
𧍓
𧍔
𧍕
𧍖
𧍗
𧍘
𧍙
𧍚
𧍛
𧍜
𧍝
𧍞
𧍟
𧍠
𧍡
𧍢
𧍣
𧍤
𧍥
𧍦
𧍧
𧍨
𧍩
𧍪
𧍫
𧍬
𧍭
𧍮
𧍯
𧍰
𧍱
𧍲
𧍳
𧍴
𧍵
𧍶
𧍷
𧍸
𧍹
𧍺
𧍻
𧍼
𧍽
𧍾
𧍿
𧎀
𧎁
𧎂
𧎃
𧎄
𧎅
𧎆
𧎇
𧎈
𧎉
𧎊
𧎋
𧎌
𧎍
𧎎
𧎏
𧎐
𧎑
𧎒
𧎓
𧎔
𧎕
𧎖
𧎗
𧎘
𧎙
𧎚
𧎛
𧎜
𧎝
𧎞
𧎟
𧎠
𧏇
𧗀
𧗁
𧗂
𧗃
𧗅
𧗹
𧗼
𧗽
𧛸
𧛹
𧛺
𧛻
𧛼
𧛽
𧛾
𧛿
𧜀
𧜁
𧜂
𧜃
𧜄
𧜅
𧜆
𧜇
𧜈
𧜉
𧜊
𧜋
𧜌
𧜍
𧜏
𧜐
𧜑
𧜒
𧜓
𧜔
𧜕
𧜖
𧜗
𧜘
𧜙
𧜚
𧜛
𧜜
𧜨
𧟹
𧟺
𧟻
𧡋
𧡌
𧡍
𧡎
𧡏
𧡐
𧡑
𧡒
𧡓
𧡔
𧡕
𧡖
𧡗
𧡘
𧡙
𧡚
𧡛
𧡜
𧡝
𧡞
𧡟
𧡠
𧣴
𧣵
𧣶
𧣷
𧣸
𧣹
𧣺
𧣻
𧣼
𧣽
𧣾
𧣿
𧤀
𧤁
𧤂
𧤃
𧤄
𧤅
𧤆
𧤇
𧤈
𧤉
𧤊
𧨦
𧨧
𧨨
𧨩
𧨪
𧨫
𧨬
𧨭
𧨮
𧨯
𧨰
𧨱
𧨲
𧨳
𧨴
𧨵
𧨶
𧨷
𧨸
𧨹
𧨺
𧨻
𧨼
𧨽
𧨾
𧨿
𧩀
𧩁
𧩂
𧩃
𧩄
𧩅
𧩆
𧩇
𧩈
𧩉
𧩊
𧩋
𧩌
𧩍
𧩎
𧩏
𧩐
𧩑
𧩒
𧩓
𧩔
𧩕
𧩖
𧩗
𧩘
𧩙
𧩚
𧩛
𧩜
𧩝
𧩞
𧩟
𧩠
𧩡
𧩢
𧮺
𧮻
𧮼
𧮽
𧮿
𧯭
𧯮
𧯯
𧯰
𧯱
𧯲
𧯳
𧯴
𧯵
𧯶
𧱘
𧱙
𧱚
𧱛
𧱜
𧱝
𧱞
𧱟
𧱠
𧱡
𧱢
𧱣
𧱤
𧱥
𧱦
𧱧
𧳙
𧳚
𧳛
𧳜
𧳝
𧳞
𧳟
𧳠
𧳡
𧳢
𧳣
𧳤
𧳥
𧳱
𧶛
𧶜
𧶝
𧶞
𧶟
𧶡
𧶢
𧶣
𧶤
𧶥
𧶦
𧶧
𧶨
𧶩
𧶪
𧶫
𧶬
𧶭
𧶮
𧶯
𧶰
𧹗
𧹧
𧹨
𧹩
𧹪
𧹫
𧼎
𧼏
𧼐
𧼑
𧼒
𧼓
𧼔
𧼕
𧼖
𧼗
𧼘
𧼙
𧼚
𧼛
𧼜
𧼞
𧼠
𧼡
𧼢
𧼣
𧼤
𧼥
𧼦
𧼧
𨁵
𨁶
𨁷
𨁸
𨁹
𨁺
𨁻
𨁼
𨁽
𨁾
𨁿
𨂀
𨂁
𨂂
𨂃
𨂄
𨂅
𨂆
𨂇
𨂈
𨂉
𨂋
𨂌
𨂍
𨂎
𨂏
𨂐
𨂑
𨂒
𨂓
𨂔
𨂕
𨂖
𨂗
𨂘
𨂙
𨂚
𨂛
𨂜
𨂟
𨉔
𨉕
𨉖
𨉗
𨉘
𨉙
𨉚
𨉛
𨉜
𨉝
𨉞
𨉟
𨉠
𨉡
𨌠
𨌡
𨌢
𨌣
𨌤
𨌥
𨌦
𨌧
𨌨
𨌩
𨌪
𨌫
𨌬
𨌭
𨌮
𨌯
𨌰
𨌱
𨌲
𨌳
𨌴
𨌵
𨌶
𨌷
𨌸
𨌹
𨌺
𨌻
𨌼
𨌽
𨌾
𨌿
𨍀
𨍁
𨍂
𨍃
𨍄
𨍅
𨍆
𨐜
𨐝
𨐞
𨐟
𨑈
𨖴
𨖵
𨖶
𨖷
𨖸
𨖹
𨖺
𨖻
𨖼
𨖽
𨖾
𨖿
𨗀
𨗁
𨗂
𨗃
𨗄
𨗅
𨗆
𨗇
𨗊
𨗋
𨗌
𨗍
𨗎
𨗏
𨗐
𨗑
𨗒
𨗔
𨗕
𨗖
𨗗
𨗘
𨗙
𨗚
𨗛
𨗜
𨗝
𨗞
𨗟
𨗠
𨗡
𨗢
𨗣
𨗤
𨞑
𨞒
𨞓
𨞔
𨞕
𨞖
𨞗
𨞘
𨞙
𨞚
𨞛
𨞜
𨞝
𨞞
𨞟
𨞠
𨞡
𨞢
𨞣
𨞤
𨞥
𨞦
𨡌
𨡍
𨡎
𨡏
𨡐
𨡑
𨡒
𨡓
𨡔
𨡕
𨡖
𨡗
𨡘
𨡙
𨡚
𨡛
𨡜
𨡝
𨡞
𨡟
𨡠
𨡡
𨡢
𨡣
𨡤
𨡥
𨡦
𨡧
𨡨
𨤕
𨤖
𨤗
𨤭
𨤮
𨤯
𨦬
𨦭
𨦮
𨦯
𨦰
𨦱
𨦲
𨦳
𨦴
𨦵
𨦶
𨦷
𨦸
𨦹
𨦼
𨦽
𨦾
𨦿
𨧀
𨧁
𨧂
𨧃
𨧄
𨧅
𨧆
𨧇
𨧈
𨧉
𨧊
𨧋
𨧌
𨧍
𨧎
𨧏
𨧐
𨧑
𨧒
𨧓
𨧔
𨧕
𨧖
𨧗
𨧘
𨧙
𨧚
𨧛
𨧜
𨧝
𨧞
𨧟
𨧠
𨧡
𨧢
𨧣
𨧤
𨧥
𨱍
𨱏
𨲇
𨲈
𨲉
𨲊
𨲋
𨲌
𨲎
𨲏
𨲐
𨲑
𨲒
𨴧
𨴨
𨴩
𨴪
𨴫
𨴬
𨴭
𨴮
𨴯
𨴰
𨴱
𨴲
𨴳
𨴴
𨴵
𨴶
𨴷
𨴸
𨴹
𨴺
𨴻
𨴼
𨴽
𨴾
𨴿
𨵀
𨵁
𨵂
𨵃
𨵄
𨵅
𨵆
𨵇
𨸋
𨸌
𨼪
𨼫
𨼬
𨼭
𨼮
𨼯
𨼰
𨼱
𨼳
𨼴
𨼵
𨼶
𨼷
𨼸
𨼹
𨼺
𨼻
𨼼
𨼽
𨼾
𨽸
𨽹
𨽺
𨽻
𨿋
𨿌
𨿍
𨿎
𨿏
𨿐
𨿑
𨿒
𨿓
𨿔
𨿕
𨿖
𨿗
𨿘
𨿙
𨿚
𨿛
𨿜
𨿝
𨿞
𨿟
𩂷
𩂸
𩂹
𩂺
𩂻
𩂼
𩂽
𩂾
𩂿
𩃀
𩃁
𩃂
𩃃
𩃄
𩃅
𩃆
𩃇
𩃈
𩃉
𩃊
𩃋
𩃌
𩃍
𩃎
𩃏
𩃐
𩃑
𩇸
𩇹
𩇺
𩇻
𩈙
𩈚
𩈛
𩈜
𩈝
𩈞
𩈟
𩈠
𩊐
𩊑
𩊒
𩊓
𩊔
𩊕
𩊖
𩊗
𩊘
𩊙
𩊚
𩊛
𩊜
𩊝
𩊞
𩊟
𩊡
𩊢
𩊣
𩊤
𩊥
𩊦
𩊧
𩊨
𩎤
𩎥
𩎦
𩎧
𩎨
𩎩
𩎪
𩎫
𩎬
𩎭
𩎮
𩐃
𩐞
𩐟
𩐠
𩐡
𩐢
𩐣
𩐤
𩐥
𩐦
𩒏
𩒑
𩒒
𩒓
𩒔
𩒕
𩒖
𩒗
𩒘
𩒙
𩒚
𩒛
𩒜
𩒝
𩒞
𩒟
𩒠
𩒡
𩒢
𩒣
𩒤
𩒥
𩒦
𩒧
𩒨
𩒩
𩒪
𩒫
𩒬
𩒭
𩗄
𩗅
𩗆
𩗇
𩗈
𩗉
𩗊
𩗋
𩗌
𩗍
𩗎
𩗐
𩗑
𩗒
𩙴
𩛝
𩛞
𩛟
𩛠
𩛡
𩛢
𩛣
𩛤
𩛥
𩛦
𩛧
𩛨
𩛩
𩛪
𩛫
𩛬
𩛭
𩛮
𩛯
𩛱
𩛲
𩛳
𩛴
𩛵
𩛶
𩛷
𩛸
𩛹
𩠏
𩠚
𩠛
𩠜
𩠝
𩠞
𩠟
𩠠
𩡂
𩡅
𩡆
𩡿
𩢆
𩢍
𩢎
𩢏
𩢐
𩢑
𩢒
𩢓
𩢔
𩢕
𩢖
𩢗
𩢘
𩢙
𩢚
𩢛
𩢜
𩢝
𩢞
𩢟
𩢠
𩢡
𩢢
𩢣
𩢤
𩢥
𩢦
𩢧
𩢨
𩢩
𩢪
𩢫
𩢬
𩢭
𩨎
𩨏
𩨽
𩨾
𩨿
𩩀
𩩁
𩩂
𩩃
𩩄
𩩅
𩩆
𩩇
𩩈
𩫊
𩫋
𩫌
𩫍
𩬑
𩬒
𩬓
𩬔
𩬕
𩬖
𩬗
𩬘
𩬙
𩬚
𩬛
𩬜
𩬝
𩬞
𩬟
𩬠
𩬡
𩬢
𩬣
𩬤
𩬥
𩬦
𩬧
𩬨
𩬩
𩬪
𩬫
𩬬
𩬭
𩬮
𩬯
𩰐
𩰠
𩰡
𩰯
𩰰
𩲺
𩲻
𩲼
𩲽
𩲾
𩲿
𩳀
𩳁
𩳂
𩳃
𩳄
𩳅
𩳆
𩳇
𩳈
𩳉
𩳊
𩳋
𩵠
𩵡
𩵢
𩵣
𩵤
𩵥
𩵦
𩵧
𩵨
𩵩
𩵪
𩵫
𩵬
𩵭
𩵮
𩵯
𩵰
𩵱
𩵲
𩵳
𩵴
𩵵
𩵶
𩵷
𩵸
𩵹
𩵺
𩵻
𩵼
𩵽
𩵾
𩵿
𩶀
𩾁
𩾂
𩾃
𩾄
𩾉
𩾰
𩾱
𩾲
𩾳
𩾴
𩾵
𩾶
𩾷
𩾸
𩾹
𩾺
𩾻
𩾼
𩾽
𩾾
𩾿
𩿀
𩿁
𩿂
𩿃
𩿄
𩿅
𩿆
𩿇
𩿈
𩿉
𩿊
𩿋
𩿌
𩿍
𩿏
𩿐
𩿑
𩿒
𩿓
𩿔
𩿕
𩿖
𩿗
𩿘
𩿙
𩿚
𩿛
𪉑
𪉒
𪉓
𪉔
𪉘
𪉙
𪉚
𪉛
𪊏
𪊐
𪊑
𪊒
𪊓
𪊔
𪊕
𪊖
𪊗
𪊘
𪊙
𪊚
𪌅
𪌆
𪌇
𪌈
𪌉
𪌊
𪌋
𪌌
𪌍
𪌎
𪌏
𪌐
𪌑
𪌒
𪌓
𪎎
𪎏
𪎕
𪎖
𪎗
𪎘
𪎙
𪎚
𪎵
𪎶
𪎷
𪎸
𪎹
𪏮
𪏯
𪐜
𪐝
𪐞
𪐟
𪐠
𪐡
𪐢
𪐣
𪓒
𪓓
𪔄
𪔅
𪔆
𪔸
𪔹
𪖐
𪜟
𪜥
𪝫
𪝬
𪝭
𪝮
𪝯
𪞃
𪞄
𪞅
𪞌
𪞮
𪟔
𪟦
𪟸
𪟹
𪠘
𪠙
𪠡
𪢅
𪢆
𪢇
𪢈
𪢉
𪢊
𪢋
𪢌
𪢍
𪤙
𪤚
𪤛
𪤜
𪤝
𪤞
𪤾
𪥟
𪥠
𪥡
𪦠
𪦡
𪦢
𪦣
𪦤
𪦥
𪧦
𪧧
𪧨
𪧩
𪧪
𪧻
𪧼
𪨄
𪨛
𪨜
𪩓
𪩔
𪩕
𪩖
𪩼
𪪇
𪪡
𪪢
𪪣
𪫉
𪬨
𪬩
𪬪
𪬫
𪬬
𪬭
𪭚
𪮫
𪮬
𪮭
𪮮
𪮯
𪮰
𪮱
𪮲
𪮳
𪮴
𪯇
𪯓
𪯔
𪯕
𪯖
𪯮
𪯿
𪰀
𪰾
𪰿
𪱀
𪱁
𪱂
𪱃
𪱄
𪱅
𪱕
𪱫
𪱬
𪳝
𪳞
𪳟
𪳠
𪳡
𪳢
𪳣
𪳤
𪳥
𪳦
𪳧
𪳨
𪳩
𪳪
𪳫
𪳬
𪴲
𪴼
𪵐
𪵡
𪷋
𪷌
𪷍
𪷎
𪷏
𪷐
𪷑
𪷒
𪷓
𪷔
𪷕
𪷖
𪷗
𪷘
𪷙
𪷚
𪷛
𪷜
𪹡
𪹢
𪹣
𪹤
𪹥
𪹦
𪹧
𪹨
𪹩
𪺖
𪺗
𪺠
𪺴
𪻉
𪼐
𪼑
𪼒
𪼓
𪼔
𪼕
𪼖
𪼽
𪼾
𪽝
𪽞
𪽶
𪽷
𪾄
𪾕
𪾵
𪾶
𪾷
𪾸
𪿍
𪿎
𪿬
𪿭
𪿮
𫀠
𫀡
𫁁
𫁂
𫁃
𫁄
𫁖
𫁩
𫁪
𫁫
𫂊
𫂋
𫂌
𫂍
𫂎
𫂏
𫃆
𫃇
𫃈
𫃳
𫃴
𫃵
𫃶
𫃷
𫄵
𫄶
𫄼
𫄽
𫅉
𫅖
𫅗
𫅘
𫅫
𫅬
𫅷
𫅽
𫆉
𫆯
𫆰
𫆱
𫆲
𫆳
𫆴
𫇋
𫇜
𫇝
𫉈
𫉉
𫉊
𫉋
𫉌
𫉍
𫉎
𫉏
𫉐
𫉑
𫉒
𫉓
𫉔
𫉕
𫉖
𫉗
𫉘
𫉙
𫉚
𫉛
𫉜
𫋊
𫋋
𫋌
𫋍
𫋎
𫋯
𫌇
𫌈
𫌉
𫌡
𫌬
𫌿
𫍀
𫍽
𫎂
𫎃
𫎚
𫎛
𫎯
𫎸
𫎹
𫎺
𫏏
𫏐
𫏑
𫏒
𫏓
𫏹
𫐕
𫐖
𫑄
𫑅
𫑆
𫑇
𫑈
𫑉
𫑊
𫑪
𫑫
𫑹
𫒝
𫒞
𫒟
𫒠
𫒡
𫒢
𫒣
𫒤
𫒥
𫔅
𫔆
𫔇
𫔈
𫔗
𫔡
𫔢
𫔣
𫔤
𫕙
𫕥
𫕦
𫖁
𫖇
𫖈
𫖷
𫗓
𫗲
𫗳
𫗼
𫗽
𫘯
𫘲
𫘶
𫘼
𫙅
𫙊
𫙑
𫙒
𫚙
𫚚
𫚛
𫚯
𫚰
𫚱
𫚲
𫛽
𫛾
𫜌
𫜔
𫜘
𫜠
𫜫
𫝛
𫝮
𫝯
𫝱
𫞍
𫞎
𫞏
𫞔
𫞜
𫞩
𫞭
𫞽
𫞾
𫞿
𫟁
𫟕
𫟘
𫠀
𫠄
𫠗
𫠾
𫠿
𫡌
𫡟
𫡠
𫣣
𫣧
𫣨
𫣩
𫣪
𫣫
𫣬
𫣱
𫣷
𫤻
𫥚
𫥛
𫥜
𫦘
𫦹
𫦺
𫧅
𫧘
𫧿
𫨞
𫨟
𫩊
𫫨
𫫩
𫫪
𫫬
𫫭
𫫮
𫫰
𫫱
𫫲
𫫳
𫫵
𫫻
𫬁
𫭒
𫮣
𫮦
𫮧
𫮨
𫮪
𫮫
𫮬
𫮭
𫮮
𫯅
𫯕
𫯖
𫯸
𫯹
𫯺
𫯻
𫯼
𫱬
𫱭
𫱮
𫱯
𫱱
𫱲
𫱳
𫱵
𫱶
𫱷
𫱽
𫲁
𫲄
𫲰
𫳽
𫳾
𫳿
𫴀
𫴁
𫴆
𫴴
𫴵
𫵈
𫵉
𫶔
𫶖
𫶙
𫷐
𫷜
𫷝
𫸀
𫸔
𫸼
𫸽
𫸿
𫹇
𫹈
𫹣
𫹤
𫹥
𫺸
𫺽
𫺾
𫻂
𫻃
𫻊
𫼂
𫼃
𫽷
𫽺
𫾂
𫾄
𫾅
𫾆
𫾇
𫾈
𫾉
𫾍
𫾎
𫿍
𫿎
𫿏
𫿐
𫿕
𫿶
𬀑
𬀒
𬀓
𬁌
𬁏
𬁐
𬁑
𬁫
𬂍
𬂎
𬄇
𬄈
𬄉
𬄊
𬄍
𬄎
𬄏
𬄐
𬄑
𬄒
𬄓
𬄔
𬄕
𬄖
𬄗
𬄘
𬄟
𬄠
𬄡
𬄤
𬄨
𬄫
𬆈
𬆉
𬆮
𬆯
𬇅
𬇓
𬈲
𬈳
𬈴
𬈶
𬈷
𬈹
𬈺
𬈻
𬈼
𬈽
𬈾
𬈿
𬉀
𬉁
𬉂
𬉃
𬉄
𬉆
𬉇
𬉋
𬋁
𬋂
𬋃
𬋄
𬋱
𬋲
𬋼
𬌊
𬌒
𬌨
𬍃
𬍆
𬍇
𬍼
𬎅
𬎈
𬎉
𬎊
𬎍
𬏌
𬏍
𬏎
𬏏
𬏐
𬏑
𬏒
𬐰
𬑞
𬑟
𬑠
𬑡
𬑣
𬑤
𬒛
𬒝
𬒢
𬓓
𬓔
𬓕
𬓗
𬓞
𬓵
𬓶
𬓷
𬓸
𬓹
𬔎
𬔏
𬔐
𬔧
𬕚
𬕛
𬕜
𬕝
𬕞
𬕠
𬕡
𬕦
𬖦
𬖧
𬖨
𬖩
𬖪
𬗨
𬗩
𬗪
𬗫
𬗬
𬗭
𬗮
𬗲
𬙃
𬙄
𬙆
𬙇
𬙈
𬙑
𬙒
𬙤
𬙥
𬙦
𬙷
𬙸
𬚏
𬚢
𬚥
𬚬
𬛈
𬛏
𬛐
𬛑
𬛒
𬛓
𬛧
𬛻
𬜉
𬜊
𬜋
𬜌
𬞊
𬞎
𬞏
𬞐
𬞑
𬞒
𬞓
𬞕
𬞖
𬞗
𬞘
𬞙
𬞠
𬞤
𬠛
𬠜
𬠝
𬠞
𬠟
𬠡
𬠢
𬡀
𬡧
𬡨
𬡩
𬡪
𬡾
𬡿
𬢀
𬢓
𬢘
𬢮
𬢯
𬢰
𬢱
𬢲
𬢳
𬤧
𬤨
𬤪
𬤳
𬥁
𬥂
𬥃
𬥉
𬥛
𬥜
𬥝
𬥞
𬥟
𬥠
𬦒
𬦓
𬦶
𬦸
𬦺
𬦻
𬧥
𬧦
𬧨
𬧩
𬧶
𬧷
𬨒
𬨓
𬩉
𬩊
𬩋
𬩌
𬩍
𬩏
𬩐
𬩔
𬩕
𬪕
𬫔
𬫕
𬫖
𬫘
𬫙
𬫚
𬫛
𬫜
𬫝
𬫞
𬫟
𬫠
𬫧
𬭦
𬭧
𬭩
𬭪
𬭫
𬭮
𬮊
𬮋
𬮌
𬮸
𬮹
𬯙
𬯚
𬯛
𬯜
𬯝
𬯮
𬯰
𬯼
𬯽
𬰜
𬰤
𬰫
𬰬
𬰭
𬰼
𬱃
𬱭
𬱮
𬱯
𬲏
𬲒
𬲓
𬲔
𬳑
𬳒
𬳕
𬴉
𬴊
𬴘
𬴴
𬵀
𬵅
𬵆
𬶒
𬶔
𬶕
𬶗
𬷀
𬷁
𬷂
𬷃
𬷄
𬸠
𬸡
𬸢
𬸣
𬸲
𬸶
𬸻
𬹊
𬹋
𬹌
𬹝
𬺆
𬺇
𬻰
𬼒
𬽙
𬽚
𬿯
𬿰
𬿱
𬿲
𬿳
𬿴
𬿵
𬿶
𬿷
𬿸
𬿹
𬿾
𭀴
𭁚
𭁜
𭂃
𭂅
𭂢
𭂣
𭂤
𭂥
𭃀
𭄒
𭅨
𭅩
𭅿
𭆖
𭆷
𭊢
𭊣
𭊤
𭊥
𭊦
𭊧
𭊨
𭊩
𭊪
𭊫
𭊯
𭊰
𭊱
𭊲
𭊳
𭊴
𭊵
𭊶
𭊸
𭊻
𭊽
𭊾
𭊿
𭋀
𭋁
𭋆
𭋇
𭋐
𭋑
𭋗
𭋙
𭍱
𭍲
𭍳
𭏪
𭏬
𭏭
𭏮
𭏯
𭏰
𭏱
𭏲
𭏳
𭏵
𭏶
𭏸
𭐘
𭐬
𭐾
𭐿
𭑢
𭒞
𭒟
𭒠
𭒡
𭒣
𭔒
𭔓
𭔕
𭔖
𭔗
𭕀
𭕁
𭕰
𭕱
𭕲
𭕳
𭕴
𭕵
𭗔
𭗕
𭗖
𭗘
𭗙
𭗚
𭗛
𭗜
𭗞
𭘵
𭘷
𭙴
𭙵
𭙶
𭙷
𭙸
𭙹
𭙻
𭙿
𭚀
𭛅
𭛆
𭛇
𭛉
𭛛
𭜁
𭜂
𭜃
𭜄
𭜅
𭜆
𭜇
𭞍
𭞏
𭞐
𭞑
𭞓
𭞔
𭞕
𭞗
𭞘
𭞢
𭞩
𭞪
𭞭
𭞱
𭞴
𭞵
𭞶
𭞹
𭞻
𭟺
𭟻
𭠊
𭢅
𭢇
𭢑
𭢗
𭢘
𭢙
𭢚
𭢛
𭢝
𭢞
𭢟
𭢠
𭢢
𭢥
𭢦
𭢧
𭢨
𭢬
𭣛
𭤈
𭤉
𭤊
𭤜
𭥂
𭥃
𭥄
𭧓
𭧔
𭧖
𭧗
𭧘
𭧚
𭧛
𭧜
𭧝
𭧞
𭧟
𭧠
𭧡
𭧤
𭧩
𭨟
𭨠
𭨡
𭨢
𭩄
𭩅
𭫠
𭫡
𭫢
𭫣
𭫤
𭫥
𭫦
𭫧
𭫪
𭫫
𭫬
𭫭
𭫮
𭫯
𭫰
𭫱
𭫲
𭫳
𭫴
𭫵
𭫶
𭫷
𭫸
𭫹
𭫺
𭫿
𭬅
𭬈
𭭓
𭭔
𭭮
𭭯
𭭰
𭭱
𭮝
𭮞
𭮺
𭮼
𭮽
𭯀
𭯉
𭯳
𭱮
𭲐
𭲒
𭲓
𭲔
𭲕
𭲖
𭲘
𭲙
𭲚
𭲛
𭲜
𭲞
𭲟
𭲠
𭲡
𭲢
𭲣
𭲥
𭲦
𭲧
𭲨
𭲩
𭲪
𭲫
𭵳
𭵴
𭵵
𭵷
𭵹
𭵺
𭵻
𭵼
𭶂
𭶄
𭶏
𭶶
𭶷
𭷰
𭷲
𭷳
𭸣
𭸨
𭸩
𭸬
𭹯
𭹰
𭹲
𭹳
𭹴
𭹵
𭺰
𭻥
𭻦
𭻬
𭻭
𭼃
𭼅
𭼞
𭼟
𭼣
𭼤
𭽄
𭽟
𭽠
𭽱
𭽲
𭽳
𭾌
𭾍
𭾎
𭾏
𭿐
𭿑
𭿒
𭿓
𭿔
𭿘
𭿻
𮀇
𮀈
𮀶
𮀷
𮀸
𮀹
𮀺
𮀻
𮀼
𮁁
𮂊
𮂋
𮂌
𮂍
𮂎
𮂏
𮂔
𮂗
𮃛
𮃜
𮃝
𮃞
𮃟
𮃠
𮃢
𮃥
𮃩
𮃫
𮄌
𮄍
𮄎
𮄑
𮄷
𮅡
𮅢
𮅣
𮅤
𮅥
𮅦
𮅧
𮅩
𮅪
𮅫
𮅬
𮅭
𮅮
𮅳
𮇭
𮇮
𮇯
𮇰
𮇱
𮇲
𮈣
𮈤
𮈥
𮈦
𮈧
𮈨
𮈩
𮈪
𮈫
𮈬
𮈭
𮈮
𮈯
𮈰
𮈴
𮈵
𮈶
𮉶
𮊌
𮊍
𮊐
𮊑
𮊒
𮊔
𮊗
𮊮
𮊯
𮋉
𮋊
𮋋
𮋌
𮋠
𮋶
𮋷
𮋸
𮌅
𮌆
𮌱
𮌲
𮌴
𮌶
𮌷
𮌸
𮌹
𮍰
𮍱
𮍺
𮍻
𮍼
𮍽
𮍾
𮎝
𮐹
𮐺
𮐻
𮐼
𮐽
𮐾
𮐿
𮑀
𮑁
𮑃
𮑄
𮑅
𮑇
𮑈
𮑉
𮑊
𮑍
𮑎
𮑏
𮑐
𮑓
𮑔
𮑕
𮑗
𮑘
𮑙
𮑟
𮑩
𮑱
𮒓
𮓧
𮓨
𮔞
𮔠
𮔡
𮔢
𮔣
𮔤
𮔥
𮔧
𮔬
𮖔
𮖖
𮖚
𮖛
𮖟
𮖠
𮖣
𮖤
𮖧
𮖨
𮖩
𮖪
𮗅
𮗕
𮗖
𮗗
𮘗
𮘘
𮘙
𮘚
𮘛
𮘜
𮘝
𮘞
𮘟
𮘠
𮘡
𮘣
𮙏
𮚋
𮚌
𮚍
𮚎
𮚏
𮚐
𮚑
𮚒
𮚓
𮚔
𮛠
𮛡
𮛢
𮛣
𮛤
𮛥
𮛦
𮛧
𮛨
𮛩
𮛪
𮛫
𮛬
𮛭
𮛮
𮝔
𮝕
𮝖
𮝗
𮝘
𮝙
𮝚
𮝛
𮝜
𮝼
𮟉
𮟊
𮟌
𮟍
𮟎
𮟏
𮟕
𮟾
𮠇
𮠈
𮠉
𮠊
𮠮
𮠰
𮠱
𮠲
𮠳
𮠴
𮠶
𮡙
𮡸
𮡹
𮡺
𮡼
𮡽
𮡿
𮢀
𮢁
𮢈
𮢐
𮣶
𮤁
𮤐
𮤓
𮤕
𮤸
𮥠
𮥡
𮥢
𮥣
𮥤
𮥪
𮥼
𮦐
𮦑
𮦒
𮦓
𮧌
𮧘
𮧙
𮧜
𮧱
𮧹
𮧺
𮨇
𮨈
𮨉
𮨊
𮨩
𮨪
𮨫
𮨵
𮩞
𮩡
𮩧
𮩨
𮩺
𮩻
𮩼
𮩽
𮪥
𮪩
𮪹
𮫀
𮫁
𮫂
𮫢
𮫱
𮫲
𮬞
𮬫
𮬬
𮬭
𮬮
𮬯
𮭨
𮭩
𮮈
𮮉
𮮊
𮮕
𮮼
𮰒
𮰭
𮱘
𮱣
𮱾
𮲒
𮲩
𮲹
𮲾
𮲿
𮳓
𮳔
𮳶
𮳷
𮴬
𮴭
𮴮
𮴯
𮴰
𮵷
𮶮
𮶯
𮶰
𮶱
𮶲
𮶳
𮷂
𮷧
𮷰
𮸙
𮸚
𮸛
𮸜
𮸶
𮸷
𮸸
𮹏
𮹐
𮹘
𮹝
噑
墬
憯
揅
摩
摾
撝
槪
𣚣
歔
潮
𣽞
𣾎
熜
瞋
䁆
磌
𥪧
𥪧
篆
築
䌁
緇
縂
𦓚
𣎓
蓳
蕤
蝹
蜨
蝫
螆
裺
跰
𨗒
𨗭
鋘
嶲
鼏
𰀝
𰁏
𰁛
𰁠
𰂳
𰂴
𰂵
𰂶
𰂷
𰂸
𰂹
𰃬
𰃭
𰄍
𰄗
𰄘
𰅃
𰅘
𰆉
𰆓
𰈩
𰈪
𰈫
𰈬
𰈭
𰈮
𰉔
𰊦
𰊧
𰊨
𰊩
𰊪
𰊫
𰊬
𰊭
𰊮
𰊯
𰊰
𰊱
𰋖
𰋱
𰌖
𰌗
𰍛
𰍜
𰍦
𰎃
𰎄
𰎅
𰎵
𰎶
𰎷
𰎸
𰏆
𰏟
𰐂
𰐃
𰐌
𰐒
𰐠
𰒊
𰒋
𰒎
𰒏
𰒐
𰒑
𰒓
𰒰
𰒱
𰒵
𰔟
𰔦
𰔧
𰔨
𰔩
𰕒
𰕓
𰕢
𰖡
𰖢
𰖣
𰖤
𰖥
𰖦
𰖧
𰖨
𰖩
𰖪
𰗌
𰗍
𰘖
𰘗
𰘘
𰘙
𰘚
𰘛
𰘜
𰘝
𰘞
𰘟
𰘠
𰘡
𰘢
𰘣
𰘤
𰙘
𰙶
𰙷
𰚁
𰚆
𰚇
𰚯
𰚰
𰚱
𰝃
𰝄
𰝅
𰝆
𰝇
𰝈
𰝊
𰝋
𰝌
𰝍
𰝎
𰝏
𰝐
𰟐
𰟑
𰟒
𰟓
𰟔
𰟕
𰟖
𰟗
𰟘
𰠇
𰠖
𰠻
𰢊
𰢋
𰢌
𰣏
𰣐
𰣑
𰣺
𰣻
𰣼
𰣽
𰤰
𰤱
𰥀
𰥁
𰥂
𰥸
𰥹
𰥺
𰥻
𰥼
𰥽
𰦛
𰦜
𰦝
𰧑
𰧒
𰧓
𰧔
𰧕
𰧖
𰧗
𰧘
𰨎
𰨏
𰨐
𰨱
𰨲
𰨳
𰨴
𰩖
𰩗
𰪅
𰪆
𰪇
𰪈
𰪉
𰪊
𰪋
𰪌
𰪍
𰪎
𰫂
𰫃
𰫄
𰫅
𰫮
𰫯
𰬷
𰬸
𰬹
𰬺
𰬻
𰭔
𰭕
𰭚
𰭫
𰮶
𰮻
𰯌
𰯍
𰯎
𰯏
𰯐
𰯑
𰯒
𰯓
𰯺
𰰇
𰰏
𰰐
𰰑
𰰙
𰱲
𰱳
𰱴
𰱵
𰲧
𰳊
𰳋
𰳌
𰳍
𰴒
𰴜
𰴼
𰴽
𰶉
𰶊
𰶋
𰶔
𰶝
𰶧
𰶨
𰶩
𰷆
𰷇
𰷈
𰷸
𰷹
𰸔
𰸕
𰸖
𰸗
𰸘
𰸙
𰸾
𰸿
𰹀
𰹓
𰹔
𰹕
𰹖
𰹗
𰹘
𰹙
𰹚
𰺘
𰺙
𰺨
𰻎
𰻏
𰻐
𰻑
𰻱
𰻼
𰼊
𰼋
𰼌
𰼭
𰼮
𰼯
𰼰
𰼱
𰼲
𰼳
𰼴
𰾧
𰾨
𰾩
𰾪
𰾫
𰾬
𰾭
𰾮
𰾯
𰿏
𰿑
𰿻
𰿼
𱀓
𱀖
𱀱
𱀲
𱀴
𱀵
𱀶
𱁔
𱁕
𱁖
𱁗
𱁘
𱁙
𱁚
𱁭
𱁮
𱁴
𱁵
𱂖
𱂗
𱂱
𱂲
𱂳
𱃟
𱃨
𱃩
𱄆
𱄇
𱄓
𱄔
𱄕
𱄖
𱄗
𱅪
𱅫
𱅮
𱅸
𱅹
𱅺
𱅿
𱆋
𱆌
𱆍
𱆥
𱆦
𱆧
𱆨
𱇬
𱇭
𱇮
𱇯
𱇰
𱇱
𱇲
𱇳
𱇴
𱈞
𱈟
𱊙
𱊚
𱊛
𱊜
𱊝
𱊞
𱊟
𱊶
𱋙
𱋚
𱋛
𱋜
𱋝
𱌴
𱌵
𱍦
𱍧
𱎑
𱎙
𱏔
𱏕
𱏖
𱏗
𱏭
𱐵
𱐶
𱑌
𱑐
𱑑
𱔗
𱔘
𱔙
𱔚
𱔛
𱔜
𱔝
𱔞
𱔟
𱔠
𱔡
𱔢
𱔣
𱔤
𱔥
𱔦
𱔧
𱔨
𱔩
𱔪
𱔫
𱔬
𱔭
𱔮
𱔯
𱔰
𱔱
𱔲
𱗴
𱗵
𱗶
𱗷
𱗸
𱗹
𱗺
𱗻
𱗼
𱗽
𱗾
𱗿
𱘀
𱘁
𱘂
𱘃
𱘠
𱙭
𱙮
𱚒
𱚓
𱚡
𱚢
𱚩
𱚿
𱛀
𱜍
𱜎
𱜏
𱜠
𱜵
𱜶
𱜷
𱝊
𱝋
𱝌
𱝍
𱝕
𱟅
𱟆
𱟇
𱟈
𱟉
𱟊
𱟋
𱟌
𱟎
𱟏
𱟐
𱟑
𱟟
𱟠
𱠲
𱠳
𱠴
𱠵
𱠶
𱠷
𱠸
𱡠
𱢡
𱢢
𱢣
𱢤
𱤈
𱤉
𱤊
𱤋
𱤌
𱤍
𱤎
𱥆
𱥥
𱧲
𱨦
𱨧
𱨨
𱨩
𱨪
𱨫
𱨬
𱨭
𱨮
𱨯
𱨰
𱨱
𱨲
𱨳
𱨴
𱨵
𱨶
𱨷
𱨸
𱨹
𱨺
𱨻
𱨼
𱨽
𱨾
𱨿
𱩀
𱩁
𱫽
𱫾
𱫿
𱬀
𱬁
𱬂
𱬃
𱬄
𱬅
𱬆
𱬇
𱬈
𱬉
𱬊
𱬋
𱬌
𱬍
𱬎
𱭅
𱭔
𱭠
𱭧
𱮡
𱮢
𱮣
𱮥
𱯏
𱯑
𱯘
𱯜
𱯝
𱯞
𱯟
𱯠
𱰍
𱰽
𱰾
𱱝
𱱞
𱱟
𱱠
𱱹
𱱼
𱱽
𱳅
𱳆
𱳣
𱴤
𱴥
𱴦
𱴧
𱴨
𱴩
𱴪
𱴫
𱴬
𱵡
𱵢
𱵣
𱵤
𱵥
𱵦
𱶛
𱶜
𱶝
𱶞
𱷏
𱷐
𱷑
𱷒
𱸍
𱸎
𱸏
𱸐
𱸑
𱸒
𱸓
𱸔
𱸕
𱹍
𱹎
𱹏
𱹐
𱹑
𱹒
𱹓
𱹺
𱹻
𱹼
𱺬
𱻇
𱻝
𱻞
𱻟
𱻠
𱻽
𱻾
𱼔
𱼕
𱼖
𱼗
𱼘
𱼙
𱼰
𱾎
𱾏
𱾐
𱾑
𱾒
𱾓
𱾔
𱾖
𱾗
𱾘
𱾚
𱾣
𱿒
𱿓
𱿯
𱿰
𱿱
𱿲
𱿳
𱿴
𱿵
𱿶
𱿷
𱿸
𱿹
𱿺
𱿻
𲀙
𲀚
𲀸
𲀹
𲀺
𲁪
𲁫
𲁬
𲁭
𲂕
𲂖
𲂦
𲂰
𲂱
𲃇
𲃏
𲃫
𲃬
𲃭
𲃮
𲃯
𲄣
𲄤
𲄥
𲄦
𲄷
𲄸
𲄹
𲅇
𲅮
𲅯
𲅰
𲅱
𲅲
𲅳
𲆝
𲆰
𲆱
𲇎
𲇏
𲈒
𲈓
𲈔
𲈫
𲉖
𲉸
𲊗
𲊧
𲊭
𲊮
𲊾
𲊿
𲋀
𲋗
𲋙
𲋵
𲋶
𲌊
𲌋
𲌍
𲌧
𲌨
𲌱
𲌲
𲍒
𲍓
𲍔
𲍛
𲍜
𲎁
𲎂
𲎋
𲎑
𲎒
𲎬
𲐋
𲑓
𲑔
𲑕
𲑖
𲑗
𲑴
𲑼
𲒂
𲒙
𲒵
𲒶
𲒷
𲒸
𲒹
𲖙
𲖚
𲖛
𲖜
𲖝
𲖞
𲖟
𲖠
𲖡
𲖢
𲖣
𲖤
𲖥
𲖦
𲖧
𲖨
𲖩
𲖪
𲖫
𲖬
𲖭
𲖮
𲖯
𲘫
𲚂
𲚃
𲚄
𲚅
𲚆
𲚇
𲚈
𲚉
𲚮
𲚸
𲚹
𲛮
𲛯
𲛰
𲜄
𲜅
𲞁
𲞂
𲞃
𲞄
𲞅
𲞆
𲞷
𲞸
𲟌
𲟕
𲟜
𲟞
𲟨
𲟩
𲠝
𲠟
𲠢
𲠣
𲠥
𲠦
𲠩
𲠪
𲠫
𲡓
𲡖
𲢖
𲢥
𲢦
𲢧
𲢨
𲢩
𲢪
𲢫
𲢬
𲢭
𲢮
𲢯
𲢰
𲢳
𲢴
𲢵
𲣭
𲣯
𲣿
𲤁
𲤳
𲤴
𲤵
𲤶
𲤷
𲤸
𲤹
𲥓
𲥣
𲦣
𲦤
𲦥
𲦦
𲦧
𲦨
𲦩
𲦪
𲦫
𲦬
𲧴
𲨓
𲨨
𲪄
𲪅
𲪆
𲪇
𲪈
𲪉
𲪊
𲪋
𲫿
𲬀
𲬁
𲬂
𲬃
𲭦
𲭧
𲭨
𲮴
𲮵
𲮶
𲮷
𲮸
𲮹
𲮺
𲮽
𲯫
𲯬
𲯰
𲯱
𲯲
𲯳
𲯴
𲯵
𲰗
𲱧
𲱨
𲱩
𲲄
𲲓
𲳃
𲳷
𲳸
𲳹
𲳺
𲳻
𲳼
𲳽
𲳾
𲴲
𲵢
𲵣
𲶁
𲶂
𲶃
𲶄
𲶅
𲷍
𲷎
𲷏
𲷐
𲸅
𲸆
𲸶
𲹌
𲹘
𲹙
𲹚
𲹛
𲹧
𲹳
𲹴
𲺡
𲺭
𲺮
𲺯
𲺰
𲺱
𲺲
𲻄
𲻖
𲻡
𲻢
𲻣
𲼧
𲼨
𲼩
𲼪
𲼫
𲼬
𲼭
𲼮
𲼯
𲼰
𲾃
𲾄
𲾼
𲾽
𲾾
𲾿
𲿀
𲿁
𲿂
𲿃
𲿄
𲿅
𳀖
𳀟
𳀠
𳀡
𳀾
𳀿
𳁀
𳁁
𳁂
𳁃
𳁯
𳁰
𳁱
𳁲
𳁳
𳂈
𳂚
𳂛
𳃖
𳃺
𳃻
𳃼
𳃽
𳄈
𳄉
𳄨
𳄩
𳄪
𳄫
𳄬
𳅋
𳅌
𳅘
𳅙
𳅦
𳅼
𳅽
𳅾
𳅿
𳆀
𳇯
𳇵
𳇼
𳇽
𳇾
𳇿
𳈮
𳈯
𳈰
𳈻
𳉎
𳉏
𳉐
𳉑
𳉒
𳉓
𳉔
𳊖
𳊗
𳊜
𳊝
𳊮
𳊯
𳊳
𳋃
𳋕
𳋖
𳋗
𳋱
𳌄
𳌢
𳌵
𳍅
𳍆
𳎗
𳎘
𳎙
𳎦
𳎧
𳎨
𳎩
𳎪
𳐑
𳐗
𳐟
𳐠
𳐡
𳑰
𳑹