䄦
䄧
䄨
䄩
䄪
䄫
䄬
䄭
䄮
䄯
䄰
䄱
䄲
䄳
䄴
䄵
䄶
䄷
䄸
䄹
䄺
䄻
䄼
䄽
䄾
䄿
䅀
䅁
䅂
䅃
䅄
䅅
䅆
䅇
䅉
䅊
䅋
䅌
䅍
䅎
䅐
䅑
䅒
䅓
䅔
䅕
䅖
䅗
䅘
䅙
䅚
䅛
䅜
䅝
䅞
䅟
䅠
䅡
䅢
䅤
䅥
䅦
䅧
䅨
䅩
䅪
䅫
䅬
䅭
䅮
䅯
䅰
䅱
䅲
䅳
䅴
䅵
䅶
䅷
䅸
䅹
䅺
䅻
䅼
䅽
䅾
䅿
䆀
䆁
䆂
䆃
䆄
䆅
䆆
䆇
䆈
䆉
䆊
䆋
䆌
䆍
䆎
䆏
䆐
秃
秄
秅
秆
秎
秏
秐
秓
秗
秙
秚
秛
秜
秝
秠
秢
秥
秨
秪
秮
积
秱
秲
秳
秴
秵
秶
秷
秸
秹
秺
秼
秽
秾
秿
稁
稂
稄
稅
稆
稇
稉
稌
稏
稐
稒
稓
稖
稝
稡
稢
稣
稤
稥
稦
稧
稨
稩
稪
稫
稬
稯
稰
稳
稴
稵
稶
稺
穁
穄
穅
穈
穊
穋
穑
穒
穓
穔
穕
穘
穚
穛
穞
穤
穥
穦
穨
穬
穮
穯
穱
穲
穳
鿟
鿠
稜
秊
𠞜
𥝌
𥝍
𥝎
𥝏
𥝐
𥝑
𥝒
𥝓
𥝔
𥝕
𥝖
𥝗
𥝘
𥝙
𥝚
𥝛
𥝜
𥝝
𥝞
𥝟
𥝠
𥝡
𥝢
𥝣
𥝤
𥝥
𥝦
𥝧
𥝨
𥝩
𥝪
𥝫
𥝬
𥝭
𥝮
𥝯
𥝰
𥝲
𥝳
𥝴
𥝵
𥝶
𥝷
𥝸
𥝹
𥝺
𥝻
𥝼
𥝽
𥝾
𥝿
𥞀
𥞁
𥞂
𥞃
𥞄
𥞅
𥞆
𥞇
𥞈
𥞉
𥞊
𥞋
𥞌
𥞍
𥞎
𥞏
𥞐
𥞑
𥞒
𥞓
𥞔
𥞕
𥞖
𥞗
𥞘
𥞙
𥞚
𥞛
𥞜
𥞝
𥞞
𥞟
𥞠
𥞡
𥞢
𥞣
𥞤
𥞥
𥞦
𥞧
𥞨
𥞪
𥞫
𥞬
𥞭
𥞮
𥞯
𥞰
𥞱
𥞲
𥞳
𥞵
𥞶
𥞷
𥞸
𥞹
𥞺
𥞻
𥞼
𥞽
𥞾
𥞿
𥟀
𥟁
𥟂
𥟃
𥟄
𥟅
𥟆
𥟇
𥟈
𥟉
𥟊
𥟋
𥟌
𥟍
𥟎
𥟏
𥟐
𥟑
𥟒
𥟓
𥟔
𥟕
𥟖
𥟗
𥟘
𥟙
𥟚
𥟛
𥟜
𥟝
𥟞
𥟟
𥟠
𥟡
𥟢
𥟣
𥟤
𥟥
𥟦
𥟧
𥟨
𥟩
𥟪
𥟫
𥟬
𥟭
𥟮
𥟯
𥟰
𥟱
𥟲
𥟳
𥟴
𥟵
𥟶
𥟷
𥟸
𥟹
𥟺
𥟻
𥟼
𥟽
𥟾
𥟿
𥠀
𥠁
𥠂
𥠃
𥠄
𥠅
𥠆
𥠇
𥠈
𥠉
𥠊
𥠋
𥠌
𥠍
𥠎
𥠏
𥠐
𥠑
𥠒
𥠓
𥠔
𥠕
𥠖
𥠗
𥠘
𥠙
𥠚
𥠛
𥠜
𥠝
𥠞
𥠟
𥠠
𥠡
𥠢
𥠣
𥠤
𥠥
𥠦
𥠧
𥠨
𥠩
𥠪
𥠫
𥠬
𥠭
𥠮
𥠯
𥠰
𥠱
𥠲
𥠳
𥠴
𥠵
𥠶
𥠷
𥠸
𥠹
𥠺
𥠻
𥠼
𥠽
𥠾
𥠿
𥡀
𥡁
𥡂
𥡃
𥡄
𥡅
𥡆
𥡇
𥡈
𥡉
𥡊
𥡋
𥡌
𥡍
𥡎
𥡏
𥡐
𥡑
𥡒
𥡓
𥡔
𥡕
𥡖
𥡗
𥡘
𥡙
𥡚
𥡛
𥡜
𥡝
𥡞
𥡟
𥡠
𥡡
𥡢
𥡣
𥡤
𥡥
𥡦
𥡧
𥡨
𥡩
𥡪
𥡫
𥡬
𥡭
𥡮
𥡯
𥡰
𥡱
𥡲
𥡳
𥡴
𥡵
𥡶
𥡷
𥡸
𥡹
𥡺
𥡻
𥡼
𥡽
𥡾
𥡿
𥢀
𥢁
𥢂
𥢃
𥢄
𥢅
𥢆
𥢇
𥢈
𥢉
𥢊
𥢋
𥢌
𥢍
𥢎
𥢏
𥢐
𥢑
𥢒
𥢓
𥢔
𥢕
𥢖
𥢗
𥢘
𥢙
𥢚
𥢛
𥢜
𥢝
𥢞
𥢟
𥢠
𥢡
𥢢
𥢣
𥢤
𥢥
𥢦
𥢧
𥢨
𥢩
𥢪
𥢫
𥢬
𥢭
𥢮
𥢯
𥢰
𥢱
𥢲
𥢳
𥢴
𥢵
𥢶
𥢷
𥢸
𥢹
𥢺
𥢻
𥢼
𥢽
𥢾
𥢿
𥣀
𥣁
𥣂
𥣃
𥣄
𥣅
𥣆
𥣇
𥣈
𥣉
𥣊
𥣋
𥣌
𥣍
𥣎
𥣏
𥣐
𥣑
𥣒
𥣓
𥣔
𥣕
𥣖
𥣗
𥣘
𥣙
𥣚
𥣛
𥣜
𥣝
𥣞
𥣟
𥣠
𥣡
𥣢
𥣣
𥣤
𥣥
𥣦
𥣧
𥣨
𥣩
𥣪
𥣫
𥣬
𥣭
𥣮
𥣯
𥣰
𥣱
𥣲
𥣳
𥣴
𥣵
𥣶
𥣸
𥣹
𥣺
𥣻
𥣼
𥣽
𥣾
𥣿
𥤀
𥤁
𥤂
𥤃
𥤄
𥤅
𥤆
𥤇
𥤈
𥤉
𥤊
𥤋
𥤌
𥤍
𥤎
𥤏
𥤐
𥤑
𥤒
𥤓
𥤕
𥤖
𥤗
𥤘
𥤙
𥤚
𥤛
𥤜
𥤝
𥤞
𥤟
𥤠
𥤡
𫀦
𫀧
𫀨
𫀩
𫀪
𫀫
𫀬
𫀭
𫀮
𫀯
𫀰
𫀱
𫀲
𫀳
𫀴
𫀵
𫀶
𫀷
𫀸
𫀹
𫀺
𫀻
𫀼
𫀽
𫀾
𫀿
𫁀
𫁁
𫁂
𫁃
𫁄
𫁅
𫁆
𫁇
𫁈
𫁉
𫞷
𫞸
𬓠
𬓡
𬓢
𬓣
𬓤
𬓥
𬓦
𬓧
𬓨
𬓩
𬓪
𬓫
𬓬
𬓭
𬓮
𬓯
𬓰
𬓱
𬓲
𬓳
𬓴
𬓵
𬓶
𬓷
𬓹
𬓺
𬓻
𬓼
𬓽
𬓾
𬓿
𬔀
𬔁
𬔂
𬔃
𬔄
𮂯
𮂰
𮂱
𮂲
𮂳
𮂴
𮂵
𮂶
𮂷
𮂸
𮂹
𮂺
𮂻
𮂼
𮂽
𮂾
𮂿
𮃀
𮃁
𮃂
𮃃
𮃄
𮃅
𮃆
𮃇
𮃈
𮃉
𮃊
𮃋
𮃌
𮃍
𮃎
𮃏
𮃐
𮃑
𮃒
𮃓
𮃔
𮃕
𮃖
𮃗
𮃘
𮃙
𮃚
𮃛
𮃜
𮃝
𮃞
𮃟
𮃠
𮃡
𮃢
𮃣
𮃤
𮃥
𮃦
𮃧
𮃨
𮃩
𮃪
𮃫
𮃬
𮃭
𮃮
𮃯
𮃰
𮃱
𮃲
𮃳
𮃴
𮃵
𮃶
𮃷
𮵠
𮵡
𮵢
𮵣
𮵤
秫
䄯
穀
穊
穏
𰨛
𰨜
𰨝
𰨞
𰨟
𰨠
𰨡
𰨢
𰨣
𰨤
𰨥
𰨦
𰨧
𰨨
𰨩
𰨪
𰨫
𰨬
𰨭
𰨮
𰨯
𰨰
𰨱
𰨲
𰨳
𰨴
𰨵
𰨶
𰨷
𰨸
𰨹
𰨺
𰨻
𰨼
𰨽
𰨾
𰨿
𰩀
𰩁
𰩂
𰩃
𱵼
𱵽
𱵾
𱵿
𱶀
𱶁
𱶂
𱶃
𱶄
𱶅
𱶆
𱶇
𱶈
𱶉
𱶊
𱶋
𱶌
𱶍
𱶎
𱶏
𱶐
𱶑
𱶒
𱶓
𱶔
𱶕
𱶖
𱶗
𱶘
𱶙
𱶚
𱶛
𱶜
𱶝
𱶞
𱶟
𱶠
𱶡
𱶢
𱶣
𱶤
𱶥
𱶦
𱶧
𱶨
𱶩
𱶪
𱶫
𱶬
𱶭
𱶮
𱶯
𲵅
𲵆
𲵇
𲵈
𲵉
𲵊
𲵋
𲵌
𲵍
𲵎
𲵏
𲵐
𲵑
𲵒
𲵓
𲵔
𲵕
𲵖
𲵗
𲵘
𲵙
𲵚
𲵛
𲵜
𲵝
𳏈