䪱
䪲
䪳
䪴
䪵
䪶
䪷
䪸
䪹
䪺
䪻
䪽
䪾
䪿
䫀
䫁
䫂
䫃
䫄
䫅
䫆
䫇
䫈
䫉
䫊
䫋
䫌
䫍
䫎
䫏
䫐
䫑
䫒
䫓
䫔
䫕
䫖
䫗
䫘
䫙
䫚
䫛
䫜
䫝
䫞
䫟
䫠
䫡
䫢
䫣
䫤
䫥
䫦
䫧
䫨
䫩
䫪
䫫
䫬
䫭
䫮
䫯
䫰
䫱
䫲
䫳
䫴
䫵
䫶
䫷
頇
頉
頋
頕
頙
頛
頜
頝
頟
頠
頢
頦
頧
頨
頩
頪
頮
頯
頱
頵
頶
頹
頺
頾
頿
顀
顁
顂
顃
顄
顅
顈
顉
顊
顐
顑
顜
顝
顟
顠
顡
顢
顣
顤
顨
顩
顪
顭
顮
顲
页
顶
顷
顸
项
顺
须
顼
顽
顾
顿
颀
颁
颂
颃
预
颅
领
颇
颈
颉
颊
颋
颌
颍
颎
颏
颐
频
颒
颓
颔
颕
颖
颗
题
颙
颚
颛
颜
额
颞
颟
颠
颡
颢
颣
颤
颥
颦
颧
領
頋
頻
𩑋
𩑌
𩑍
𩑎
𩑏
𩑐
𩑑
𩑒
𩑓
𩑔
𩑕
𩑖
𩑗
𩑘
𩑙
𩑚
𩑛
𩑜
𩑝
𩑞
𩑟
𩑠
𩑡
𩑢
𩑣
𩑤
𩑥
𩑦
𩑧
𩑨
𩑩
𩑪
𩑫
𩑬
𩑭
𩑮
𩑯
𩑰
𩑱
𩑲
𩑳
𩑴
𩑵
𩑶
𩑷
𩑸
𩑹
𩑺
𩑻
𩑼
𩑽
𩑾
𩑿
𩒀
𩒁
𩒂
𩒃
𩒄
𩒅
𩒆
𩒇
𩒈
𩒉
𩒊
𩒋
𩒌
𩒍
𩒎
𩒏
𩒑
𩒒
𩒓
𩒔
𩒕
𩒖
𩒗
𩒘
𩒙
𩒚
𩒛
𩒜
𩒝
𩒞
𩒟
𩒠
𩒡
𩒢
𩒣
𩒤
𩒥
𩒦
𩒧
𩒨
𩒩
𩒪
𩒫
𩒬
𩒭
𩒮
𩒯
𩒰
𩒱
𩒲
𩒳
𩒴
𩒵
𩒶
𩒷
𩒸
𩒹
𩒺
𩒻
𩒼
𩒽
𩒾
𩒿
𩓀
𩓁
𩓂
𩓃
𩓄
𩓅
𩓆
𩓇
𩓈
𩓉
𩓊
𩓋
𩓌
𩓍
𩓎
𩓏
𩓐
𩓑
𩓒
𩓓
𩓔
𩓕
𩓖
𩓗
𩓘
𩓙
𩓚
𩓛
𩓜
𩓝
𩓞
𩓟
𩓠
𩓡
𩓢
𩓣
𩓤
𩓥
𩓦
𩓧
𩓨
𩓩
𩓪
𩓫
𩓬
𩓭
𩓮
𩓯
𩓰
𩓱
𩓲
𩓳
𩓴
𩓵
𩓶
𩓷
𩓸
𩓹
𩓺
𩓻
𩓼
𩓽
𩓾
𩓿
𩔀
𩔁
𩔂
𩔃
𩔄
𩔅
𩔆
𩔇
𩔈
𩔉
𩔊
𩔋
𩔌
𩔍
𩔎
𩔏
𩔐
𩔑
𩔒
𩔓
𩔔
𩔕
𩔖
𩔗
𩔘
𩔙
𩔚
𩔛
𩔜
𩔝
𩔞
𩔟
𩔠
𩔡
𩔢
𩔣
𩔤
𩔥
𩔦
𩔧
𩔨
𩔩
𩔪
𩔫
𩔬
𩔭
𩔮
𩔯
𩔰
𩔱
𩔲
𩔳
𩔴
𩔵
𩔶
𩔷
𩔸
𩔹
𩔺
𩔻
𩔼
𩔽
𩔾
𩔿
𩕀
𩕁
𩕂
𩕃
𩕄
𩕅
𩕆
𩕇
𩕈
𩕉
𩕊
𩕋
𩕌
𩕍
𩕎
𩕏
𩕐
𩕑
𩕒
𩕓
𩕔
𩕕
𩕖
𩕗
𩕘
𩕙
𩕚
𩕛
𩕜
𩕝
𩕞
𩕟
𩕠
𩕡
𩕢
𩕣
𩕤
𩕥
𩕦
𩕧
𩕨
𩕩
𩕪
𩕫
𩕬
𩕭
𩕮
𩕯
𩕰
𩕱
𩕲
𩕳
𩕴
𩕵
𩕶
𩕷
𩕸
𩕹
𩕺
𩕻
𩕼
𩕽
𩕾
𩕿
𩖀
𩖁
𩖂
𩖃
𩖄
𩖅
𩖆
𩖇
𩖈
𩖉
𩖊
𩖋
𩖌
𩖍
𩖎
𩖏
𩖐
𩖑
𩖒
𩖓
𩖕
𩖖
𩖗
𫖝
𫖞
𫖟
𫖠
𫖡
𫖢
𫖣
𫖤
𫖥
𫖦
𫖧
𫖨
𫖩
𫖪
𫖫
𫖬
𫖭
𫖮
𫖯
𫖰
𫖱
𫖲
𫖳
𫖴
𫖵
𫖶
𫖷
𫖸
𫖹
𫖺
𫠆
𬰿
𬱀
𬱁
𬱂
𬱃
𬱄
𬱅
𬱆
𬱇
𬱈
𬱉
𬱊
𬱋
𬱌
𬱍
𬱎
𬱏
𬱐
𬱑
𬱒
𬱓
𬱔
𬱕
𬱖
𬱗
𬱘
𬱙
𬱚
𬱛
𬱜
𬱝
𬱞
𬱟
𬱠
𬱡
𬱢
𬱣
𬱤
𬱥
𬱦
𬱧
𬱨
𬱩
𬱪
𬱫
𬱬
𬱭
𬱮
𬱯
𬱰
𬱱
𬱲
𬱳
𮨀
𮨁
𮨂
𮨃
𮨄
𮨅
𮨆
𮨇
𮨈
𮨉
𮨊
𮨋
𮨌
𮨍
𮨎
𮨏
𮨐
𮨑
𮨒
𮨓
𮨔
𮨕
𮨖
𮨗
𮨘
𮨙
𮨚
𮨛
𮨜
𮨝
𮨞
𮨟
𮨠
𮨡
𮨢
𮨣
𮨤
𮨥
𮸴
𮸵
𮸶
𮸷
𮸸
𮸹
𮸺
䪲
𩒖
頋
頋
頩
𱂔
𱂕
𱂖
𱂗
𱂘
𱂙
𱂚
𱂛
𱂜
𱂝
𱂞
𱂟
𱂠
𱂡
𱂢
𱂣
𱂤
𱂥
𱂦
𱂧
𱂨
𱂩
𱂪
𱂫
𱂬
𱂭
𱂮
𱂯
𱂰
𱂱
𱂲
𱂳
𱂴
𱂵
𱂶
𱂷
𱂸
𱂹
𱂺
𱂻
𲊪
𲊫
𲊬
𲊭
𲊮
𲊯
𲊰
𲊱
𲊲
𲊳
𲊴
𲊵
𲊶
𲊷
𲊸
𲊹
𲊺
𲊻
𲊼
𲊽
𲊾
𲊿
𲋀
𲋁
𲋂
𲋃