䢳
䢴
䢶
䢷
䢸
䢹
䢺
䢻
䢼
䢽
䢾
䢿
䣀
䣁
䣂
䣃
䣄
䣅
䣆
䣇
䣈
䣉
䣊
䣋
䣌
䣍
䣎
䣏
䣐
䣑
䣒
䣓
䣔
䣕
䣖
䣗
䣘
䣙
䣚
䣛
䣜
䣝
䣞
䣟
䣠
䣡
䣢
䣣
䣤
邒
邓
邔
邖
邘
邚
邜
邝
邞
邟
邠
邤
邥
邧
邩
邫
邬
邭
邮
邲
邴
邷
邹
邺
邻
邼
邽
邿
郀
郂
郆
郉
郋
郌
郍
郏
郐
郑
郒
郓
郔
郕
郖
郘
郙
郚
郠
郣
郥
郦
郧
郩
郪
郬
郮
郰
郱
郳
郸
郹
郺
郻
郼
鄁
鄃
鄅
鄇
鄈
鄉
鄊
鄋
鄌
鄍
鄎
鄏
鄐
鄑
鄓
鄗
鄚
鄛
鄝
鄟
鄠
鄡
鄤
鄥
鄦
鄨
鄩
鄪
鄫
鄬
鄮
鄳
鄵
鄶
鄸
鄻
鄼
鄾
鄿
酀
酁
酂
酃
酄
酅
郎
郞
𨙨
𨙩
𨙪
𨙫
𨙬
𨙭
𨙮
𨙯
𨙰
𨙱
𨙲
𨙳
𨙴
𨙵
𨙶
𨙷
𨙸
𨙹
𨙺
𨙻
𨙼
𨙽
𨙾
𨙿
𨚀
𨚁
𨚂
𨚃
𨚄
𨚅
𨚆
𨚇
𨚈
𨚉
𨚊
𨚋
𨚌
𨚍
𨚎
𨚏
𨚐
𨚑
𨚒
𨚓
𨚔
𨚕
𨚖
𨚗
𨚘
𨚙
𨚚
𨚛
𨚜
𨚝
𨚞
𨚟
𨚠
𨚡
𨚢
𨚣
𨚤
𨚥
𨚦
𨚧
𨚨
𨚩
𨚪
𨚫
𨚬
𨚭
𨚮
𨚯
𨚰
𨚱
𨚲
𨚳
𨚴
𨚵
𨚶
𨚷
𨚸
𨚹
𨚺
𨚻
𨚼
𨚽
𨚾
𨚿
𨛀
𨛁
𨛂
𨛃
𨛄
𨛅
𨛆
𨛇
𨛈
𨛉
𨛊
𨛋
𨛌
𨛍
𨛎
𨛏
𨛐
𨛑
𨛒
𨛓
𨛔
𨛕
𨛖
𨛘
𨛙
𨛚
𨛛
𨛜
𨛝
𨛞
𨛟
𨛠
𨛡
𨛢
𨛣
𨛤
𨛥
𨛦
𨛧
𨛨
𨛩
𨛪
𨛫
𨛬
𨛭
𨛮
𨛯
𨛰
𨛱
𨛲
𨛳
𨛴
𨛵
𨛶
𨛷
𨛸
𨛹
𨛻
𨛼
𨛽
𨛾
𨛿
𨜀
𨜁
𨜂
𨜃
𨜄
𨜅
𨜆
𨜇
𨜈
𨜉
𨜊
𨜋
𨜌
𨜍
𨜎
𨜏
𨜐
𨜑
𨜒
𨜓
𨜔
𨜕
𨜖
𨜗
𨜘
𨜙
𨜚
𨜛
𨜜
𨜝
𨜞
𨜟
𨜠
𨜡
𨜢
𨜣
𨜤
𨜥
𨜦
𨜧
𨜨
𨜩
𨜪
𨜫
𨜬
𨜭
𨜮
𨜯
𨜰
𨜱
𨜲
𨜳
𨜴
𨜵
𨜶
𨜷
𨜸
𨜹
𨜺
𨜻
𨜼
𨜽
𨜾
𨜿
𨝀
𨝁
𨝂
𨝃
𨝄
𨝅
𨝆
𨝇
𨝈
𨝉
𨝊
𨝋
𨝌
𨝍
𨝎
𨝏
𨝐
𨝑
𨝒
𨝓
𨝔
𨝕
𨝖
𨝗
𨝘
𨝙
𨝚
𨝛
𨝜
𨝝
𨝞
𨝟
𨝠
𨝡
𨝢
𨝣
𨝤
𨝥
𨝦
𨝧
𨝨
𨝩
𨝪
𨝫
𨝬
𨝭
𨝮
𨝯
𨝰
𨝱
𨝲
𨝳
𨝴
𨝵
𨝶
𨝷
𨝸
𨝹
𨝺
𨝻
𨝼
𨝽
𨝾
𨝿
𨞀
𨞁
𨞂
𨞃
𨞄
𨞅
𨞆
𨞇
𨞈
𨞉
𨞊
𨞋
𨞌
𨞍
𨞎
𨞏
𨞐
𨞑
𨞒
𨞓
𨞔
𨞕
𨞖
𨞗
𨞘
𨞙
𨞚
𨞛
𨞜
𨞝
𨞞
𨞟
𨞠
𨞡
𨞢
𨞣
𨞤
𨞥
𨞦
𨞧
𨞨
𨞩
𨞪
𨞫
𨞬
𨞭
𨞮
𨞯
𨞰
𨞱
𨞲
𨞳
𨞴
𨞵
𨞶
𨞷
𨞸
𨞹
𨞺
𨞻
𨞼
𨞽
𨞾
𨞿
𨟀
𨟁
𨟂
𨟃
𨟄
𨟅
𨟆
𨟇
𨟈
𨟉
𨟊
𨟋
𨟌
𨟍
𨟎
𨟏
𨟐
𨟑
𨟒
𨟓
𨟔
𨟕
𨟖
𨟗
𨟘
𨟙
𨟚
𨟛
𨟜
𨟝
𨟞
𨟟
𨟠
𨟡
𨟢
𨟣
𨟤
𨟥
𨟦
𨟧
𨟨
𨟩
𨟪
𨟫
𨟬
𨟭
𨟮
𨟯
𫑗
𫑘
𫑙
𫑚
𫑛
𫑜
𫑝
𫑞
𫑟
𫑠
𫑡
𫑢
𫑣
𫑤
𫑥
𫑦
𫑧
𫑨
𫑩
𫑪
𫑫
𫑬
𫑭
𫑮
𫑯
𫑰
𫑱
𫑲
𫜷
𫟫
𫟬
𫟭
𬩳
𬩴
𬩵
𬩶
𬩷
𬩸
𬩹
𬩺
𬩻
𬩼
𬩽
𬩾
𬩿
𬪀
𬪁
𬪂
𬪃
𬪄
𬪅
𬪆
𬪇
𬪈
𬪉
𬪊
𬪋
𬪌
𬪍
𬪎
𬪏
𬪐
𬪑
𬪒
𬪓
𬪔
𬪕
𬪖
𬪗
𬪘
𬪙
𬪚
𬪛
𬪜
𬪝
𬪞
𬪟
𬪠
𬪡
𬪢
𬪣
𬪤
𬪥
𮟪
𮟫
𮟬
𮟭
𮟮
𮟯
𮟰
𮟱
𮟲
𮟳
𮟴
𮟵
𮟶
𮟷
𮟸
𮟹
𮟺
𮟻
𮟼
𮟽
𮟾
𮟿
𮠀
𮠁
𮠂
𮠃
𮠄
𮠅
𮠆
𮠇
𮠈
𮠉
𮠊
𮠋
𮠌
𮠍
𮠎
𮠏
𮠐
𮠑
𮠒
𮠓
𮠔
𮷨
𮷩
𮷪
𮷫
𮷬
𮷭
邔
郱
鄑
𨜮
鄛
𰻟
𰻠
𰻡
𰻢
𰻣
𰻤
𰻥
𰻦
𰻧
𰻨
𰻩
𰻪
𰻫
𰻬
𰻭
𰻮
𰻯
𰻰
𰻱
𰻲
𰻳
𰻴
𰻵
𰻶
𰻷
𰻸
𰻹
𰻺
𰻻
𰻼
𰻽
𰻾
𰻿
𰼀
𰼁
𰼂
𲆏
𲆐
𲆑
𲆒
𲆓
𲆔
𲆕
𲆖
𲆗
𲆘
𲆙
𲆚
𲆛
𲆜
𲆝
𲆞
𲆟
𲆠
𲆡
𲆢
𲆣
𲆤