㒩
㘙
㘚
㩵
㩶
㩷
㪻
㬮
㰙
㰚
㰛
㰜
㱍
㱻
㶛
㶜
㶝
㸏
㸐
㼈
㽯
㿙
䂂
䂃
䉲
䉳
䉴
䉵
䊱
䊲
䌮
䍎
䕻
䕼
䘊
䘋
䘌
䙬
䙭
䜢
䜩
䞋
䟐
䠭
䠮
䡁
䣣
䣤
䥯
䥰
䥱
䥲
䥳
䥴
䨵
䨶
䪇
䪈
䪝
䪥
䬞
䭡
䭢
䭣
䭤
䮷
䮸
䮹
䯤
䰮
䲉
䲊
䲋
䲌
䲍
䲎
䲏
䳾
䳿
䴀
䴁
䴂
䴃
䴄
䴅
䴆
䴝
䵃
䵏
䵛
䵰
䶈
䶉
䶞
䶟
儽
劙
劚
囏
囐
囒
壨
奲
孏
巚
彏
戁
戃
戄
攥
攨
曪
曫
曮
欕
毊
灓
灙
灚
灛
灜
灡
爢
玃
禶
禷
籢
籣
籦
籨
纕
臢
艬
虃
虅
虇
蠯
蠰
蠳
蠸
襵
襺
襼
觾
讇
讈
讍
讏
贙
贚
趱
躛
躜
躠
鑕
鑗
鑘
鑙
鑜
鑟
鑡
鑤
鑥
鑦
韅
韤
顮
颧
馪
驖
驙
驜
鬞
魗
魙
鱍
鱎
鱕
鱖
鱙
鷡
鷢
鷤
鷥
鷪
鷮
鷰
鷱
鷳
鷶
鷷
鷻
鷼
黂
黲
黳
鼆
鼶
鼸
齃
齄
齮
齯
齱
鿦
戀
鱗
麟
𠃈
𠑪
𠑫
𠑬
𠑭
𠑮
𠑯
𠓕
𠓖
𠖫
𠠮
𠣈
𠣉
𠫌
𠫍
𠫎
𠮖
𡅰
𡅱
𡅲
𡅳
𡅴
𡅵
𡅶
𡅷
𡅸
𡔊
𡔋
𡔌
𡔍
𡔎
𡖂
𡚠
𡚡
𡚢
𡤫
𡤬
𡤭
𡬌
𡿒
𡿓
𢆂
𢆮
𢌍
𢌎
𢌏
𢌐
𢌑
𢑾
𢖦
𢥯
𢥰
𢥱
𢥲
𢥳
𢥴
𢥵
𢥶
𢥷
𢥸
𢥹
𢥺
𢩣
𢩤
𢺖
𢺗
𢺘
𢺙
𢺚
𢺛
𢺜
𢺝
𣀵
𣀶
𣀷
𣀸
𣀹
𣀺
𣁫
𣄩
𣌖
𣎱
𣠷
𣠸
𣠹
𣠺
𣠻
𣠼
𣠾
𣠿
𣡀
𣡁
𣡂
𣡃
𣡄
𣡅
𣡆
𣡇
𣡈
𣡉
𣡊
𣤽
𣦱
𣦲
𣩿
𣪀
𣪁
𣫢
𣫣
𣫤
𣫥
𣰿
𣱀
𣱁
𤅊
𤅋
𤅌
𤅍
𤅎
𤅏
𤅐
𤅑
𤅒
𤅓
𤅔
𤅕
𤅖
𤅗
𤅘
𤅙
𤅚
𤅛
𤅜
𤅝
𤅞
𤅟
𤒼
𤓈
𤓉
𤓊
𤓋
𤓌
𤓍
𤓎
𤓏
𤓐
𤓑
𤓒
𤓓
𤓔
𤓕
𤓖
𤕈
𤕉
𤕊
𤖤
𤜑
𤜒
𤜓
𤣛
𤣜
𤣝
𤣞
𤫙
𤫚
𤫛
𤫜
𤫝
𤫞
𤫟
𤬠
𤬡
𤮰
𤮱
𤮲
𤮳
𤮴
𤮵
𤰑
𤴂
𤴃
𤴄
𤼐
𤼑
𤼒
𤼓
𤼔
𤼕
𤼖
𤼗
𤾾
𤾿
𥃘
𥃙
𥃞
𥍈
𥍉
𥍊
𥍋
𥍌
𥍍
𥍎
𥎡
𥎢
𥎣
𥐐
𥐓
𥐔
𥗫
𥗬
𥗭
𥗮
𥗯
𥗰
𥗱
𥗲
𥗳
𥜰
𥜱
𥜲
𥜳
𥤊
𥤋
𥤌
𥤍
𥤎
𥤏
𥤐
𥤑
𥤒
𥩊
𥩋
𥫓
𥷔
𥷕
𥷖
𥷗
𥷘
𥷙
𥷚
𥷛
𥷜
𥷝
𥷞
𥷟
𥷠
𥷡
𥷢
𥷣
𥷤
𥷥
𥷦
𥷧
𥽬
𥽭
𥽮
𥽯
𥽰
𦇧
𦇨
𦇩
𦇪
𦇫
𦇬
𦇭
𦇮
𦇯
𦉢
𦉣
𦉤
𦌽
𦏪
𦏫
𦓌
𦘍
𦘎
𦣆
𦣇
𦣈
𦣉
𦣊
𦣋
𦣌
𦣍
𦣎
𦣏
𦣐
𦦺
𦦻
𦧻
𦧼
𦨂
𦫃
𦫄
𧄶
𧄷
𧄸
𧄺
𧄻
𧄼
𧄽
𧄾
𧄿
𧅀
𧅁
𧅂
𧅃
𧅄
𧅅
𧅆
𧅇
𧅈
𧅉
𧅊
𧅋
𧅌
𧅍
𧅎
𧅏
𧅐
𧅑
𧅒
𧅓
𧅔
𧅕
𧈚
𧈛
𧕃
𧕄
𧕅
𧕆
𧕇
𧕈
𧕉
𧕊
𧕋
𧕌
𧕍
𧕎
𧕏
𧕐
𧕑
𧕒
𧕔
𧕕
𧕖
𧕗
𧕘
𧕙
𧕚
𧗛
𧟈
𧟉
𧟊
𧟋
𧥑
𧥒
𧭸
𧭹
𧭺
𧭻
𧭼
𧭽
𧭾
𧭿
𧮀
𧮁
𧮂
𧮃
𧮄
𧰝
𧰞
𧰟
𧲔
𧲕
𧲖
𧴠
𧴡
𧸽
𧸾
𧹀
𧹁
𧹂
𧹃
𧹄
𧹅
𧹆
𧹇
𧺂
𧺃
𧺄
𧺅
𧾨
𧾩
𧾪
𧾫
𧾬
𧾭
𨇖
𨇗
𨇘
𨇙
𨇚
𨇛
𨇜
𨇝
𨇞
𨇟
𨇠
𨇡
𨇢
𨇣
𨊛
𨊜
𨏞
𨏟
𨏠
𨏡
𨏢
𨏣
𨏤
𨏥
𨏦
𨏧
𨏨
𨙟
𨙠
𨙡
𨙢
𨙣
𨟩
𨟪
𨟫
𨟬
𨟭
𨟮
𨣶
𨣷
𨣸
𨣹
𨣺
𨣻
𨣼
𨣽
𨮸
𨮹
𨮺
𨮻
𨮼
𨮽
𨮾
𨮿
𨯀
𨯂
𨯃
𨯄
𨯅
𨯆
𨯇
𨯈
𨯉
𨯊
𨯋
𨯌
𨯍
𨯎
𨯏
𨯐
𨯑
𨯒
𨯓
𨯔
𨯕
𨯖
𨯗
𨯘
𨯙
𨯚
𨯛
𨯜
𨳀
𨳁
𨷟
𨷠
𨷡
𨷢
𨷣
𨷤
𨷥
𨽰
𨽱
𩁜
𩁝
𩁞
𩁟
𩁠
𩁡
𩁢
𩁣
𩁤
𩁥
𩁦
𩆤
𩆥
𩆦
𩆧
𩆨
𩆩
𩆪
𩆫
𩉌
𩉍
𩉎
𩉏
𩉐
𩍥
𩍦
𩍧
𩍨
𩍩
𩍪
𩍫
𩍬
𩍭
𩍮
𩍯
𩍰
𩍱
𩏮
𩏯
𩏰
𩏱
𩐔
𩐕
𩑇
𩕬
𩕭
𩕮
𩕯
𩕰
𩕱
𩕲
𩕳
𩕴
𩕵
𩕶
𩕷
𩕸
𩕹
𩕺
𩕻
𩕼
𩕽
𩙎
𩙏
𩙐
𩟤
𩟥
𩟦
𩟧
𩟨
𩟩
𩟪
𩟫
𩟬
𩠵
𩠶
𩡤
𩦞
𩦟
𩦠
𩦡
𩦢
𩦣
𩦤
𩦥
𩦦
𩦧
𩦨
𩦩
𩦪
𩦫
𩦬
𩦭
𩦮
𩦯
𩦰
𩦱
𩦲
𩦳
𩦴
𩦵
𩪬
𩪭
𩪮
𩪯
𩪰
𩪱
𩫨
𩫩
𩫪
𩯛
𩯜
𩯝
𩯞
𩯟
𩯠
𩯡
𩯢
𩯣
𩯤
𩯥
𩰛
𩰨
𩱖
𩱗
𩱘
𩱙
𩱚
𩱛
𩱜
𩱝
𩱞
𩱟
𩴱
𩴲
𩴳
𩴴
𩴵
𩴶
𩴷
𩴸
𩴹
𩻘
𩻙
𩻚
𩻜
𩻝
𩻞
𩻟
𩻠
𩻡
𩻢
𩻣
𩻤
𩻥
𩻦
𩻧
𩻨
𩻪
𩻫
𩻬
𩻭
𩻮
𩻯
𩻰
𩻱
𩻲
𩻳
𩻴
𩻵
𩻶
𩻷
𩻸
𩻹
𩻺
𩻻
𩻼
𩻽
𩻾
𩻿
𩼀
𩼁
𩾎
𪅯
𪅰
𪅱
𪅲
𪅳
𪅴
𪅵
𪅶
𪅷
𪅸
𪅹
𪅺
𪅻
𪅼
𪅽
𪅾
𪅿
𪆀
𪆁
𪆂
𪆃
𪆄
𪆅
𪆆
𪆇
𪆈
𪆉
𪆊
𪆋
𪆌
𪆍
𪆎
𪆏
𪆑
𪆒
𪆓
𪆔
𪆕
𪆖
𪆗
𪆘
𪆙
𪆚
𪆛
𪆜
𪆝
𪆞
𪆟
𪆠
𪆡
𪆢
𪆣
𪆤
𪆥
𪆦
𪆧
𪆨
𪆩
𪆪
𪆫
𪆭
𪉿
𪊀
𪊁
𪊂
𪋡
𪋢
𪋣
𪋤
𪋥
𪋦
𪋧
𪋨
𪋩
𪍲
𪍳
𪍴
𪍵
𪍶
𪍷
𪎭
𪎮
𪎯
𪏤
𪏥
𪏦
𪐌
𪐍
𪐎
𪐏
𪒏
𪒐
𪒑
𪒒
𪒓
𪒔
𪒕
𪒖
𪒗
𪓐
𪓷
𪓸
𪔮
𪕵
𪕶
𪕷
𪕸
𪕹
𪕺
𪕻
𪕼
𪕽
𪕾
𪖯
𪖰
𪖱
𪖲
𪘥
𪘦
𪘧
𪘨
𪘩
𪘪
𪘫
𪘬
𪘭
𪘮
𪘯
𪘰
𪘱
𪘲
𪘳
𪘴
𪘵
𪘶
𪘷
𪘸
𪚠
𪚡
𪚾
𪚿
𪦵
𪭇
𪯄
𪴢
𪴣
𪸊
𪸋
𪺈
𪼱
𪿿
𫁝
𫂭
𫄕
𫇃
𫊗
𫋱
𫌘
𫌙
𫍓
𫎥
𫏩
𫑿
𫓛
𫓜
𫔔
𫗅
𫘘
𫙷
𫙸
𫙹
𫙺
𫙻
𫙼
𫚭
𫛑
𫛒
𫛓
𫛔
𫛕
𫜏
𫜱
𫟜
𫠝
𫤔
𫦡
𫧝
𫬺
𫬻
𫬼
𫲠
𫲴
𫴦
𫴧
𫴩
𫶥
𫹪
𫾝
𫾡
𫿪
𬅔
𬉯
𬋞
𬋾
𬌖
𬐑
𬖆
𬘐
𬘑
𬙫
𬜁
𬟥
𬟳
𬢆
𬤺
𬥬
𬧚
𬨛
𬬘
𬬚
𬬛
𬮂
𬮗
𬰯
𬱳
𬲡
𬴢
𬴯
𬵪
𬵬
𬵭
𬵮
𬵯
𬵱
𬶸
𬷱
𬷲
𬷳
𬸱
𬹜
𬽠
𭀓
𭀔
𭄝
𭌺
𭌿
𭍀
𭍁
𭍂
𭍃
𭍄
𭍅
𭐎
𭕼
𭗸
𭘽
𭣠
𭨒
𭩖
𭬹
𭬻
𭬽
𭬾
𭬿
𭭀
𭯮
𭳼
𭳽
𭶨
𭷷
𭻺
𭼹
𭽺
𭾖
𮁖
𮁗
𮁘
𮁙
𮁚
𮂨
𮄤
𮄦
𮉚
𮉜
𮊠
𮋢
𮍋
𮍟
𮎖
𮓏
𮓓
𮕔
𮕕
𮕖
𮙇
𮜦
𮜧
𮜩
𮜪
𮜫
𮜽
𮡍
𮣚
𮣞
𮣟
𮣠
𮣣
𮣤
𮣥
𮣧
𮥲
𮦼
𮧈
𮩗
𮩘
𮩱
𮪚
𮪶
𮪷
𮫒
𮫚
𮫨
𮬎
𮬏
𮬑
𮬒
𮬤
𮭖
𮮌
𮮝
𮯉
𮯊
𮯍
𮷃
䌴
𪘀
𰃉
𰃳
𰅈
𰋆
𰍣
𰔿
𰖽
𰧬
𰩃
𰪣
𰫺
𰭦
𰯼
𰶣
𰼁
𰽒
𰿉
𱁥
𱁦
𱁧
𱁨
𱂞
𱄵
𱄶
𱅽
𱅾
𱆿
𱇀
𱇁
𱈙
𱈺
𱈻
𱈼
𱈽
𱊽
𱋹
𱏢
𱑉
𱕱
𱕳
𱘜
𱝐
𱟨
𱡔
𱢴
𱪖
𱪗
𱪘
𱪙
𱬮
𱬯
𱰄
𱰔
𱱅
𱱲
𱲉
𱲠
𱳚
𱵸
𱶭
𱻕
𱻦
𱼵
𱽅
𱿇
𱿈
𲀒
𲁇
𲁈
𲁟
𲁿
𲂣
𲂷
𲄿
𲆋
𲆌
𲆍
𲇨
𲇩
𲇪
𲇫
𲈡
𲊍
𲊎
𲊏
𲊠
𲋌
𲋲
𲌃
𲌒
𲌓
𲌔
𲌘
𲌙
𲌦
𲍦
𲎠
𲎣
𲎯
𲘒
𲘓
𲘔
𲚫
𲟑
𲡍
𲧣
𲧤
𲧾
𲧿
𲨯
𲫂
𲫃
𲫄
𲬴
𲯖
𲰴
𲲘
𲳆
𲳇
𲶭
𲶮
𲶯
𲷥
𲷦
𲸪
𲸫
𲻂
𲻃
𲽺
𲽼
𳀏
𳂧
𳂨
𳃭
𳃮
𳅣
𳇕
𳇖
𳇗
𳉼
𳉽
𳉾
𳊨
𳊾
𳌑
𳌩
𳌪
𳌫
𳍼
𳍽
𳍾
𳍿
𳏥
𳏦
𳏧
𳏨
𳏩
𳏪
𳏫
𳏬
𳏭
𳏮
𳑊