㚇
㩿
㪀
㪁
㪂
㪃
㪄
㪅
㪆
㪇
㪈
㪉
㪊
㪋
㪌
㪍
㪎
㪏
㪐
㪑
㪒
㪓
㪔
㪕
㪖
㪗
㪘
㪙
㪚
㪛
㪜
㪝
㪞
㪟
㪠
㪡
㪢
㪣
㪤
㪥
㪦
㪧
㪨
㪩
㪪
㪫
㪬
㪭
㪮
啟
攺
攼
攽
敀
敁
敂
敃
敆
敇
敉
敊
敋
敌
敎
敐
敒
敓
敚
敛
敜
敟
敠
敡
敤
敥
敨
敩
敪
敭
敮
敯
敱
敳
敶
敹
敻
敼
敽
敾
敿
斀
斆
贁
數
敖
𢻫
𢻬
𢻭
𢻮
𢻯
𢻰
𢻱
𢻲
𢻳
𢻴
𢻵
𢻶
𢻷
𢻸
𢻹
𢻺
𢻻
𢻼
𢻽
𢻾
𢻿
𢼀
𢼁
𢼂
𢼃
𢼄
𢼅
𢼆
𢼇
𢼈
𢼉
𢼊
𢼋
𢼌
𢼍
𢼎
𢼏
𢼐
𢼑
𢼒
𢼓
𢼔
𢼕
𢼖
𢼗
𢼘
𢼙
𢼚
𢼛
𢼜
𢼝
𢼞
𢼟
𢼠
𢼡
𢼢
𢼣
𢼤
𢼥
𢼦
𢼧
𢼨
𢼩
𢼪
𢼫
𢼬
𢼭
𢼮
𢼯
𢼰
𢼱
𢼲
𢼳
𢼴
𢼵
𢼶
𢼷
𢼸
𢼹
𢼺
𢼻
𢼼
𢼽
𢼾
𢼿
𢽀
𢽁
𢽂
𢽃
𢽄
𢽅
𢽆
𢽇
𢽈
𢽉
𢽊
𢽋
𢽌
𢽍
𢽎
𢽏
𢽐
𢽑
𢽒
𢽓
𢽔
𢽕
𢽖
𢽗
𢽘
𢽙
𢽚
𢽛
𢽜
𢽝
𢽞
𢽟
𢽠
𢽡
𢽢
𢽣
𢽤
𢽥
𢽦
𢽧
𢽨
𢽩
𢽪
𢽫
𢽬
𢽭
𢽮
𢽯
𢽰
𢽱
𢽲
𢽳
𢽴
𢽵
𢽶
𢽷
𢽸
𢽹
𢽺
𢽻
𢽼
𢽽
𢽾
𢽿
𢾀
𢾁
𢾂
𢾃
𢾄
𢾅
𢾆
𢾇
𢾈
𢾉
𢾊
𢾋
𢾌
𢾍
𢾎
𢾏
𢾐
𢾑
𢾒
𢾓
𢾔
𢾕
𢾖
𢾗
𢾘
𢾙
𢾚
𢾛
𢾜
𢾝
𢾞
𢾟
𢾠
𢾡
𢾢
𢾣
𢾤
𢾦
𢾧
𢾨
𢾩
𢾪
𢾫
𢾬
𢾭
𢾮
𢾯
𢾰
𢾱
𢾲
𢾳
𢾴
𢾵
𢾶
𢾷
𢾸
𢾹
𢾺
𢾻
𢾼
𢾽
𢾾
𢾿
𢿀
𢿁
𢿂
𢿃
𢿄
𢿅
𢿇
𢿈
𢿉
𢿊
𢿋
𢿌
𢿍
𢿎
𢿏
𢿐
𢿑
𢿒
𢿓
𢿔
𢿕
𢿖
𢿗
𢿘
𢿙
𢿚
𢿛
𢿜
𢿝
𢿞
𢿟
𢿠
𢿡
𢿢
𢿣
𢿤
𢿥
𢿦
𢿧
𢿨
𢿩
𢿪
𢿫
𢿬
𢿭
𢿮
𢿯
𢿰
𢿱
𢿲
𢿳
𢿴
𢿵
𢿶
𢿷
𢿸
𢿹
𢿺
𢿻
𢿼
𢿽
𢿾
𢿿
𣀀
𣀁
𣀂
𣀃
𣀄
𣀅
𣀆
𣀇
𣀈
𣀉
𣀊
𣀋
𣀌
𣀍
𣀎
𣀏
𣀐
𣀑
𣀒
𣀓
𣀔
𣀕
𣀖
𣀗
𣀘
𣀙
𣀚
𣀛
𣀜
𣀝
𣀞
𣀟
𣀠
𣀡
𣀢
𣀣
𣀤
𣀥
𣀦
𣀧
𣀨
𣀩
𣀪
𣀫
𣀬
𣀭
𣀮
𣀯
𣀰
𣀱
𣀲
𣀳
𣀴
𣀵
𣀶
𣀷
𣀸
𣀹
𣀺
𣀻
𣀼
𣀽
𣀾
𣀿
𣁀
𣁋
𣁛
𩠮
𩠰
𪯈
𪯉
𪯊
𪯋
𪯌
𪯍
𪯎
𪯏
𪯐
𪯑
𪯒
𪯓
𪯔
𪯕
𪯖
𪯗
𪯘
𪯙
𪯚
𪯛
𪯜
𪯝
𪯞
𪯟
𪵊
𫡏
𫾦
𫾧
𫾨
𫾩
𫾪
𫾫
𫾬
𫾭
𫾮
𫾯
𫾰
𫾱
𫾲
𫾳
𫾴
𫾵
𫾶
𫾷
𫾸
𫾹
𫾺
𫾻
𫾼
𫾽
𫾾
𫾿
𫿀
𫿁
𫿂
𫿃
𫿄
𫿅
𫿆
𫿇
𫿈
𫿉
𫿊
𫿋
𫿌
𫿍
𫿎
𫿏
𫿐
𫿑
𫿒
𫿓
𫿔
𫿕
𫿖
𫿗
𫿘
𫿙
𫿚
𫿛
𫿜
𫿝
𫿞
𫿟
𫿠
𫿡
𫿢
𫿣
𫿤
𫿥
𫿦
𫿧
𫿨
𫿩
𫿪
𫿫
𫿬
𭣡
𭣢
𭣣
𭣤
𭣥
𭣦
𭣧
𭣨
𭣩
𭣪
𭣫
𭣬
𭣭
𭣮
𭣯
𭣰
𭣱
𭣲
𭣳
𭣴
𭣵
𭣶
𭣷
𭣸
𭣹
𭣺
𭣻
𭣼
𭣽
𭣾
𭣿
𭤀
𭤁
𭤂
𭤃
𭤄
𭤅
𭤆
𭤇
𭤈
𭤉
𭤊
𭤋
𭤌
𭤍
𭤎
𭤏
𭤐
𭤑
𭤒
𭤓
𮲓
𮲔
𮲕
敏
敬
𣀊
𰕃
𰕄
𰕅
𰕆
𰕇
𰕈
𰕉
𰕊
𰕋
𰕌
𰕍
𰕎
𰕏
𰕐
𰕑
𰕒
𰕓
𰕔
𰕕
𰕖
𰕗
𰕘
𰕙
𱡘
𱡙
𱡚
𱡛
𱡜
𱡝
𱡞
𱡟
𱡠
𱡡
𲑶
𲣮
𲣯
𲣰
𲣱
𲣲