䊵
䊶
䊷
䊸
䊹
䊺
䊻
䊼
䊽
䊾
䊿
䋀
䋁
䋂
䋃
䋄
䋅
䋇
䋈
䋉
䋊
䋋
䋌
䋍
䋎
䋏
䋐
䋑
䋒
䋓
䋔
䋕
䋗
䋘
䋙
䋚
䋛
䋜
䋞
䋟
䋠
䋡
䋢
䋣
䋤
䋥
䋦
䋧
䋨
䋩
䋪
䋫
䋬
䋭
䋮
䋯
䋰
䋱
䋲
䋳
䋴
䋵
䋶
䋷
䋸
䋹
䋺
䋻
䋼
䋽
䋾
䋿
䌀
䌁
䌃
䌄
䌅
䌆
䌇
䌈
䌉
䌊
䌋
䌌
䌍
䌎
䌏
䌐
䌑
䌒
䌓
䌔
䌕
䌖
䌗
䌘
䌙
䌚
䌛
䌜
䌝
䌞
䌟
䌠
䌡
䌢
䌣
䌤
䌥
䌦
䌧
䌨
䌩
䌪
䌬
䌭
䌮
䌯
䌰
䌱
䌲
䌳
䌴
䌵
䌶
䌷
䌸
䌹
䌺
䌻
䌼
䌽
䌾
䌿
䍀
䍁
糹
糼
糽
糿
紁
紌
紎
紏
紑
紖
紟
紤
紥
紦
紧
紨
紩
紪
紭
紴
紶
紷
紸
紻
紼
絉
絊
絍
絑
絒
絔
絕
絗
絘
絝
絟
絠
絤
絥
絧
絩
絫
絬
絭
絯
絴
絷
絸
絻
絼
絾
綀
綁
綂
綄
綅
綇
綊
綍
綎
綐
綑
綒
綔
綕
綖
綘
綞
綡
綤
綥
綨
綩
綳
綹
綼
緁
緃
緄
緅
緆
緈
緉
緍
緎
緐
緓
緔
緛
緟
緢
緥
緧
緪
緫
緭
緮
緰
緳
緵
緶
緷
緸
緺
緼
緽
緾
緿
縀
縂
縃
縆
縇
縌
縍
縎
縏
縓
縔
縖
縘
縙
縚
縜
縤
縥
縩
縪
縭
縯
縰
縳
縴
縶
縸
縼
縿
繀
繂
繄
繈
繉
繌
繎
繏
繐
繑
繓
繗
繘
繛
繜
繟
繠
繢
繣
繤
繥
繨
繬
繮
繯
繱
繲
繴
繶
繷
繸
繺
纀
纁
纄
纅
纋
纕
纗
纙
纝
纞
纟
纠
纡
红
纣
纤
纥
约
级
纨
纩
纪
纫
纬
纭
纮
纯
纰
纱
纲
纳
纴
纵
纶
纷
纸
纹
纺
纻
纼
纽
纾
线
绀
绁
绂
练
组
绅
细
织
终
绉
绊
绋
绌
绍
绎
经
绐
绑
绒
结
绔
绕
绖
绗
绘
给
绚
绛
络
绝
绞
统
绠
绡
绢
绣
绤
绥
绦
继
绨
绩
绪
绫
绬
续
绮
绯
绰
绱
绲
绳
维
绵
绶
绷
绸
绹
绺
绻
综
绽
绾
绿
缀
缁
缂
缃
缄
缅
缆
缇
缈
缉
缊
缋
缌
缍
缎
缏
缐
缑
缒
缓
缔
缕
编
缗
缘
缙
缚
缛
缜
缝
缞
缟
缠
缡
缢
缣
缤
缥
缦
缧
缨
缩
缪
缫
缬
缭
缮
缯
缰
缱
缲
缳
缴
缵
綠
累
縷
綾
索
練
紐
絛
練
𥾅
𥾆
𥾇
𥾈
𥾉
𥾊
𥾋
𥾌
𥾍
𥾎
𥾏
𥾐
𥾑
𥾒
𥾓
𥾔
𥾕
𥾖
𥾗
𥾘
𥾙
𥾚
𥾛
𥾜
𥾝
𥾞
𥾟
𥾠
𥾡
𥾢
𥾣
𥾤
𥾥
𥾦
𥾧
𥾨
𥾩
𥾪
𥾫
𥾬
𥾭
𥾮
𥾯
𥾰
𥾱
𥾲
𥾳
𥾴
𥾵
𥾶
𥾷
𥾸
𥾹
𥾺
𥾻
𥾼
𥾽
𥾾
𥾿
𥿀
𥿁
𥿂
𥿃
𥿄
𥿅
𥿆
𥿇
𥿈
𥿉
𥿊
𥿋
𥿌
𥿍
𥿎
𥿏
𥿐
𥿑
𥿒
𥿓
𥿕
𥿖
𥿗
𥿘
𥿙
𥿚
𥿛
𥿜
𥿝
𥿞
𥿟
𥿡
𥿢
𥿣
𥿤
𥿥
𥿦
𥿧
𥿨
𥿩
𥿪
𥿫
𥿬
𥿭
𥿮
𥿯
𥿰
𥿱
𥿲
𥿳
𥿴
𥿵
𥿶
𥿷
𥿸
𥿹
𥿺
𥿼
𥿽
𥿾
𥿿
𦀀
𦀁
𦀂
𦀃
𦀄
𦀅
𦀆
𦀇
𦀈
𦀉
𦀊
𦀋
𦀍
𦀎
𦀏
𦀐
𦀑
𦀒
𦀓
𦀔
𦀕
𦀖
𦀘
𦀙
𦀚
𦀛
𦀜
𦀝
𦀞
𦀟
𦀠
𦀡
𦀢
𦀣
𦀤
𦀥
𦀦
𦀧
𦀨
𦀩
𦀪
𦀫
𦀬
𦀭
𦀮
𦀯
𦀰
𦀱
𦀲
𦀳
𦀴
𦀵
𦀶
𦀷
𦀸
𦀹
𦀺
𦀻
𦀼
𦀽
𦀾
𦀿
𦁀
𦁁
𦁂
𦁃
𦁄
𦁅
𦁆
𦁇
𦁈
𦁉
𦁊
𦁋
𦁌
𦁍
𦁎
𦁏
𦁐
𦁑
𦁒
𦁓
𦁔
𦁕
𦁖
𦁗
𦁘
𦁙
𦁚
𦁛
𦁜
𦁝
𦁞
𦁟
𦁡
𦁢
𦁣
𦁤
𦁥
𦁦
𦁧
𦁨
𦁩
𦁪
𦁫
𦁬
𦁭
𦁮
𦁯
𦁰
𦁱
𦁲
𦁳
𦁴
𦁵
𦁶
𦁷
𦁸
𦁹
𦁺
𦁻
𦁼
𦁽
𦁾
𦁿
𦂀
𦂁
𦂂
𦂃
𦂄
𦂅
𦂆
𦂇
𦂈
𦂉
𦂊
𦂋
𦂌
𦂍
𦂎
𦂏
𦂐
𦂑
𦂒
𦂓
𦂔
𦂕
𦂖
𦂗
𦂘
𦂙
𦂚
𦂛
𦂜
𦂝
𦂞
𦂟
𦂠
𦂡
𦂢
𦂣
𦂤
𦂥
𦂦
𦂧
𦂨
𦂩
𦂪
𦂫
𦂬
𦂭
𦂮
𦂯
𦂰
𦂱
𦂲
𦂳
𦂴
𦂵
𦂶
𦂷
𦂸
𦂹
𦂺
𦂻
𦂼
𦂽
𦂾
𦂿
𦃀
𦃁
𦃂
𦃃
𦃄
𦃅
𦃆
𦃇
𦃈
𦃉
𦃊
𦃋
𦃌
𦃍
𦃎
𦃏
𦃐
𦃑
𦃒
𦃓
𦃔
𦃕
𦃖
𦃗
𦃘
𦃙
𦃚
𦃛
𦃜
𦃝
𦃞
𦃟
𦃠
𦃡
𦃢
𦃣
𦃤
𦃥
𦃦
𦃧
𦃨
𦃩
𦃪
𦃫
𦃬
𦃮
𦃯
𦃰
𦃱
𦃲
𦃳
𦃴
𦃵
𦃶
𦃷
𦃸
𦃹
𦃺
𦃻
𦃼
𦃽
𦃾
𦃿
𦄀
𦄁
𦄂
𦄃
𦄄
𦄅
𦄆
𦄇
𦄈
𦄉
𦄊
𦄋
𦄌
𦄍
𦄎
𦄏
𦄐
𦄑
𦄒
𦄓
𦄔
𦄕
𦄖
𦄗
𦄘
𦄙
𦄚
𦄛
𦄜
𦄝
𦄞
𦄟
𦄠
𦄡
𦄢
𦄣
𦄤
𦄥
𦄦
𦄧
𦄨
𦄩
𦄪
𦄫
𦄬
𦄭
𦄮
𦄯
𦄰
𦄱
𦄲
𦄳
𦄴
𦄵
𦄶
𦄷
𦄸
𦄹
𦄺
𦄻
𦄼
𦄽
𦄾
𦄿
𦅀
𦅁
𦅂
𦅃
𦅄
𦅅
𦅆
𦅇
𦅈
𦅉
𦅊
𦅋
𦅌
𦅍
𦅎
𦅏
𦅐
𦅑
𦅒
𦅓
𦅔
𦅕
𦅖
𦅗
𦅘
𦅙
𦅚
𦅛
𦅜
𦅝
𦅞
𦅟
𦅠
𦅡
𦅢
𦅣
𦅤
𦅥
𦅦
𦅧
𦅨
𦅩
𦅪
𦅫
𦅬
𦅭
𦅮
𦅯
𦅰
𦅱
𦅲
𦅳
𦅴
𦅵
𦅶
𦅷
𦅸
𦅹
𦅺
𦅻
𦅼
𦅽
𦅾
𦅿
𦆀
𦆁
𦆂
𦆃
𦆄
𦆅
𦆆
𦆇
𦆈
𦆉
𦆊
𦆋
𦆌
𦆍
𦆎
𦆏
𦆐
𦆑
𦆒
𦆓
𦆔
𦆕
𦆖
𦆗
𦆘
𦆙
𦆚
𦆛
𦆜
𦆝
𦆞
𦆟
𦆠
𦆡
𦆢
𦆣
𦆤
𦆥
𦆦
𦆧
𦆨
𦆩
𦆪
𦆫
𦆬
𦆭
𦆮
𦆯
𦆰
𦆱
𦆲
𦆳
𦆴
𦆵
𦆶
𦆷
𦆸
𦆹
𦆺
𦆻
𦆼
𦆽
𦆾
𦆿
𦇀
𦇁
𦇂
𦇃
𦇄
𦇅
𦇆
𦇇
𦇈
𦇉
𦇊
𦇋
𦇌
𦇍
𦇎
𦇏
𦇐
𦇑
𦇒
𦇓
𦇔
𦇕
𦇖
𦇗
𦇘
𦇙
𦇚
𦇛
𦇜
𦇝
𦇞
𦇟
𦇠
𦇡
𦇢
𦇣
𦇤
𦇥
𦇦
𦇧
𦇨
𦇩
𦇪
𦇫
𦇬
𦇭
𦇮
𦇯
𦇰
𦇱
𦇲
𦇳
𦇴
𦇵
𦇶
𦇷
𦇸
𦇹
𦇺
𦇻
𦇼
𦇽
𦇾
𦇿
𦈀
𦈁
𦈂
𦈃
𦈄
𦈅
𦈆
𦈇
𦈈
𦈉
𦈊
𦈋
𦈌
𦈍
𦈎
𦈏
𦈐
𦈑
𦈒
𦈓
𦈔
𦈕
𦈖
𦈗
𦈘
𦈙
𦈚
𦈛
𦈜
𦈝
𦈞
𦈟
𦈠
𦈡
𫃚
𫃛
𫃜
𫃝
𫃞
𫃟
𫃠
𫃡
𫃢
𫃣
𫃤
𫃥
𫃦
𫃧
𫃨
𫃩
𫃪
𫃫
𫃬
𫃭
𫃮
𫃯
𫃰
𫃱
𫃲
𫃳
𫃴
𫃵
𫃶
𫃷
𫃸
𫃹
𫃺
𫃻
𫃼
𫃽
𫃾
𫃿
𫄀
𫄁
𫄂
𫄃
𫄄
𫄅
𫄆
𫄇
𫄈
𫄉
𫄊
𫄋
𫄌
𫄍
𫄎
𫄏
𫄐
𫄑
𫄒
𫄓
𫄔
𫄕
𫄖
𫄗
𫄘
𫄙
𫄚
𫄛
𫄜
𫄝
𫄞
𫄟
𫄠
𫄡
𫄢
𫄣
𫄤
𫄥
𫄦
𫄧
𫄨
𫄩
𫄪
𫄫
𫄬
𫄭
𫄮
𫄯
𫄰
𫄱
𫄲
𫄳
𫄴
𫄵
𫄶
𫄷
𫄸
𫄹
𫟁
𫟂
𫟃
𫟄
𫟅
𫟆
𫟇
𬗃
𬗄
𬗅
𬗆
𬗇
𬗈
𬗉
𬗊
𬗋
𬗌
𬗍
𬗎
𬗏
𬗐
𬗑
𬗒
𬗓
𬗔
𬗕
𬗖
𬗗
𬗘
𬗙
𬗚
𬗛
𬗜
𬗝
𬗞
𬗟
𬗠
𬗡
𬗢
𬗣
𬗤
𬗥
𬗦
𬗧
𬗨
𬗩
𬗪
𬗫
𬗬
𬗭
𬗮
𬗯
𬗰
𬗱
𬗲
𬗳
𬗴
𬗵
𬗶
𬗷
𬗸
𬗹
𬗺
𬗻
𬗼
𬗽
𬗾
𬗿
𬘀
𬘁
𬘂
𬘃
𬘄
𬘅
𬘆
𬘇
𬘈
𬘉
𬘊
𬘋
𬘌
𬘍
𬘎
𬘏
𬘐
𬘑
𬘒
𬘓
𬘔
𬘕
𬘖
𬘗
𬘘
𬘙
𬘚
𬘛
𬘜
𬘝
𬘞
𬘟
𬘠
𬘡
𬘢
𬘣
𬘤
𬘥
𬘦
𬘧
𬘨
𬘩
𬘪
𬘫
𬘬
𬘭
𬘮
𬘯
𬘰
𬘱
𬘲
𬘳
𬘴
𬘵
𬘶
𬘷
𬘸
𬘹
𬘺
𬘻
𬘼
𬘽
𬘾
𬘿
𬙀
𬙁
𬙂
𬙃
𬙄
𬙅
𬙆
𬙇
𬙈
𬙉
𬙊
𬙋
𮈁
𮈂
𮈃
𮈄
𮈅
𮈆
𮈇
𮈈
𮈉
𮈊
𮈋
𮈌
𮈍
𮈎
𮈏
𮈐
𮈑
𮈒
𮈓
𮈔
𮈕
𮈖
𮈗
𮈘
𮈙
𮈚
𮈛
𮈜
𮈝
𮈞
𮈟
𮈠
𮈡
𮈢
𮈣
𮈤
𮈥
𮈦
𮈧
𮈨
𮈩
𮈪
𮈫
𮈬
𮈭
𮈮
𮈯
𮈰
𮈱
𮈲
𮈳
𮈴
𮈵
𮈶
𮈷
𮈸
𮈹
𮈺
𮈻
𮈼
𮈽
𮈾
𮈿
𮉀
𮉁
𮉂
𮉃
𮉄
𮉅
𮉆
𮉇
𮉈
𮉉
𮉊
𮉋
𮉌
𮉍
𮉎
𮉏
𮉐
𮉑
𮉒
𮉓
𮉔
𮉕
𮉖
𮉗
𮉘
𮉙
𮉚
𮉛
𮉜
𮉝
𮉞
𮉟
𮉠
𮉡
𮉢
𮉣
𮉤
𮉥
𮉦
𮉧
𮉨
𮉩
𮉪
𮉫
𮉬
𮉭
𮉮
𮉯
𮵾
𮵿
𮶀
𮶁
𮶂
𮶃
𮶄
𮶅
𮶆
𦇚
紀
𥾆
絣
䌁
緇
縂
繅
䌴
𰫗
𰫘
𰫙
𰫚
𰫛
𰫜
𰫝
𰫞
𰫟
𰫠
𰫡
𰫢
𰫣
𰫤
𰫥
𰫦
𰫧
𰫨
𰫩
𰫪
𰫫
𰫬
𰫭
𰫮
𰫯
𰫰
𰫱
𰫲
𰫳
𰫴
𰫵
𰫶
𰫷
𰫸
𰫹
𰫺
𰫻
𰫼
𰫽
𰫾
𰫿
𰬀
𰬁
𰬂
𰬃
𰬄
𰬅
𰬆
𰬇
𰬈
𰬉
𰬊
𰬋
𰬌
𰬍
𰬎
𰬏
𰬐
𰬑
𰬒
𰬓
𰬔
𰬕
𰬖
𰬗
𰬘
𰬙
𰬚
𰬛
𰬜
𰬝
𰬞
𰬟
𰬠
𰬡
𰬢
𰬣
𰬤
𰬥
𰬦
𰬧
𰬨
𰬩
𰬪
𰬫
𰬬
𰬭
𰬮
𰬯
𰬰
𰬱
𰬲
𰬳
𰬴
𰬵
𰬶
𰬷
𰬸
𰬹
𰬺
𰬻
𰬼
𰬽
𰬾
𰬿
𰭀
𰭁
𱹪
𱹫
𱹬
𱹭
𱹮
𱹯
𱹰
𱹱
𱹲
𱹳
𱹴
𱹵
𱹶
𱹷
𱹸
𱹹
𱹺
𱹻
𱹼
𱹽
𱹾
𱹿
𱺀
𱺁
𱺂
𱺃
𱺄
𱺅
𱺆
𱺇
𱺈
𱺉
𱺊
𱺋
𱺌
𱺍
𱺎
𱺏
𱺐
𱺑
𱺒
𱺓
𱺔
𱺕
𱺖
𱺗
𱺘
𱺙
𱺚
𱺛
𱺜
𱺝
𱺞
𱺟
𱺠
𱺡
𱺢
𱺣
𱺤
𱺥
𱺦
𱺧
𱺨
𱺩
𱺪
𱺫
𱺬
𱺭
𱺮
𱺯
𱺰