㔮
㬹
䏌
䏍
䏎
䏏
䏐
䏑
䏒
䏓
䏔
䏕
䏖
䏗
䏘
䏙
䏚
䏛
䏜
䏝
䏞
䏟
䏠
䏡
䏢
䏣
䏤
䏥
䏦
䏧
䏨
䏩
䏪
䏫
䏬
䏭
䏯
䏱
䏲
䏳
䏴
䏵
䏶
䏷
䏸
䏹
䏺
䏻
䏼
䏽
䏾
䏿
䐀
䐁
䐂
䐃
䐄
䐅
䐆
䐇
䐉
䐊
䐋
䐌
䐍
䐎
䐏
䐐
䐑
䐒
䐓
䐔
䐕
䐖
䐘
䐙
䐚
䐛
䐝
䐞
䐟
䐠
䐡
䐣
䐤
䐥
䐦
䐧
䐨
䐩
䐪
䐫
䐬
䐭
䐮
䐯
䐰
䐱
䐲
䐳
䐴
䐵
䐶
䐷
䐸
䐹
䐺
䐻
䐼
䐽
䐾
䐿
䑀
䑁
䑂
䑃
䑄
䑅
䑆
䑇
䑈
䑉
䑊
䑋
䑌
䑍
䑎
䑏
幐
朑
朥
肊
肍
肎
肏
肐
肑
肒
肔
肕
肗
肞
肟
肠
肣
肦
肨
肫
肮
肰
肳
肵
肶
肷
肹
肻
肼
肽
肾
肿
胀
胁
胂
胇
胈
胉
胋
胍
胏
胐
胑
胒
胓
胔
胜
胟
胢
胣
胧
胨
胩
胪
胫
胬
胭
胮
胰
胲
胶
胷
胹
胺
胾
胿
脀
脁
脃
脄
脋
脌
脎
脏
脐
脑
脒
脓
脔
脕
脗
脙
脜
脝
脟
脠
脡
脢
脥
脦
脨
脪
脫
脭
脮
脰
脲
脴
脶
脷
脸
脺
脻
脼
脿
腀
腁
腂
腃
腄
腅
腇
腈
腉
腌
腍
腏
腒
腖
腗
腘
腙
腚
腛
腜
腝
腞
腡
腢
腣
腤
腪
腬
腯
腲
腳
腵
腶
腷
腻
腼
腽
腾
膆
膇
膉
膋
膌
膍
膎
膐
膑
膒
膔
膖
膗
膙
膛
膞
膟
膡
膢
膥
膦
膧
膪
膫
膬
膭
膮
膯
膱
膴
膶
膷
膹
膼
臄
臅
臇
臋
臌
臎
臐
臒
臔
臕
臜
臝
臞
臡
臢
臘
肋
𡋜
𣍨
𣍯
𣍰
𤑃
𤓏
𦘩
𦘪
𦘫
𦘬
𦘭
𦘮
𦘯
𦘰
𦘱
𦘲
𦘳
𦘴
𦘵
𦘶
𦘷
𦘸
𦘹
𦘺
𦘻
𦘼
𦘽
𦘾
𦘿
𦙀
𦙁
𦙂
𦙃
𦙄
𦙅
𦙆
𦙇
𦙈
𦙉
𦙊
𦙋
𦙌
𦙍
𦙎
𦙏
𦙐
𦙑
𦙒
𦙓
𦙔
𦙕
𦙖
𦙘
𦙙
𦙚
𦙛
𦙜
𦙝
𦙞
𦙟
𦙠
𦙡
𦙢
𦙣
𦙤
𦙥
𦙦
𦙧
𦙨
𦙩
𦙪
𦙫
𦙬
𦙭
𦙮
𦙯
𦙰
𦙱
𦙲
𦙳
𦙴
𦙵
𦙶
𦙷
𦙸
𦙹
𦙺
𦙻
𦙼
𦙽
𦙿
𦚀
𦚁
𦚂
𦚃
𦚄
𦚅
𦚆
𦚇
𦚈
𦚉
𦚊
𦚋
𦚌
𦚍
𦚎
𦚏
𦚐
𦚑
𦚒
𦚓
𦚔
𦚕
𦚖
𦚗
𦚘
𦚙
𦚚
𦚛
𦚜
𦚝
𦚞
𦚟
𦚠
𦚡
𦚢
𦚣
𦚤
𦚥
𦚦
𦚧
𦚨
𦚩
𦚪
𦚫
𦚬
𦚭
𦚮
𦚯
𦚱
𦚲
𦚳
𦚴
𦚵
𦚶
𦚷
𦚸
𦚺
𦚻
𦚼
𦚽
𦚾
𦚿
𦛀
𦛁
𦛂
𦛃
𦛄
𦛅
𦛆
𦛇
𦛈
𦛉
𦛊
𦛋
𦛌
𦛍
𦛎
𦛏
𦛐
𦛑
𦛒
𦛓
𦛔
𦛕
𦛖
𦛗
𦛘
𦛙
𦛚
𦛛
𦛜
𦛝
𦛞
𦛟
𦛠
𦛡
𦛢
𦛣
𦛤
𦛥
𦛦
𦛧
𦛨
𦛩
𦛪
𦛫
𦛬
𦛭
𦛮
𦛯
𦛰
𦛱
𦛲
𦛳
𦛴
𦛵
𦛶
𦛷
𦛸
𦛹
𦛺
𦛻
𦛼
𦛽
𦛾
𦛿
𦜀
𦜁
𦜂
𦜃
𦜄
𦜅
𦜆
𦜇
𦜈
𦜉
𦜊
𦜋
𦜌
𦜍
𦜎
𦜏
𦜐
𦜑
𦜒
𦜓
𦜔
𦜕
𦜖
𦜗
𦜘
𦜙
𦜚
𦜛
𦜜
𦜞
𦜟
𦜠
𦜡
𦜢
𦜣
𦜤
𦜥
𦜦
𦜧
𦜨
𦜩
𦜪
𦜫
𦜬
𦜭
𦜮
𦜯
𦜰
𦜱
𦜲
𦜴
𦜵
𦜶
𦜷
𦜸
𦜹
𦜺
𦜻
𦜼
𦜽
𦜾
𦜿
𦝀
𦝁
𦝂
𦝃
𦝄
𦝅
𦝆
𦝇
𦝈
𦝉
𦝊
𦝋
𦝌
𦝍
𦝎
𦝏
𦝐
𦝑
𦝒
𦝓
𦝔
𦝕
𦝖
𦝗
𦝘
𦝙
𦝚
𦝛
𦝜
𦝝
𦝞
𦝟
𦝠
𦝡
𦝢
𦝣
𦝤
𦝥
𦝦
𦝧
𦝨
𦝩
𦝪
𦝫
𦝬
𦝭
𦝮
𦝯
𦝰
𦝱
𦝲
𦝳
𦝴
𦝵
𦝶
𦝷
𦝸
𦝹
𦝺
𦝻
𦝼
𦝽
𦝾
𦝿
𦞀
𦞁
𦞂
𦞃
𦞄
𦞅
𦞆
𦞇
𦞈
𦞉
𦞊
𦞋
𦞌
𦞍
𦞎
𦞏
𦞐
𦞑
𦞒
𦞓
𦞔
𦞕
𦞖
𦞗
𦞘
𦞙
𦞚
𦞛
𦞜
𦞝
𦞞
𦞟
𦞠
𦞡
𦞢
𦞣
𦞤
𦞥
𦞦
𦞧
𦞨
𦞩
𦞪
𦞫
𦞬
𦞭
𦞮
𦞯
𦞰
𦞱
𦞲
𦞳
𦞴
𦞵
𦞶
𦞷
𦞸
𦞹
𦞺
𦞻
𦞼
𦞽
𦞾
𦞿
𦟀
𦟁
𦟂
𦟃
𦟄
𦟅
𦟆
𦟇
𦟈
𦟉
𦟊
𦟋
𦟌
𦟍
𦟎
𦟏
𦟐
𦟑
𦟒
𦟓
𦟔
𦟕
𦟖
𦟗
𦟘
𦟙
𦟚
𦟛
𦟜
𦟝
𦟞
𦟟
𦟠
𦟡
𦟢
𦟣
𦟤
𦟥
𦟦
𦟧
𦟨
𦟩
𦟪
𦟫
𦟬
𦟭
𦟮
𦟯
𦟰
𦟱
𦟲
𦟳
𦟴
𦟵
𦟶
𦟷
𦟸
𦟹
𦟺
𦟻
𦟼
𦟽
𦟾
𦟿
𦠀
𦠁
𦠂
𦠃
𦠄
𦠅
𦠆
𦠇
𦠈
𦠉
𦠊
𦠋
𦠌
𦠍
𦠎
𦠏
𦠐
𦠑
𦠒
𦠓
𦠔
𦠕
𦠖
𦠗
𦠘
𦠙
𦠚
𦠛
𦠜
𦠝
𦠞
𦠟
𦠠
𦠡
𦠢
𦠣
𦠤
𦠥
𦠦
𦠧
𦠨
𦠩
𦠪
𦠫
𦠬
𦠭
𦠮
𦠯
𦠰
𦠱
𦠲
𦠳
𦠴
𦠵
𦠶
𦠷
𦠸
𦠹
𦠺
𦠻
𦠼
𦠽
𦠾
𦠿
𦡀
𦡁
𦡂
𦡃
𦡄
𦡅
𦡆
𦡇
𦡈
𦡉
𦡊
𦡋
𦡌
𦡍
𦡎
𦡏
𦡐
𦡑
𦡒
𦡓
𦡔
𦡕
𦡘
𦡙
𦡚
𦡛
𦡜
𦡝
𦡞
𦡟
𦡠
𦡡
𦡢
𦡣
𦡤
𦡥
𦡦
𦡧
𦡨
𦡩
𦡪
𦡫
𦡬
𦡭
𦡮
𦡯
𦡰
𦡱
𦡲
𦡳
𦡴
𦡵
𦡶
𦡷
𦡸
𦡹
𦡺
𦡻
𦡼
𦡽
𦡾
𦡿
𦢀
𦢁
𦢂
𦢃
𦢄
𦢅
𦢆
𦢇
𦢈
𦢉
𦢊
𦢋
𦢌
𦢍
𦢎
𦢏
𦢐
𦢑
𦢒
𦢓
𦢔
𦢕
𦢖
𦢗
𦢘
𦢙
𦢚
𦢛
𦢜
𦢝
𦢞
𦢟
𦢠
𦢡
𦢢
𦢣
𦢤
𦢥
𦢦
𦢧
𦢨
𦢩
𦢪
𦢫
𦢬
𦢭
𦢮
𦢯
𦢰
𦢱
𦢲
𦢳
𦢴
𦢵
𦢶
𦢷
𦢸
𦢹
𦢺
𦢻
𦢼
𦢽
𦢾
𦢿
𦣀
𦣁
𦣂
𦣃
𦣄
𦣅
𦣆
𦣇
𦣈
𦣉
𦣊
𦣋
𦣌
𦣍
𦣎
𦣏
𦣐
𦣑
𦣒
𦣓
𦣔
𦣕
𦣖
𦣗
𦣘
𦣙
𦣚
𦣛
𦣜
𫆖
𫆗
𫆘
𫆙
𫆚
𫆛
𫆜
𫆝
𫆞
𫆟
𫆠
𫆡
𫆢
𫆣
𫆤
𫆥
𫆦
𫆧
𫆨
𫆩
𫆪
𫆫
𫆬
𫆭
𫆮
𫆯
𫆰
𫆱
𫆲
𫆳
𫆴
𫆵
𫆶
𫆷
𫆸
𫆹
𫆺
𫆻
𫆼
𫆽
𫆾
𫆿
𫇀
𫇁
𫇂
𫇄
𫜶
𫟊
𬚯
𬚰
𬚱
𬚲
𬚳
𬚴
𬚵
𬚶
𬚷
𬚸
𬚹
𬚺
𬚻
𬚼
𬚽
𬚾
𬚿
𬛀
𬛁
𬛂
𬛃
𬛄
𬛅
𬛆
𬛇
𬛈
𬛉
𬛊
𬛋
𬛌
𬛍
𬛎
𬛏
𬛐
𬛑
𬛒
𬛓
𬛔
𬛕
𬛖
𬛗
𬛘
𬛙
𬛚
𬛛
𬛜
𬛝
𬛞
𬛟
𬛠
𬛡
𮌇
𮌈
𮌉
𮌊
𮌋
𮌌
𮌍
𮌎
𮌏
𮌐
𮌑
𮌒
𮌓
𮌔
𮌕
𮌖
𮌗
𮌘
𮌙
𮌚
𮌛
𮌜
𮌝
𮌞
𮌟
𮌠
𮌡
𮌢
𮌣
𮌤
𮌥
𮌦
𮌧
𮌨
𮌩
𮌪
𮌫
𮌬
𮌭
𮌮
𮌯
𮌰
𮌱
𮌲
𮌳
𮌴
𮌵
𮌶
𮌷
𮌸
𮌹
𮌺
𮌻
𮌼
𮌽
𮌾
𮌿
𮍀
𮍁
𮍂
𮍃
𮍄
𮍅
𮍆
𮍇
𮍈
𮍉
𮍊
𮍋
𮶔
𮶕
肭
䏙
䏕
育
脃
䐋
脾
𦞧
𦞵
𰭾
𰭿
𰮀
𰮁
𰮂
𰮃
𰮄
𰮅
𰮆
𰮇
𰮈
𰮉
𰮊
𰮋
𰮌
𰮍
𰮎
𰮏
𰮐
𰮑
𰮒
𰮓
𰮔
𰮕
𰮖
𰮗
𰮘
𰮙
𰮚
𰮛
𰮜
𰮝
𰮞
𰮟
𰮠
𰮡
𰮢
𰮣
𰮤
𰮥
𰮦
𰮧
𰮨
𰮩
𰮪
𰮫
𰮬
𰮭
𰮮
𰮯
𰮰
𰮱
𰮲
𰮳
𰮴
𰮵
𰮶
𰮷
𰮸
𰮹
𰮺
𰮻
𰮼
𰮽
𰮾
𰮿
𰯀
𰯁
𰯂
𰯃
𰯄
𰯅
𰯆
𰯇
𰯈
𰯉
𰯊
𰯋
𰯌
𰯍
𰯎
𰯏
𰯐
𰯑
𰯒
𰯓
𰯔
𰯕
𰯖
𰯗
𰯘
𰯙
𰯚
𰯛
𰯜
𰯝
𰯞
𰯟
𰯠
𰯡
𰯢
𰯣
𰯤
𰯥
𰯦
𰯧
𰯨
𰯩
𰯪
𰯫
𰯬
𰯭
𱼀
𱼁
𱼂
𱼃
𱼄
𱼅
𱼆
𱼇
𱼈
𱼉
𱼊
𱼋
𱼌
𱼍
𱼎
𱼏
𱼐
𱼑
𱼒
𱼓
𱼔
𱼕
𱼖
𱼗
𱼘
𱼙
𱼚
𱼛
𱼜
𱼝
𱼞
𱼟
𱼠
𱼡
𱼢
𱼣
𱼤
𱼥
𱼦