㕢
䝧
䝨
䝩
䝪
䝫
䝬
䝭
䝮
䝯
䝰
䝱
䝲
䝳
䝴
䝵
䝶
䝷
䝸
䝹
䝺
䝻
䝼
䝽
䝾
䝿
䞀
䞁
䞂
䞃
䞄
䞅
䞆
䞇
䞈
䞉
䞊
䞋
䞌
䞍
䞎
䞏
䞐
貟
貣
貥
貦
貱
貵
貹
貺
貾
賅
賆
賉
賋
賌
賏
賐
賒
賔
賗
賘
賝
賟
賥
賧
賨
賩
賫
賬
賮
賯
賲
賳
賵
賶
賷
賹
賿
贀
贁
贂
贃
贆
贌
贑
贕
贗
贘
贙
贚
贜
贝
贞
负
贠
贡
财
责
贤
败
账
货
质
贩
贪
贫
贬
购
贮
贯
贰
贱
贲
贳
贴
贵
贶
贷
贸
费
贺
贻
贼
贽
贾
贿
赀
赁
赂
赃
资
赅
赆
赇
赈
赉
赊
赋
赌
赍
赎
赏
赐
赑
赒
赓
赔
赕
赖
赗
赘
赙
赚
赛
赜
赝
赞
赟
赠
赡
赢
赣
賈
賂
贈
𠠋
𣣬
𧴤
𧴥
𧴦
𧴧
𧴨
𧴩
𧴪
𧴫
𧴬
𧴭
𧴮
𧴯
𧴰
𧴱
𧴲
𧴳
𧴴
𧴵
𧴶
𧴷
𧴸
𧴹
𧴺
𧴻
𧴼
𧴽
𧴾
𧴿
𧵀
𧵁
𧵂
𧵃
𧵄
𧵅
𧵆
𧵇
𧵈
𧵉
𧵊
𧵋
𧵌
𧵍
𧵎
𧵏
𧵐
𧵑
𧵒
𧵓
𧵔
𧵕
𧵖
𧵗
𧵘
𧵙
𧵚
𧵛
𧵜
𧵝
𧵞
𧵟
𧵠
𧵡
𧵢
𧵣
𧵤
𧵥
𧵦
𧵧
𧵨
𧵩
𧵪
𧵫
𧵬
𧵭
𧵮
𧵯
𧵰
𧵱
𧵲
𧵳
𧵴
𧵵
𧵶
𧵷
𧵸
𧵹
𧵺
𧵻
𧵼
𧵽
𧵾
𧵿
𧶀
𧶁
𧶂
𧶃
𧶄
𧶅
𧶆
𧶇
𧶈
𧶉
𧶊
𧶋
𧶌
𧶍
𧶎
𧶏
𧶐
𧶑
𧶒
𧶓
𧶔
𧶕
𧶖
𧶗
𧶘
𧶙
𧶚
𧶛
𧶜
𧶝
𧶞
𧶟
𧶡
𧶢
𧶣
𧶤
𧶥
𧶦
𧶧
𧶨
𧶩
𧶪
𧶫
𧶬
𧶭
𧶮
𧶯
𧶰
𧶱
𧶲
𧶳
𧶴
𧶵
𧶶
𧶷
𧶸
𧶹
𧶺
𧶻
𧶼
𧶽
𧶾
𧶿
𧷀
𧷁
𧷂
𧷃
𧷄
𧷆
𧷇
𧷈
𧷉
𧷊
𧷋
𧷌
𧷍
𧷎
𧷏
𧷐
𧷑
𧷒
𧷓
𧷔
𧷕
𧷖
𧷗
𧷘
𧷙
𧷚
𧷛
𧷜
𧷝
𧷞
𧷟
𧷠
𧷡
𧷢
𧷣
𧷤
𧷥
𧷦
𧷧
𧷨
𧷩
𧷪
𧷫
𧷬
𧷭
𧷮
𧷯
𧷰
𧷱
𧷲
𧷳
𧷴
𧷵
𧷶
𧷷
𧷸
𧷹
𧷺
𧷻
𧷼
𧷽
𧷾
𧷿
𧸀
𧸁
𧸂
𧸃
𧸄
𧸅
𧸆
𧸇
𧸈
𧸉
𧸊
𧸋
𧸌
𧸍
𧸎
𧸏
𧸑
𧸒
𧸓
𧸔
𧸕
𧸖
𧸗
𧸘
𧸙
𧸚
𧸛
𧸜
𧸝
𧸞
𧸟
𧸠
𧸡
𧸢
𧸣
𧸤
𧸥
𧸦
𧸧
𧸨
𧸩
𧸪
𧸫
𧸬
𧸭
𧸮
𧸯
𧸰
𧸱
𧸲
𧸳
𧸴
𧸵
𧸶
𧸷
𧸸
𧸹
𧸺
𧸻
𧸼
𧸽
𧸾
𧸿
𧹀
𧹁
𧹂
𧹃
𧹄
𧹅
𧹆
𧹇
𧹈
𧹉
𧹊
𧹋
𧹌
𧹍
𧹎
𧹏
𧹐
𧹑
𧹒
𧹓
𧹔
𧹕
𧹖
𧹗
𫎎
𫎏
𫎐
𫎑
𫎒
𫎓
𫎔
𫎕
𫎖
𫎗
𫎘
𫎙
𫎚
𫎛
𫎜
𫎝
𫎞
𫎟
𫎠
𫎡
𫎢
𫎣
𫎤
𫎥
𫎦
𫎧
𫎨
𫎩
𫎪
𫎫
𫎬
𬥎
𬥏
𬥐
𬥑
𬥒
𬥓
𬥔
𬥕
𬥖
𬥗
𬥘
𬥙
𬥚
𬥛
𬥜
𬥝
𬥞
𬥟
𬥠
𬥡
𬥢
𬥣
𬥤
𬥥
𬥦
𬥧
𬥨
𬥩
𬥪
𬥫
𬥬
𬥭
𬥮
𬥯
𬥰
𬥱
𬥲
𬥳
𬥴
𬥵
𬥶
𬥷
𬥸
𬥹
𬥺
𬥻
𬥼
𬥽
𬥾
𬥿
𬦀
𮙭
𮙮
𮙯
𮙰
𮙱
𮙲
𮙳
𮙴
𮙵
𮙶
𮙷
𮙸
𮙹
𮙺
𮙻
𮙼
𮙽
𮙾
𮙿
𮚀
𮚁
𮚂
𮚃
𮚄
𮚅
𮚆
𮚇
𮚈
𮚉
𮚊
𮚋
𮚌
𮚍
𮚎
𮚏
𮚐
𮚑
𮚒
𮚓
𮚔
𮚕
𮚖
𮚗
𮚘
𮚙
𮚚
𮚛
𮚜
𮚝
𮚞
𮚟
𮚠
𮚡
𮚢
𮚣
𮚤
𮚥
𮚦
𮚧
𮚨
𮚩
𮚪
𮚫
𮚬
𮚭
𮚮
𮚯
𮚰
𮷌
𮷍
𮷎
𮷏
𮷐
貫
賁
贛
𰶱
𰶲
𰶳
𰶴
𰶵
𰶶
𰶷
𰶸
𰶹
𰶺
𰶻
𰶼
𰶽
𰶾
𰶿
𰷀
𰷁
𰷂
𰷃
𰷄
𰷅
𰷆
𰷇
𰷈
𰷉
𰷊
𰷋
𰷌
𰷍
𰷎
𰷏
𰷐
𰷑
𰷒
𰷓
𰷔
𰷕
𰷖
𰷗
𰷘
𰷙
𰷚
𰷛
𰷜
𰷝
𰷞
𰷟
𰷠
𰷡
𰷢
𰷣
𰷤
𰷥
𰷦
𰷧
𰷨
𰷩
𰷪
𰷫
𰷬
𰷭
𰷮
𲂨
𲂩
𲂪
𲂫
𲂬
𲂭
𲂮
𲂯
𲂰
𲂱
𲂲
𲂳
𲂴
𲂵
𲂶
𲂷
𲂸
𲂹
𲂺
𲂻
𲂼
𲂽
𲂾
𲂿
𲃀
𲃁
𲃂
𲃃
𲃄
𲃅
𲃆
𳂑
𳂒
𳂓
𳂔
𳂕
𳂖
𳂗
𳂘
𳂙
𳂚
𳂛
𳂜
𳂝
𳂞
𳂟
𳂠
𳂡
𳂢
𳂣
𳂤
𳂥
𳂦
𳂧
𳂨
𳂩
𳂪
𳂫
𳂬
𳄪