䰲
䰳
䰴
䰵
䰶
䰷
䰸
䰹
䰺
䰻
䰼
䰽
䰾
䰿
䱀
䱁
䱂
䱃
䱄
䱅
䱆
䱇
䱈
䱉
䱊
䱋
䱌
䱍
䱎
䱏
䱐
䱑
䱒
䱓
䱔
䱕
䱖
䱗
䱘
䱙
䱚
䱛
䱜
䱝
䱞
䱟
䱠
䱡
䱢
䱣
䱤
䱥
䱦
䱧
䱨
䱩
䱪
䱫
䱬
䱭
䱮
䱯
䱰
䱱
䱲
䱳
䱴
䱵
䱶
䱷
䱸
䱹
䱺
䱻
䱼
䱽
䱾
䱿
䲀
䲁
䲂
䲃
䲄
䲅
䲆
䲇
䲈
䲉
䲊
䲋
䲌
䲍
䲎
䲏
䲐
䲑
䲒
䲓
䲔
䲕
䲖
䲗
䲘
䲙
䲚
䲛
䲜
䲝
䲞
䲟
䲠
䲡
䲢
䲣
䲤
魛
魜
魝
魟
魠
魡
魢
魤
魧
魨
魩
魪
魭
魮
魰
魱
魸
魺
魻
魼
魽
魾
魿
鮀
鮁
鮂
鮅
鮆
鮇
鮈
鮉
鮋
鮌
鮍
鮐
鮔
鮕
鮘
鮙
鮚
鮛
鮜
鮝
鮡
鮢
鮣
鮤
鮥
鮩
鮯
鮰
鮳
鮵
鮶
鮷
鮺
鮻
鮼
鮽
鮿
鯂
鯃
鯄
鯅
鯈
鯋
鯌
鯍
鯐
鯓
鯕
鯗
鯙
鯚
鯜
鯞
鯟
鯠
鯦
鯩
鯬
鯭
鯴
鯶
鯹
鯻
鯼
鯾
鯿
鰁
鰂
鰃
鰅
鰇
鰋
鰎
鰏
鰑
鰗
鰜
鰞
鰟
鰠
鰦
鰨
鰫
鰬
鰳
鰴
鰵
鰸
鰼
鰽
鰿
鱀
鱂
鱃
鱄
鱋
鱌
鱍
鱎
鱑
鱕
鱖
鱙
鱞
鱡
鱢
鱤
鱦
鱨
鱬
鱯
鱱
鱳
鱴
鱹
鱻
鱼
鱽
鱾
鱿
鲀
鲁
鲂
鲃
鲄
鲅
鲆
鲇
鲈
鲉
鲊
鲋
鲌
鲍
鲎
鲏
鲐
鲑
鲒
鲓
鲔
鲕
鲖
鲗
鲘
鲙
鲚
鲛
鲜
鲝
鲞
鲟
鲠
鲡
鲢
鲣
鲤
鲥
鲦
鲧
鲨
鲩
鲪
鲫
鲬
鲭
鲮
鲯
鲰
鲱
鲲
鲳
鲴
鲵
鲶
鲷
鲸
鲹
鲺
鲻
鲼
鲽
鲾
鲿
鳀
鳁
鳂
鳃
鳄
鳅
鳆
鳇
鳈
鳉
鳊
鳋
鳌
鳍
鳎
鳏
鳐
鳑
鳒
鳓
鳔
鳕
鳖
鳗
鳘
鳙
鳚
鳛
鳜
鳝
鳞
鳟
鳠
鳡
鳢
鳣
鳤
鿐
鿕
鿩
鿳
鿴
鿵
鿶
鿷
鿸
鿹
魯
鱗
𤋳
𩵋
𩵌
𩵍
𩵎
𩵏
𩵐
𩵑
𩵒
𩵓
𩵔
𩵕
𩵖
𩵗
𩵘
𩵙
𩵚
𩵛
𩵜
𩵝
𩵞
𩵟
𩵠
𩵡
𩵢
𩵣
𩵤
𩵥
𩵦
𩵧
𩵨
𩵩
𩵪
𩵫
𩵬
𩵭
𩵮
𩵯
𩵰
𩵱
𩵲
𩵳
𩵴
𩵵
𩵶
𩵷
𩵸
𩵹
𩵺
𩵻
𩵼
𩵽
𩵾
𩵿
𩶀
𩶁
𩶂
𩶃
𩶄
𩶅
𩶆
𩶇
𩶈
𩶉
𩶊
𩶋
𩶌
𩶍
𩶎
𩶏
𩶐
𩶑
𩶒
𩶓
𩶔
𩶕
𩶖
𩶗
𩶘
𩶙
𩶚
𩶛
𩶜
𩶝
𩶞
𩶟
𩶠
𩶡
𩶢
𩶣
𩶤
𩶥
𩶦
𩶧
𩶨
𩶩
𩶪
𩶫
𩶬
𩶭
𩶮
𩶯
𩶰
𩶱
𩶲
𩶳
𩶴
𩶵
𩶶
𩶷
𩶸
𩶹
𩶺
𩶻
𩶼
𩶽
𩶾
𩶿
𩷀
𩷁
𩷂
𩷃
𩷄
𩷅
𩷆
𩷇
𩷈
𩷉
𩷊
𩷋
𩷌
𩷍
𩷎
𩷏
𩷐
𩷑
𩷒
𩷓
𩷔
𩷕
𩷖
𩷗
𩷘
𩷙
𩷚
𩷜
𩷝
𩷞
𩷟
𩷠
𩷡
𩷢
𩷣
𩷤
𩷥
𩷦
𩷧
𩷨
𩷩
𩷪
𩷫
𩷬
𩷭
𩷮
𩷯
𩷰
𩷱
𩷲
𩷳
𩷴
𩷵
𩷶
𩷷
𩷸
𩷹
𩷺
𩷻
𩷼
𩷽
𩷾
𩷿
𩸀
𩸁
𩸂
𩸃
𩸄
𩸅
𩸆
𩸇
𩸈
𩸉
𩸊
𩸋
𩸌
𩸍
𩸎
𩸏
𩸐
𩸑
𩸒
𩸓
𩸔
𩸖
𩸗
𩸘
𩸙
𩸚
𩸛
𩸜
𩸝
𩸞
𩸟
𩸠
𩸡
𩸢
𩸣
𩸤
𩸥
𩸦
𩸧
𩸨
𩸩
𩸪
𩸫
𩸬
𩸭
𩸮
𩸯
𩸰
𩸱
𩸲
𩸳
𩸴
𩸵
𩸶
𩸷
𩸸
𩸹
𩸺
𩸻
𩸼
𩸾
𩸿
𩹀
𩹁
𩹂
𩹃
𩹄
𩹅
𩹆
𩹇
𩹈
𩹊
𩹋
𩹌
𩹍
𩹎
𩹏
𩹐
𩹑
𩹒
𩹓
𩹔
𩹕
𩹖
𩹗
𩹘
𩹙
𩹚
𩹛
𩹜
𩹝
𩹞
𩹟
𩹠
𩹡
𩹢
𩹣
𩹤
𩹥
𩹦
𩹧
𩹨
𩹩
𩹪
𩹫
𩹬
𩹭
𩹮
𩹯
𩹰
𩹱
𩹲
𩹳
𩹴
𩹵
𩹶
𩹷
𩹸
𩹹
𩹺
𩹻
𩹼
𩹽
𩹾
𩹿
𩺀
𩺁
𩺂
𩺃
𩺄
𩺅
𩺆
𩺇
𩺈
𩺉
𩺋
𩺌
𩺍
𩺎
𩺏
𩺐
𩺑
𩺒
𩺓
𩺔
𩺕
𩺖
𩺗
𩺘
𩺙
𩺚
𩺛
𩺜
𩺝
𩺞
𩺟
𩺠
𩺡
𩺢
𩺣
𩺤
𩺥
𩺦
𩺧
𩺨
𩺩
𩺪
𩺫
𩺬
𩺭
𩺮
𩺯
𩺰
𩺱
𩺲
𩺳
𩺴
𩺵
𩺶
𩺷
𩺸
𩺹
𩺺
𩺻
𩺼
𩺽
𩺾
𩺿
𩻀
𩻁
𩻂
𩻃
𩻅
𩻆
𩻇
𩻈
𩻉
𩻊
𩻋
𩻌
𩻍
𩻎
𩻏
𩻐
𩻑
𩻒
𩻓
𩻔
𩻕
𩻖
𩻗
𩻘
𩻙
𩻚
𩻜
𩻝
𩻞
𩻟
𩻠
𩻡
𩻢
𩻣
𩻤
𩻥
𩻦
𩻧
𩻨
𩻪
𩻫
𩻬
𩻭
𩻮
𩻯
𩻰
𩻱
𩻲
𩻳
𩻴
𩻵
𩻶
𩻷
𩻸
𩻹
𩻺
𩻻
𩻼
𩻽
𩻾
𩻿
𩼀
𩼁
𩼂
𩼃
𩼄
𩼅
𩼆
𩼇
𩼈
𩼉
𩼊
𩼋
𩼌
𩼍
𩼎
𩼏
𩼐
𩼑
𩼒
𩼓
𩼔
𩼕
𩼖
𩼗
𩼘
𩼙
𩼚
𩼛
𩼜
𩼝
𩼞
𩼟
𩼠
𩼡
𩼢
𩼣
𩼤
𩼥
𩼦
𩼧
𩼨
𩼩
𩼪
𩼫
𩼬
𩼭
𩼮
𩼯
𩼰
𩼱
𩼲
𩼳
𩼴
𩼵
𩼶
𩼷
𩼸
𩼹
𩼺
𩼻
𩼼
𩼽
𩼾
𩼿
𩽀
𩽁
𩽂
𩽃
𩽄
𩽅
𩽆
𩽇
𩽈
𩽉
𩽊
𩽋
𩽌
𩽍
𩽎
𩽏
𩽐
𩽑
𩽒
𩽓
𩽔
𩽕
𩽖
𩽗
𩽘
𩽙
𩽚
𩽛
𩽜
𩽝
𩽞
𩽟
𩽠
𩽡
𩽢
𩽣
𩽤
𩽥
𩽦
𩽧
𩽨
𩽩
𩽪
𩽫
𩽬
𩽭
𩽮
𩽯
𩽰
𩽱
𩽲
𩽳
𩽴
𩽵
𩽶
𩽷
𩽸
𩽹
𩽺
𩽻
𩽼
𩽽
𩽾
𩽿
𩾀
𩾁
𩾂
𩾃
𩾄
𩾅
𩾆
𩾇
𩾈
𩾉
𩾊
𩾋
𩾌
𩾍
𩾎
𫙏
𫙐
𫙑
𫙒
𫙓
𫙔
𫙕
𫙖
𫙗
𫙘
𫙙
𫙚
𫙛
𫙜
𫙝
𫙞
𫙟
𫙠
𫙡
𫙢
𫙣
𫙤
𫙥
𫙦
𫙧
𫙨
𫙩
𫙪
𫙫
𫙬
𫙭
𫙮
𫙯
𫙰
𫙱
𫙲
𫙳
𫙴
𫙵
𫙶
𫙷
𫙸
𫙹
𫙺
𫙻
𫙼
𫙽
𫙾
𫙿
𫚀
𫚁
𫚂
𫚃
𫚄
𫚅
𫚆
𫚇
𫚈
𫚉
𫚊
𫚋
𫚌
𫚍
𫚎
𫚏
𫚐
𫚑
𫚒
𫚓
𫚔
𫚕
𫚖
𫚗
𫚘
𫚙
𫚚
𫚛
𫚜
𫚝
𫚞
𫚟
𫚠
𫚡
𫚢
𫚣
𫚤
𫚥
𫚦
𫚧
𫚨
𫚩
𫚪
𫚫
𫚬
𫚭
𫠍
𫠎
𫠏
𫠐
𫠑
𫠒
𬵁
𬵂
𬵃
𬵄
𬵅
𬵆
𬵇
𬵈
𬵉
𬵊
𬵋
𬵌
𬵍
𬵎
𬵏
𬵐
𬵑
𬵒
𬵓
𬵔
𬵕
𬵖
𬵗
𬵘
𬵙
𬵚
𬵛
𬵜
𬵝
𬵞
𬵟
𬵠
𬵡
𬵢
𬵣
𬵤
𬵥
𬵦
𬵧
𬵨
𬵩
𬵪
𬵫
𬵬
𬵭
𬵮
𬵯
𬵰
𬵱
𬵲
𬵳
𬵴
𬵵
𬵶
𬵷
𬵸
𬵹
𬵺
𬵻
𬵼
𬵽
𬵾
𬵿
𬶀
𬶁
𬶂
𬶃
𬶄
𬶅
𬶆
𬶇
𬶈
𬶉
𬶊
𬶋
𬶌
𬶍
𬶎
𬶏
𬶐
𬶑
𬶒
𬶓
𬶔
𬶕
𬶖
𬶗
𬶘
𬶙
𬶚
𬶛
𬶜
𬶝
𬶞
𬶟
𬶠
𬶡
𬶢
𬶣
𬶤
𬶥
𬶦
𬶧
𬶨
𬶩
𬶪
𬶫
𬶬
𬶭
𬶮
𬶯
𬶰
𬶱
𬶲
𬶳
𬶴
𬶵
𬶶
𬶷
𬶸
𬶹
𬶺
𬶻
𮫬
𮫭
𮫮
𮫯
𮫰
𮫱
𮫲
𮫳
𮫴
𮫵
𮫶
𮫷
𮫸
𮫹
𮫺
𮫻
𮫼
𮫽
𮫾
𮫿
𮬀
𮬁
𮬂
𮬃
𮬄
𮬅
𮬆
𮬇
𮬈
𮬉
𮬊
𮬋
𮬌
𮬍
𮬎
𮬏
𮬐
𮬑
𮬒
𮬓
𮬔
𮬕
𮬖
𮬗
𮬘
𮬙
𮬚
𮬛
𮬜
𮬝
𮬞
𮬟
𮬠
𮬡
𮬢
𮬣
𮬤
𮹓
鱀
𱆣
𱆤
𱆥
𱆦
𱆧
𱆨
𱆩
𱆪
𱆫
𱆬
𱆭
𱆮
𱆯
𱆰
𱆱
𱆲
𱆳
𱆴
𱆵
𱆶
𱆷
𱆸
𱆹
𱆺
𱆻
𱆼
𱆽
𱆾
𱆿
𱇀
𱇁
𱇂
𱇃
𱇄
𱇅
𱇆
𱇇
𱇈
𱇉
𱇊
𱇋
𱇌
𱇍
𱇎
𱇏
𱇐
𱇑
𱇒
𱇓
𱇔
𱇕
𱇖
𱇗
𱇘
𱇙
𱇚
𱇛
𱇜
𱇝
𱇞
𱇟
𱇠
𱇡
𱇢
𱇣
𱇤
𱇥
𱇦
𱇧
𱇨
𱇩
𱇪
𱇫
𱇬
𱇭
𱇮
𱇯
𱇰
𱇱
𱇲
𱇳
𱇴
𱇵
𱇶
𱇷
𱇸
𱇹
𱇺
𱇻
𱇼
𱇽
𱇾
𱇿
𱈀
𱈁
𱈂
𱈃
𱈄
𱈅
𱈆
𱈇
𱈈
𱈉
𱈊
𱈋
𱈌
𱈍
𱈎
𱈏
𱈐
𱈑
𱈒
𱈓
𱈔
𱈕
𱈖
𱈗
𱈘
𱈙
𱈚
𱈛
𱈜
𲌱
𲌲
𲌳
𲌴
𲌵
𲌶
𲌷
𲌸
𲌹
𲌺
𲌻
𲌼
𲌽
𲌾
𲌿
𲍀
𲍁
𲍂
𲍃
𲍄
𲍅
𲍆
𲍇
𲍈
𲍉
𲍊
𲍋
𲍌
𲍍
𲍎
𲍏
𲍐
𲍑
𲍒
𲍓
𲍔
𲍕
𲍖
𲍗
𲍘
𲍙