㭁
㭂
㭃
㭄
㭅
㭆
㭇
㭈
㭉
㭊
㭋
㭌
㭍
㭎
㭏
㭐
㭑
㭒
㭓
㭔
㭕
㭖
㭗
㭘
㭙
㭚
㭛
㭜
㭝
㭞
㭟
㭠
㭡
㭢
㭣
㭤
㭥
㭦
㭧
㭨
㭩
㭪
㭫
㭬
㭮
㭯
㭰
㭱
㭲
㭳
㭴
㭵
㭶
㭸
㭹
㭺
㭻
㭼
㭽
㭾
㭿
㮀
㮁
㮂
㮃
㮄
㮅
㮆
㮉
㮊
㮋
㮌
㮎
㮏
㮐
㮑
㮒
㮓
㮔
㮕
㮖
㮗
㮘
㮙
㮚
㮛
㮜
㮝
㮞
㮟
㮠
㮢
㮣
㮥
㮦
㮧
㮨
㮩
㮪
㮫
㮬
㮭
㮮
㮯
㮰
㮱
㮲
㮳
㮴
㮵
㮷
㮸
㮹
㮺
㮻
㮼
㮽
㮾
㮿
㯀
㯁
㯂
㯄
㯅
㯆
㯇
㯈
㯉
㯊
㯋
㯌
㯎
㯏
㯐
㯑
㯒
㯓
㯔
㯕
㯖
㯗
㯘
㯙
㯚
㯛
㯜
㯝
㯞
㯟
㯠
㯡
㯢
㯣
㯤
㯥
㯦
㯧
㯨
㯩
㯪
㯫
㯬
㯭
㯮
㯯
㯱
㯲
㯳
㯴
㯵
㯶
㯷
㯸
㯹
㯺
㯻
㯼
㯽
㯾
㯿
㰀
㰁
㰂
㰃
㰄
㰅
㰆
㰇
㰈
㰉
㰊
㰋
㰌
㰍
㰎
㰐
㰑
㰒
㰓
㰔
㰕
㰖
㰗
㰘
㰙
㰚
㰛
㰜
朩
术
朰
朲
朵
朹
朻
朼
朾
杀
杂
权
杄
杅
杊
杋
杒
杕
杗
杘
杚
杛
杧
杨
杩
杫
杬
杮
杸
杹
杺
杽
枀
枂
枃
构
枆
枈
枊
枍
枎
枏
枑
枔
枖
枙
枞
枟
枣
枤
枥
枧
枨
枪
枫
枬
枭
枮
枱
枵
枺
枼
枽
枾
枿
柂
柅
柇
柉
柋
柌
柍
柕
柖
柜
柟
柠
柡
柣
查
柦
柨
柪
柫
柭
柲
柶
柸
柺
柽
栀
栅
栆
标
栈
栉
栊
栋
栌
栍
栎
栏
树
栒
栔
栕
栙
栚
栛
栜
栠
栣
栤
栥
栦
栧
栨
栮
栯
栰
栵
栶
样
栺
栿
桇
桊
桋
桏
桖
桘
桚
桞
桠
桡
桢
桤
桥
桦
桨
桩
桪
桬
桭
桯
桰
桱
桳
桸
桹
桻
桽
梀
梄
梆
梇
梈
梉
梊
梋
梌
梎
梑
梒
梕
梞
梡
梤
梩
梬
梮
梷
梸
梽
梾
梿
检
棁
棂
棇
棎
棑
棓
棛
棜
棝
棞
棢
棦
棩
棪
棫
棳
棴
棵
棶
棸
棽
棾
棿
椂
椆
椉
椐
椑
椓
椔
椕
椖
椗
椘
椝
椞
椟
椠
椤
椧
椩
椫
椬
椭
椮
椯
椱
椲
椳
椷
椸
椺
椼
椾
楀
楁
楃
楄
楅
楇
楈
楋
楌
楍
楎
楏
楐
楑
楒
楖
楘
楛
楟
楥
楦
楧
楰
楱
楶
楻
榃
榄
榅
榆
榇
榈
榉
榋
榌
榍
榏
榐
榓
榗
榙
榚
榝
榞
榟
榡
榢
榣
榤
榨
榩
榪
榫
榬
榯
榳
榵
榶
榸
榹
榽
槂
槄
槅
槆
槈
槉
槒
槔
槕
槗
槚
槛
槜
槟
槠
槡
槤
槥
槦
槬
槰
槱
槷
槸
槺
槼
樀
樁
樃
樄
樆
樇
樈
樉
樍
樎
樐
樖
樘
樜
樠
樤
樥
樦
樧
樨
樬
樭
樯
樱
樷
樼
橀
橁
橂
橃
橊
橌
橍
橏
橑
橓
橔
橕
橗
橚
橜
橝
橞
橠
橣
橥
橧
橨
橩
橪
橬
橭
橮
橯
橰
橱
橴
橵
橶
橷
橹
橻
橼
橽
檁
檂
檅
檆
檇
檈
檊
檌
檏
檒
檓
檕
檖
檘
檙
檚
檛
檤
檦
檧
檨
檩
檭
檯
檰
檱
檲
檴
檵
檶
檷
檹
檺
檼
檾
檿
櫀
櫄
櫅
櫇
櫈
櫉
櫊
櫋
櫌
櫍
櫎
櫏
櫒
櫕
櫖
櫗
櫘
櫙
櫠
櫡
櫢
櫣
櫥
櫦
櫩
櫫
櫭
櫮
櫯
櫰
櫴
櫵
櫶
櫷
櫸
櫹
櫼
櫾
櫿
欀
欁
欂
欃
欆
欇
欈
欉
欌
欍
欎
欓
欔
欕
欘
欙
欚
欜
鿄
鿝
樂
櫓
樓
樂
梁
樂
杻
柳
栗
李
梨
林
杖
𣏕
㮝
𣎳
𣎴
𣎵
𣎶
𣎷
𣎸
𣎹
𣎺
𣎻
𣎼
𣎽
𣎾
𣎿
𣏀
𣏁
𣏂
𣏃
𣏄
𣏅
𣏆
𣏇
𣏈
𣏉
𣏊
𣏋
𣏌
𣏍
𣏎
𣏏
𣏑
𣏔
𣏖
𣏗
𣏘
𣏙
𣏛
𣏜
𣏝
𣏞
𣏠
𣏡
𣏢
𣏣
𣏥
𣏦
𣏧
𣏨
𣏩
𣏪
𣏫
𣏬
𣏭
𣏮
𣏯
𣏰
𣏱
𣏲
𣏳
𣏴
𣏵
𣏶
𣏷
𣏸
𣏹
𣏺
𣏻
𣏼
𣏽
𣏾
𣏿
𣐀
𣐁
𣐂
𣐃
𣐄
𣐅
𣐆
𣐇
𣐈
𣐉
𣐊
𣐋
𣐌
𣐍
𣐎
𣐏
𣐐
𣐑
𣐒
𣐓
𣐔
𣐕
𣐖
𣐗
𣐘
𣐙
𣐚
𣐛
𣐜
𣐝
𣐞
𣐟
𣐠
𣐡
𣐢
𣐣
𣐤
𣐥
𣐦
𣐧
𣐨
𣐩
𣐪
𣐫
𣐬
𣐭
𣐮
𣐯
𣐰
𣐱
𣐲
𣐳
𣐴
𣐵
𣐶
𣐷
𣐸
𣐹
𣐺
𣐻
𣐼
𣐽
𣐾
𣐿
𣑀
𣑁
𣑂
𣑃
𣑄
𣑅
𣑆
𣑇
𣑈
𣑉
𣑌
𣑍
𣑎
𣑏
𣑐
𣑒
𣑓
𣑔
𣑕
𣑖
𣑗
𣑘
𣑙
𣑚
𣑛
𣑜
𣑝
𣑞
𣑟
𣑠
𣑡
𣑢
𣑣
𣑤
𣑦
𣑨
𣑩
𣑪
𣑫
𣑬
𣑭
𣑮
𣑯
𣑰
𣑱
𣑲
𣑳
𣑴
𣑵
𣑶
𣑷
𣑸
𣑹
𣑺
𣑻
𣑼
𣑽
𣑾
𣑿
𣒀
𣒁
𣒂
𣒃
𣒄
𣒅
𣒆
𣒇
𣒈
𣒉
𣒊
𣒋
𣒌
𣒍
𣒎
𣒏
𣒐
𣒑
𣒒
𣒓
𣒔
𣒕
𣒖
𣒗
𣒘
𣒙
𣒚
𣒛
𣒜
𣒝
𣒞
𣒟
𣒠
𣒡
𣒢
𣒣
𣒤
𣒥
𣒦
𣒧
𣒨
𣒩
𣒪
𣒫
𣒬
𣒭
𣒮
𣒯
𣒰
𣒱
𣒲
𣒳
𣒴
𣒵
𣒶
𣒷
𣒸
𣒹
𣒺
𣒻
𣒼
𣒽
𣒾
𣒿
𣓀
𣓁
𣓂
𣓃
𣓄
𣓅
𣓆
𣓇
𣓈
𣓉
𣓊
𣓋
𣓌
𣓍
𣓎
𣓏
𣓐
𣓑
𣓒
𣓓
𣓔
𣓕
𣓖
𣓗
𣓘
𣓙
𣓚
𣓛
𣓜
𣓝
𣓞
𣓟
𣓠
𣓡
𣓢
𣓣
𣓥
𣓦
𣓧
𣓨
𣓩
𣓪
𣓫
𣓬
𣓭
𣓮
𣓯
𣓰
𣓱
𣓲
𣓳
𣓴
𣓵
𣓶
𣓷
𣓸
𣓹
𣓺
𣓻
𣓼
𣓽
𣓾
𣓿
𣔀
𣔁
𣔂
𣔃
𣔄
𣔅
𣔆
𣔇
𣔈
𣔉
𣔊
𣔋
𣔌
𣔍
𣔎
𣔏
𣔐
𣔑
𣔒
𣔓
𣔔
𣔕
𣔖
𣔗
𣔘
𣔙
𣔚
𣔛
𣔜
𣔝
𣔞
𣔟
𣔠
𣔡
𣔢
𣔣
𣔤
𣔥
𣔦
𣔧
𣔨
𣔩
𣔪
𣔫
𣔬
𣔭
𣔮
𣔯
𣔰
𣔱
𣔲
𣔳
𣔴
𣔵
𣔶
𣔷
𣔸
𣔹
𣔺
𣔻
𣔼
𣔽
𣔾
𣔿
𣕀
𣕁
𣕂
𣕃
𣕄
𣕅
𣕆
𣕇
𣕈
𣕉
𣕊
𣕋
𣕌
𣕍
𣕎
𣕏
𣕐
𣕑
𣕒
𣕓
𣕔
𣕕
𣕖
𣕗
𣕘
𣕙
𣕛
𣕜
𣕝
𣕞
𣕟
𣕠
𣕡
𣕢
𣕣
𣕤
𣕥
𣕦
𣕧
𣕨
𣕩
𣕪
𣕫
𣕬
𣕭
𣕮
𣕯
𣕰
𣕱
𣕲
𣕳
𣕴
𣕵
𣕶
𣕷
𣕸
𣕹
𣕺
𣕻
𣕼
𣕽
𣕾
𣕿
𣖀
𣖁
𣖂
𣖃
𣖄
𣖅
𣖆
𣖇
𣖈
𣖉
𣖊
𣖋
𣖌
𣖍
𣖎
𣖏
𣖐
𣖑
𣖒
𣖓
𣖕
𣖖
𣖗
𣖘
𣖙
𣖚
𣖛
𣖜
𣖝
𣖞
𣖟
𣖠
𣖡
𣖢
𣖣
𣖤
𣖥
𣖦
𣖧
𣖨
𣖩
𣖪
𣖫
𣖬
𣖭
𣖮
𣖯
𣖰
𣖱
𣖲
𣖳
𣖴
𣖵
𣖶
𣖷
𣖸
𣖹
𣖺
𣖻
𣖼
𣖽
𣖾
𣖿
𣗀
𣗁
𣗂
𣗃
𣗅
𣗆
𣗇
𣗈
𣗉
𣗊
𣗋
𣗌
𣗍
𣗎
𣗏
𣗐
𣗑
𣗒
𣗓
𣗔
𣗕
𣗖
𣗗
𣗘
𣗙
𣗚
𣗛
𣗜
𣗝
𣗞
𣗟
𣗠
𣗡
𣗢
𣗣
𣗤
𣗥
𣗦
𣗧
𣗨
𣗩
𣗪
𣗫
𣗬
𣗭
𣗮
𣗯
𣗰
𣗱
𣗲
𣗳
𣗴
𣗵
𣗶
𣗷
𣗸
𣗹
𣗺
𣗻
𣗼
𣗽
𣗾
𣗿
𣘀
𣘁
𣘂
𣘃
𣘄
𣘅
𣘆
𣘇
𣘈
𣘉
𣘊
𣘋
𣘌
𣘍
𣘎
𣘏
𣘐
𣘑
𣘒
𣘓
𣘔
𣘕
𣘖
𣘗
𣘘
𣘙
𣘚
𣘛
𣘜
𣘝
𣘞
𣘟
𣘠
𣘡
𣘢
𣘣
𣘤
𣘥
𣘦
𣘧
𣘨
𣘩
𣘪
𣘫
𣘬
𣘭
𣘮
𣘯
𣘰
𣘱
𣘲
𣘳
𣘴
𣘵
𣘶
𣘷
𣘻
𣘼
𣘽
𣘾
𣘿
𣙀
𣙁
𣙂
𣙃
𣙄
𣙅
𣙆
𣙈
𣙉
𣙊
𣙋
𣙌
𣙍
𣙎
𣙏
𣙐
𣙑
𣙒
𣙓
𣙔
𣙕
𣙖
𣙗
𣙘
𣙙
𣙚
𣙛
𣙜
𣙝
𣙞
𣙟
𣙠
𣙡
𣙢
𣙣
𣙤
𣙥
𣙦
𣙧
𣙨
𣙩
𣙪
𣙫
𣙬
𣙭
𣙮
𣙯
𣙰
𣙱
𣙲
𣙳
𣙴
𣙵
𣙶
𣙷
𣙸
𣙹
𣙺
𣙻
𣙼
𣙽
𣙾
𣙿
𣚀
𣚁
𣚂
𣚃
𣚄
𣚅
𣚆
𣚇
𣚈
𣚉
𣚊
𣚋
𣚌
𣚍
𣚎
𣚏
𣚐
𣚑
𣚒
𣚓
𣚔
𣚕
𣚖
𣚗
𣚘
𣚙
𣚚
𣚛
𣚜
𣚝
𣚞
𣚟
𣚠
𣚡
𣚢
𣚣
𣚤
𣚥
𣚦
𣚧
𣚨
𣚩
𣚪
𣚫
𣚬
𣚭
𣚮
𣚯
𣚰
𣚱
𣚲
𣚳
𣚴
𣚵
𣚶
𣚷
𣚸
𣚹
𣚺
𣚻
𣚼
𣚽
𣚾
𣚿
𣛀
𣛁
𣛂
𣛃
𣛄
𣛅
𣛆
𣛇
𣛈
𣛉
𣛊
𣛋
𣛌
𣛍
𣛎
𣛏
𣛐
𣛑
𣛒
𣛓
𣛔
𣛕
𣛖
𣛗
𣛘
𣛙
𣛚
𣛛
𣛜
𣛝
𣛞
𣛟
𣛠
𣛡
𣛢
𣛣
𣛤
𣛥
𣛦
𣛧
𣛨
𣛩
𣛪
𣛫
𣛬
𣛭
𣛮
𣛯
𣛰
𣛱
𣛲
𣛳
𣛴
𣛵
𣛶
𣛷
𣛸
𣛹
𣛺
𣛻
𣛼
𣛽
𣛾
𣛿
𣜀
𣜁
𣜂
𣜃
𣜄
𣜅
𣜆
𣜇
𣜈
𣜉
𣜊
𣜋
𣜍
𣜎
𣜏
𣜐
𣜑
𣜒
𣜓
𣜔
𣜕
𣜖
𣜗
𣜘
𣜙
𣜚
𣜛
𣜝
𣜞
𣜟
𣜠
𣜡
𣜣
𣜤
𣜥
𣜦
𣜧
𣜨
𣜩
𣜪
𣜫
𣜬
𣜭
𣜮
𣜯
𣜰
𣜱
𣜲
𣜳
𣜴
𣜵
𣜶
𣜷
𣜸
𣜹
𣜺
𣜻
𣜼
𣜽
𣜾
𣝀
𣝁
𣝂
𣝃
𣝄
𣝅
𣝆
𣝇
𣝈
𣝉
𣝊
𣝋
𣝌
𣝍
𣝎
𣝏
𣝐
𣝑
𣝒
𣝓
𣝔
𣝕
𣝖
𣝗
𣝘
𣝙
𣝚
𣝛
𣝜
𣝝
𣝞
𣝟
𣝠
𣝡
𣝢
𣝥
𣝦
𣝧
𣝨
𣝩
𣝪
𣝫
𣝬
𣝭
𣝮
𣝯
𣝰
𣝱
𣝲
𣝳
𣝴
𣝵
𣝶
𣝷
𣝸
𣝹
𣝺
𣝻
𣝼
𣝽
𣝾
𣝿
𣞀
𣞁
𣞂
𣞃
𣞄
𣞅
𣞆
𣞇
𣞈
𣞉
𣞊
𣞋
𣞌
𣞍
𣞎
𣞐
𣞑
𣞒
𣞓
𣞔
𣞕
𣞖
𣞗
𣞘
𣞙
𣞚
𣞛
𣞜
𣞝
𣞞
𣞟
𣞠
𣞡
𣞢
𣞣
𣞤
𣞥
𣞦
𣞧
𣞨
𣞩
𣞪
𣞫
𣞬
𣞭
𣞮
𣞯
𣞰
𣞱
𣞲
𣞳
𣞴
𣞵
𣞶
𣞷
𣞸
𣞹
𣞺
𣞻
𣞼
𣞽
𣞾
𣞿
𣟀
𣟁
𣟂
𣟃
𣟄
𣟅
𣟆
𣟇
𣟈
𣟉
𣟊
𣟋
𣟌
𣟍
𣟎
𣟏
𣟐
𣟑
𣟒
𣟓
𣟔
𣟕
𣟖
𣟗
𣟘
𣟙
𣟚
𣟛
𣟜
𣟝
𣟞
𣟟
𣟠
𣟡
𣟢
𣟣
𣟤
𣟥
𣟦
𣟨
𣟩
𣟪
𣟫
𣟬
𣟭
𣟮
𣟯
𣟰
𣟱
𣟲
𣟳
𣟴
𣟵
𣟶
𣟷
𣟸
𣟹
𣟺
𣟻
𣟼
𣟽
𣟾
𣠀
𣠁
𣠂
𣠃
𣠄
𣠅
𣠆
𣠇
𣠈
𣠉
𣠊
𣠋
𣠌
𣠍
𣠎
𣠏
𣠐
𣠑
𣠒
𣠓
𣠔
𣠕
𣠖
𣠗
𣠘
𣠙
𣠚
𣠛
𣠜
𣠝
𣠞
𣠟
𣠠
𣠡
𣠢
𣠣
𣠥
𣠦
𣠧
𣠨
𣠩
𣠪
𣠫
𣠬
𣠭
𣠮
𣠯
𣠰
𣠱
𣠲
𣠳
𣠴
𣠵
𣠶
𣠷
𣠸
𣠹
𣠺
𣠻
𣠼
𣠾
𣠿
𣡀
𣡁
𣡂
𣡃
𣡄
𣡅
𣡆
𣡇
𣡈
𣡉
𣡊
𣡋
𣡌
𣡍
𣡎
𣡏
𣡐
𣡑
𣡒
𣡓
𣡔
𣡕
𣡖
𣡗
𣡘
𣡙
𣡚
𣡛
𣡜
𣡝
𣡞
𣡟
𣡠
𣡡
𣡢
𣡣
𣡤
𣡥
𣡦
𣡧
𣡨
𣡩
𣡪
𣡫
𣡬
𣡭
𣡮
𣡯
𣡰
𣡱
𣡲
𣡴
𣡵
𣡶
𣡷
𣡸
𣡹
𣡺
𣡻
𣡼
𣡽
𣡾
𣡿
𥤔
𪱱
𪱲
𪱳
𪱴
𪱵
𪱶
𪱷
𪱸
𪱹
𪱺
𪱻
𪱼
𪱽
𪱾
𪱿
𪲀
𪲁
𪲂
𪲃
𪲄
𪲅
𪲆
𪲇
𪲈
𪲉
𪲊
𪲋
𪲌
𪲍
𪲎
𪲏
𪲐
𪲑
𪲒
𪲓
𪲔
𪲕
𪲖
𪲗
𪲘
𪲙
𪲚
𪲛
𪲜
𪲝
𪲞
𪲟
𪲠
𪲡
𪲢
𪲣
𪲤
𪲥
𪲦
𪲧
𪲨
𪲩
𪲪
𪲫
𪲬
𪲭
𪲮
𪲯
𪲰
𪲱
𪲲
𪲳
𪲴
𪲵
𪲶
𪲷
𪲸
𪲹
𪲺
𪲻
𪲼
𪲽
𪲾
𪲿
𪳀
𪳁
𪳂
𪳃
𪳄
𪳅
𪳆
𪳇
𪳈
𪳉
𪳊
𪳋
𪳌
𪳍
𪳎
𪳏
𪳐
𪳑
𪳒
𪳓
𪳔
𪳕
𪳖
𪳗
𪳘
𪳙
𪳚
𪳛
𪳜
𪳝
𪳞
𪳟
𪳠
𪳡
𪳢
𪳣
𪳤
𪳥
𪳦
𪳧
𪳨
𪳩
𪳪
𪳫
𪳬
𪳭
𪳮
𪳯
𪳰
𪳱
𪳲
𪳳
𪳴
𪳵
𪳶
𪳷
𪳸
𪳹
𪳺
𪳻
𪳼
𪳽
𪳾
𪳿
𪴀
𪴁
𪴂
𪴃
𪴄
𪴅
𪴆
𪴇
𪴈
𪴉
𪴊
𪴋
𪴌
𪴍
𪴎
𪴏
𪴐
𪴑
𪴒
𪴓
𪴔
𪴕
𪴖
𪴗
𪴘
𪴙
𪴚
𪴛
𪴜
𪴝
𪴞
𪴟
𪴠
𪴡
𪴢
𪴣
𪴤
𪴥
𪴦
𪴧
𪴨
𫞈
𫞉
𫞊
𫞋
𫞌
𫞍
𫞎
𫞏
𫞐
𫞑
𫞒
𫣙
𫣚
𬂛
𬂜
𬂝
𬂞
𬂟
𬂠
𬂡
𬂢
𬂣
𬂤
𬂥
𬂦
𬂧
𬂨
𬂩
𬂪
𬂫
𬂬
𬂭
𬂮
𬂯
𬂰
𬂱
𬂲
𬂳
𬂴
𬂵
𬂶
𬂷
𬂸
𬂹
𬂺
𬂻
𬂼
𬂽
𬂾
𬂿
𬃀
𬃁
𬃂
𬃃
𬃄
𬃅
𬃆
𬃇
𬃈
𬃉
𬃊
𬃋
𬃌
𬃍
𬃎
𬃏
𬃐
𬃑
𬃒
𬃓
𬃔
𬃕
𬃖
𬃗
𬃘
𬃙
𬃚
𬃛
𬃜
𬃝
𬃞
𬃟
𬃠
𬃡
𬃢
𬃣
𬃤
𬃥
𬃦
𬃧
𬃨
𬃩
𬃪
𬃫
𬃬
𬃭
𬃮
𬃯
𬃰
𬃱
𬃲
𬃳
𬃴
𬃵
𬃶
𬃷
𬃸
𬃹
𬃺
𬃻
𬃼
𬃽
𬃾
𬃿
𬄀
𬄁
𬄂
𬄃
𬄄
𬄅
𬄆
𬄇
𬄈
𬄉
𬄊
𬄋
𬄌
𬄍
𬄎
𬄏
𬄐
𬄑
𬄒
𬄓
𬄔
𬄕
𬄖
𬄗
𬄘
𬄙
𬄚
𬄛
𬄜
𬄝
𬄞
𬄟
𬄠
𬄡
𬄢
𬄣
𬄤
𬄥
𬄦
𬄧
𬄨
𬄩
𬄪
𬄫
𬄬
𬄭
𬄮
𬄯
𬄰
𬄱
𬄲
𬄳
𬄴
𬄵
𬄶
𬄷
𬄸
𬄹
𬄺
𬄻
𬄼
𬄽
𬄾
𬄿
𬅀
𬅁
𬅂
𬅃
𬅄
𬅅
𬅆
𬅇
𬅈
𬅉
𬅊
𬅋
𬅌
𬅍
𬅎
𬅏
𬅐
𬅑
𬅒
𬅓
𬅔
𬅕
𬅖
𬅗
𬅘
𬅙
𬅚
𬅛
𬅜
𭩘
𭩙
𭩚
𭩛
𭩜
𭩝
𭩞
𭩟
𭩠
𭩡
𭩢
𭩣
𭩤
𭩥
𭩦
𭩧
𭩨
𭩩
𭩪
𭩫
𭩬
𭩭
𭩮
𭩯
𭩰
𭩱
𭩲
𭩳
𭩴
𭩵
𭩶
𭩷
𭩸
𭩹
𭩺
𭩻
𭩼
𭩽
𭩾
𭩿
𭪀
𭪁
𭪂
𭪃
𭪄
𭪅
𭪆
𭪇
𭪈
𭪉
𭪊
𭪋
𭪌
𭪍
𭪎
𭪏
𭪐
𭪑
𭪒
𭪓
𭪔
𭪕
𭪖
𭪗
𭪘
𭪙
𭪚
𭪛
𭪜
𭪝
𭪞
𭪟
𭪠
𭪡
𭪢
𭪣
𭪤
𭪥
𭪦
𭪧
𭪨
𭪩
𭪪
𭪫
𭪬
𭪭
𭪮
𭪯
𭪰
𭪱
𭪲
𭪳
𭪴
𭪵
𭪶
𭪷
𭪸
𭪹
𭪺
𭪻
𭪼
𭪽
𭪾
𭪿
𭫀
𭫁
𭫂
𭫃
𭫄
𭫅
𭫆
𭫇
𭫈
𭫉
𭫊
𭫋
𭫌
𭫍
𭫎
𭫏
𭫐
𭫑
𭫒
𭫓
𭫔
𭫕
𭫖
𭫗
𭫘
𭫙
𭫚
𭫛
𭫜
𭫝
𭫞
𭫟
𭫠
𭫡
𭫢
𭫣
𭫤
𭫥
𭫦
𭫧
𭫨
𭫩
𭫪
𭫫
𭫬
𭫭
𭫮
𭫯
𭫰
𭫱
𭫲
𭫳
𭫴
𭫵
𭫶
𭫷
𭫸
𭫹
𭫺
𭫻
𭫼
𭫽
𭫾
𭫿
𭬀
𭬁
𭬂
𭬃
𭬄
𭬅
𭬆
𭬇
𭬈
𭬉
𭬊
𭬋
𭬌
𭬍
𭬎
𭬏
𭬐
𭬑
𭬒
𭬓
𭬔
𭬕
𭬖
𭬗
𭬘
𭬙
𭬚
𭬛
𭬜
𭬝
𭬞
𭬟
𭬠
𭬡
𭬢
𭬣
𭬤
𭬥
𭬦
𭬧
𭬨
𭬩
𭬪
𭬫
𭬬
𭬭
𭬮
𭬯
𭬰
𭬱
𭬲
𭬳
𭬴
𭬵
𭬶
𭬷
𭬸
𭬹
𭬺
𭬻
𭬼
𭬽
𭬾
𭬿
𭭀
𭭁
𭭂
𭭃
𮲬
𮲭
𮲮
𮲯
𮲰
𮲱
𮲲
𮲳
𮲴
𮲵
𮲶
𮲷
𮲸
𮲹
𮲺
𮲻
𮲼
𮲽
杞
杓
𣏃
㭉
柺
枅
桒
梅
𣑭
梎
栟
椔
㮝
楂
榣
槪
檨
𣚣
櫛
㰘
𰗐
𰗑
𰗒
𰗓
𰗔
𰗕
𰗖
𰗗
𰗘
𰗙
𰗚
𰗛
𰗜
𰗝
𰗞
𰗟
𰗠
𰗡
𰗢
𰗣
𰗤
𰗥
𰗦
𰗧
𰗨
𰗩
𰗪
𰗫
𰗬
𰗭
𰗮
𰗯
𰗰
𰗱
𰗲
𰗳
𰗴
𰗵
𰗶
𰗷
𰗸
𰗹
𰗺
𰗻
𰗼
𰗽
𰗾
𰗿
𰘀
𰘁
𰘂
𰘃
𰘄
𰘅
𰘆
𰘇
𰘈
𰘉
𰘊
𰘋
𰘌
𰘍
𰘎
𰘏
𰘐
𰘑
𰘒
𰘓
𰘔
𰘕
𰘖
𰘗
𰘘
𰘙
𰘚
𰘛
𰘜
𰘝
𰘞
𰘟
𰘠
𰘡
𰘢
𰘣
𰘤
𰘥
𰘦
𰘧
𰘨
𰘩
𰘪
𰘫
𰘬
𰘭
𰘮
𰘯
𰘰
𰘱
𰘲
𰘳
𰘴
𰘵
𰘶
𰘷
𰘸
𰘹
𰘺
𰘻
𰘼
𰘽
𰘾
𰘿
𰙀
𰙁
𰙂
𰙃
𰙄
𰙅
𰙆
𰙇
𰙈
𰙉
𱢾
𱢿
𱣀
𱣁
𱣂
𱣃
𱣄
𱣅
𱣆
𱣇
𱣈
𱣉
𱣊
𱣋
𱣌
𱣍
𱣎
𱣏
𱣐
𱣑
𱣒
𱣓
𱣔
𱣕
𱣖
𱣗
𱣘
𱣙
𱣚
𱣛
𱣜
𱣝
𱣞
𱣟
𱣠
𱣡
𱣢
𱣣
𱣤
𱣥
𱣦
𱣧
𱣨
𱣩
𱣪
𱣫
𱣬
𱣭
𱣮
𱣯
𱣰
𱣱
𱣲
𱣳
𱣴
𱣵
𱣶
𱣷
𱣸
𱣹
𱣺
𱣻
𱣼
𱣽
𱣾
𱣿
𱤀
𱤁
𱤂
𱤃
𱤄
𱤅
𱤆
𱤇
𱤈
𱤉
𱤊
𱤋
𱤌
𱤍
𱤎
𱤏
𱤐
𱤑
𱤒
𱤓
𱤔
𱤕
𱤖
𱤗
𱤘
𱤙
𱤚
𱤛
𱤜
𱤝
𱤞
𱤟
𱤠
𱤡
𱤢
𱤣
𱤤
𱤥
𱤦
𱤧
𱤨
𱤩
𱤪
𱤫
𱤬
𱤭
𱤮
𱤯
𱤰
𱤱
𱤲
𱤳
𱤴
𱤵
𱤶